Archive member included because of file (symbol)

c:/program files (x86)/atmel/atmel studio 6.0/extensions/atmel/avrgcc/3.4.1.95/avrtoolchain/bin/../lib/gcc/avr/4.6.2/avr5\libgcc.a(_udivmodhi4.o)
                              display.o (__udivmodhi4)
c:/program files (x86)/atmel/atmel studio 6.0/extensions/atmel/avrgcc/3.4.1.95/avrtoolchain/bin/../lib/gcc/avr/4.6.2/avr5\libgcc.a(_divmodhi4.o)
                              xnormidi-develop/bytequeue/bytequeue.o (__divmodhi4)
c:/program files (x86)/atmel/atmel studio 6.0/extensions/atmel/avrgcc/3.4.1.95/avrtoolchain/bin/../lib/gcc/avr/4.6.2/avr5\libgcc.a(_exit.o)
                              c:/program files (x86)/atmel/atmel studio 6.0/extensions/atmel/avrgcc/3.4.1.95/avrtoolchain/bin/../lib/gcc/avr/4.6.2/../../../../avr/lib/avr5/crtm6450a.o (exit)
c:/program files (x86)/atmel/atmel studio 6.0/extensions/atmel/avrgcc/3.4.1.95/avrtoolchain/bin/../lib/gcc/avr/4.6.2/avr5\libgcc.a(_copy_data.o)
                              adc.o (__do_copy_data)
c:/program files (x86)/atmel/atmel studio 6.0/extensions/atmel/avrgcc/3.4.1.95/avrtoolchain/bin/../lib/gcc/avr/4.6.2/avr5\libgcc.a(_clear_bss.o)
                              adc.o (__do_clear_bss)
c:/program files (x86)/atmel/atmel studio 6.0/extensions/atmel/avrgcc/3.4.1.95/avrtoolchain/bin/../lib/gcc/avr/4.6.2/../../../../avr/lib/avr5\libc.a(memcpy.o)
                              xnormidi-develop/midi.o (memcpy)

Allocating common symbols
Common symbol       size              file

midi_device         0xed              monapollo-firmware.o

Memory Configuration

Name             Origin             Length             Attributes
text             0x00000000         0x00020000         xr
data             0x00800060         0x0000ffa0         rw !x
eeprom           0x00810000         0x00010000         rw !x
fuse             0x00820000         0x00000400         rw !x
lock             0x00830000         0x00000400         rw !x
signature        0x00840000         0x00000400         rw !x
*default*        0x00000000         0xffffffff

Linker script and memory map

Address of section .data set to 0x800100
LOAD c:/program files (x86)/atmel/atmel studio 6.0/extensions/atmel/avrgcc/3.4.1.95/avrtoolchain/bin/../lib/gcc/avr/4.6.2/../../../../avr/lib/avr5/crtm6450a.o
LOAD adc.o
LOAD dac.o
LOAD display.o
LOAD interrupts.o
LOAD midi.o
LOAD monapollo-firmware.o
LOAD scan_pots_and_update_control_voltages.o
LOAD spi.o
LOAD tune.o
LOAD xnormidi-develop/bytequeue/bytequeue.o
LOAD xnormidi-develop/bytequeue/interrupt_setting.o
LOAD xnormidi-develop/midi.o
LOAD xnormidi-develop/midi_device.o
LOAD xnormidi-develop/sysex_tools.o
START GROUP
LOAD c:/program files (x86)/atmel/atmel studio 6.0/extensions/atmel/avrgcc/3.4.1.95/avrtoolchain/bin/../lib/gcc/avr/4.6.2/../../../../avr/lib/avr5\libm.a
END GROUP
LOAD c:/program files (x86)/atmel/atmel studio 6.0/extensions/atmel/avrgcc/3.4.1.95/avrtoolchain/bin/../lib/gcc/avr/4.6.2/avr5\libgcc.a
LOAD c:/program files (x86)/atmel/atmel studio 6.0/extensions/atmel/avrgcc/3.4.1.95/avrtoolchain/bin/../lib/gcc/avr/4.6.2/../../../../avr/lib/avr5\libc.a
LOAD c:/program files (x86)/atmel/atmel studio 6.0/extensions/atmel/avrgcc/3.4.1.95/avrtoolchain/bin/../lib/gcc/avr/4.6.2/avr5\libgcc.a

.hash
 *(.hash)

.dynsym
 *(.dynsym)

.dynstr
 *(.dynstr)

.gnu.version
 *(.gnu.version)

.gnu.version_d
 *(.gnu.version_d)

.gnu.version_r
 *(.gnu.version_r)

.rel.init
 *(.rel.init)

.rela.init
 *(.rela.init)

.rel.text
 *(.rel.text)
 *(.rel.text.*)
 *(.rel.gnu.linkonce.t*)

.rela.text
 *(.rela.text)
 *(.rela.text.*)
 *(.rela.gnu.linkonce.t*)

.rel.fini
 *(.rel.fini)

.rela.fini
 *(.rela.fini)

.rel.rodata
 *(.rel.rodata)
 *(.rel.rodata.*)
 *(.rel.gnu.linkonce.r*)

.rela.rodata
 *(.rela.rodata)
 *(.rela.rodata.*)
 *(.rela.gnu.linkonce.r*)

.rel.data
 *(.rel.data)
 *(.rel.data.*)
 *(.rel.gnu.linkonce.d*)

.rela.data
 *(.rela.data)
 *(.rela.data.*)
 *(.rela.gnu.linkonce.d*)

.rel.ctors
 *(.rel.ctors)

.rela.ctors
 *(.rela.ctors)

.rel.dtors
 *(.rel.dtors)

.rela.dtors
 *(.rela.dtors)

.rel.got
 *(.rel.got)

.rela.got
 *(.rela.got)

.rel.bss
 *(.rel.bss)

.rela.bss
 *(.rela.bss)

.rel.plt
 *(.rel.plt)

.rela.plt
 *(.rela.plt)

.text           0x00000000     0x2222
 *(.vectors)
 .vectors       0x00000000       0x64 c:/program files (x86)/atmel/atmel studio 6.0/extensions/atmel/avrgcc/3.4.1.95/avrtoolchain/bin/../lib/gcc/avr/4.6.2/../../../../avr/lib/avr5/crtm6450a.o
                0x00000000                __vector_default
                0x00000000                __vectors
 *(.vectors)
 *(.progmem.gcc*)
 *(.progmem*)
                0x00000064                . = ALIGN (0x2)
                0x00000064                __trampolines_start = .
 *(.trampolines)
 .trampolines   0x00000064        0x0 linker stubs
 *(.trampolines*)
                0x00000064                __trampolines_end = .
 *(.jumptables)
 *(.jumptables*)
 *(.lowtext)
 *(.lowtext*)
                0x00000064                __ctors_start = .
 *(.ctors)
                0x00000064                __ctors_end = .
                0x00000064                __dtors_start = .
 *(.dtors)
                0x00000064                __dtors_end = .
 SORT(*)(.ctors)
 SORT(*)(.dtors)
 *(.init0)
 .init0         0x00000064        0x0 c:/program files (x86)/atmel/atmel studio 6.0/extensions/atmel/avrgcc/3.4.1.95/avrtoolchain/bin/../lib/gcc/avr/4.6.2/../../../../avr/lib/avr5/crtm6450a.o
                0x00000064                __init
 *(.init0)
 *(.init1)
 *(.init1)
 *(.init2)
 .init2         0x00000064        0xc c:/program files (x86)/atmel/atmel studio 6.0/extensions/atmel/avrgcc/3.4.1.95/avrtoolchain/bin/../lib/gcc/avr/4.6.2/../../../../avr/lib/avr5/crtm6450a.o
 *(.init2)
 *(.init3)
 *(.init3)
 *(.init4)
 .init4         0x00000070       0x16 c:/program files (x86)/atmel/atmel studio 6.0/extensions/atmel/avrgcc/3.4.1.95/avrtoolchain/bin/../lib/gcc/avr/4.6.2/avr5\libgcc.a(_copy_data.o)
                0x00000070                __do_copy_data
 .init4         0x00000086       0x10 c:/program files (x86)/atmel/atmel studio 6.0/extensions/atmel/avrgcc/3.4.1.95/avrtoolchain/bin/../lib/gcc/avr/4.6.2/avr5\libgcc.a(_clear_bss.o)
                0x00000086                __do_clear_bss
 *(.init4)
 *(.init5)
 *(.init5)
 *(.init6)
 *(.init6)
 *(.init7)
 *(.init7)
 *(.init8)
 *(.init8)
 *(.init9)
 .init9         0x00000096        0x8 c:/program files (x86)/atmel/atmel studio 6.0/extensions/atmel/avrgcc/3.4.1.95/avrtoolchain/bin/../lib/gcc/avr/4.6.2/../../../../avr/lib/avr5/crtm6450a.o
 *(.init9)
 *(.text)
 .text          0x0000009e        0x4 c:/program files (x86)/atmel/atmel studio 6.0/extensions/atmel/avrgcc/3.4.1.95/avrtoolchain/bin/../lib/gcc/avr/4.6.2/../../../../avr/lib/avr5/crtm6450a.o
                0x0000009e                __vector_22
                0x0000009e                __vector_1
                0x0000009e                __vector_24
                0x0000009e                __vector_12
                0x0000009e                __bad_interrupt
                0x0000009e                __vector_6
                0x0000009e                __vector_3
                0x0000009e                __vector_23
                0x0000009e                __vector_11
                0x0000009e                __vector_17
                0x0000009e                __vector_19
                0x0000009e                __vector_7
                0x0000009e                __vector_4
                0x0000009e                __vector_2
                0x0000009e                __vector_21
                0x0000009e                __vector_15
                0x0000009e                __vector_8
                0x0000009e                __vector_14
                0x0000009e                __vector_16
                0x0000009e                __vector_18
                0x0000009e                __vector_20
 .text          0x000000a2       0x7e adc.o
                0x000000a2                setup_adc
                0x000000c8                read_pot
 .text          0x00000120       0xcc dac.o
                0x00000120                set_control_voltage
                0x00000178                setup_dac
                0x000001aa                set_dac
 .text          0x000001ec      0x134 display.o
                0x000001ec                display_dec
                0x000002ce                update_display
 .text          0x00000320       0xac interrupts.o
                0x00000320                __vector_10
                0x000003b4                __vector_9
 .text          0x000003cc        0x0 midi.o
 .text          0x000003cc      0x17c monapollo-firmware.o
                0x000003cc                note_on_event
                0x000003e8                note_off_event
                0x000003ec                setup_midi_usart
                0x000003fe                __vector_13
                0x00000468                __vector_5
                0x0000047c                main
 .text          0x00000548      0x178 scan_pots_and_update_control_voltages.o
                0x00000548                scan_pots_and_update_control_voltages
 .text          0x000006c0      0x384 spi.o
                0x000006c0                setup_spi
                0x000006fe                update_spi
 .text          0x00000a44      0xa04 tune.o
                0x00000a44                set_vco_init_cv
                0x00000d8a                tune_octave
 .text          0x00001448       0xec xnormidi-develop/bytequeue/bytequeue.o
                0x00001448                bytequeue_init
                0x00001456                bytequeue_enqueue
                0x000014b4                bytequeue_length
                0x000014de                bytequeue_get
                0x00001500                bytequeue_remove
 .text          0x00001534        0xa xnormidi-develop/bytequeue/interrupt_setting.o
                0x00001534                store_and_clear_interrupt
                0x0000153a                restore_interrupt_setting
 .text          0x0000153e      0x416 xnormidi-develop/midi.o
                0x0000153e                midi_is_statusbyte
                0x00001546                midi_is_realtime
                0x00001552                midi_packet_length
                0x000015e2                midi_send_cc
                0x00001604                midi_send_noteon
                0x00001626                midi_send_noteoff
                0x00001648                midi_send_aftertouch
                0x0000166a                midi_send_pitchbend
                0x000016b8                midi_send_programchange
                0x000016d6                midi_send_channelpressure
                0x000016f4                midi_send_clock
                0x0000170c                midi_send_tick
                0x00001724                midi_send_start
                0x0000173c                midi_send_continue
                0x00001754                midi_send_stop
                0x0000176c                midi_send_activesense
                0x00001784                midi_send_reset
                0x0000179c                midi_send_tcquarterframe
                0x000017b6                midi_send_songposition
                0x000017e0                midi_send_songselect
                0x000017fa                midi_send_tunerequest
                0x00001812                midi_send_byte
                0x0000182a                midi_send_data
                0x00001838                midi_send_array
                0x000018dc                midi_register_cc_callback
                0x000018e4                midi_register_noteon_callback
                0x000018ec                midi_register_noteoff_callback
                0x000018f4                midi_register_aftertouch_callback
                0x000018fc                midi_register_pitchbend_callback
                0x00001904                midi_register_songposition_callback
                0x0000190c                midi_register_progchange_callback
                0x00001914                midi_register_chanpressure_callback
                0x0000191c                midi_register_songselect_callback
                0x00001924                midi_register_tc_quarterframe_callback
                0x0000192c                midi_register_realtime_callback
                0x00001934                midi_register_tunerequest_callback
                0x0000193c                midi_register_sysex_callback
                0x00001944                midi_register_fallthrough_callback
                0x0000194c                midi_register_catchall_callback
 .text          0x00001954      0x52c xnormidi-develop/midi_device.o
                0x00001954                midi_device_init
                0x000019b6                midi_device_input
                0x000019fc                midi_device_set_send_func
                0x00001a04                midi_device_set_pre_input_process_func
                0x00001a0c                midi_input_callbacks
                0x00001c54                midi_process_byte
                0x00001e0a                midi_device_process
 .text          0x00001e80      0x33e xnormidi-develop/sysex_tools.o
                0x00001e80                sysex_encoded_length
                0x00001eca                sysex_decoded_length
                0x00001f1a                sysex_encode
                0x00002094                sysex_decode
 .text          0x000021be        0x0 c:/program files (x86)/atmel/atmel studio 6.0/extensions/atmel/avrgcc/3.4.1.95/avrtoolchain/bin/../lib/gcc/avr/4.6.2/avr5\libgcc.a(_udivmodhi4.o)
 .text          0x000021be        0x0 c:/program files (x86)/atmel/atmel studio 6.0/extensions/atmel/avrgcc/3.4.1.95/avrtoolchain/bin/../lib/gcc/avr/4.6.2/avr5\libgcc.a(_divmodhi4.o)
 .text          0x000021be        0x0 c:/program files (x86)/atmel/atmel studio 6.0/extensions/atmel/avrgcc/3.4.1.95/avrtoolchain/bin/../lib/gcc/avr/4.6.2/avr5\libgcc.a(_exit.o)
 .text          0x000021be        0x0 c:/program files (x86)/atmel/atmel studio 6.0/extensions/atmel/avrgcc/3.4.1.95/avrtoolchain/bin/../lib/gcc/avr/4.6.2/avr5\libgcc.a(_copy_data.o)
 .text          0x000021be        0x0 c:/program files (x86)/atmel/atmel studio 6.0/extensions/atmel/avrgcc/3.4.1.95/avrtoolchain/bin/../lib/gcc/avr/4.6.2/avr5\libgcc.a(_clear_bss.o)
 .text          0x000021be        0x0 c:/program files (x86)/atmel/atmel studio 6.0/extensions/atmel/avrgcc/3.4.1.95/avrtoolchain/bin/../lib/gcc/avr/4.6.2/../../../../avr/lib/avr5\libc.a(memcpy.o)
                0x000021be                . = ALIGN (0x2)
 *(.text.*)
 .text.libgcc   0x000021be       0x28 c:/program files (x86)/atmel/atmel studio 6.0/extensions/atmel/avrgcc/3.4.1.95/avrtoolchain/bin/../lib/gcc/avr/4.6.2/avr5\libgcc.a(_udivmodhi4.o)
                0x000021be                __udivmodhi4
 .text.libgcc   0x000021e6       0x26 c:/program files (x86)/atmel/atmel studio 6.0/extensions/atmel/avrgcc/3.4.1.95/avrtoolchain/bin/../lib/gcc/avr/4.6.2/avr5\libgcc.a(_divmodhi4.o)
                0x000021e6                _div
                0x000021e6                __divmodhi4
 .text.libgcc   0x0000220c        0x0 c:/program files (x86)/atmel/atmel studio 6.0/extensions/atmel/avrgcc/3.4.1.95/avrtoolchain/bin/../lib/gcc/avr/4.6.2/avr5\libgcc.a(_exit.o)
 .text.libgcc   0x0000220c        0x0 c:/program files (x86)/atmel/atmel studio 6.0/extensions/atmel/avrgcc/3.4.1.95/avrtoolchain/bin/../lib/gcc/avr/4.6.2/avr5\libgcc.a(_copy_data.o)
 .text.libgcc   0x0000220c        0x0 c:/program files (x86)/atmel/atmel studio 6.0/extensions/atmel/avrgcc/3.4.1.95/avrtoolchain/bin/../lib/gcc/avr/4.6.2/avr5\libgcc.a(_clear_bss.o)
 .text.avr-libc
                0x0000220c       0x12 c:/program files (x86)/atmel/atmel studio 6.0/extensions/atmel/avrgcc/3.4.1.95/avrtoolchain/bin/../lib/gcc/avr/4.6.2/../../../../avr/lib/avr5\libc.a(memcpy.o)
                0x0000220c                memcpy
                0x0000221e                . = ALIGN (0x2)
 *(.fini9)
 .fini9         0x0000221e        0x0 c:/program files (x86)/atmel/atmel studio 6.0/extensions/atmel/avrgcc/3.4.1.95/avrtoolchain/bin/../lib/gcc/avr/4.6.2/avr5\libgcc.a(_exit.o)
                0x0000221e                _exit
                0x0000221e                exit
 *(.fini9)
 *(.fini8)
 *(.fini8)
 *(.fini7)
 *(.fini7)
 *(.fini6)
 *(.fini6)
 *(.fini5)
 *(.fini5)
 *(.fini4)
 *(.fini4)
 *(.fini3)
 *(.fini3)
 *(.fini2)
 *(.fini2)
 *(.fini1)
 *(.fini1)
 *(.fini0)
 .fini0         0x0000221e        0x4 c:/program files (x86)/atmel/atmel studio 6.0/extensions/atmel/avrgcc/3.4.1.95/avrtoolchain/bin/../lib/gcc/avr/4.6.2/avr5\libgcc.a(_exit.o)
 *(.fini0)
                0x00002222                _etext = .

.data           0x00800100       0xac load address 0x00002222
                0x00800100                PROVIDE (__data_start, .)
 *(.data)
 .data          0x00800100        0x0 c:/program files (x86)/atmel/atmel studio 6.0/extensions/atmel/avrgcc/3.4.1.95/avrtoolchain/bin/../lib/gcc/avr/4.6.2/../../../../avr/lib/avr5/crtm6450a.o
 .data          0x00800100        0x0 adc.o
 .data          0x00800100       0x3e dac.o
                0x00800100                release_1_cv
                0x00800102                release_2_cv
                0x00800104                sustain_1_cv
                0x00800106                sustain_2_cv
                0x00800108                decay_1_cv
                0x0080010a                decay_2_cv
                0x0080010c                attack_1_cv
                0x0080010e                attack_2_cv
                0x00800110                noise_mix_cv
                0x00800112                fil_lfo_cv
                0x00800114                fil_vco2_cv
                0x00800116                key_track_cv
                0x00800118                cutoff_cv
                0x0080011a                res_cv
                0x0080011c                fil_eg2_cv
                0x0080011e                vco2_pw_cv
                0x00800120                volume_cv
                0x00800122                amp_lfo_cv
                0x00800124                glide_cv
                0x00800126                lfo_rate_cv
                0x00800128                tune_cv
                0x0080012a                fine_cv
                0x0080012c                vco1_pw_cv
                0x0080012e                pwm_eg2_cv
                0x00800130                pwm_lfo_cv
                0x00800132                pitch_lfo_cv
                0x00800134                pitch_eg2_cv
                0x00800136                vco1_mix_cv
                0x00800138                vco2_mix_cv
                0x0080013a                vco2_pitch_cv
                0x0080013c                vco1_pitch_cv
 .data          0x0080013e        0xa display.o
 .data          0x00800148        0x0 interrupts.o
 .data          0x00800148        0x0 midi.o
 .data          0x00800148        0x2 monapollo-firmware.o
                0x00800148                value_to_display
 .data          0x0080014a       0x3e scan_pots_and_update_control_voltages.o
                0x0080014a                pot_decoder_1
                0x00800168                pot_decoder_0
 .data          0x00800188        0x0 spi.o
 .data          0x00800188       0x23 tune.o
                0x008001aa                no_overflow
 .data          0x008001ab        0x0 xnormidi-develop/bytequeue/bytequeue.o
 .data          0x008001ab        0x0 xnormidi-develop/bytequeue/interrupt_setting.o
 .data          0x008001ab        0x0 xnormidi-develop/midi.o
 .data          0x008001ab        0x0 xnormidi-develop/midi_device.o
 .data          0x008001ab        0x0 xnormidi-develop/sysex_tools.o
 .data          0x008001ab        0x0 c:/program files (x86)/atmel/atmel studio 6.0/extensions/atmel/avrgcc/3.4.1.95/avrtoolchain/bin/../lib/gcc/avr/4.6.2/avr5\libgcc.a(_udivmodhi4.o)
 .data          0x008001ab        0x0 c:/program files (x86)/atmel/atmel studio 6.0/extensions/atmel/avrgcc/3.4.1.95/avrtoolchain/bin/../lib/gcc/avr/4.6.2/avr5\libgcc.a(_divmodhi4.o)
 .data          0x008001ab        0x0 c:/program files (x86)/atmel/atmel studio 6.0/extensions/atmel/avrgcc/3.4.1.95/avrtoolchain/bin/../lib/gcc/avr/4.6.2/avr5\libgcc.a(_exit.o)
 .data          0x008001ab        0x0 c:/program files (x86)/atmel/atmel studio 6.0/extensions/atmel/avrgcc/3.4.1.95/avrtoolchain/bin/../lib/gcc/avr/4.6.2/avr5\libgcc.a(_copy_data.o)
 .data          0x008001ab        0x0 c:/program files (x86)/atmel/atmel studio 6.0/extensions/atmel/avrgcc/3.4.1.95/avrtoolchain/bin/../lib/gcc/avr/4.6.2/avr5\libgcc.a(_clear_bss.o)
 .data          0x008001ab        0x0 c:/program files (x86)/atmel/atmel studio 6.0/extensions/atmel/avrgcc/3.4.1.95/avrtoolchain/bin/../lib/gcc/avr/4.6.2/../../../../avr/lib/avr5\libc.a(memcpy.o)
 *(.data*)
 *(.rodata)
 *(.rodata*)
 *(.gnu.linkonce.d*)
                0x008001ac                . = ALIGN (0x2)
 *fill*         0x008001ab        0x1 00
                0x008001ac                _edata = .
                0x008001ac                PROVIDE (__data_end, .)

.bss            0x008001ac      0x313
                0x008001ac                PROVIDE (__bss_start, .)
 *(.bss)
 .bss           0x008001ac        0x0 c:/program files (x86)/atmel/atmel studio 6.0/extensions/atmel/avrgcc/3.4.1.95/avrtoolchain/bin/../lib/gcc/avr/4.6.2/../../../../avr/lib/avr5/crtm6450a.o
 .bss           0x008001ac        0x0 adc.o
 .bss           0x008001ac        0x4 dac.o
                0x008001ac                arp_rate_null
                0x008001ae                pitch_vco2_cv
 .bss           0x008001b0        0x1 display.o
                0x008001b0                place
 .bss           0x008001b1        0x0 interrupts.o
 .bss           0x008001b1        0x0 midi.o
 .bss           0x008001b1        0x1 monapollo-firmware.o
                0x008001b1                switch_timer
 .bss           0x008001b2        0x7 scan_pots_and_update_control_voltages.o
                0x008001b2                midi_note_number
                0x008001b3                tune_offset
                0x008001b5                adc_value
                0x008001b7                adc_previous
 .bss           0x008001b9        0xf spi.o
                0x008001b9                sw_latch_one
                0x008001ba                sw_latch_two
                0x008001bb                sw_latch_three
                0x008001bc                sw_latch_four
                0x008001bd                sw_latch_five
                0x008001be                spi_sw_previous_state
                0x008001bf                spi_sw_current_state
                0x008001c0                current_sw_state
                0x008001c1                previous_sw_state
                0x008001c2                ISW8_SW_ON
                0x008001c3                ISW4_SW_ON
                0x008001c4                ISW13_SW_ON
                0x008001c5                ISW12_SW_ON
                0x008001c6                ISW11_SW_ON
                0x008001c7                ISW9_SW_ON
 .bss           0x008001c8      0x20a tune.o
                0x008001c8                vco2_pitch_table
                0x008002c8                vco1_pitch_table
                0x008003c8                vco2_init_cv
                0x008003ca                vco1_init_cv
                0x008003cc                osc_count
                0x008003ce                count_finished
                0x008003cf                timer1_clock
                0x008003d0                period
                0x008003d1                period_counter
 .bss           0x008003d2        0x0 xnormidi-develop/bytequeue/bytequeue.o
 .bss           0x008003d2        0x0 xnormidi-develop/bytequeue/interrupt_setting.o
 .bss           0x008003d2        0x0 xnormidi-develop/midi.o
 .bss           0x008003d2        0x0 xnormidi-develop/midi_device.o
 .bss           0x008003d2        0x0 xnormidi-develop/sysex_tools.o
 .bss           0x008003d2        0x0 c:/program files (x86)/atmel/atmel studio 6.0/extensions/atmel/avrgcc/3.4.1.95/avrtoolchain/bin/../lib/gcc/avr/4.6.2/avr5\libgcc.a(_udivmodhi4.o)
 .bss           0x008003d2        0x0 c:/program files (x86)/atmel/atmel studio 6.0/extensions/atmel/avrgcc/3.4.1.95/avrtoolchain/bin/../lib/gcc/avr/4.6.2/avr5\libgcc.a(_divmodhi4.o)
 .bss           0x008003d2        0x0 c:/program files (x86)/atmel/atmel studio 6.0/extensions/atmel/avrgcc/3.4.1.95/avrtoolchain/bin/../lib/gcc/avr/4.6.2/avr5\libgcc.a(_exit.o)
 .bss           0x008003d2        0x0 c:/program files (x86)/atmel/atmel studio 6.0/extensions/atmel/avrgcc/3.4.1.95/avrtoolchain/bin/../lib/gcc/avr/4.6.2/avr5\libgcc.a(_copy_data.o)
 .bss           0x008003d2        0x0 c:/program files (x86)/atmel/atmel studio 6.0/extensions/atmel/avrgcc/3.4.1.95/avrtoolchain/bin/../lib/gcc/avr/4.6.2/avr5\libgcc.a(_clear_bss.o)
 .bss           0x008003d2        0x0 c:/program files (x86)/atmel/atmel studio 6.0/extensions/atmel/avrgcc/3.4.1.95/avrtoolchain/bin/../lib/gcc/avr/4.6.2/../../../../avr/lib/avr5\libc.a(memcpy.o)
 *(.bss*)
 *(COMMON)
 COMMON         0x008003d2       0xed monapollo-firmware.o
                0x008003d2                midi_device
                0x008004bf                PROVIDE (__bss_end, .)
                0x00002222                __data_load_start = LOADADDR (.data)
                0x000022ce                __data_load_end = (__data_load_start + SIZEOF (.data))

.noinit         0x008004bf        0x0
                0x008004bf                PROVIDE (__noinit_start, .)
 *(.noinit*)
                0x008004bf                PROVIDE (__noinit_end, .)
                0x008004bf                _end = .
                0x008004bf                PROVIDE (__heap_start, .)

.eeprom         0x00810000        0x0
 *(.eeprom*)
                0x00810000                __eeprom_end = .

.fuse
 *(.fuse)
 *(.lfuse)
 *(.hfuse)
 *(.efuse)

.lock
 *(.lock*)

.signature
 *(.signature*)

.stab           0x00000000      0x750
 *(.stab)
 .stab          0x00000000      0x6cc c:/program files (x86)/atmel/atmel studio 6.0/extensions/atmel/avrgcc/3.4.1.95/avrtoolchain/bin/../lib/gcc/avr/4.6.2/../../../../avr/lib/avr5/crtm6450a.o
 .stab          0x000006cc       0x84 c:/program files (x86)/atmel/atmel studio 6.0/extensions/atmel/avrgcc/3.4.1.95/avrtoolchain/bin/../lib/gcc/avr/4.6.2/../../../../avr/lib/avr5\libc.a(memcpy.o)
                                 0x90 (size before relaxing)

.stabstr        0x00000000       0xe7
 *(.stabstr)
 .stabstr       0x00000000       0xe7 c:/program files (x86)/atmel/atmel studio 6.0/extensions/atmel/avrgcc/3.4.1.95/avrtoolchain/bin/../lib/gcc/avr/4.6.2/../../../../avr/lib/avr5/crtm6450a.o

.stab.excl
 *(.stab.excl)

.stab.exclstr
 *(.stab.exclstr)

.stab.index
 *(.stab.index)

.stab.indexstr
 *(.stab.indexstr)

.comment
 *(.comment)

.debug
 *(.debug)

.line
 *(.line)

.debug_srcinfo
 *(.debug_srcinfo)

.debug_sfnames
 *(.debug_sfnames)

.debug_aranges  0x00000000      0x240
 *(.debug_aranges)
 .debug_aranges
                0x00000000       0x20 adc.o
 .debug_aranges
                0x00000020       0x20 dac.o
 .debug_aranges
                0x00000040       0x20 display.o
 .debug_aranges
                0x00000060       0x20 interrupts.o
 .debug_aranges
                0x00000080       0x20 monapollo-firmware.o
 .debug_aranges
                0x000000a0       0x20 scan_pots_and_update_control_voltages.o
 .debug_aranges
                0x000000c0       0x20 spi.o
 .debug_aranges
                0x000000e0       0x20 tune.o
 .debug_aranges
                0x00000100       0x20 xnormidi-develop/bytequeue/bytequeue.o
 .debug_aranges
                0x00000120       0x20 xnormidi-develop/bytequeue/interrupt_setting.o
 .debug_aranges
                0x00000140       0x20 xnormidi-develop/midi.o
 .debug_aranges
                0x00000160       0x20 xnormidi-develop/midi_device.o
 .debug_aranges
                0x00000180       0x20 xnormidi-develop/sysex_tools.o
 .debug_aranges
                0x000001a0       0x20 c:/program files (x86)/atmel/atmel studio 6.0/extensions/atmel/avrgcc/3.4.1.95/avrtoolchain/bin/../lib/gcc/avr/4.6.2/avr5\libgcc.a(_udivmodhi4.o)
 .debug_aranges
                0x000001c0       0x20 c:/program files (x86)/atmel/atmel studio 6.0/extensions/atmel/avrgcc/3.4.1.95/avrtoolchain/bin/../lib/gcc/avr/4.6.2/avr5\libgcc.a(_divmodhi4.o)
 .debug_aranges
                0x000001e0       0x20 c:/program files (x86)/atmel/atmel studio 6.0/extensions/atmel/avrgcc/3.4.1.95/avrtoolchain/bin/../lib/gcc/avr/4.6.2/avr5\libgcc.a(_exit.o)
 .debug_aranges
                0x00000200       0x20 c:/program files (x86)/atmel/atmel studio 6.0/extensions/atmel/avrgcc/3.4.1.95/avrtoolchain/bin/../lib/gcc/avr/4.6.2/avr5\libgcc.a(_copy_data.o)
 .debug_aranges
                0x00000220       0x20 c:/program files (x86)/atmel/atmel studio 6.0/extensions/atmel/avrgcc/3.4.1.95/avrtoolchain/bin/../lib/gcc/avr/4.6.2/avr5\libgcc.a(_clear_bss.o)

.debug_pubnames
 *(.debug_pubnames)

.debug_info     0x00000000     0x3b8d
 *(.debug_info)
 .debug_info    0x00000000      0x165 adc.o
 .debug_info    0x00000165      0x4d3 dac.o
 .debug_info    0x00000638      0x153 display.o
 .debug_info    0x0000078b      0x15e interrupts.o
 .debug_info    0x000008e9       0x5e midi.o
 .debug_info    0x00000947      0x558 monapollo-firmware.o
 .debug_info    0x00000e9f      0x5a4 scan_pots_and_update_control_voltages.o
 .debug_info    0x00001443      0x313 spi.o
 .debug_info    0x00001756      0x6a6 tune.o
 .debug_info    0x00001dfc      0x23e xnormidi-develop/bytequeue/bytequeue.o
 .debug_info    0x0000203a       0xc2 xnormidi-develop/bytequeue/interrupt_setting.o
 .debug_info    0x000020fc      0xd19 xnormidi-develop/midi.o
 .debug_info    0x00002e15      0x657 xnormidi-develop/midi_device.o
 .debug_info    0x0000346c      0x2d0 xnormidi-develop/sysex_tools.o
 .debug_info    0x0000373c       0xdd c:/program files (x86)/atmel/atmel studio 6.0/extensions/atmel/avrgcc/3.4.1.95/avrtoolchain/bin/../lib/gcc/avr/4.6.2/avr5\libgcc.a(_udivmodhi4.o)
 .debug_info    0x00003819       0xdd c:/program files (x86)/atmel/atmel studio 6.0/extensions/atmel/avrgcc/3.4.1.95/avrtoolchain/bin/../lib/gcc/avr/4.6.2/avr5\libgcc.a(_divmodhi4.o)
 .debug_info    0x000038f6       0xdd c:/program files (x86)/atmel/atmel studio 6.0/extensions/atmel/avrgcc/3.4.1.95/avrtoolchain/bin/../lib/gcc/avr/4.6.2/avr5\libgcc.a(_exit.o)
 .debug_info    0x000039d3       0xdd c:/program files (x86)/atmel/atmel studio 6.0/extensions/atmel/avrgcc/3.4.1.95/avrtoolchain/bin/../lib/gcc/avr/4.6.2/avr5\libgcc.a(_copy_data.o)
 .debug_info    0x00003ab0       0xdd c:/program files (x86)/atmel/atmel studio 6.0/extensions/atmel/avrgcc/3.4.1.95/avrtoolchain/bin/../lib/gcc/avr/4.6.2/avr5\libgcc.a(_clear_bss.o)
 *(.gnu.linkonce.wi.*)

.debug_abbrev   0x00000000      0xe7c
 *(.debug_abbrev)
 .debug_abbrev  0x00000000       0xfe adc.o
 .debug_abbrev  0x000000fe      0x156 dac.o
 .debug_abbrev  0x00000254       0xc5 display.o
 .debug_abbrev  0x00000319       0x64 interrupts.o
 .debug_abbrev  0x0000037d       0x2a midi.o
 .debug_abbrev  0x000003a7      0x192 monapollo-firmware.o
 .debug_abbrev  0x00000539       0xed scan_pots_and_update_control_voltages.o
 .debug_abbrev  0x00000626      0x109 spi.o
 .debug_abbrev  0x0000072f      0x12d tune.o
 .debug_abbrev  0x0000085c      0x105 xnormidi-develop/bytequeue/bytequeue.o
 .debug_abbrev  0x00000961       0x83 xnormidi-develop/bytequeue/interrupt_setting.o
 .debug_abbrev  0x000009e4      0x1b1 xnormidi-develop/midi.o
 .debug_abbrev  0x00000b95      0x193 xnormidi-develop/midi_device.o
 .debug_abbrev  0x00000d28       0xf0 xnormidi-develop/sysex_tools.o
 .debug_abbrev  0x00000e18       0x14 c:/program files (x86)/atmel/atmel studio 6.0/extensions/atmel/avrgcc/3.4.1.95/avrtoolchain/bin/../lib/gcc/avr/4.6.2/avr5\libgcc.a(_udivmodhi4.o)
 .debug_abbrev  0x00000e2c       0x14 c:/program files (x86)/atmel/atmel studio 6.0/extensions/atmel/avrgcc/3.4.1.95/avrtoolchain/bin/../lib/gcc/avr/4.6.2/avr5\libgcc.a(_divmodhi4.o)
 .debug_abbrev  0x00000e40       0x14 c:/program files (x86)/atmel/atmel studio 6.0/extensions/atmel/avrgcc/3.4.1.95/avrtoolchain/bin/../lib/gcc/avr/4.6.2/avr5\libgcc.a(_exit.o)
 .debug_abbrev  0x00000e54       0x14 c:/program files (x86)/atmel/atmel studio 6.0/extensions/atmel/avrgcc/3.4.1.95/avrtoolchain/bin/../lib/gcc/avr/4.6.2/avr5\libgcc.a(_copy_data.o)
 .debug_abbrev  0x00000e68       0x14 c:/program files (x86)/atmel/atmel studio 6.0/extensions/atmel/avrgcc/3.4.1.95/avrtoolchain/bin/../lib/gcc/avr/4.6.2/avr5\libgcc.a(_clear_bss.o)

.debug_line     0x00000000     0x1724
 *(.debug_line)
 .debug_line    0x00000000      0x188 adc.o
 .debug_line    0x00000188      0x1bf dac.o
 .debug_line    0x00000347       0xf2 display.o
 .debug_line    0x00000439       0xfe interrupts.o
 .debug_line    0x00000537       0x1a midi.o
 .debug_line    0x00000551      0x1ae monapollo-firmware.o
 .debug_line    0x000006ff      0x136 scan_pots_and_update_control_voltages.o
 .debug_line    0x00000835      0x20e spi.o
 .debug_line    0x00000a43      0x233 tune.o
 .debug_line    0x00000c76      0x132 xnormidi-develop/bytequeue/bytequeue.o
 .debug_line    0x00000da8      0x114 xnormidi-develop/bytequeue/interrupt_setting.o
 .debug_line    0x00000ebc      0x1f5 xnormidi-develop/midi.o
 .debug_line    0x000010b1      0x211 xnormidi-develop/midi_device.o
 .debug_line    0x000012c2      0x188 xnormidi-develop/sysex_tools.o
 .debug_line    0x0000144a       0x9a c:/program files (x86)/atmel/atmel studio 6.0/extensions/atmel/avrgcc/3.4.1.95/avrtoolchain/bin/../lib/gcc/avr/4.6.2/avr5\libgcc.a(_udivmodhi4.o)
 .debug_line    0x000014e4       0x99 c:/program files (x86)/atmel/atmel studio 6.0/extensions/atmel/avrgcc/3.4.1.95/avrtoolchain/bin/../lib/gcc/avr/4.6.2/avr5\libgcc.a(_divmodhi4.o)
 .debug_line    0x0000157d       0x88 c:/program files (x86)/atmel/atmel studio 6.0/extensions/atmel/avrgcc/3.4.1.95/avrtoolchain/bin/../lib/gcc/avr/4.6.2/avr5\libgcc.a(_exit.o)
 .debug_line    0x00001605       0x91 c:/program files (x86)/atmel/atmel studio 6.0/extensions/atmel/avrgcc/3.4.1.95/avrtoolchain/bin/../lib/gcc/avr/4.6.2/avr5\libgcc.a(_copy_data.o)
 .debug_line    0x00001696       0x8e c:/program files (x86)/atmel/atmel studio 6.0/extensions/atmel/avrgcc/3.4.1.95/avrtoolchain/bin/../lib/gcc/avr/4.6.2/avr5\libgcc.a(_clear_bss.o)

.debug_frame    0x00000000      0x9e8
 *(.debug_frame)
 .debug_frame   0x00000000       0x34 adc.o
 .debug_frame   0x00000034       0x44 dac.o
 .debug_frame   0x00000078       0x54 display.o
 .debug_frame   0x000000cc       0x60 interrupts.o
 .debug_frame   0x0000012c       0xd8 monapollo-firmware.o
 .debug_frame   0x00000204       0x44 scan_pots_and_update_control_voltages.o
 .debug_frame   0x00000248       0x48 spi.o
 .debug_frame   0x00000290       0xf4 tune.o
 .debug_frame   0x00000384       0x90 xnormidi-develop/bytequeue/bytequeue.o
 .debug_frame   0x00000414       0x34 xnormidi-develop/bytequeue/interrupt_setting.o
 .debug_frame   0x00000448      0x378 xnormidi-develop/midi.o
 .debug_frame   0x000007c0      0x12c xnormidi-develop/midi_device.o
 .debug_frame   0x000008ec       0xfc xnormidi-develop/sysex_tools.o

.debug_str      0x00000000     0x10d9
 *(.debug_str)
 .debug_str     0x00000000      0x137 adc.o
                                0x16b (size before relaxing)
 .debug_str     0x00000137      0x1c9 dac.o
                                0x318 (size before relaxing)
 .debug_str     0x00000300       0x48 display.o
                                0x12d (size before relaxing)
 .debug_str     0x00000348       0x82 interrupts.o
                                0x160 (size before relaxing)
 .debug_str     0x000003ca        0xc midi.o
                                 0xd9 (size before relaxing)
 .debug_str     0x000003d6      0x3c5 monapollo-firmware.o
                                0x4e3 (size before relaxing)
 .debug_str     0x0000079b       0x99 scan_pots_and_update_control_voltages.o
                                0x368 (size before relaxing)
 .debug_str     0x00000834       0xf8 spi.o
                                0x243 (size before relaxing)
 .debug_str     0x0000092c       0x98 tune.o
                                0x390 (size before relaxing)
 .debug_str     0x000009c4       0xb9 xnormidi-develop/bytequeue/bytequeue.o
                                0x1d1 (size before relaxing)
 .debug_str     0x00000a7d       0x6b xnormidi-develop/bytequeue/interrupt_setting.o
                                0x15c (size before relaxing)
 .debug_str     0x00000ae8      0x437 xnormidi-develop/midi.o
                                0x83f (size before relaxing)
 .debug_str     0x00000f1f       0xde xnormidi-develop/midi_device.o
                                0x4ff (size before relaxing)
 .debug_str     0x00000ffd       0xdc xnormidi-develop/sysex_tools.o
                                0x1df (size before relaxing)

.debug_loc      0x00000000     0x2140
 *(.debug_loc)
 .debug_loc     0x00000000       0x60 adc.o
 .debug_loc     0x00000060       0x72 dac.o
 .debug_loc     0x000000d2      0x15a display.o
 .debug_loc     0x0000022c       0x92 interrupts.o
 .debug_loc     0x000002be      0x164 monapollo-firmware.o
 .debug_loc     0x00000422       0xaf scan_pots_and_update_control_voltages.o
 .debug_loc     0x000004d1       0x49 spi.o
 .debug_loc     0x0000051a      0x465 tune.o
 .debug_loc     0x0000097f      0x229 xnormidi-develop/bytequeue/bytequeue.o
 .debug_loc     0x00000ba8      0x963 xnormidi-develop/midi.o
 .debug_loc     0x0000150b      0x668 xnormidi-develop/midi_device.o
 .debug_loc     0x00001b73      0x5cd xnormidi-develop/sysex_tools.o

.debug_macinfo
 *(.debug_macinfo)
OUTPUT(monapollo-firmware.elf elf32-avr)
LOAD linker stubs

.debug_ranges   0x00000000       0xc0
 .debug_ranges  0x00000000       0x18 scan_pots_and_update_control_voltages.o
 .debug_ranges  0x00000018       0x60 tune.o
 .debug_ranges  0x00000078       0x48 xnormidi-develop/sysex_tools.o
