Archive member included because of file (symbol)

c:/program files (x86)/atmel/atmel studio 6.0/extensions/atmel/avrgcc/3.4.1.95/avrtoolchain/bin/../lib/gcc/avr/4.6.2/avr5\libgcc.a(_udivmodhi4.o)
                              display.o (__udivmodhi4)
c:/program files (x86)/atmel/atmel studio 6.0/extensions/atmel/avrgcc/3.4.1.95/avrtoolchain/bin/../lib/gcc/avr/4.6.2/avr5\libgcc.a(_divmodhi4.o)
                              xnormidi-develop/bytequeue/bytequeue.o (__divmodhi4)
c:/program files (x86)/atmel/atmel studio 6.0/extensions/atmel/avrgcc/3.4.1.95/avrtoolchain/bin/../lib/gcc/avr/4.6.2/avr5\libgcc.a(_exit.o)
                              c:/program files (x86)/atmel/atmel studio 6.0/extensions/atmel/avrgcc/3.4.1.95/avrtoolchain/bin/../lib/gcc/avr/4.6.2/../../../../avr/lib/avr5/crtm6450a.o (exit)
c:/program files (x86)/atmel/atmel studio 6.0/extensions/atmel/avrgcc/3.4.1.95/avrtoolchain/bin/../lib/gcc/avr/4.6.2/avr5\libgcc.a(_copy_data.o)
                              adc.o (__do_copy_data)
c:/program files (x86)/atmel/atmel studio 6.0/extensions/atmel/avrgcc/3.4.1.95/avrtoolchain/bin/../lib/gcc/avr/4.6.2/avr5\libgcc.a(_clear_bss.o)
                              adc.o (__do_clear_bss)
c:/program files (x86)/atmel/atmel studio 6.0/extensions/atmel/avrgcc/3.4.1.95/avrtoolchain/bin/../lib/gcc/avr/4.6.2/../../../../avr/lib/avr5\libc.a(memcpy.o)
                              xnormidi-develop/midi.o (memcpy)

Allocating common symbols
Common symbol       size              file

midi_device         0xed              monapollo-firmware.o

Memory Configuration

Name             Origin             Length             Attributes
text             0x00000000         0x00020000         xr
data             0x00800060         0x0000ffa0         rw !x
eeprom           0x00810000         0x00010000         rw !x
fuse             0x00820000         0x00000400         rw !x
lock             0x00830000         0x00000400         rw !x
signature        0x00840000         0x00000400         rw !x
*default*        0x00000000         0xffffffff

Linker script and memory map

Address of section .data set to 0x800100
LOAD c:/program files (x86)/atmel/atmel studio 6.0/extensions/atmel/avrgcc/3.4.1.95/avrtoolchain/bin/../lib/gcc/avr/4.6.2/../../../../avr/lib/avr5/crtm6450a.o
LOAD adc.o
LOAD dac.o
LOAD display.o
LOAD interrupts.o
LOAD midi.o
LOAD monapollo-firmware.o
LOAD scan_pots_and_update_control_voltages.o
LOAD spi.o
LOAD tune.o
LOAD xnormidi-develop/bytequeue/bytequeue.o
LOAD xnormidi-develop/bytequeue/interrupt_setting.o
LOAD xnormidi-develop/midi.o
LOAD xnormidi-develop/midi_device.o
LOAD xnormidi-develop/sysex_tools.o
START GROUP
LOAD c:/program files (x86)/atmel/atmel studio 6.0/extensions/atmel/avrgcc/3.4.1.95/avrtoolchain/bin/../lib/gcc/avr/4.6.2/../../../../avr/lib/avr5\libm.a
END GROUP
LOAD c:/program files (x86)/atmel/atmel studio 6.0/extensions/atmel/avrgcc/3.4.1.95/avrtoolchain/bin/../lib/gcc/avr/4.6.2/avr5\libgcc.a
LOAD c:/program files (x86)/atmel/atmel studio 6.0/extensions/atmel/avrgcc/3.4.1.95/avrtoolchain/bin/../lib/gcc/avr/4.6.2/../../../../avr/lib/avr5\libc.a
LOAD c:/program files (x86)/atmel/atmel studio 6.0/extensions/atmel/avrgcc/3.4.1.95/avrtoolchain/bin/../lib/gcc/avr/4.6.2/avr5\libgcc.a

.hash
 *(.hash)

.dynsym
 *(.dynsym)

.dynstr
 *(.dynstr)

.gnu.version
 *(.gnu.version)

.gnu.version_d
 *(.gnu.version_d)

.gnu.version_r
 *(.gnu.version_r)

.rel.init
 *(.rel.init)

.rela.init
 *(.rela.init)

.rel.text
 *(.rel.text)
 *(.rel.text.*)
 *(.rel.gnu.linkonce.t*)

.rela.text
 *(.rela.text)
 *(.rela.text.*)
 *(.rela.gnu.linkonce.t*)

.rel.fini
 *(.rel.fini)

.rela.fini
 *(.rela.fini)

.rel.rodata
 *(.rel.rodata)
 *(.rel.rodata.*)
 *(.rel.gnu.linkonce.r*)

.rela.rodata
 *(.rela.rodata)
 *(.rela.rodata.*)
 *(.rela.gnu.linkonce.r*)

.rel.data
 *(.rel.data)
 *(.rel.data.*)
 *(.rel.gnu.linkonce.d*)

.rela.data
 *(.rela.data)
 *(.rela.data.*)
 *(.rela.gnu.linkonce.d*)

.rel.ctors
 *(.rel.ctors)

.rela.ctors
 *(.rela.ctors)

.rel.dtors
 *(.rel.dtors)

.rela.dtors
 *(.rela.dtors)

.rel.got
 *(.rel.got)

.rela.got
 *(.rela.got)

.rel.bss
 *(.rel.bss)

.rela.bss
 *(.rela.bss)

.rel.plt
 *(.rel.plt)

.rela.plt
 *(.rela.plt)

.text           0x00000000     0x18ac
 *(.vectors)
 .vectors       0x00000000       0x64 c:/program files (x86)/atmel/atmel studio 6.0/extensions/atmel/avrgcc/3.4.1.95/avrtoolchain/bin/../lib/gcc/avr/4.6.2/../../../../avr/lib/avr5/crtm6450a.o
                0x00000000                __vector_default
                0x00000000                __vectors
 *(.vectors)
 *(.progmem.gcc*)
 *(.progmem*)
                0x00000064                . = ALIGN (0x2)
                0x00000064                __trampolines_start = .
 *(.trampolines)
 .trampolines   0x00000064        0x0 linker stubs
 *(.trampolines*)
                0x00000064                __trampolines_end = .
 *(.jumptables)
 *(.jumptables*)
 *(.lowtext)
 *(.lowtext*)
                0x00000064                __ctors_start = .
 *(.ctors)
                0x00000064                __ctors_end = .
                0x00000064                __dtors_start = .
 *(.dtors)
                0x00000064                __dtors_end = .
 SORT(*)(.ctors)
 SORT(*)(.dtors)
 *(.init0)
 .init0         0x00000064        0x0 c:/program files (x86)/atmel/atmel studio 6.0/extensions/atmel/avrgcc/3.4.1.95/avrtoolchain/bin/../lib/gcc/avr/4.6.2/../../../../avr/lib/avr5/crtm6450a.o
                0x00000064                __init
 *(.init0)
 *(.init1)
 *(.init1)
 *(.init2)
 .init2         0x00000064        0xc c:/program files (x86)/atmel/atmel studio 6.0/extensions/atmel/avrgcc/3.4.1.95/avrtoolchain/bin/../lib/gcc/avr/4.6.2/../../../../avr/lib/avr5/crtm6450a.o
 *(.init2)
 *(.init3)
 *(.init3)
 *(.init4)
 .init4         0x00000070       0x16 c:/program files (x86)/atmel/atmel studio 6.0/extensions/atmel/avrgcc/3.4.1.95/avrtoolchain/bin/../lib/gcc/avr/4.6.2/avr5\libgcc.a(_copy_data.o)
                0x00000070                __do_copy_data
 .init4         0x00000086       0x10 c:/program files (x86)/atmel/atmel studio 6.0/extensions/atmel/avrgcc/3.4.1.95/avrtoolchain/bin/../lib/gcc/avr/4.6.2/avr5\libgcc.a(_clear_bss.o)
                0x00000086                __do_clear_bss
 *(.init4)
 *(.init5)
 *(.init5)
 *(.init6)
 *(.init6)
 *(.init7)
 *(.init7)
 *(.init8)
 *(.init8)
 *(.init9)
 .init9         0x00000096        0x8 c:/program files (x86)/atmel/atmel studio 6.0/extensions/atmel/avrgcc/3.4.1.95/avrtoolchain/bin/../lib/gcc/avr/4.6.2/../../../../avr/lib/avr5/crtm6450a.o
 *(.init9)
 *(.text)
 .text          0x0000009e        0x4 c:/program files (x86)/atmel/atmel studio 6.0/extensions/atmel/avrgcc/3.4.1.95/avrtoolchain/bin/../lib/gcc/avr/4.6.2/../../../../avr/lib/avr5/crtm6450a.o
                0x0000009e                __vector_22
                0x0000009e                __vector_1
                0x0000009e                __vector_24
                0x0000009e                __vector_12
                0x0000009e                __bad_interrupt
                0x0000009e                __vector_6
                0x0000009e                __vector_3
                0x0000009e                __vector_23
                0x0000009e                __vector_11
                0x0000009e                __vector_17
                0x0000009e                __vector_19
                0x0000009e                __vector_7
                0x0000009e                __vector_4
                0x0000009e                __vector_2
                0x0000009e                __vector_21
                0x0000009e                __vector_15
                0x0000009e                __vector_8
                0x0000009e                __vector_14
                0x0000009e                __vector_16
                0x0000009e                __vector_18
                0x0000009e                __vector_20
 .text          0x000000a2       0x7e adc.o
                0x000000a2                setup_adc
                0x000000c8                read_pot
 .text          0x00000120       0xcc dac.o
                0x00000120                set_control_voltage
                0x00000178                setup_dac
                0x000001aa                set_dac
 .text          0x000001ec       0xe2 display.o
                0x000001ec                display_dec
 .text          0x000002ce       0x66 interrupts.o
                0x000002ce                __vector_10
                0x0000031c                __vector_9
 .text          0x00000334        0x0 midi.o
 .text          0x00000334      0x194 monapollo-firmware.o
                0x00000334                note_on_event
                0x0000034a                note_off_event
                0x0000034e                setup_midi_usart
                0x00000360                __vector_13
                0x000003ca                __vector_5
                0x000003de                main
 .text          0x000004c8      0x178 scan_pots_and_update_control_voltages.o
                0x000004c8                scan_pots_and_update_control_voltages
 .text          0x00000640      0x312 spi.o
                0x00000640                setup_spi
                0x0000067e                update_spi
 .text          0x00000952      0x180 tune.o
                0x00000952                set_vco_init_cv
 .text          0x00000ad2       0xec xnormidi-develop/bytequeue/bytequeue.o
                0x00000ad2                bytequeue_init
                0x00000ae0                bytequeue_enqueue
                0x00000b3e                bytequeue_length
                0x00000b68                bytequeue_get
                0x00000b8a                bytequeue_remove
 .text          0x00000bbe        0xa xnormidi-develop/bytequeue/interrupt_setting.o
                0x00000bbe                store_and_clear_interrupt
                0x00000bc4                restore_interrupt_setting
 .text          0x00000bc8      0x416 xnormidi-develop/midi.o
                0x00000bc8                midi_is_statusbyte
                0x00000bd0                midi_is_realtime
                0x00000bdc                midi_packet_length
                0x00000c6c                midi_send_cc
                0x00000c8e                midi_send_noteon
                0x00000cb0                midi_send_noteoff
                0x00000cd2                midi_send_aftertouch
                0x00000cf4                midi_send_pitchbend
                0x00000d42                midi_send_programchange
                0x00000d60                midi_send_channelpressure
                0x00000d7e                midi_send_clock
                0x00000d96                midi_send_tick
                0x00000dae                midi_send_start
                0x00000dc6                midi_send_continue
                0x00000dde                midi_send_stop
                0x00000df6                midi_send_activesense
                0x00000e0e                midi_send_reset
                0x00000e26                midi_send_tcquarterframe
                0x00000e40                midi_send_songposition
                0x00000e6a                midi_send_songselect
                0x00000e84                midi_send_tunerequest
                0x00000e9c                midi_send_byte
                0x00000eb4                midi_send_data
                0x00000ec2                midi_send_array
                0x00000f66                midi_register_cc_callback
                0x00000f6e                midi_register_noteon_callback
                0x00000f76                midi_register_noteoff_callback
                0x00000f7e                midi_register_aftertouch_callback
                0x00000f86                midi_register_pitchbend_callback
                0x00000f8e                midi_register_songposition_callback
                0x00000f96                midi_register_progchange_callback
                0x00000f9e                midi_register_chanpressure_callback
                0x00000fa6                midi_register_songselect_callback
                0x00000fae                midi_register_tc_quarterframe_callback
                0x00000fb6                midi_register_realtime_callback
                0x00000fbe                midi_register_tunerequest_callback
                0x00000fc6                midi_register_sysex_callback
                0x00000fce                midi_register_fallthrough_callback
                0x00000fd6                midi_register_catchall_callback
 .text          0x00000fde      0x52c xnormidi-develop/midi_device.o
                0x00000fde                midi_device_init
                0x00001040                midi_device_input
                0x00001086                midi_device_set_send_func
                0x0000108e                midi_device_set_pre_input_process_func
                0x00001096                midi_input_callbacks
                0x000012de                midi_process_byte
                0x00001494                midi_device_process
 .text          0x0000150a      0x33e xnormidi-develop/sysex_tools.o
                0x0000150a                sysex_encoded_length
                0x00001554                sysex_decoded_length
                0x000015a4                sysex_encode
                0x0000171e                sysex_decode
 .text          0x00001848        0x0 c:/program files (x86)/atmel/atmel studio 6.0/extensions/atmel/avrgcc/3.4.1.95/avrtoolchain/bin/../lib/gcc/avr/4.6.2/avr5\libgcc.a(_udivmodhi4.o)
 .text          0x00001848        0x0 c:/program files (x86)/atmel/atmel studio 6.0/extensions/atmel/avrgcc/3.4.1.95/avrtoolchain/bin/../lib/gcc/avr/4.6.2/avr5\libgcc.a(_divmodhi4.o)
 .text          0x00001848        0x0 c:/program files (x86)/atmel/atmel studio 6.0/extensions/atmel/avrgcc/3.4.1.95/avrtoolchain/bin/../lib/gcc/avr/4.6.2/avr5\libgcc.a(_exit.o)
 .text          0x00001848        0x0 c:/program files (x86)/atmel/atmel studio 6.0/extensions/atmel/avrgcc/3.4.1.95/avrtoolchain/bin/../lib/gcc/avr/4.6.2/avr5\libgcc.a(_copy_data.o)
 .text          0x00001848        0x0 c:/program files (x86)/atmel/atmel studio 6.0/extensions/atmel/avrgcc/3.4.1.95/avrtoolchain/bin/../lib/gcc/avr/4.6.2/avr5\libgcc.a(_clear_bss.o)
 .text          0x00001848        0x0 c:/program files (x86)/atmel/atmel studio 6.0/extensions/atmel/avrgcc/3.4.1.95/avrtoolchain/bin/../lib/gcc/avr/4.6.2/../../../../avr/lib/avr5\libc.a(memcpy.o)
                0x00001848                . = ALIGN (0x2)
 *(.text.*)
 .text.libgcc   0x00001848       0x28 c:/program files (x86)/atmel/atmel studio 6.0/extensions/atmel/avrgcc/3.4.1.95/avrtoolchain/bin/../lib/gcc/avr/4.6.2/avr5\libgcc.a(_udivmodhi4.o)
                0x00001848                __udivmodhi4
 .text.libgcc   0x00001870       0x26 c:/program files (x86)/atmel/atmel studio 6.0/extensions/atmel/avrgcc/3.4.1.95/avrtoolchain/bin/../lib/gcc/avr/4.6.2/avr5\libgcc.a(_divmodhi4.o)
                0x00001870                _div
                0x00001870                __divmodhi4
 .text.libgcc   0x00001896        0x0 c:/program files (x86)/atmel/atmel studio 6.0/extensions/atmel/avrgcc/3.4.1.95/avrtoolchain/bin/../lib/gcc/avr/4.6.2/avr5\libgcc.a(_exit.o)
 .text.libgcc   0x00001896        0x0 c:/program files (x86)/atmel/atmel studio 6.0/extensions/atmel/avrgcc/3.4.1.95/avrtoolchain/bin/../lib/gcc/avr/4.6.2/avr5\libgcc.a(_copy_data.o)
 .text.libgcc   0x00001896        0x0 c:/program files (x86)/atmel/atmel studio 6.0/extensions/atmel/avrgcc/3.4.1.95/avrtoolchain/bin/../lib/gcc/avr/4.6.2/avr5\libgcc.a(_clear_bss.o)
 .text.avr-libc
                0x00001896       0x12 c:/program files (x86)/atmel/atmel studio 6.0/extensions/atmel/avrgcc/3.4.1.95/avrtoolchain/bin/../lib/gcc/avr/4.6.2/../../../../avr/lib/avr5\libc.a(memcpy.o)
                0x00001896                memcpy
                0x000018a8                . = ALIGN (0x2)
 *(.fini9)
 .fini9         0x000018a8        0x0 c:/program files (x86)/atmel/atmel studio 6.0/extensions/atmel/avrgcc/3.4.1.95/avrtoolchain/bin/../lib/gcc/avr/4.6.2/avr5\libgcc.a(_exit.o)
                0x000018a8                _exit
                0x000018a8                exit
 *(.fini9)
 *(.fini8)
 *(.fini8)
 *(.fini7)
 *(.fini7)
 *(.fini6)
 *(.fini6)
 *(.fini5)
 *(.fini5)
 *(.fini4)
 *(.fini4)
 *(.fini3)
 *(.fini3)
 *(.fini2)
 *(.fini2)
 *(.fini1)
 *(.fini1)
 *(.fini0)
 .fini0         0x000018a8        0x4 c:/program files (x86)/atmel/atmel studio 6.0/extensions/atmel/avrgcc/3.4.1.95/avrtoolchain/bin/../lib/gcc/avr/4.6.2/avr5\libgcc.a(_exit.o)
 *(.fini0)
                0x000018ac                _etext = .

.data           0x00800100       0x8e load address 0x000018ac
                0x00800100                PROVIDE (__data_start, .)
 *(.data)
 .data          0x00800100        0x0 c:/program files (x86)/atmel/atmel studio 6.0/extensions/atmel/avrgcc/3.4.1.95/avrtoolchain/bin/../lib/gcc/avr/4.6.2/../../../../avr/lib/avr5/crtm6450a.o
 .data          0x00800100        0x0 adc.o
 .data          0x00800100       0x3e dac.o
                0x00800100                release_1_cv
                0x00800102                release_2_cv
                0x00800104                sustain_1_cv
                0x00800106                sustain_2_cv
                0x00800108                decay_1_cv
                0x0080010a                decay_2_cv
                0x0080010c                attack_1_cv
                0x0080010e                attack_2_cv
                0x00800110                noise_mix_cv
                0x00800112                fil_lfo_cv
                0x00800114                fil_vco2_cv
                0x00800116                key_track_cv
                0x00800118                cutoff_cv
                0x0080011a                res_cv
                0x0080011c                fil_eg2_cv
                0x0080011e                vco2_pw_cv
                0x00800120                volume_cv
                0x00800122                amp_lfo_cv
                0x00800124                glide_cv
                0x00800126                lfo_rate_cv
                0x00800128                tune_cv
                0x0080012a                fine_cv
                0x0080012c                vco1_pw_cv
                0x0080012e                pwm_eg2_cv
                0x00800130                pwm_lfo_cv
                0x00800132                pitch_lfo_cv
                0x00800134                pitch_eg2_cv
                0x00800136                vco1_mix_cv
                0x00800138                vco2_mix_cv
                0x0080013a                vco2_pitch_cv
                0x0080013c                vco1_pitch_cv
 .data          0x0080013e        0xa display.o
 .data          0x00800148        0x0 interrupts.o
 .data          0x00800148        0x0 midi.o
 .data          0x00800148        0x6 monapollo-firmware.o
                0x00800148                digit
                0x0080014c                value_to_display
 .data          0x0080014e       0x3e scan_pots_and_update_control_voltages.o
                0x0080014e                pot_decoder_1
                0x0080016c                pot_decoder_0
 .data          0x0080018c        0x0 spi.o
 .data          0x0080018c        0x1 tune.o
                0x0080018c                no_overflow
 .data          0x0080018d        0x0 xnormidi-develop/bytequeue/bytequeue.o
 .data          0x0080018d        0x0 xnormidi-develop/bytequeue/interrupt_setting.o
 .data          0x0080018d        0x0 xnormidi-develop/midi.o
 .data          0x0080018d        0x0 xnormidi-develop/midi_device.o
 .data          0x0080018d        0x0 xnormidi-develop/sysex_tools.o
 .data          0x0080018d        0x0 c:/program files (x86)/atmel/atmel studio 6.0/extensions/atmel/avrgcc/3.4.1.95/avrtoolchain/bin/../lib/gcc/avr/4.6.2/avr5\libgcc.a(_udivmodhi4.o)
 .data          0x0080018d        0x0 c:/program files (x86)/atmel/atmel studio 6.0/extensions/atmel/avrgcc/3.4.1.95/avrtoolchain/bin/../lib/gcc/avr/4.6.2/avr5\libgcc.a(_divmodhi4.o)
 .data          0x0080018d        0x0 c:/program files (x86)/atmel/atmel studio 6.0/extensions/atmel/avrgcc/3.4.1.95/avrtoolchain/bin/../lib/gcc/avr/4.6.2/avr5\libgcc.a(_exit.o)
 .data          0x0080018d        0x0 c:/program files (x86)/atmel/atmel studio 6.0/extensions/atmel/avrgcc/3.4.1.95/avrtoolchain/bin/../lib/gcc/avr/4.6.2/avr5\libgcc.a(_copy_data.o)
 .data          0x0080018d        0x0 c:/program files (x86)/atmel/atmel studio 6.0/extensions/atmel/avrgcc/3.4.1.95/avrtoolchain/bin/../lib/gcc/avr/4.6.2/avr5\libgcc.a(_clear_bss.o)
 .data          0x0080018d        0x0 c:/program files (x86)/atmel/atmel studio 6.0/extensions/atmel/avrgcc/3.4.1.95/avrtoolchain/bin/../lib/gcc/avr/4.6.2/../../../../avr/lib/avr5\libc.a(memcpy.o)
 *(.data*)
 *(.rodata)
 *(.rodata*)
 *(.gnu.linkonce.d*)
                0x0080018e                . = ALIGN (0x2)
 *fill*         0x0080018d        0x1 00
                0x0080018e                _edata = .
                0x0080018e                PROVIDE (__data_end, .)

.bss            0x0080018e      0x110
                0x0080018e                PROVIDE (__bss_start, .)
 *(.bss)
 .bss           0x0080018e        0x0 c:/program files (x86)/atmel/atmel studio 6.0/extensions/atmel/avrgcc/3.4.1.95/avrtoolchain/bin/../lib/gcc/avr/4.6.2/../../../../avr/lib/avr5/crtm6450a.o
 .bss           0x0080018e        0x0 adc.o
 .bss           0x0080018e        0x4 dac.o
                0x0080018e                arp_rate_null
                0x00800190                pitch_vco2_cv
 .bss           0x00800192        0x0 display.o
 .bss           0x00800192        0x0 interrupts.o
 .bss           0x00800192        0x0 midi.o
 .bss           0x00800192        0x6 monapollo-firmware.o
                0x00800192                vco2_init_cv
                0x00800194                vco1_init_cv
                0x00800196                place
                0x00800197                switch_timer
 .bss           0x00800198        0x6 scan_pots_and_update_control_voltages.o
                0x00800198                tune_offset
                0x0080019a                adc_value
                0x0080019c                adc_previous
 .bss           0x0080019e        0xf spi.o
                0x0080019e                sw_latch_one
                0x0080019f                sw_latch_two
                0x008001a0                sw_latch_three
                0x008001a1                sw_latch_four
                0x008001a2                sw_latch_five
                0x008001a3                spi_sw_previous_state
                0x008001a4                spi_sw_current_state
                0x008001a5                current_sw_state
                0x008001a6                previous_sw_state
                0x008001a7                ISW8_SW_ON
                0x008001a8                ISW4_SW_ON
                0x008001a9                ISW13_SW_ON
                0x008001aa                ISW12_SW_ON
                0x008001ab                ISW11_SW_ON
                0x008001ac                ISW9_SW_ON
 .bss           0x008001ad        0x4 tune.o
                0x008001ad                osc_count
                0x008001af                count_finished
                0x008001b0                period_counter
 .bss           0x008001b1        0x0 xnormidi-develop/bytequeue/bytequeue.o
 .bss           0x008001b1        0x0 xnormidi-develop/bytequeue/interrupt_setting.o
 .bss           0x008001b1        0x0 xnormidi-develop/midi.o
 .bss           0x008001b1        0x0 xnormidi-develop/midi_device.o
 .bss           0x008001b1        0x0 xnormidi-develop/sysex_tools.o
 .bss           0x008001b1        0x0 c:/program files (x86)/atmel/atmel studio 6.0/extensions/atmel/avrgcc/3.4.1.95/avrtoolchain/bin/../lib/gcc/avr/4.6.2/avr5\libgcc.a(_udivmodhi4.o)
 .bss           0x008001b1        0x0 c:/program files (x86)/atmel/atmel studio 6.0/extensions/atmel/avrgcc/3.4.1.95/avrtoolchain/bin/../lib/gcc/avr/4.6.2/avr5\libgcc.a(_divmodhi4.o)
 .bss           0x008001b1        0x0 c:/program files (x86)/atmel/atmel studio 6.0/extensions/atmel/avrgcc/3.4.1.95/avrtoolchain/bin/../lib/gcc/avr/4.6.2/avr5\libgcc.a(_exit.o)
 .bss           0x008001b1        0x0 c:/program files (x86)/atmel/atmel studio 6.0/extensions/atmel/avrgcc/3.4.1.95/avrtoolchain/bin/../lib/gcc/avr/4.6.2/avr5\libgcc.a(_copy_data.o)
 .bss           0x008001b1        0x0 c:/program files (x86)/atmel/atmel studio 6.0/extensions/atmel/avrgcc/3.4.1.95/avrtoolchain/bin/../lib/gcc/avr/4.6.2/avr5\libgcc.a(_clear_bss.o)
 .bss           0x008001b1        0x0 c:/program files (x86)/atmel/atmel studio 6.0/extensions/atmel/avrgcc/3.4.1.95/avrtoolchain/bin/../lib/gcc/avr/4.6.2/../../../../avr/lib/avr5\libc.a(memcpy.o)
 *(.bss*)
 *(COMMON)
 COMMON         0x008001b1       0xed monapollo-firmware.o
                0x008001b1                midi_device
                0x0080029e                PROVIDE (__bss_end, .)
                0x000018ac                __data_load_start = LOADADDR (.data)
                0x0000193a                __data_load_end = (__data_load_start + SIZEOF (.data))

.noinit         0x0080029e        0x0
                0x0080029e                PROVIDE (__noinit_start, .)
 *(.noinit*)
                0x0080029e                PROVIDE (__noinit_end, .)
                0x0080029e                _end = .
                0x0080029e                PROVIDE (__heap_start, .)

.eeprom         0x00810000        0x0
 *(.eeprom*)
                0x00810000                __eeprom_end = .

.fuse
 *(.fuse)
 *(.lfuse)
 *(.hfuse)
 *(.efuse)

.lock
 *(.lock*)

.signature
 *(.signature*)

.stab           0x00000000      0x750
 *(.stab)
 .stab          0x00000000      0x6cc c:/program files (x86)/atmel/atmel studio 6.0/extensions/atmel/avrgcc/3.4.1.95/avrtoolchain/bin/../lib/gcc/avr/4.6.2/../../../../avr/lib/avr5/crtm6450a.o
 .stab          0x000006cc       0x84 c:/program files (x86)/atmel/atmel studio 6.0/extensions/atmel/avrgcc/3.4.1.95/avrtoolchain/bin/../lib/gcc/avr/4.6.2/../../../../avr/lib/avr5\libc.a(memcpy.o)
                                 0x90 (size before relaxing)

.stabstr        0x00000000       0xe7
 *(.stabstr)
 .stabstr       0x00000000       0xe7 c:/program files (x86)/atmel/atmel studio 6.0/extensions/atmel/avrgcc/3.4.1.95/avrtoolchain/bin/../lib/gcc/avr/4.6.2/../../../../avr/lib/avr5/crtm6450a.o

.stab.excl
 *(.stab.excl)

.stab.exclstr
 *(.stab.exclstr)

.stab.index
 *(.stab.index)

.stab.indexstr
 *(.stab.indexstr)

.comment
 *(.comment)

.debug
 *(.debug)

.line
 *(.line)

.debug_srcinfo
 *(.debug_srcinfo)

.debug_sfnames
 *(.debug_sfnames)

.debug_aranges  0x00000000      0x240
 *(.debug_aranges)
 .debug_aranges
                0x00000000       0x20 adc.o
 .debug_aranges
                0x00000020       0x20 dac.o
 .debug_aranges
                0x00000040       0x20 display.o
 .debug_aranges
                0x00000060       0x20 interrupts.o
 .debug_aranges
                0x00000080       0x20 monapollo-firmware.o
 .debug_aranges
                0x000000a0       0x20 scan_pots_and_update_control_voltages.o
 .debug_aranges
                0x000000c0       0x20 spi.o
 .debug_aranges
                0x000000e0       0x20 tune.o
 .debug_aranges
                0x00000100       0x20 xnormidi-develop/bytequeue/bytequeue.o
 .debug_aranges
                0x00000120       0x20 xnormidi-develop/bytequeue/interrupt_setting.o
 .debug_aranges
                0x00000140       0x20 xnormidi-develop/midi.o
 .debug_aranges
                0x00000160       0x20 xnormidi-develop/midi_device.o
 .debug_aranges
                0x00000180       0x20 xnormidi-develop/sysex_tools.o
 .debug_aranges
                0x000001a0       0x20 c:/program files (x86)/atmel/atmel studio 6.0/extensions/atmel/avrgcc/3.4.1.95/avrtoolchain/bin/../lib/gcc/avr/4.6.2/avr5\libgcc.a(_udivmodhi4.o)
 .debug_aranges
                0x000001c0       0x20 c:/program files (x86)/atmel/atmel studio 6.0/extensions/atmel/avrgcc/3.4.1.95/avrtoolchain/bin/../lib/gcc/avr/4.6.2/avr5\libgcc.a(_divmodhi4.o)
 .debug_aranges
                0x000001e0       0x20 c:/program files (x86)/atmel/atmel studio 6.0/extensions/atmel/avrgcc/3.4.1.95/avrtoolchain/bin/../lib/gcc/avr/4.6.2/avr5\libgcc.a(_exit.o)
 .debug_aranges
                0x00000200       0x20 c:/program files (x86)/atmel/atmel studio 6.0/extensions/atmel/avrgcc/3.4.1.95/avrtoolchain/bin/../lib/gcc/avr/4.6.2/avr5\libgcc.a(_copy_data.o)
 .debug_aranges
                0x00000220       0x20 c:/program files (x86)/atmel/atmel studio 6.0/extensions/atmel/avrgcc/3.4.1.95/avrtoolchain/bin/../lib/gcc/avr/4.6.2/avr5\libgcc.a(_clear_bss.o)

.debug_pubnames
 *(.debug_pubnames)

.debug_info     0x00000000     0x3732
 *(.debug_info)
 .debug_info    0x00000000      0x165 adc.o
 .debug_info    0x00000165      0x4d3 dac.o
 .debug_info    0x00000638       0xd5 display.o
 .debug_info    0x0000070d       0xf6 interrupts.o
 .debug_info    0x00000803       0x5e midi.o
 .debug_info    0x00000861      0x589 monapollo-firmware.o
 .debug_info    0x00000dea      0x509 scan_pots_and_update_control_voltages.o
 .debug_info    0x000012f3      0x2cf spi.o
 .debug_info    0x000015c2      0x3df tune.o
 .debug_info    0x000019a1      0x23e xnormidi-develop/bytequeue/bytequeue.o
 .debug_info    0x00001bdf       0xc2 xnormidi-develop/bytequeue/interrupt_setting.o
 .debug_info    0x00001ca1      0xd19 xnormidi-develop/midi.o
 .debug_info    0x000029ba      0x657 xnormidi-develop/midi_device.o
 .debug_info    0x00003011      0x2d0 xnormidi-develop/sysex_tools.o
 .debug_info    0x000032e1       0xdd c:/program files (x86)/atmel/atmel studio 6.0/extensions/atmel/avrgcc/3.4.1.95/avrtoolchain/bin/../lib/gcc/avr/4.6.2/avr5\libgcc.a(_udivmodhi4.o)
 .debug_info    0x000033be       0xdd c:/program files (x86)/atmel/atmel studio 6.0/extensions/atmel/avrgcc/3.4.1.95/avrtoolchain/bin/../lib/gcc/avr/4.6.2/avr5\libgcc.a(_divmodhi4.o)
 .debug_info    0x0000349b       0xdd c:/program files (x86)/atmel/atmel studio 6.0/extensions/atmel/avrgcc/3.4.1.95/avrtoolchain/bin/../lib/gcc/avr/4.6.2/avr5\libgcc.a(_exit.o)
 .debug_info    0x00003578       0xdd c:/program files (x86)/atmel/atmel studio 6.0/extensions/atmel/avrgcc/3.4.1.95/avrtoolchain/bin/../lib/gcc/avr/4.6.2/avr5\libgcc.a(_copy_data.o)
 .debug_info    0x00003655       0xdd c:/program files (x86)/atmel/atmel studio 6.0/extensions/atmel/avrgcc/3.4.1.95/avrtoolchain/bin/../lib/gcc/avr/4.6.2/avr5\libgcc.a(_clear_bss.o)
 *(.gnu.linkonce.wi.*)

.debug_abbrev   0x00000000      0xde7
 *(.debug_abbrev)
 .debug_abbrev  0x00000000       0xfe adc.o
 .debug_abbrev  0x000000fe      0x156 dac.o
 .debug_abbrev  0x00000254       0x8b display.o
 .debug_abbrev  0x000002df       0x64 interrupts.o
 .debug_abbrev  0x00000343       0x2a midi.o
 .debug_abbrev  0x0000036d      0x183 monapollo-firmware.o
 .debug_abbrev  0x000004f0       0xf4 scan_pots_and_update_control_voltages.o
 .debug_abbrev  0x000005e4      0x109 spi.o
 .debug_abbrev  0x000006ed       0xda tune.o
 .debug_abbrev  0x000007c7      0x105 xnormidi-develop/bytequeue/bytequeue.o
 .debug_abbrev  0x000008cc       0x83 xnormidi-develop/bytequeue/interrupt_setting.o
 .debug_abbrev  0x0000094f      0x1b1 xnormidi-develop/midi.o
 .debug_abbrev  0x00000b00      0x193 xnormidi-develop/midi_device.o
 .debug_abbrev  0x00000c93       0xf0 xnormidi-develop/sysex_tools.o
 .debug_abbrev  0x00000d83       0x14 c:/program files (x86)/atmel/atmel studio 6.0/extensions/atmel/avrgcc/3.4.1.95/avrtoolchain/bin/../lib/gcc/avr/4.6.2/avr5\libgcc.a(_udivmodhi4.o)
 .debug_abbrev  0x00000d97       0x14 c:/program files (x86)/atmel/atmel studio 6.0/extensions/atmel/avrgcc/3.4.1.95/avrtoolchain/bin/../lib/gcc/avr/4.6.2/avr5\libgcc.a(_divmodhi4.o)
 .debug_abbrev  0x00000dab       0x14 c:/program files (x86)/atmel/atmel studio 6.0/extensions/atmel/avrgcc/3.4.1.95/avrtoolchain/bin/../lib/gcc/avr/4.6.2/avr5\libgcc.a(_exit.o)
 .debug_abbrev  0x00000dbf       0x14 c:/program files (x86)/atmel/atmel studio 6.0/extensions/atmel/avrgcc/3.4.1.95/avrtoolchain/bin/../lib/gcc/avr/4.6.2/avr5\libgcc.a(_copy_data.o)
 .debug_abbrev  0x00000dd3       0x14 c:/program files (x86)/atmel/atmel studio 6.0/extensions/atmel/avrgcc/3.4.1.95/avrtoolchain/bin/../lib/gcc/avr/4.6.2/avr5\libgcc.a(_clear_bss.o)

.debug_line     0x00000000     0x15c1
 *(.debug_line)
 .debug_line    0x00000000      0x188 adc.o
 .debug_line    0x00000188      0x1bf dac.o
 .debug_line    0x00000347       0xe7 display.o
 .debug_line    0x0000042e       0xf8 interrupts.o
 .debug_line    0x00000526       0x1a midi.o
 .debug_line    0x00000540      0x19d monapollo-firmware.o
 .debug_line    0x000006dd      0x12c scan_pots_and_update_control_voltages.o
 .debug_line    0x00000809      0x1f6 spi.o
 .debug_line    0x000009ff      0x114 tune.o
 .debug_line    0x00000b13      0x132 xnormidi-develop/bytequeue/bytequeue.o
 .debug_line    0x00000c45      0x114 xnormidi-develop/bytequeue/interrupt_setting.o
 .debug_line    0x00000d59      0x1f5 xnormidi-develop/midi.o
 .debug_line    0x00000f4e      0x211 xnormidi-develop/midi_device.o
 .debug_line    0x0000115f      0x188 xnormidi-develop/sysex_tools.o
 .debug_line    0x000012e7       0x9a c:/program files (x86)/atmel/atmel studio 6.0/extensions/atmel/avrgcc/3.4.1.95/avrtoolchain/bin/../lib/gcc/avr/4.6.2/avr5\libgcc.a(_udivmodhi4.o)
 .debug_line    0x00001381       0x99 c:/program files (x86)/atmel/atmel studio 6.0/extensions/atmel/avrgcc/3.4.1.95/avrtoolchain/bin/../lib/gcc/avr/4.6.2/avr5\libgcc.a(_divmodhi4.o)
 .debug_line    0x0000141a       0x88 c:/program files (x86)/atmel/atmel studio 6.0/extensions/atmel/avrgcc/3.4.1.95/avrtoolchain/bin/../lib/gcc/avr/4.6.2/avr5\libgcc.a(_exit.o)
 .debug_line    0x000014a2       0x91 c:/program files (x86)/atmel/atmel studio 6.0/extensions/atmel/avrgcc/3.4.1.95/avrtoolchain/bin/../lib/gcc/avr/4.6.2/avr5\libgcc.a(_copy_data.o)
 .debug_line    0x00001533       0x8e c:/program files (x86)/atmel/atmel studio 6.0/extensions/atmel/avrgcc/3.4.1.95/avrtoolchain/bin/../lib/gcc/avr/4.6.2/avr5\libgcc.a(_clear_bss.o)

.debug_frame    0x00000000      0x914
 *(.debug_frame)
 .debug_frame   0x00000000       0x34 adc.o
 .debug_frame   0x00000034       0x44 dac.o
 .debug_frame   0x00000078       0x34 display.o
 .debug_frame   0x000000ac       0x60 interrupts.o
 .debug_frame   0x0000010c       0xd8 monapollo-firmware.o
 .debug_frame   0x000001e4       0x58 scan_pots_and_update_control_voltages.o
 .debug_frame   0x0000023c       0x48 spi.o
 .debug_frame   0x00000284       0x2c tune.o
 .debug_frame   0x000002b0       0x90 xnormidi-develop/bytequeue/bytequeue.o
 .debug_frame   0x00000340       0x34 xnormidi-develop/bytequeue/interrupt_setting.o
 .debug_frame   0x00000374      0x378 xnormidi-develop/midi.o
 .debug_frame   0x000006ec      0x12c xnormidi-develop/midi_device.o
 .debug_frame   0x00000818       0xfc xnormidi-develop/sysex_tools.o

.debug_str      0x00000000     0x1015
 *(.debug_str)
 .debug_str     0x00000000      0x137 adc.o
                                0x16b (size before relaxing)
 .debug_str     0x00000137      0x1c9 dac.o
                                0x318 (size before relaxing)
 .debug_str     0x00000300       0x35 display.o
                                0x113 (size before relaxing)
 .debug_str     0x00000335       0x50 interrupts.o
                                0x12e (size before relaxing)
 .debug_str     0x00000385        0xc midi.o
                                 0xd9 (size before relaxing)
 .debug_str     0x00000391      0x3ba monapollo-firmware.o
                                0x4de (size before relaxing)
 .debug_str     0x0000074b       0x77 scan_pots_and_update_control_voltages.o
                                0x31b (size before relaxing)
 .debug_str     0x000007c2       0xf8 spi.o
                                0x220 (size before relaxing)
 .debug_str     0x000008ba       0x46 tune.o
                                0x287 (size before relaxing)
 .debug_str     0x00000900       0xb9 xnormidi-develop/bytequeue/bytequeue.o
                                0x1d1 (size before relaxing)
 .debug_str     0x000009b9       0x6b xnormidi-develop/bytequeue/interrupt_setting.o
                                0x15c (size before relaxing)
 .debug_str     0x00000a24      0x437 xnormidi-develop/midi.o
                                0x83f (size before relaxing)
 .debug_str     0x00000e5b       0xde xnormidi-develop/midi_device.o
                                0x4ff (size before relaxing)
 .debug_str     0x00000f39       0xdc xnormidi-develop/sysex_tools.o
                                0x1df (size before relaxing)

.debug_loc      0x00000000     0x1d22
 *(.debug_loc)
 .debug_loc     0x00000000       0x60 adc.o
 .debug_loc     0x00000060       0x72 dac.o
 .debug_loc     0x000000d2       0xe7 display.o
 .debug_loc     0x000001b9       0x92 interrupts.o
 .debug_loc     0x0000024b      0x14c monapollo-firmware.o
 .debug_loc     0x00000397       0xf1 scan_pots_and_update_control_voltages.o
 .debug_loc     0x00000488       0x49 spi.o
 .debug_loc     0x000004d1       0x90 tune.o
 .debug_loc     0x00000561      0x229 xnormidi-develop/bytequeue/bytequeue.o
 .debug_loc     0x0000078a      0x963 xnormidi-develop/midi.o
 .debug_loc     0x000010ed      0x668 xnormidi-develop/midi_device.o
 .debug_loc     0x00001755      0x5cd xnormidi-develop/sysex_tools.o

.debug_macinfo
 *(.debug_macinfo)
OUTPUT(monapollo-firmware.elf elf32-avr)
LOAD linker stubs

.debug_ranges   0x00000000       0x78
 .debug_ranges  0x00000000       0x30 scan_pots_and_update_control_voltages.o
 .debug_ranges  0x00000030       0x48 xnormidi-develop/sysex_tools.o
