Archive member included because of file (symbol)

c:/program files (x86)/atmel/atmel studio 6.0/extensions/atmel/avrgcc/3.4.1.95/avrtoolchain/bin/../lib/gcc/avr/4.6.2/avr5\libgcc.a(_mulsi3.o)
                              scan_pots_and_update_control_voltages.o (__mulsi3)
c:/program files (x86)/atmel/atmel studio 6.0/extensions/atmel/avrgcc/3.4.1.95/avrtoolchain/bin/../lib/gcc/avr/4.6.2/avr5\libgcc.a(_udivmodhi4.o)
                              xnormidi-develop/midi_device.o (__udivmodhi4)
c:/program files (x86)/atmel/atmel studio 6.0/extensions/atmel/avrgcc/3.4.1.95/avrtoolchain/bin/../lib/gcc/avr/4.6.2/avr5\libgcc.a(_divmodhi4.o)
                              xnormidi-develop/bytequeue/bytequeue.o (__divmodhi4)
c:/program files (x86)/atmel/atmel studio 6.0/extensions/atmel/avrgcc/3.4.1.95/avrtoolchain/bin/../lib/gcc/avr/4.6.2/avr5\libgcc.a(_exit.o)
                              c:/program files (x86)/atmel/atmel studio 6.0/extensions/atmel/avrgcc/3.4.1.95/avrtoolchain/bin/../lib/gcc/avr/4.6.2/../../../../avr/lib/avr5/crtm6450a.o (exit)
c:/program files (x86)/atmel/atmel studio 6.0/extensions/atmel/avrgcc/3.4.1.95/avrtoolchain/bin/../lib/gcc/avr/4.6.2/avr5\libgcc.a(_copy_data.o)
                              adc.o (__do_copy_data)
c:/program files (x86)/atmel/atmel studio 6.0/extensions/atmel/avrgcc/3.4.1.95/avrtoolchain/bin/../lib/gcc/avr/4.6.2/avr5\libgcc.a(_clear_bss.o)
                              adc.o (__do_clear_bss)
c:/program files (x86)/atmel/atmel studio 6.0/extensions/atmel/avrgcc/3.4.1.95/avrtoolchain/bin/../lib/gcc/avr/4.6.2/../../../../avr/lib/avr5\libc.a(memcpy.o)
                              xnormidi-develop/midi.o (memcpy)
c:/program files (x86)/atmel/atmel studio 6.0/extensions/atmel/avrgcc/3.4.1.95/avrtoolchain/bin/../lib/gcc/avr/4.6.2/../../../../avr/lib/avr5\libc.a(memmove.o)
                              assigner.o (memmove)
c:/program files (x86)/atmel/atmel studio 6.0/extensions/atmel/avrgcc/3.4.1.95/avrtoolchain/bin/../lib/gcc/avr/4.6.2/../../../../avr/lib/avr5\libc.a(eerd_block_atmega6450a.o)
                              tune.o (__eerd_block_m6450a)
c:/program files (x86)/atmel/atmel studio 6.0/extensions/atmel/avrgcc/3.4.1.95/avrtoolchain/bin/../lib/gcc/avr/4.6.2/../../../../avr/lib/avr5\libc.a(eerd_word_atmega6450a.o)
                              tune.o (__eerd_word_m6450a)
c:/program files (x86)/atmel/atmel studio 6.0/extensions/atmel/avrgcc/3.4.1.95/avrtoolchain/bin/../lib/gcc/avr/4.6.2/../../../../avr/lib/avr5\libc.a(eeupd_block_atmega6450a.o)
                              tune.o (__eeupd_block_m6450a)
c:/program files (x86)/atmel/atmel studio 6.0/extensions/atmel/avrgcc/3.4.1.95/avrtoolchain/bin/../lib/gcc/avr/4.6.2/../../../../avr/lib/avr5\libc.a(eeupd_byte_atmega6450a.o)
                              c:/program files (x86)/atmel/atmel studio 6.0/extensions/atmel/avrgcc/3.4.1.95/avrtoolchain/bin/../lib/gcc/avr/4.6.2/../../../../avr/lib/avr5\libc.a(eeupd_block_atmega6450a.o) (__eeupd_r18_m6450a)
c:/program files (x86)/atmel/atmel studio 6.0/extensions/atmel/avrgcc/3.4.1.95/avrtoolchain/bin/../lib/gcc/avr/4.6.2/../../../../avr/lib/avr5\libc.a(eeupd_word_atmega6450a.o)
                              tune.o (__eeupd_word_m6450a)

Allocating common symbols
Common symbol       size              file

midi_device         0xed              monapollo-firmware.o

Memory Configuration

Name             Origin             Length             Attributes
text             0x00000000         0x00020000         xr
data             0x00800060         0x0000ffa0         rw !x
eeprom           0x00810000         0x00010000         rw !x
fuse             0x00820000         0x00000400         rw !x
lock             0x00830000         0x00000400         rw !x
signature        0x00840000         0x00000400         rw !x
*default*        0x00000000         0xffffffff

Linker script and memory map

Address of section .data set to 0x800100
LOAD c:/program files (x86)/atmel/atmel studio 6.0/extensions/atmel/avrgcc/3.4.1.95/avrtoolchain/bin/../lib/gcc/avr/4.6.2/../../../../avr/lib/avr5/crtm6450a.o
LOAD adc.o
LOAD assigner.o
LOAD dac.o
LOAD display.o
LOAD interrupts.o
LOAD midi.o
LOAD monapollo-firmware.o
LOAD scan_pots_and_update_control_voltages.o
LOAD spi.o
LOAD synth.o
LOAD tune.o
LOAD utils.o
LOAD xnormidi-develop/bytequeue/bytequeue.o
LOAD xnormidi-develop/bytequeue/interrupt_setting.o
LOAD xnormidi-develop/midi.o
LOAD xnormidi-develop/midi_device.o
LOAD xnormidi-develop/sysex_tools.o
START GROUP
LOAD c:/program files (x86)/atmel/atmel studio 6.0/extensions/atmel/avrgcc/3.4.1.95/avrtoolchain/bin/../lib/gcc/avr/4.6.2/../../../../avr/lib/avr5\libm.a
END GROUP
LOAD c:/program files (x86)/atmel/atmel studio 6.0/extensions/atmel/avrgcc/3.4.1.95/avrtoolchain/bin/../lib/gcc/avr/4.6.2/avr5\libgcc.a
LOAD c:/program files (x86)/atmel/atmel studio 6.0/extensions/atmel/avrgcc/3.4.1.95/avrtoolchain/bin/../lib/gcc/avr/4.6.2/../../../../avr/lib/avr5\libc.a
LOAD c:/program files (x86)/atmel/atmel studio 6.0/extensions/atmel/avrgcc/3.4.1.95/avrtoolchain/bin/../lib/gcc/avr/4.6.2/avr5\libgcc.a

.hash
 *(.hash)

.dynsym
 *(.dynsym)

.dynstr
 *(.dynstr)

.gnu.version
 *(.gnu.version)

.gnu.version_d
 *(.gnu.version_d)

.gnu.version_r
 *(.gnu.version_r)

.rel.init
 *(.rel.init)

.rela.init
 *(.rela.init)

.rel.text
 *(.rel.text)
 *(.rel.text.*)
 *(.rel.gnu.linkonce.t*)

.rela.text
 *(.rela.text)
 *(.rela.text.*)
 *(.rela.gnu.linkonce.t*)

.rel.fini
 *(.rel.fini)

.rela.fini
 *(.rela.fini)

.rel.rodata
 *(.rel.rodata)
 *(.rel.rodata.*)
 *(.rel.gnu.linkonce.r*)

.rela.rodata
 *(.rela.rodata)
 *(.rela.rodata.*)
 *(.rela.gnu.linkonce.r*)

.rel.data
 *(.rel.data)
 *(.rel.data.*)
 *(.rel.gnu.linkonce.d*)

.rela.data
 *(.rela.data)
 *(.rela.data.*)
 *(.rela.gnu.linkonce.d*)

.rel.ctors
 *(.rel.ctors)

.rela.ctors
 *(.rela.ctors)

.rel.dtors
 *(.rel.dtors)

.rela.dtors
 *(.rela.dtors)

.rel.got
 *(.rel.got)

.rela.got
 *(.rela.got)

.rel.bss
 *(.rel.bss)

.rela.bss
 *(.rela.bss)

.rel.plt
 *(.rel.plt)

.rela.plt
 *(.rela.plt)

.text           0x00000000     0x2944
 *(.vectors)
 .vectors       0x00000000       0x64 c:/program files (x86)/atmel/atmel studio 6.0/extensions/atmel/avrgcc/3.4.1.95/avrtoolchain/bin/../lib/gcc/avr/4.6.2/../../../../avr/lib/avr5/crtm6450a.o
                0x00000000                __vector_default
                0x00000000                __vectors
 *(.vectors)
 *(.progmem.gcc*)
 *(.progmem*)
                0x00000064                . = ALIGN (0x2)
                0x00000064                __trampolines_start = .
 *(.trampolines)
 .trampolines   0x00000064        0x0 linker stubs
 *(.trampolines*)
                0x00000064                __trampolines_end = .
 *(.jumptables)
 *(.jumptables*)
 *(.lowtext)
 *(.lowtext*)
                0x00000064                __ctors_start = .
 *(.ctors)
                0x00000064                __ctors_end = .
                0x00000064                __dtors_start = .
 *(.dtors)
                0x00000064                __dtors_end = .
 SORT(*)(.ctors)
 SORT(*)(.dtors)
 *(.init0)
 .init0         0x00000064        0x0 c:/program files (x86)/atmel/atmel studio 6.0/extensions/atmel/avrgcc/3.4.1.95/avrtoolchain/bin/../lib/gcc/avr/4.6.2/../../../../avr/lib/avr5/crtm6450a.o
                0x00000064                __init
 *(.init0)
 *(.init1)
 *(.init1)
 *(.init2)
 .init2         0x00000064        0xc c:/program files (x86)/atmel/atmel studio 6.0/extensions/atmel/avrgcc/3.4.1.95/avrtoolchain/bin/../lib/gcc/avr/4.6.2/../../../../avr/lib/avr5/crtm6450a.o
 *(.init2)
 *(.init3)
 *(.init3)
 *(.init4)
 .init4         0x00000070       0x16 c:/program files (x86)/atmel/atmel studio 6.0/extensions/atmel/avrgcc/3.4.1.95/avrtoolchain/bin/../lib/gcc/avr/4.6.2/avr5\libgcc.a(_copy_data.o)
                0x00000070                __do_copy_data
 .init4         0x00000086       0x10 c:/program files (x86)/atmel/atmel studio 6.0/extensions/atmel/avrgcc/3.4.1.95/avrtoolchain/bin/../lib/gcc/avr/4.6.2/avr5\libgcc.a(_clear_bss.o)
                0x00000086                __do_clear_bss
 *(.init4)
 *(.init5)
 *(.init5)
 *(.init6)
 *(.init6)
 *(.init7)
 *(.init7)
 *(.init8)
 *(.init8)
 *(.init9)
 .init9         0x00000096        0x8 c:/program files (x86)/atmel/atmel studio 6.0/extensions/atmel/avrgcc/3.4.1.95/avrtoolchain/bin/../lib/gcc/avr/4.6.2/../../../../avr/lib/avr5/crtm6450a.o
 *(.init9)
 *(.text)
 .text          0x0000009e        0x4 c:/program files (x86)/atmel/atmel studio 6.0/extensions/atmel/avrgcc/3.4.1.95/avrtoolchain/bin/../lib/gcc/avr/4.6.2/../../../../avr/lib/avr5/crtm6450a.o
                0x0000009e                __vector_22
                0x0000009e                __vector_1
                0x0000009e                __vector_24
                0x0000009e                __vector_12
                0x0000009e                __bad_interrupt
                0x0000009e                __vector_6
                0x0000009e                __vector_3
                0x0000009e                __vector_23
                0x0000009e                __vector_11
                0x0000009e                __vector_17
                0x0000009e                __vector_19
                0x0000009e                __vector_7
                0x0000009e                __vector_5
                0x0000009e                __vector_4
                0x0000009e                __vector_2
                0x0000009e                __vector_21
                0x0000009e                __vector_15
                0x0000009e                __vector_8
                0x0000009e                __vector_14
                0x0000009e                __vector_16
                0x0000009e                __vector_18
                0x0000009e                __vector_20
 .text          0x000000a2       0x7e adc.o
                0x000000a2                setup_adc
                0x000000c8                read_pot
 .text          0x00000120       0xb0 assigner.o
                0x00000120                get_current_note
                0x00000126                new_note
                0x00000156                remove_note
 .text          0x000001d0       0xcc dac.o
                0x000001d0                set_control_voltage
                0x00000228                setup_dac
                0x0000025a                set_dac
 .text          0x0000029c      0x16c display.o
                0x0000029c                display_dec
                0x000003e4                update_display
 .text          0x00000408       0x96 interrupts.o
                0x00000408                __vector_10
                0x00000486                __vector_9
 .text          0x0000049e        0x0 midi.o
 .text          0x0000049e      0x1be monapollo-firmware.o
                0x0000049e                note_off_event
                0x000004b6                note_on_event
                0x000004ea                setup_midi_usart
                0x000004fc                __vector_13
                0x00000566                main
 .text          0x0000065c      0x2dc scan_pots_and_update_control_voltages.o
                0x0000065c                scan_pots_and_update_control_voltages
 .text          0x00000938      0x106 spi.o
                0x00000938                setup_spi
                0x00000976                spi_shift_byte
                0x00000982                update_spi
 .text          0x00000a3e      0x388 synth.o
                0x00000a3e                transpose_note
                0x00000a68                update_octave_range
                0x00000bd2                refresh_synth
 .text          0x00000dc6      0xbe6 tune.o
                0x00000dc6                initialize_voice_for_tuning
                0x00000ec4                set_vco_init_cv
                0x0000118c                tune_8ths
                0x000014d0                tune_filter
                0x0000186c                save_tuning_tables
                0x0000189e                load_tuning_tables
                0x000018f0                interpolate_pitch_cv
                0x00001950                set_one_volt_per_octave
 .text          0x000019ac       0xe2 utils.o
                0x000019ac                read_switch_port
                0x000019be                update_analog_switch_latch
 .text          0x00001a8e       0xec xnormidi-develop/bytequeue/bytequeue.o
                0x00001a8e                bytequeue_init
                0x00001a9c                bytequeue_enqueue
                0x00001afa                bytequeue_length
                0x00001b24                bytequeue_get
                0x00001b46                bytequeue_remove
 .text          0x00001b7a        0xa xnormidi-develop/bytequeue/interrupt_setting.o
                0x00001b7a                store_and_clear_interrupt
                0x00001b80                restore_interrupt_setting
 .text          0x00001b84      0x416 xnormidi-develop/midi.o
                0x00001b84                midi_is_statusbyte
                0x00001b8c                midi_is_realtime
                0x00001b98                midi_packet_length
                0x00001c28                midi_send_cc
                0x00001c4a                midi_send_noteon
                0x00001c6c                midi_send_noteoff
                0x00001c8e                midi_send_aftertouch
                0x00001cb0                midi_send_pitchbend
                0x00001cfe                midi_send_programchange
                0x00001d1c                midi_send_channelpressure
                0x00001d3a                midi_send_clock
                0x00001d52                midi_send_tick
                0x00001d6a                midi_send_start
                0x00001d82                midi_send_continue
                0x00001d9a                midi_send_stop
                0x00001db2                midi_send_activesense
                0x00001dca                midi_send_reset
                0x00001de2                midi_send_tcquarterframe
                0x00001dfc                midi_send_songposition
                0x00001e26                midi_send_songselect
                0x00001e40                midi_send_tunerequest
                0x00001e58                midi_send_byte
                0x00001e70                midi_send_data
                0x00001e7e                midi_send_array
                0x00001f22                midi_register_cc_callback
                0x00001f2a                midi_register_noteon_callback
                0x00001f32                midi_register_noteoff_callback
                0x00001f3a                midi_register_aftertouch_callback
                0x00001f42                midi_register_pitchbend_callback
                0x00001f4a                midi_register_songposition_callback
                0x00001f52                midi_register_progchange_callback
                0x00001f5a                midi_register_chanpressure_callback
                0x00001f62                midi_register_songselect_callback
                0x00001f6a                midi_register_tc_quarterframe_callback
                0x00001f72                midi_register_realtime_callback
                0x00001f7a                midi_register_tunerequest_callback
                0x00001f82                midi_register_sysex_callback
                0x00001f8a                midi_register_fallthrough_callback
                0x00001f92                midi_register_catchall_callback
 .text          0x00001f9a      0x52c xnormidi-develop/midi_device.o
                0x00001f9a                midi_device_init
                0x00001ffc                midi_device_input
                0x00002042                midi_device_set_send_func
                0x0000204a                midi_device_set_pre_input_process_func
                0x00002052                midi_input_callbacks
                0x0000229a                midi_process_byte
                0x00002450                midi_device_process
 .text          0x000024c6      0x33e xnormidi-develop/sysex_tools.o
                0x000024c6                sysex_encoded_length
                0x00002510                sysex_decoded_length
                0x00002560                sysex_encode
                0x000026da                sysex_decode
 .text          0x00002804        0x0 c:/program files (x86)/atmel/atmel studio 6.0/extensions/atmel/avrgcc/3.4.1.95/avrtoolchain/bin/../lib/gcc/avr/4.6.2/avr5\libgcc.a(_mulsi3.o)
 .text          0x00002804        0x0 c:/program files (x86)/atmel/atmel studio 6.0/extensions/atmel/avrgcc/3.4.1.95/avrtoolchain/bin/../lib/gcc/avr/4.6.2/avr5\libgcc.a(_udivmodhi4.o)
 .text          0x00002804        0x0 c:/program files (x86)/atmel/atmel studio 6.0/extensions/atmel/avrgcc/3.4.1.95/avrtoolchain/bin/../lib/gcc/avr/4.6.2/avr5\libgcc.a(_divmodhi4.o)
 .text          0x00002804        0x0 c:/program files (x86)/atmel/atmel studio 6.0/extensions/atmel/avrgcc/3.4.1.95/avrtoolchain/bin/../lib/gcc/avr/4.6.2/avr5\libgcc.a(_exit.o)
 .text          0x00002804        0x0 c:/program files (x86)/atmel/atmel studio 6.0/extensions/atmel/avrgcc/3.4.1.95/avrtoolchain/bin/../lib/gcc/avr/4.6.2/avr5\libgcc.a(_copy_data.o)
 .text          0x00002804        0x0 c:/program files (x86)/atmel/atmel studio 6.0/extensions/atmel/avrgcc/3.4.1.95/avrtoolchain/bin/../lib/gcc/avr/4.6.2/avr5\libgcc.a(_clear_bss.o)
 .text          0x00002804        0x0 c:/program files (x86)/atmel/atmel studio 6.0/extensions/atmel/avrgcc/3.4.1.95/avrtoolchain/bin/../lib/gcc/avr/4.6.2/../../../../avr/lib/avr5\libc.a(memcpy.o)
 .text          0x00002804        0x0 c:/program files (x86)/atmel/atmel studio 6.0/extensions/atmel/avrgcc/3.4.1.95/avrtoolchain/bin/../lib/gcc/avr/4.6.2/../../../../avr/lib/avr5\libc.a(memmove.o)
 .text          0x00002804        0x0 c:/program files (x86)/atmel/atmel studio 6.0/extensions/atmel/avrgcc/3.4.1.95/avrtoolchain/bin/../lib/gcc/avr/4.6.2/../../../../avr/lib/avr5\libc.a(eerd_block_atmega6450a.o)
 .text          0x00002804        0x0 c:/program files (x86)/atmel/atmel studio 6.0/extensions/atmel/avrgcc/3.4.1.95/avrtoolchain/bin/../lib/gcc/avr/4.6.2/../../../../avr/lib/avr5\libc.a(eerd_word_atmega6450a.o)
 .text          0x00002804        0x0 c:/program files (x86)/atmel/atmel studio 6.0/extensions/atmel/avrgcc/3.4.1.95/avrtoolchain/bin/../lib/gcc/avr/4.6.2/../../../../avr/lib/avr5\libc.a(eeupd_block_atmega6450a.o)
 .text          0x00002804        0x0 c:/program files (x86)/atmel/atmel studio 6.0/extensions/atmel/avrgcc/3.4.1.95/avrtoolchain/bin/../lib/gcc/avr/4.6.2/../../../../avr/lib/avr5\libc.a(eeupd_byte_atmega6450a.o)
 .text          0x00002804        0x0 c:/program files (x86)/atmel/atmel studio 6.0/extensions/atmel/avrgcc/3.4.1.95/avrtoolchain/bin/../lib/gcc/avr/4.6.2/../../../../avr/lib/avr5\libc.a(eeupd_word_atmega6450a.o)
                0x00002804                . = ALIGN (0x2)
 *(.text.*)
 .text.libgcc   0x00002804       0x3e c:/program files (x86)/atmel/atmel studio 6.0/extensions/atmel/avrgcc/3.4.1.95/avrtoolchain/bin/../lib/gcc/avr/4.6.2/avr5\libgcc.a(_mulsi3.o)
                0x00002804                __mulsi3
 .text.libgcc   0x00002842       0x28 c:/program files (x86)/atmel/atmel studio 6.0/extensions/atmel/avrgcc/3.4.1.95/avrtoolchain/bin/../lib/gcc/avr/4.6.2/avr5\libgcc.a(_udivmodhi4.o)
                0x00002842                __udivmodhi4
 .text.libgcc   0x0000286a       0x26 c:/program files (x86)/atmel/atmel studio 6.0/extensions/atmel/avrgcc/3.4.1.95/avrtoolchain/bin/../lib/gcc/avr/4.6.2/avr5\libgcc.a(_divmodhi4.o)
                0x0000286a                _div
                0x0000286a                __divmodhi4
 .text.libgcc   0x00002890        0x0 c:/program files (x86)/atmel/atmel studio 6.0/extensions/atmel/avrgcc/3.4.1.95/avrtoolchain/bin/../lib/gcc/avr/4.6.2/avr5\libgcc.a(_exit.o)
 .text.libgcc   0x00002890        0x0 c:/program files (x86)/atmel/atmel studio 6.0/extensions/atmel/avrgcc/3.4.1.95/avrtoolchain/bin/../lib/gcc/avr/4.6.2/avr5\libgcc.a(_copy_data.o)
 .text.libgcc   0x00002890        0x0 c:/program files (x86)/atmel/atmel studio 6.0/extensions/atmel/avrgcc/3.4.1.95/avrtoolchain/bin/../lib/gcc/avr/4.6.2/avr5\libgcc.a(_clear_bss.o)
 .text.avr-libc
                0x00002890       0x12 c:/program files (x86)/atmel/atmel studio 6.0/extensions/atmel/avrgcc/3.4.1.95/avrtoolchain/bin/../lib/gcc/avr/4.6.2/../../../../avr/lib/avr5\libc.a(memcpy.o)
                0x00002890                memcpy
 .text.avr-libc
                0x000028a2       0x24 c:/program files (x86)/atmel/atmel studio 6.0/extensions/atmel/avrgcc/3.4.1.95/avrtoolchain/bin/../lib/gcc/avr/4.6.2/../../../../avr/lib/avr5\libc.a(memmove.o)
                0x000028a2                memmove
 .text.avr-libc
                0x000028c6       0x20 c:/program files (x86)/atmel/atmel studio 6.0/extensions/atmel/avrgcc/3.4.1.95/avrtoolchain/bin/../lib/gcc/avr/4.6.2/../../../../avr/lib/avr5\libc.a(eerd_block_atmega6450a.o)
                0x000028c6                __eerd_block_m6450a
                0x000028ca                __eerd_blraw_m6450a
 .text.avr-libc
                0x000028e6        0xc c:/program files (x86)/atmel/atmel studio 6.0/extensions/atmel/avrgcc/3.4.1.95/avrtoolchain/bin/../lib/gcc/avr/4.6.2/../../../../avr/lib/avr5\libc.a(eerd_word_atmega6450a.o)
                0x000028e6                __eerd_word_m6450a
 .text.avr-libc
                0x000028f2       0x20 c:/program files (x86)/atmel/atmel studio 6.0/extensions/atmel/avrgcc/3.4.1.95/avrtoolchain/bin/../lib/gcc/avr/4.6.2/../../../../avr/lib/avr5\libc.a(eeupd_block_atmega6450a.o)
                0x000028f2                __eeupd_block_m6450a
 .text.avr-libc
                0x00002912       0x22 c:/program files (x86)/atmel/atmel studio 6.0/extensions/atmel/avrgcc/3.4.1.95/avrtoolchain/bin/../lib/gcc/avr/4.6.2/../../../../avr/lib/avr5\libc.a(eeupd_byte_atmega6450a.o)
                0x00002912                __eeupd_byte_m6450a
                0x00002914                __eeupd_r18_m6450a
 .text.avr-libc
                0x00002934        0xc c:/program files (x86)/atmel/atmel studio 6.0/extensions/atmel/avrgcc/3.4.1.95/avrtoolchain/bin/../lib/gcc/avr/4.6.2/../../../../avr/lib/avr5\libc.a(eeupd_word_atmega6450a.o)
                0x00002934                __eeupd_word_m6450a
                0x00002940                . = ALIGN (0x2)
 *(.fini9)
 .fini9         0x00002940        0x0 c:/program files (x86)/atmel/atmel studio 6.0/extensions/atmel/avrgcc/3.4.1.95/avrtoolchain/bin/../lib/gcc/avr/4.6.2/avr5\libgcc.a(_exit.o)
                0x00002940                _exit
                0x00002940                exit
 *(.fini9)
 *(.fini8)
 *(.fini8)
 *(.fini7)
 *(.fini7)
 *(.fini6)
 *(.fini6)
 *(.fini5)
 *(.fini5)
 *(.fini4)
 *(.fini4)
 *(.fini3)
 *(.fini3)
 *(.fini2)
 *(.fini2)
 *(.fini1)
 *(.fini1)
 *(.fini0)
 .fini0         0x00002940        0x4 c:/program files (x86)/atmel/atmel studio 6.0/extensions/atmel/avrgcc/3.4.1.95/avrtoolchain/bin/../lib/gcc/avr/4.6.2/avr5\libgcc.a(_exit.o)
 *(.fini0)
                0x00002944                _etext = .

.data           0x00800100      0x138 load address 0x00002944
                0x00800100                PROVIDE (__data_start, .)
 *(.data)
 .data          0x00800100        0x0 c:/program files (x86)/atmel/atmel studio 6.0/extensions/atmel/avrgcc/3.4.1.95/avrtoolchain/bin/../lib/gcc/avr/4.6.2/../../../../avr/lib/avr5/crtm6450a.o
 .data          0x00800100        0x0 adc.o
 .data          0x00800100       0x10 assigner.o
 .data          0x00800110       0x3e dac.o
                0x00800110                release_1_cv
                0x00800112                release_2_cv
                0x00800114                sustain_1_cv
                0x00800116                sustain_2_cv
                0x00800118                decay_1_cv
                0x0080011a                decay_2_cv
                0x0080011c                attack_1_cv
                0x0080011e                attack_2_cv
                0x00800120                noise_mix_cv
                0x00800122                fil_lfo_cv
                0x00800124                fil_vco2_cv
                0x00800126                key_track_cv
                0x00800128                cutoff_cv
                0x0080012a                res_cv
                0x0080012c                fil_eg2_cv
                0x0080012e                vco2_pw_cv
                0x00800130                volume_cv
                0x00800132                amp_lfo_cv
                0x00800134                glide_cv
                0x00800136                lfo_rate_cv
                0x00800138                tune_cv
                0x0080013a                fine_cv
                0x0080013c                vco1_pw_cv
                0x0080013e                pwm_eg2_cv
                0x00800140                pwm_lfo_cv
                0x00800142                pitch_lfo_cv
                0x00800144                pitch_eg2_cv
                0x00800146                vco1_mix_cv
                0x00800148                vco2_mix_cv
                0x0080014a                vco2_pitch_cv
                0x0080014c                vco1_pitch_cv
 .data          0x0080014e       0x16 display.o
 .data          0x00800164        0x0 interrupts.o
 .data          0x00800164        0x0 midi.o
 .data          0x00800164        0x0 monapollo-firmware.o
 .data          0x00800164       0x40 scan_pots_and_update_control_voltages.o
                0x00800164                pot_decoder_1
                0x00800182                pot_decoder_0
                0x008001a2                value_to_display
 .data          0x008001a4        0x0 spi.o
 .data          0x008001a4       0x14 synth.o
                0x008001a4                lfo_shape
                0x008001a9                vco2_octave
                0x008001ae                vco1_octave
                0x008001b3                lfo
 .data          0x008001b8       0x80 tune.o
                0x00800237                no_overflow
 .data          0x00800238        0x0 utils.o
 .data          0x00800238        0x0 xnormidi-develop/bytequeue/bytequeue.o
 .data          0x00800238        0x0 xnormidi-develop/bytequeue/interrupt_setting.o
 .data          0x00800238        0x0 xnormidi-develop/midi.o
 .data          0x00800238        0x0 xnormidi-develop/midi_device.o
 .data          0x00800238        0x0 xnormidi-develop/sysex_tools.o
 .data          0x00800238        0x0 c:/program files (x86)/atmel/atmel studio 6.0/extensions/atmel/avrgcc/3.4.1.95/avrtoolchain/bin/../lib/gcc/avr/4.6.2/avr5\libgcc.a(_mulsi3.o)
 .data          0x00800238        0x0 c:/program files (x86)/atmel/atmel studio 6.0/extensions/atmel/avrgcc/3.4.1.95/avrtoolchain/bin/../lib/gcc/avr/4.6.2/avr5\libgcc.a(_udivmodhi4.o)
 .data          0x00800238        0x0 c:/program files (x86)/atmel/atmel studio 6.0/extensions/atmel/avrgcc/3.4.1.95/avrtoolchain/bin/../lib/gcc/avr/4.6.2/avr5\libgcc.a(_divmodhi4.o)
 .data          0x00800238        0x0 c:/program files (x86)/atmel/atmel studio 6.0/extensions/atmel/avrgcc/3.4.1.95/avrtoolchain/bin/../lib/gcc/avr/4.6.2/avr5\libgcc.a(_exit.o)
 .data          0x00800238        0x0 c:/program files (x86)/atmel/atmel studio 6.0/extensions/atmel/avrgcc/3.4.1.95/avrtoolchain/bin/../lib/gcc/avr/4.6.2/avr5\libgcc.a(_copy_data.o)
 .data          0x00800238        0x0 c:/program files (x86)/atmel/atmel studio 6.0/extensions/atmel/avrgcc/3.4.1.95/avrtoolchain/bin/../lib/gcc/avr/4.6.2/avr5\libgcc.a(_clear_bss.o)
 .data          0x00800238        0x0 c:/program files (x86)/atmel/atmel studio 6.0/extensions/atmel/avrgcc/3.4.1.95/avrtoolchain/bin/../lib/gcc/avr/4.6.2/../../../../avr/lib/avr5\libc.a(memcpy.o)
 .data          0x00800238        0x0 c:/program files (x86)/atmel/atmel studio 6.0/extensions/atmel/avrgcc/3.4.1.95/avrtoolchain/bin/../lib/gcc/avr/4.6.2/../../../../avr/lib/avr5\libc.a(memmove.o)
 .data          0x00800238        0x0 c:/program files (x86)/atmel/atmel studio 6.0/extensions/atmel/avrgcc/3.4.1.95/avrtoolchain/bin/../lib/gcc/avr/4.6.2/../../../../avr/lib/avr5\libc.a(eerd_block_atmega6450a.o)
 .data          0x00800238        0x0 c:/program files (x86)/atmel/atmel studio 6.0/extensions/atmel/avrgcc/3.4.1.95/avrtoolchain/bin/../lib/gcc/avr/4.6.2/../../../../avr/lib/avr5\libc.a(eerd_word_atmega6450a.o)
 .data          0x00800238        0x0 c:/program files (x86)/atmel/atmel studio 6.0/extensions/atmel/avrgcc/3.4.1.95/avrtoolchain/bin/../lib/gcc/avr/4.6.2/../../../../avr/lib/avr5\libc.a(eeupd_block_atmega6450a.o)
 .data          0x00800238        0x0 c:/program files (x86)/atmel/atmel studio 6.0/extensions/atmel/avrgcc/3.4.1.95/avrtoolchain/bin/../lib/gcc/avr/4.6.2/../../../../avr/lib/avr5\libc.a(eeupd_byte_atmega6450a.o)
 .data          0x00800238        0x0 c:/program files (x86)/atmel/atmel studio 6.0/extensions/atmel/avrgcc/3.4.1.95/avrtoolchain/bin/../lib/gcc/avr/4.6.2/../../../../avr/lib/avr5\libc.a(eeupd_word_atmega6450a.o)
 *(.data*)
 *(.rodata)
 *(.rodata*)
 *(.gnu.linkonce.d*)
                0x00800238                . = ALIGN (0x2)
                0x00800238                _edata = .
                0x00800238                PROVIDE (__data_end, .)

.bss            0x00800238      0x1ba
                0x00800238                PROVIDE (__bss_start, .)
 *(.bss)
 .bss           0x00800238        0x0 c:/program files (x86)/atmel/atmel studio 6.0/extensions/atmel/avrgcc/3.4.1.95/avrtoolchain/bin/../lib/gcc/avr/4.6.2/../../../../avr/lib/avr5/crtm6450a.o
 .bss           0x00800238        0x0 adc.o
 .bss           0x00800238        0x1 assigner.o
 .bss           0x00800239        0x4 dac.o
                0x00800239                arp_rate_null
                0x0080023b                pitch_vco2_cv
 .bss           0x0080023d        0x5 display.o
 .bss           0x00800242        0x0 interrupts.o
 .bss           0x00800242        0x0 midi.o
 .bss           0x00800242        0x2 monapollo-firmware.o
                0x00800242                switch_timer
 .bss           0x00800244       0x43 scan_pots_and_update_control_voltages.o
                0x00800244                pot_group_1
                0x00800262                pot_group_0
                0x00800282                midi_note_number
                0x00800283                tune_offset
 .bss           0x00800287        0x4 spi.o
 .bss           0x0080028b        0x7 synth.o
                0x0080028b                patch
 .bss           0x00800292       0x6f tune.o
                0x00800292                filter_pitch_table
                0x008002b2                vco2_pitch_table
                0x008002d4                vco1_pitch_table
                0x008002f6                vco2_init_cv
                0x008002f8                vco1_init_cv
                0x008002fa                compare_match_counter
                0x008002fb                osc_count
                0x008002fd                count_finished
                0x008002fe                timer1_clock
                0x008002ff                period
                0x00800300                period_counter
 .bss           0x00800301        0x4 utils.o
                0x00800301                switch_states
 .bss           0x00800305        0x0 xnormidi-develop/bytequeue/bytequeue.o
 .bss           0x00800305        0x0 xnormidi-develop/bytequeue/interrupt_setting.o
 .bss           0x00800305        0x0 xnormidi-develop/midi.o
 .bss           0x00800305        0x0 xnormidi-develop/midi_device.o
 .bss           0x00800305        0x0 xnormidi-develop/sysex_tools.o
 .bss           0x00800305        0x0 c:/program files (x86)/atmel/atmel studio 6.0/extensions/atmel/avrgcc/3.4.1.95/avrtoolchain/bin/../lib/gcc/avr/4.6.2/avr5\libgcc.a(_mulsi3.o)
 .bss           0x00800305        0x0 c:/program files (x86)/atmel/atmel studio 6.0/extensions/atmel/avrgcc/3.4.1.95/avrtoolchain/bin/../lib/gcc/avr/4.6.2/avr5\libgcc.a(_udivmodhi4.o)
 .bss           0x00800305        0x0 c:/program files (x86)/atmel/atmel studio 6.0/extensions/atmel/avrgcc/3.4.1.95/avrtoolchain/bin/../lib/gcc/avr/4.6.2/avr5\libgcc.a(_divmodhi4.o)
 .bss           0x00800305        0x0 c:/program files (x86)/atmel/atmel studio 6.0/extensions/atmel/avrgcc/3.4.1.95/avrtoolchain/bin/../lib/gcc/avr/4.6.2/avr5\libgcc.a(_exit.o)
 .bss           0x00800305        0x0 c:/program files (x86)/atmel/atmel studio 6.0/extensions/atmel/avrgcc/3.4.1.95/avrtoolchain/bin/../lib/gcc/avr/4.6.2/avr5\libgcc.a(_copy_data.o)
 .bss           0x00800305        0x0 c:/program files (x86)/atmel/atmel studio 6.0/extensions/atmel/avrgcc/3.4.1.95/avrtoolchain/bin/../lib/gcc/avr/4.6.2/avr5\libgcc.a(_clear_bss.o)
 .bss           0x00800305        0x0 c:/program files (x86)/atmel/atmel studio 6.0/extensions/atmel/avrgcc/3.4.1.95/avrtoolchain/bin/../lib/gcc/avr/4.6.2/../../../../avr/lib/avr5\libc.a(memcpy.o)
 .bss           0x00800305        0x0 c:/program files (x86)/atmel/atmel studio 6.0/extensions/atmel/avrgcc/3.4.1.95/avrtoolchain/bin/../lib/gcc/avr/4.6.2/../../../../avr/lib/avr5\libc.a(memmove.o)
 .bss           0x00800305        0x0 c:/program files (x86)/atmel/atmel studio 6.0/extensions/atmel/avrgcc/3.4.1.95/avrtoolchain/bin/../lib/gcc/avr/4.6.2/../../../../avr/lib/avr5\libc.a(eerd_block_atmega6450a.o)
 .bss           0x00800305        0x0 c:/program files (x86)/atmel/atmel studio 6.0/extensions/atmel/avrgcc/3.4.1.95/avrtoolchain/bin/../lib/gcc/avr/4.6.2/../../../../avr/lib/avr5\libc.a(eerd_word_atmega6450a.o)
 .bss           0x00800305        0x0 c:/program files (x86)/atmel/atmel studio 6.0/extensions/atmel/avrgcc/3.4.1.95/avrtoolchain/bin/../lib/gcc/avr/4.6.2/../../../../avr/lib/avr5\libc.a(eeupd_block_atmega6450a.o)
 .bss           0x00800305        0x0 c:/program files (x86)/atmel/atmel studio 6.0/extensions/atmel/avrgcc/3.4.1.95/avrtoolchain/bin/../lib/gcc/avr/4.6.2/../../../../avr/lib/avr5\libc.a(eeupd_byte_atmega6450a.o)
 .bss           0x00800305        0x0 c:/program files (x86)/atmel/atmel studio 6.0/extensions/atmel/avrgcc/3.4.1.95/avrtoolchain/bin/../lib/gcc/avr/4.6.2/../../../../avr/lib/avr5\libc.a(eeupd_word_atmega6450a.o)
 *(.bss*)
 *(COMMON)
 COMMON         0x00800305       0xed monapollo-firmware.o
                0x00800305                midi_device
                0x008003f2                PROVIDE (__bss_end, .)
                0x00002944                __data_load_start = LOADADDR (.data)
                0x00002a7c                __data_load_end = (__data_load_start + SIZEOF (.data))

.noinit         0x008003f2        0x0
                0x008003f2                PROVIDE (__noinit_start, .)
 *(.noinit*)
                0x008003f2                PROVIDE (__noinit_end, .)
                0x008003f2                _end = .
                0x008003f2                PROVIDE (__heap_start, .)

.eeprom         0x00810000       0x68
 *(.eeprom*)
 .eeprom        0x00810000       0x68 tune.o
                0x00810000                filter_pitch_table_eeprom
                0x00810020                vco2_pitch_table_eeprom
                0x00810042                vco1_pitch_table_eeprom
                0x00810064                vco2_init_cv_eeprom
                0x00810066                vco1_init_cv_eeprom
                0x00810068                __eeprom_end = .

.fuse
 *(.fuse)
 *(.lfuse)
 *(.hfuse)
 *(.efuse)

.lock
 *(.lock*)

.signature
 *(.signature*)

.stab           0x00000000      0xbf4
 *(.stab)
 .stab          0x00000000      0x6cc c:/program files (x86)/atmel/atmel studio 6.0/extensions/atmel/avrgcc/3.4.1.95/avrtoolchain/bin/../lib/gcc/avr/4.6.2/../../../../avr/lib/avr5/crtm6450a.o
 .stab          0x000006cc       0x84 c:/program files (x86)/atmel/atmel studio 6.0/extensions/atmel/avrgcc/3.4.1.95/avrtoolchain/bin/../lib/gcc/avr/4.6.2/../../../../avr/lib/avr5\libc.a(memcpy.o)
                                 0x90 (size before relaxing)
 .stab          0x00000750       0xe4 c:/program files (x86)/atmel/atmel studio 6.0/extensions/atmel/avrgcc/3.4.1.95/avrtoolchain/bin/../lib/gcc/avr/4.6.2/../../../../avr/lib/avr5\libc.a(memmove.o)
                                 0xf0 (size before relaxing)
 .stab          0x00000834      0x108 c:/program files (x86)/atmel/atmel studio 6.0/extensions/atmel/avrgcc/3.4.1.95/avrtoolchain/bin/../lib/gcc/avr/4.6.2/../../../../avr/lib/avr5\libc.a(eerd_block_atmega6450a.o)
                                0x114 (size before relaxing)
 .stab          0x0000093c       0x6c c:/program files (x86)/atmel/atmel studio 6.0/extensions/atmel/avrgcc/3.4.1.95/avrtoolchain/bin/../lib/gcc/avr/4.6.2/../../../../avr/lib/avr5\libc.a(eerd_word_atmega6450a.o)
                                 0x78 (size before relaxing)
 .stab          0x000009a8       0xe4 c:/program files (x86)/atmel/atmel studio 6.0/extensions/atmel/avrgcc/3.4.1.95/avrtoolchain/bin/../lib/gcc/avr/4.6.2/../../../../avr/lib/avr5\libc.a(eeupd_block_atmega6450a.o)
                                 0xf0 (size before relaxing)
 .stab          0x00000a8c      0x108 c:/program files (x86)/atmel/atmel studio 6.0/extensions/atmel/avrgcc/3.4.1.95/avrtoolchain/bin/../lib/gcc/avr/4.6.2/../../../../avr/lib/avr5\libc.a(eeupd_byte_atmega6450a.o)
                                0x114 (size before relaxing)
 .stab          0x00000b94       0x60 c:/program files (x86)/atmel/atmel studio 6.0/extensions/atmel/avrgcc/3.4.1.95/avrtoolchain/bin/../lib/gcc/avr/4.6.2/../../../../avr/lib/avr5\libc.a(eeupd_word_atmega6450a.o)
                                 0x6c (size before relaxing)

.stabstr        0x00000000      0x33e
 *(.stabstr)
 .stabstr       0x00000000      0x33e c:/program files (x86)/atmel/atmel studio 6.0/extensions/atmel/avrgcc/3.4.1.95/avrtoolchain/bin/../lib/gcc/avr/4.6.2/../../../../avr/lib/avr5/crtm6450a.o

.stab.excl
 *(.stab.excl)

.stab.exclstr
 *(.stab.exclstr)

.stab.index
 *(.stab.index)

.stab.indexstr
 *(.stab.indexstr)

.comment
 *(.comment)

.debug
 *(.debug)

.line
 *(.line)

.debug_srcinfo
 *(.debug_srcinfo)

.debug_sfnames
 *(.debug_sfnames)

.debug_aranges  0x00000000      0x2c0
 *(.debug_aranges)
 .debug_aranges
                0x00000000       0x20 adc.o
 .debug_aranges
                0x00000020       0x20 assigner.o
 .debug_aranges
                0x00000040       0x20 dac.o
 .debug_aranges
                0x00000060       0x20 display.o
 .debug_aranges
                0x00000080       0x20 interrupts.o
 .debug_aranges
                0x000000a0       0x20 monapollo-firmware.o
 .debug_aranges
                0x000000c0       0x20 scan_pots_and_update_control_voltages.o
 .debug_aranges
                0x000000e0       0x20 spi.o
 .debug_aranges
                0x00000100       0x20 synth.o
 .debug_aranges
                0x00000120       0x20 tune.o
 .debug_aranges
                0x00000140       0x20 utils.o
 .debug_aranges
                0x00000160       0x20 xnormidi-develop/bytequeue/bytequeue.o
 .debug_aranges
                0x00000180       0x20 xnormidi-develop/bytequeue/interrupt_setting.o
 .debug_aranges
                0x000001a0       0x20 xnormidi-develop/midi.o
 .debug_aranges
                0x000001c0       0x20 xnormidi-develop/midi_device.o
 .debug_aranges
                0x000001e0       0x20 xnormidi-develop/sysex_tools.o
 .debug_aranges
                0x00000200       0x20 c:/program files (x86)/atmel/atmel studio 6.0/extensions/atmel/avrgcc/3.4.1.95/avrtoolchain/bin/../lib/gcc/avr/4.6.2/avr5\libgcc.a(_mulsi3.o)
 .debug_aranges
                0x00000220       0x20 c:/program files (x86)/atmel/atmel studio 6.0/extensions/atmel/avrgcc/3.4.1.95/avrtoolchain/bin/../lib/gcc/avr/4.6.2/avr5\libgcc.a(_udivmodhi4.o)
 .debug_aranges
                0x00000240       0x20 c:/program files (x86)/atmel/atmel studio 6.0/extensions/atmel/avrgcc/3.4.1.95/avrtoolchain/bin/../lib/gcc/avr/4.6.2/avr5\libgcc.a(_divmodhi4.o)
 .debug_aranges
                0x00000260       0x20 c:/program files (x86)/atmel/atmel studio 6.0/extensions/atmel/avrgcc/3.4.1.95/avrtoolchain/bin/../lib/gcc/avr/4.6.2/avr5\libgcc.a(_exit.o)
 .debug_aranges
                0x00000280       0x20 c:/program files (x86)/atmel/atmel studio 6.0/extensions/atmel/avrgcc/3.4.1.95/avrtoolchain/bin/../lib/gcc/avr/4.6.2/avr5\libgcc.a(_copy_data.o)
 .debug_aranges
                0x000002a0       0x20 c:/program files (x86)/atmel/atmel studio 6.0/extensions/atmel/avrgcc/3.4.1.95/avrtoolchain/bin/../lib/gcc/avr/4.6.2/avr5\libgcc.a(_clear_bss.o)

.debug_pubnames
 *(.debug_pubnames)

.debug_info     0x00000000     0x4768
 *(.debug_info)
 .debug_info    0x00000000      0x165 adc.o
 .debug_info    0x00000165      0x1bb assigner.o
 .debug_info    0x00000320      0x4d3 dac.o
 .debug_info    0x000007f3      0x1ed display.o
 .debug_info    0x000009e0      0x144 interrupts.o
 .debug_info    0x00000b24       0x5e midi.o
 .debug_info    0x00000b82      0x5dd monapollo-firmware.o
 .debug_info    0x0000115f      0x6a4 scan_pots_and_update_control_voltages.o
 .debug_info    0x00001803      0x1d2 spi.o
 .debug_info    0x000019d5      0x3af synth.o
 .debug_info    0x00001d84      0xa5d tune.o
 .debug_info    0x000027e1      0x119 utils.o
 .debug_info    0x000028fa      0x23e xnormidi-develop/bytequeue/bytequeue.o
 .debug_info    0x00002b38       0xc2 xnormidi-develop/bytequeue/interrupt_setting.o
 .debug_info    0x00002bfa      0xd19 xnormidi-develop/midi.o
 .debug_info    0x00003913      0x657 xnormidi-develop/midi_device.o
 .debug_info    0x00003f6a      0x2d0 xnormidi-develop/sysex_tools.o
 .debug_info    0x0000423a       0xdd c:/program files (x86)/atmel/atmel studio 6.0/extensions/atmel/avrgcc/3.4.1.95/avrtoolchain/bin/../lib/gcc/avr/4.6.2/avr5\libgcc.a(_mulsi3.o)
 .debug_info    0x00004317       0xdd c:/program files (x86)/atmel/atmel studio 6.0/extensions/atmel/avrgcc/3.4.1.95/avrtoolchain/bin/../lib/gcc/avr/4.6.2/avr5\libgcc.a(_udivmodhi4.o)
 .debug_info    0x000043f4       0xdd c:/program files (x86)/atmel/atmel studio 6.0/extensions/atmel/avrgcc/3.4.1.95/avrtoolchain/bin/../lib/gcc/avr/4.6.2/avr5\libgcc.a(_divmodhi4.o)
 .debug_info    0x000044d1       0xdd c:/program files (x86)/atmel/atmel studio 6.0/extensions/atmel/avrgcc/3.4.1.95/avrtoolchain/bin/../lib/gcc/avr/4.6.2/avr5\libgcc.a(_exit.o)
 .debug_info    0x000045ae       0xdd c:/program files (x86)/atmel/atmel studio 6.0/extensions/atmel/avrgcc/3.4.1.95/avrtoolchain/bin/../lib/gcc/avr/4.6.2/avr5\libgcc.a(_copy_data.o)
 .debug_info    0x0000468b       0xdd c:/program files (x86)/atmel/atmel studio 6.0/extensions/atmel/avrgcc/3.4.1.95/avrtoolchain/bin/../lib/gcc/avr/4.6.2/avr5\libgcc.a(_clear_bss.o)
 *(.gnu.linkonce.wi.*)

.debug_abbrev   0x00000000     0x1347
 *(.debug_abbrev)
 .debug_abbrev  0x00000000       0xfe adc.o
 .debug_abbrev  0x000000fe      0x11c assigner.o
 .debug_abbrev  0x0000021a      0x156 dac.o
 .debug_abbrev  0x00000370       0xc7 display.o
 .debug_abbrev  0x00000437       0x64 interrupts.o
 .debug_abbrev  0x0000049b       0x2a midi.o
 .debug_abbrev  0x000004c5      0x17d monapollo-firmware.o
 .debug_abbrev  0x00000642       0xfa scan_pots_and_update_control_voltages.o
 .debug_abbrev  0x0000073c       0xd6 spi.o
 .debug_abbrev  0x00000812      0x1d3 synth.o
 .debug_abbrev  0x000009e5      0x26b tune.o
 .debug_abbrev  0x00000c50       0xc3 utils.o
 .debug_abbrev  0x00000d13      0x105 xnormidi-develop/bytequeue/bytequeue.o
 .debug_abbrev  0x00000e18       0x83 xnormidi-develop/bytequeue/interrupt_setting.o
 .debug_abbrev  0x00000e9b      0x1b1 xnormidi-develop/midi.o
 .debug_abbrev  0x0000104c      0x193 xnormidi-develop/midi_device.o
 .debug_abbrev  0x000011df       0xf0 xnormidi-develop/sysex_tools.o
 .debug_abbrev  0x000012cf       0x14 c:/program files (x86)/atmel/atmel studio 6.0/extensions/atmel/avrgcc/3.4.1.95/avrtoolchain/bin/../lib/gcc/avr/4.6.2/avr5\libgcc.a(_mulsi3.o)
 .debug_abbrev  0x000012e3       0x14 c:/program files (x86)/atmel/atmel studio 6.0/extensions/atmel/avrgcc/3.4.1.95/avrtoolchain/bin/../lib/gcc/avr/4.6.2/avr5\libgcc.a(_udivmodhi4.o)
 .debug_abbrev  0x000012f7       0x14 c:/program files (x86)/atmel/atmel studio 6.0/extensions/atmel/avrgcc/3.4.1.95/avrtoolchain/bin/../lib/gcc/avr/4.6.2/avr5\libgcc.a(_divmodhi4.o)
 .debug_abbrev  0x0000130b       0x14 c:/program files (x86)/atmel/atmel studio 6.0/extensions/atmel/avrgcc/3.4.1.95/avrtoolchain/bin/../lib/gcc/avr/4.6.2/avr5\libgcc.a(_exit.o)
 .debug_abbrev  0x0000131f       0x14 c:/program files (x86)/atmel/atmel studio 6.0/extensions/atmel/avrgcc/3.4.1.95/avrtoolchain/bin/../lib/gcc/avr/4.6.2/avr5\libgcc.a(_copy_data.o)
 .debug_abbrev  0x00001333       0x14 c:/program files (x86)/atmel/atmel studio 6.0/extensions/atmel/avrgcc/3.4.1.95/avrtoolchain/bin/../lib/gcc/avr/4.6.2/avr5\libgcc.a(_clear_bss.o)

.debug_line     0x00000000     0x1cb3
 *(.debug_line)
 .debug_line    0x00000000      0x188 adc.o
 .debug_line    0x00000188      0x10c assigner.o
 .debug_line    0x00000294      0x1bf dac.o
 .debug_line    0x00000453      0x102 display.o
 .debug_line    0x00000555       0xef interrupts.o
 .debug_line    0x00000644       0x1a midi.o
 .debug_line    0x0000065e      0x1d7 monapollo-firmware.o
 .debug_line    0x00000835      0x151 scan_pots_and_update_control_voltages.o
 .debug_line    0x00000986      0x110 spi.o
 .debug_line    0x00000a96      0x213 synth.o
 .debug_line    0x00000ca9      0x3b9 tune.o
 .debug_line    0x00001062       0xfe utils.o
 .debug_line    0x00001160      0x132 xnormidi-develop/bytequeue/bytequeue.o
 .debug_line    0x00001292      0x114 xnormidi-develop/bytequeue/interrupt_setting.o
 .debug_line    0x000013a6      0x1f5 xnormidi-develop/midi.o
 .debug_line    0x0000159b      0x211 xnormidi-develop/midi_device.o
 .debug_line    0x000017ac      0x188 xnormidi-develop/sysex_tools.o
 .debug_line    0x00001934       0xa5 c:/program files (x86)/atmel/atmel studio 6.0/extensions/atmel/avrgcc/3.4.1.95/avrtoolchain/bin/../lib/gcc/avr/4.6.2/avr5\libgcc.a(_mulsi3.o)
 .debug_line    0x000019d9       0x9a c:/program files (x86)/atmel/atmel studio 6.0/extensions/atmel/avrgcc/3.4.1.95/avrtoolchain/bin/../lib/gcc/avr/4.6.2/avr5\libgcc.a(_udivmodhi4.o)
 .debug_line    0x00001a73       0x99 c:/program files (x86)/atmel/atmel studio 6.0/extensions/atmel/avrgcc/3.4.1.95/avrtoolchain/bin/../lib/gcc/avr/4.6.2/avr5\libgcc.a(_divmodhi4.o)
 .debug_line    0x00001b0c       0x88 c:/program files (x86)/atmel/atmel studio 6.0/extensions/atmel/avrgcc/3.4.1.95/avrtoolchain/bin/../lib/gcc/avr/4.6.2/avr5\libgcc.a(_exit.o)
 .debug_line    0x00001b94       0x91 c:/program files (x86)/atmel/atmel studio 6.0/extensions/atmel/avrgcc/3.4.1.95/avrtoolchain/bin/../lib/gcc/avr/4.6.2/avr5\libgcc.a(_copy_data.o)
 .debug_line    0x00001c25       0x8e c:/program files (x86)/atmel/atmel studio 6.0/extensions/atmel/avrgcc/3.4.1.95/avrtoolchain/bin/../lib/gcc/avr/4.6.2/avr5\libgcc.a(_clear_bss.o)

.debug_frame    0x00000000      0xbb0
 *(.debug_frame)
 .debug_frame   0x00000000       0x34 adc.o
 .debug_frame   0x00000034       0x60 assigner.o
 .debug_frame   0x00000094       0x44 dac.o
 .debug_frame   0x000000d8       0x4c display.o
 .debug_frame   0x00000124       0x60 interrupts.o
 .debug_frame   0x00000184       0xbc monapollo-firmware.o
 .debug_frame   0x00000240       0x80 scan_pots_and_update_control_voltages.o
 .debug_frame   0x000002c0       0x44 spi.o
 .debug_frame   0x00000304       0x50 synth.o
 .debug_frame   0x00000354      0x1c4 tune.o
 .debug_frame   0x00000518       0x34 utils.o
 .debug_frame   0x0000054c       0x90 xnormidi-develop/bytequeue/bytequeue.o
 .debug_frame   0x000005dc       0x34 xnormidi-develop/bytequeue/interrupt_setting.o
 .debug_frame   0x00000610      0x378 xnormidi-develop/midi.o
 .debug_frame   0x00000988      0x12c xnormidi-develop/midi_device.o
 .debug_frame   0x00000ab4       0xfc xnormidi-develop/sysex_tools.o

.debug_str      0x00000000     0x144a
 *(.debug_str)
 .debug_str     0x00000000      0x137 adc.o
                                0x16b (size before relaxing)
 .debug_str     0x00000137       0x6f assigner.o
                                0x156 (size before relaxing)
 .debug_str     0x000001a6      0x1bf dac.o
                                0x318 (size before relaxing)
 .debug_str     0x00000365       0x54 display.o
                                0x139 (size before relaxing)
 .debug_str     0x000003b9       0x71 interrupts.o
                                0x14f (size before relaxing)
 .debug_str     0x0000042a        0xc midi.o
                                 0xd9 (size before relaxing)
 .debug_str     0x00000436      0x3f8 monapollo-firmware.o
                                0x513 (size before relaxing)
 .debug_str     0x0000082e      0x138 scan_pots_and_update_control_voltages.o
                                0x40c (size before relaxing)
 .debug_str     0x00000966       0xa6 spi.o
                                0x1c9 (size before relaxing)
 .debug_str     0x00000a0c       0xd2 synth.o
                                0x25c (size before relaxing)
 .debug_str     0x00000ade      0x1f7 tune.o
                                0x593 (size before relaxing)
 .debug_str     0x00000cd5       0x72 utils.o
                                0x167 (size before relaxing)
 .debug_str     0x00000d47       0xb9 xnormidi-develop/bytequeue/bytequeue.o
                                0x1d1 (size before relaxing)
 .debug_str     0x00000e00       0x6b xnormidi-develop/bytequeue/interrupt_setting.o
                                0x15c (size before relaxing)
 .debug_str     0x00000e6b      0x425 xnormidi-develop/midi.o
                                0x83f (size before relaxing)
 .debug_str     0x00001290       0xde xnormidi-develop/midi_device.o
                                0x4ff (size before relaxing)
 .debug_str     0x0000136e       0xdc xnormidi-develop/sysex_tools.o
                                0x1df (size before relaxing)

.debug_loc      0x00000000     0x2bc5
 *(.debug_loc)
 .debug_loc     0x00000000       0x60 adc.o
 .debug_loc     0x00000060      0x16b assigner.o
 .debug_loc     0x000001cb       0x72 dac.o
 .debug_loc     0x0000023d      0x1e5 display.o
 .debug_loc     0x00000422       0x92 interrupts.o
 .debug_loc     0x000004b4      0x1e0 monapollo-firmware.o
 .debug_loc     0x00000694      0x3d6 scan_pots_and_update_control_voltages.o
 .debug_loc     0x00000a6a       0x1f spi.o
 .debug_loc     0x00000a89       0xf7 synth.o
 .debug_loc     0x00000b80      0x839 tune.o
 .debug_loc     0x000013b9       0x4b utils.o
 .debug_loc     0x00001404      0x229 xnormidi-develop/bytequeue/bytequeue.o
 .debug_loc     0x0000162d      0x963 xnormidi-develop/midi.o
 .debug_loc     0x00001f90      0x668 xnormidi-develop/midi_device.o
 .debug_loc     0x000025f8      0x5cd xnormidi-develop/sysex_tools.o

.debug_macinfo
 *(.debug_macinfo)
OUTPUT(monapollo-firmware.elf elf32-avr)
LOAD linker stubs

.debug_ranges   0x00000000      0x158
 .debug_ranges  0x00000000       0x78 scan_pots_and_update_control_voltages.o
 .debug_ranges  0x00000078       0x98 tune.o
 .debug_ranges  0x00000110       0x48 xnormidi-develop/sysex_tools.o
