Archive member included because of file (symbol)

c:/program files (x86)/atmel/atmel studio 6.0/extensions/atmel/avrgcc/3.4.1.95/avrtoolchain/bin/../lib/gcc/avr/4.6.2/avr5\libgcc.a(_udivmodhi4.o)
                              display.o (__udivmodhi4)
c:/program files (x86)/atmel/atmel studio 6.0/extensions/atmel/avrgcc/3.4.1.95/avrtoolchain/bin/../lib/gcc/avr/4.6.2/avr5\libgcc.a(_divmodhi4.o)
                              xnormidi-develop/bytequeue/bytequeue.o (__divmodhi4)
c:/program files (x86)/atmel/atmel studio 6.0/extensions/atmel/avrgcc/3.4.1.95/avrtoolchain/bin/../lib/gcc/avr/4.6.2/avr5\libgcc.a(_exit.o)
                              c:/program files (x86)/atmel/atmel studio 6.0/extensions/atmel/avrgcc/3.4.1.95/avrtoolchain/bin/../lib/gcc/avr/4.6.2/../../../../avr/lib/avr5/crtm6450a.o (exit)
c:/program files (x86)/atmel/atmel studio 6.0/extensions/atmel/avrgcc/3.4.1.95/avrtoolchain/bin/../lib/gcc/avr/4.6.2/avr5\libgcc.a(_copy_data.o)
                              adc.o (__do_copy_data)
c:/program files (x86)/atmel/atmel studio 6.0/extensions/atmel/avrgcc/3.4.1.95/avrtoolchain/bin/../lib/gcc/avr/4.6.2/avr5\libgcc.a(_clear_bss.o)
                              adc.o (__do_clear_bss)
c:/program files (x86)/atmel/atmel studio 6.0/extensions/atmel/avrgcc/3.4.1.95/avrtoolchain/bin/../lib/gcc/avr/4.6.2/../../../../avr/lib/avr5\libc.a(memcpy.o)
                              xnormidi-develop/midi.o (memcpy)
c:/program files (x86)/atmel/atmel studio 6.0/extensions/atmel/avrgcc/3.4.1.95/avrtoolchain/bin/../lib/gcc/avr/4.6.2/../../../../avr/lib/avr5\libc.a(memmove.o)
                              assigner.o (memmove)

Allocating common symbols
Common symbol       size              file

midi_device         0xed              monapollo-firmware.o

Memory Configuration

Name             Origin             Length             Attributes
text             0x00000000         0x00020000         xr
data             0x00800060         0x0000ffa0         rw !x
eeprom           0x00810000         0x00010000         rw !x
fuse             0x00820000         0x00000400         rw !x
lock             0x00830000         0x00000400         rw !x
signature        0x00840000         0x00000400         rw !x
*default*        0x00000000         0xffffffff

Linker script and memory map

Address of section .data set to 0x800100
LOAD c:/program files (x86)/atmel/atmel studio 6.0/extensions/atmel/avrgcc/3.4.1.95/avrtoolchain/bin/../lib/gcc/avr/4.6.2/../../../../avr/lib/avr5/crtm6450a.o
LOAD adc.o
LOAD assigner.o
LOAD dac.o
LOAD display.o
LOAD interrupts.o
LOAD midi.o
LOAD monapollo-firmware.o
LOAD scan_pots_and_update_control_voltages.o
LOAD spi.o
LOAD tune.o
LOAD utils.o
LOAD xnormidi-develop/bytequeue/bytequeue.o
LOAD xnormidi-develop/bytequeue/interrupt_setting.o
LOAD xnormidi-develop/midi.o
LOAD xnormidi-develop/midi_device.o
LOAD xnormidi-develop/sysex_tools.o
START GROUP
LOAD c:/program files (x86)/atmel/atmel studio 6.0/extensions/atmel/avrgcc/3.4.1.95/avrtoolchain/bin/../lib/gcc/avr/4.6.2/../../../../avr/lib/avr5\libm.a
END GROUP
LOAD c:/program files (x86)/atmel/atmel studio 6.0/extensions/atmel/avrgcc/3.4.1.95/avrtoolchain/bin/../lib/gcc/avr/4.6.2/avr5\libgcc.a
LOAD c:/program files (x86)/atmel/atmel studio 6.0/extensions/atmel/avrgcc/3.4.1.95/avrtoolchain/bin/../lib/gcc/avr/4.6.2/../../../../avr/lib/avr5\libc.a
LOAD c:/program files (x86)/atmel/atmel studio 6.0/extensions/atmel/avrgcc/3.4.1.95/avrtoolchain/bin/../lib/gcc/avr/4.6.2/avr5\libgcc.a

.hash
 *(.hash)

.dynsym
 *(.dynsym)

.dynstr
 *(.dynstr)

.gnu.version
 *(.gnu.version)

.gnu.version_d
 *(.gnu.version_d)

.gnu.version_r
 *(.gnu.version_r)

.rel.init
 *(.rel.init)

.rela.init
 *(.rela.init)

.rel.text
 *(.rel.text)
 *(.rel.text.*)
 *(.rel.gnu.linkonce.t*)

.rela.text
 *(.rela.text)
 *(.rela.text.*)
 *(.rela.gnu.linkonce.t*)

.rel.fini
 *(.rel.fini)

.rela.fini
 *(.rela.fini)

.rel.rodata
 *(.rel.rodata)
 *(.rel.rodata.*)
 *(.rel.gnu.linkonce.r*)

.rela.rodata
 *(.rela.rodata)
 *(.rela.rodata.*)
 *(.rela.gnu.linkonce.r*)

.rel.data
 *(.rel.data)
 *(.rel.data.*)
 *(.rel.gnu.linkonce.d*)

.rela.data
 *(.rela.data)
 *(.rela.data.*)
 *(.rela.gnu.linkonce.d*)

.rel.ctors
 *(.rel.ctors)

.rela.ctors
 *(.rela.ctors)

.rel.dtors
 *(.rel.dtors)

.rela.dtors
 *(.rela.dtors)

.rel.got
 *(.rel.got)

.rela.got
 *(.rela.got)

.rel.bss
 *(.rel.bss)

.rela.bss
 *(.rela.bss)

.rel.plt
 *(.rel.plt)

.rela.plt
 *(.rela.plt)

.text           0x00000000     0x258e
 *(.vectors)
 .vectors       0x00000000       0x64 c:/program files (x86)/atmel/atmel studio 6.0/extensions/atmel/avrgcc/3.4.1.95/avrtoolchain/bin/../lib/gcc/avr/4.6.2/../../../../avr/lib/avr5/crtm6450a.o
                0x00000000                __vector_default
                0x00000000                __vectors
 *(.vectors)
 *(.progmem.gcc*)
 *(.progmem*)
                0x00000064                . = ALIGN (0x2)
                0x00000064                __trampolines_start = .
 *(.trampolines)
 .trampolines   0x00000064        0x0 linker stubs
 *(.trampolines*)
                0x00000064                __trampolines_end = .
 *(.jumptables)
 *(.jumptables*)
 *(.lowtext)
 *(.lowtext*)
                0x00000064                __ctors_start = .
 *(.ctors)
                0x00000064                __ctors_end = .
                0x00000064                __dtors_start = .
 *(.dtors)
                0x00000064                __dtors_end = .
 SORT(*)(.ctors)
 SORT(*)(.dtors)
 *(.init0)
 .init0         0x00000064        0x0 c:/program files (x86)/atmel/atmel studio 6.0/extensions/atmel/avrgcc/3.4.1.95/avrtoolchain/bin/../lib/gcc/avr/4.6.2/../../../../avr/lib/avr5/crtm6450a.o
                0x00000064                __init
 *(.init0)
 *(.init1)
 *(.init1)
 *(.init2)
 .init2         0x00000064        0xc c:/program files (x86)/atmel/atmel studio 6.0/extensions/atmel/avrgcc/3.4.1.95/avrtoolchain/bin/../lib/gcc/avr/4.6.2/../../../../avr/lib/avr5/crtm6450a.o
 *(.init2)
 *(.init3)
 *(.init3)
 *(.init4)
 .init4         0x00000070       0x16 c:/program files (x86)/atmel/atmel studio 6.0/extensions/atmel/avrgcc/3.4.1.95/avrtoolchain/bin/../lib/gcc/avr/4.6.2/avr5\libgcc.a(_copy_data.o)
                0x00000070                __do_copy_data
 .init4         0x00000086       0x10 c:/program files (x86)/atmel/atmel studio 6.0/extensions/atmel/avrgcc/3.4.1.95/avrtoolchain/bin/../lib/gcc/avr/4.6.2/avr5\libgcc.a(_clear_bss.o)
                0x00000086                __do_clear_bss
 *(.init4)
 *(.init5)
 *(.init5)
 *(.init6)
 *(.init6)
 *(.init7)
 *(.init7)
 *(.init8)
 *(.init8)
 *(.init9)
 .init9         0x00000096        0x8 c:/program files (x86)/atmel/atmel studio 6.0/extensions/atmel/avrgcc/3.4.1.95/avrtoolchain/bin/../lib/gcc/avr/4.6.2/../../../../avr/lib/avr5/crtm6450a.o
 *(.init9)
 *(.text)
 .text          0x0000009e        0x4 c:/program files (x86)/atmel/atmel studio 6.0/extensions/atmel/avrgcc/3.4.1.95/avrtoolchain/bin/../lib/gcc/avr/4.6.2/../../../../avr/lib/avr5/crtm6450a.o
                0x0000009e                __vector_22
                0x0000009e                __vector_1
                0x0000009e                __vector_24
                0x0000009e                __vector_12
                0x0000009e                __bad_interrupt
                0x0000009e                __vector_6
                0x0000009e                __vector_3
                0x0000009e                __vector_23
                0x0000009e                __vector_11
                0x0000009e                __vector_17
                0x0000009e                __vector_19
                0x0000009e                __vector_7
                0x0000009e                __vector_5
                0x0000009e                __vector_4
                0x0000009e                __vector_2
                0x0000009e                __vector_21
                0x0000009e                __vector_15
                0x0000009e                __vector_8
                0x0000009e                __vector_14
                0x0000009e                __vector_16
                0x0000009e                __vector_18
                0x0000009e                __vector_20
 .text          0x000000a2       0x7e adc.o
                0x000000a2                setup_adc
                0x000000c8                read_pot
 .text          0x00000120       0xb0 assigner.o
                0x00000120                get_current_note
                0x00000126                new_note
                0x00000156                remove_note
 .text          0x000001d0       0xcc dac.o
                0x000001d0                set_control_voltage
                0x00000228                setup_dac
                0x0000025a                set_dac
 .text          0x0000029c      0x134 display.o
                0x0000029c                display_dec
                0x0000037e                update_display
 .text          0x000003d0       0xb4 interrupts.o
                0x000003d0                __vector_10
                0x0000046c                __vector_9
 .text          0x00000484        0x0 midi.o
 .text          0x00000484      0x1a2 monapollo-firmware.o
                0x00000484                note_off_event
                0x0000049e                note_on_event
                0x000004d8                setup_midi_usart
                0x000004ea                __vector_13
                0x00000554                main
 .text          0x00000626      0x29e scan_pots_and_update_control_voltages.o
                0x00000626                scan_pots_and_update_control_voltages
 .text          0x000008c4      0x324 spi.o
                0x000008c4                setup_spi
                0x00000902                spi_shift_byte
                0x0000090e                update_spi
 .text          0x00000be8      0xba6 tune.o
                0x00000be8                set_vco_init_cv
                0x00000f4a                tune_octave
                0x0000138c                tune_8ths
 .text          0x0000178e        0x2 utils.o
                0x0000178e                read_switch_port
 .text          0x00001790       0xec xnormidi-develop/bytequeue/bytequeue.o
                0x00001790                bytequeue_init
                0x0000179e                bytequeue_enqueue
                0x000017fc                bytequeue_length
                0x00001826                bytequeue_get
                0x00001848                bytequeue_remove
 .text          0x0000187c        0xa xnormidi-develop/bytequeue/interrupt_setting.o
                0x0000187c                store_and_clear_interrupt
                0x00001882                restore_interrupt_setting
 .text          0x00001886      0x416 xnormidi-develop/midi.o
                0x00001886                midi_is_statusbyte
                0x0000188e                midi_is_realtime
                0x0000189a                midi_packet_length
                0x0000192a                midi_send_cc
                0x0000194c                midi_send_noteon
                0x0000196e                midi_send_noteoff
                0x00001990                midi_send_aftertouch
                0x000019b2                midi_send_pitchbend
                0x00001a00                midi_send_programchange
                0x00001a1e                midi_send_channelpressure
                0x00001a3c                midi_send_clock
                0x00001a54                midi_send_tick
                0x00001a6c                midi_send_start
                0x00001a84                midi_send_continue
                0x00001a9c                midi_send_stop
                0x00001ab4                midi_send_activesense
                0x00001acc                midi_send_reset
                0x00001ae4                midi_send_tcquarterframe
                0x00001afe                midi_send_songposition
                0x00001b28                midi_send_songselect
                0x00001b42                midi_send_tunerequest
                0x00001b5a                midi_send_byte
                0x00001b72                midi_send_data
                0x00001b80                midi_send_array
                0x00001c24                midi_register_cc_callback
                0x00001c2c                midi_register_noteon_callback
                0x00001c34                midi_register_noteoff_callback
                0x00001c3c                midi_register_aftertouch_callback
                0x00001c44                midi_register_pitchbend_callback
                0x00001c4c                midi_register_songposition_callback
                0x00001c54                midi_register_progchange_callback
                0x00001c5c                midi_register_chanpressure_callback
                0x00001c64                midi_register_songselect_callback
                0x00001c6c                midi_register_tc_quarterframe_callback
                0x00001c74                midi_register_realtime_callback
                0x00001c7c                midi_register_tunerequest_callback
                0x00001c84                midi_register_sysex_callback
                0x00001c8c                midi_register_fallthrough_callback
                0x00001c94                midi_register_catchall_callback
 .text          0x00001c9c      0x52c xnormidi-develop/midi_device.o
                0x00001c9c                midi_device_init
                0x00001cfe                midi_device_input
                0x00001d44                midi_device_set_send_func
                0x00001d4c                midi_device_set_pre_input_process_func
                0x00001d54                midi_input_callbacks
                0x00001f9c                midi_process_byte
                0x00002152                midi_device_process
 .text          0x000021c8      0x33e xnormidi-develop/sysex_tools.o
                0x000021c8                sysex_encoded_length
                0x00002212                sysex_decoded_length
                0x00002262                sysex_encode
                0x000023dc                sysex_decode
 .text          0x00002506        0x0 c:/program files (x86)/atmel/atmel studio 6.0/extensions/atmel/avrgcc/3.4.1.95/avrtoolchain/bin/../lib/gcc/avr/4.6.2/avr5\libgcc.a(_udivmodhi4.o)
 .text          0x00002506        0x0 c:/program files (x86)/atmel/atmel studio 6.0/extensions/atmel/avrgcc/3.4.1.95/avrtoolchain/bin/../lib/gcc/avr/4.6.2/avr5\libgcc.a(_divmodhi4.o)
 .text          0x00002506        0x0 c:/program files (x86)/atmel/atmel studio 6.0/extensions/atmel/avrgcc/3.4.1.95/avrtoolchain/bin/../lib/gcc/avr/4.6.2/avr5\libgcc.a(_exit.o)
 .text          0x00002506        0x0 c:/program files (x86)/atmel/atmel studio 6.0/extensions/atmel/avrgcc/3.4.1.95/avrtoolchain/bin/../lib/gcc/avr/4.6.2/avr5\libgcc.a(_copy_data.o)
 .text          0x00002506        0x0 c:/program files (x86)/atmel/atmel studio 6.0/extensions/atmel/avrgcc/3.4.1.95/avrtoolchain/bin/../lib/gcc/avr/4.6.2/avr5\libgcc.a(_clear_bss.o)
 .text          0x00002506        0x0 c:/program files (x86)/atmel/atmel studio 6.0/extensions/atmel/avrgcc/3.4.1.95/avrtoolchain/bin/../lib/gcc/avr/4.6.2/../../../../avr/lib/avr5\libc.a(memcpy.o)
 .text          0x00002506        0x0 c:/program files (x86)/atmel/atmel studio 6.0/extensions/atmel/avrgcc/3.4.1.95/avrtoolchain/bin/../lib/gcc/avr/4.6.2/../../../../avr/lib/avr5\libc.a(memmove.o)
                0x00002506                . = ALIGN (0x2)
 *(.text.*)
 .text.libgcc   0x00002506       0x28 c:/program files (x86)/atmel/atmel studio 6.0/extensions/atmel/avrgcc/3.4.1.95/avrtoolchain/bin/../lib/gcc/avr/4.6.2/avr5\libgcc.a(_udivmodhi4.o)
                0x00002506                __udivmodhi4
 .text.libgcc   0x0000252e       0x26 c:/program files (x86)/atmel/atmel studio 6.0/extensions/atmel/avrgcc/3.4.1.95/avrtoolchain/bin/../lib/gcc/avr/4.6.2/avr5\libgcc.a(_divmodhi4.o)
                0x0000252e                _div
                0x0000252e                __divmodhi4
 .text.libgcc   0x00002554        0x0 c:/program files (x86)/atmel/atmel studio 6.0/extensions/atmel/avrgcc/3.4.1.95/avrtoolchain/bin/../lib/gcc/avr/4.6.2/avr5\libgcc.a(_exit.o)
 .text.libgcc   0x00002554        0x0 c:/program files (x86)/atmel/atmel studio 6.0/extensions/atmel/avrgcc/3.4.1.95/avrtoolchain/bin/../lib/gcc/avr/4.6.2/avr5\libgcc.a(_copy_data.o)
 .text.libgcc   0x00002554        0x0 c:/program files (x86)/atmel/atmel studio 6.0/extensions/atmel/avrgcc/3.4.1.95/avrtoolchain/bin/../lib/gcc/avr/4.6.2/avr5\libgcc.a(_clear_bss.o)
 .text.avr-libc
                0x00002554       0x12 c:/program files (x86)/atmel/atmel studio 6.0/extensions/atmel/avrgcc/3.4.1.95/avrtoolchain/bin/../lib/gcc/avr/4.6.2/../../../../avr/lib/avr5\libc.a(memcpy.o)
                0x00002554                memcpy
 .text.avr-libc
                0x00002566       0x24 c:/program files (x86)/atmel/atmel studio 6.0/extensions/atmel/avrgcc/3.4.1.95/avrtoolchain/bin/../lib/gcc/avr/4.6.2/../../../../avr/lib/avr5\libc.a(memmove.o)
                0x00002566                memmove
                0x0000258a                . = ALIGN (0x2)
 *(.fini9)
 .fini9         0x0000258a        0x0 c:/program files (x86)/atmel/atmel studio 6.0/extensions/atmel/avrgcc/3.4.1.95/avrtoolchain/bin/../lib/gcc/avr/4.6.2/avr5\libgcc.a(_exit.o)
                0x0000258a                _exit
                0x0000258a                exit
 *(.fini9)
 *(.fini8)
 *(.fini8)
 *(.fini7)
 *(.fini7)
 *(.fini6)
 *(.fini6)
 *(.fini5)
 *(.fini5)
 *(.fini4)
 *(.fini4)
 *(.fini3)
 *(.fini3)
 *(.fini2)
 *(.fini2)
 *(.fini1)
 *(.fini1)
 *(.fini0)
 .fini0         0x0000258a        0x4 c:/program files (x86)/atmel/atmel studio 6.0/extensions/atmel/avrgcc/3.4.1.95/avrtoolchain/bin/../lib/gcc/avr/4.6.2/avr5\libgcc.a(_exit.o)
 *(.fini0)
                0x0000258e                _etext = .

.data           0x00800100       0xec load address 0x0000258e
                0x00800100                PROVIDE (__data_start, .)
 *(.data)
 .data          0x00800100        0x0 c:/program files (x86)/atmel/atmel studio 6.0/extensions/atmel/avrgcc/3.4.1.95/avrtoolchain/bin/../lib/gcc/avr/4.6.2/../../../../avr/lib/avr5/crtm6450a.o
 .data          0x00800100        0x0 adc.o
 .data          0x00800100       0x10 assigner.o
 .data          0x00800110       0x3e dac.o
                0x00800110                release_1_cv
                0x00800112                release_2_cv
                0x00800114                sustain_1_cv
                0x00800116                sustain_2_cv
                0x00800118                decay_1_cv
                0x0080011a                decay_2_cv
                0x0080011c                attack_1_cv
                0x0080011e                attack_2_cv
                0x00800120                noise_mix_cv
                0x00800122                fil_lfo_cv
                0x00800124                fil_vco2_cv
                0x00800126                key_track_cv
                0x00800128                cutoff_cv
                0x0080012a                res_cv
                0x0080012c                fil_eg2_cv
                0x0080012e                vco2_pw_cv
                0x00800130                volume_cv
                0x00800132                amp_lfo_cv
                0x00800134                glide_cv
                0x00800136                lfo_rate_cv
                0x00800138                tune_cv
                0x0080013a                fine_cv
                0x0080013c                vco1_pw_cv
                0x0080013e                pwm_eg2_cv
                0x00800140                pwm_lfo_cv
                0x00800142                pitch_lfo_cv
                0x00800144                pitch_eg2_cv
                0x00800146                vco1_mix_cv
                0x00800148                vco2_mix_cv
                0x0080014a                vco2_pitch_cv
                0x0080014c                vco1_pitch_cv
 .data          0x0080014e        0xa display.o
 .data          0x00800158        0x0 interrupts.o
 .data          0x00800158        0x0 midi.o
 .data          0x00800158        0x0 monapollo-firmware.o
 .data          0x00800158       0x40 scan_pots_and_update_control_voltages.o
                0x00800158                pot_decoder_1
                0x00800176                pot_decoder_0
                0x00800196                value_to_display
 .data          0x00800198        0x0 spi.o
 .data          0x00800198       0x53 tune.o
                0x008001ea                no_overflow
 .data          0x008001eb        0x0 utils.o
 .data          0x008001eb        0x0 xnormidi-develop/bytequeue/bytequeue.o
 .data          0x008001eb        0x0 xnormidi-develop/bytequeue/interrupt_setting.o
 .data          0x008001eb        0x0 xnormidi-develop/midi.o
 .data          0x008001eb        0x0 xnormidi-develop/midi_device.o
 .data          0x008001eb        0x0 xnormidi-develop/sysex_tools.o
 .data          0x008001eb        0x0 c:/program files (x86)/atmel/atmel studio 6.0/extensions/atmel/avrgcc/3.4.1.95/avrtoolchain/bin/../lib/gcc/avr/4.6.2/avr5\libgcc.a(_udivmodhi4.o)
 .data          0x008001eb        0x0 c:/program files (x86)/atmel/atmel studio 6.0/extensions/atmel/avrgcc/3.4.1.95/avrtoolchain/bin/../lib/gcc/avr/4.6.2/avr5\libgcc.a(_divmodhi4.o)
 .data          0x008001eb        0x0 c:/program files (x86)/atmel/atmel studio 6.0/extensions/atmel/avrgcc/3.4.1.95/avrtoolchain/bin/../lib/gcc/avr/4.6.2/avr5\libgcc.a(_exit.o)
 .data          0x008001eb        0x0 c:/program files (x86)/atmel/atmel studio 6.0/extensions/atmel/avrgcc/3.4.1.95/avrtoolchain/bin/../lib/gcc/avr/4.6.2/avr5\libgcc.a(_copy_data.o)
 .data          0x008001eb        0x0 c:/program files (x86)/atmel/atmel studio 6.0/extensions/atmel/avrgcc/3.4.1.95/avrtoolchain/bin/../lib/gcc/avr/4.6.2/avr5\libgcc.a(_clear_bss.o)
 .data          0x008001eb        0x0 c:/program files (x86)/atmel/atmel studio 6.0/extensions/atmel/avrgcc/3.4.1.95/avrtoolchain/bin/../lib/gcc/avr/4.6.2/../../../../avr/lib/avr5\libc.a(memcpy.o)
 .data          0x008001eb        0x0 c:/program files (x86)/atmel/atmel studio 6.0/extensions/atmel/avrgcc/3.4.1.95/avrtoolchain/bin/../lib/gcc/avr/4.6.2/../../../../avr/lib/avr5\libc.a(memmove.o)
 *(.data*)
 *(.rodata)
 *(.rodata*)
 *(.gnu.linkonce.d*)
                0x008001ec                . = ALIGN (0x2)
 *fill*         0x008001eb        0x1 00
                0x008001ec                _edata = .
                0x008001ec                PROVIDE (__data_end, .)

.bss            0x008001ec      0x19a
                0x008001ec                PROVIDE (__bss_start, .)
 *(.bss)
 .bss           0x008001ec        0x0 c:/program files (x86)/atmel/atmel studio 6.0/extensions/atmel/avrgcc/3.4.1.95/avrtoolchain/bin/../lib/gcc/avr/4.6.2/../../../../avr/lib/avr5/crtm6450a.o
 .bss           0x008001ec        0x0 adc.o
 .bss           0x008001ec        0x1 assigner.o
 .bss           0x008001ed        0x4 dac.o
                0x008001ed                arp_rate_null
                0x008001ef                pitch_vco2_cv
 .bss           0x008001f1        0x1 display.o
 .bss           0x008001f2        0x0 interrupts.o
 .bss           0x008001f2        0x0 midi.o
 .bss           0x008001f2        0x2 monapollo-firmware.o
                0x008001f2                switch_timer
 .bss           0x008001f4       0x47 scan_pots_and_update_control_voltages.o
                0x008001f4                pot_group_1
                0x00800212                pot_group_0
                0x00800232                midi_note_number
                0x00800233                tune_offset
                0x00800235                adc_difference
                0x00800237                adc_value
                0x00800239                adc_previous
 .bss           0x0080023b        0xf spi.o
                0x0080023b                sw_latch_one
                0x0080023c                sw_latch_two
                0x0080023d                sw_latch_three
                0x0080023e                sw_latch_four
                0x0080023f                sw_latch_five
                0x00800240                spi_sw_previous_state
                0x00800241                spi_sw_current_state
                0x00800242                BMOD_SW_ON
                0x00800243                ISW4_SW_ON
                0x00800244                ISW13_SW_ON
                0x00800245                ISW12_SW_ON
                0x00800246                PROG_WRITE_ON
                0x00800247                EG2_INV_ON
 .bss           0x0080024a       0x4f tune.o
                0x0080024a                vco2_pitch_table
                0x0080026c                vco1_pitch_table
                0x0080028e                vco2_init_cv
                0x00800290                vco1_init_cv
                0x00800292                compare_match_counter
                0x00800293                osc_count
                0x00800295                count_finished
                0x00800296                timer1_clock
                0x00800297                period
                0x00800298                period_counter
 .bss           0x00800299        0x0 utils.o
 .bss           0x00800299        0x0 xnormidi-develop/bytequeue/bytequeue.o
 .bss           0x00800299        0x0 xnormidi-develop/bytequeue/interrupt_setting.o
 .bss           0x00800299        0x0 xnormidi-develop/midi.o
 .bss           0x00800299        0x0 xnormidi-develop/midi_device.o
 .bss           0x00800299        0x0 xnormidi-develop/sysex_tools.o
 .bss           0x00800299        0x0 c:/program files (x86)/atmel/atmel studio 6.0/extensions/atmel/avrgcc/3.4.1.95/avrtoolchain/bin/../lib/gcc/avr/4.6.2/avr5\libgcc.a(_udivmodhi4.o)
 .bss           0x00800299        0x0 c:/program files (x86)/atmel/atmel studio 6.0/extensions/atmel/avrgcc/3.4.1.95/avrtoolchain/bin/../lib/gcc/avr/4.6.2/avr5\libgcc.a(_divmodhi4.o)
 .bss           0x00800299        0x0 c:/program files (x86)/atmel/atmel studio 6.0/extensions/atmel/avrgcc/3.4.1.95/avrtoolchain/bin/../lib/gcc/avr/4.6.2/avr5\libgcc.a(_exit.o)
 .bss           0x00800299        0x0 c:/program files (x86)/atmel/atmel studio 6.0/extensions/atmel/avrgcc/3.4.1.95/avrtoolchain/bin/../lib/gcc/avr/4.6.2/avr5\libgcc.a(_copy_data.o)
 .bss           0x00800299        0x0 c:/program files (x86)/atmel/atmel studio 6.0/extensions/atmel/avrgcc/3.4.1.95/avrtoolchain/bin/../lib/gcc/avr/4.6.2/avr5\libgcc.a(_clear_bss.o)
 .bss           0x00800299        0x0 c:/program files (x86)/atmel/atmel studio 6.0/extensions/atmel/avrgcc/3.4.1.95/avrtoolchain/bin/../lib/gcc/avr/4.6.2/../../../../avr/lib/avr5\libc.a(memcpy.o)
 .bss           0x00800299        0x0 c:/program files (x86)/atmel/atmel studio 6.0/extensions/atmel/avrgcc/3.4.1.95/avrtoolchain/bin/../lib/gcc/avr/4.6.2/../../../../avr/lib/avr5\libc.a(memmove.o)
 *(.bss*)
 *(COMMON)
 COMMON         0x00800299       0xed monapollo-firmware.o
                0x00800299                midi_device
                0x00800386                PROVIDE (__bss_end, .)
                0x0000258e                __data_load_start = LOADADDR (.data)
                0x0000267a                __data_load_end = (__data_load_start + SIZEOF (.data))

.noinit         0x00800386        0x0
                0x00800386                PROVIDE (__noinit_start, .)
 *(.noinit*)
                0x00800386                PROVIDE (__noinit_end, .)
                0x00800386                _end = .
                0x00800386                PROVIDE (__heap_start, .)

.eeprom         0x00810000        0x0
 *(.eeprom*)
                0x00810000                __eeprom_end = .

.fuse
 *(.fuse)
 *(.lfuse)
 *(.hfuse)
 *(.efuse)

.lock
 *(.lock*)

.signature
 *(.signature*)

.stab           0x00000000      0x834
 *(.stab)
 .stab          0x00000000      0x6cc c:/program files (x86)/atmel/atmel studio 6.0/extensions/atmel/avrgcc/3.4.1.95/avrtoolchain/bin/../lib/gcc/avr/4.6.2/../../../../avr/lib/avr5/crtm6450a.o
 .stab          0x000006cc       0x84 c:/program files (x86)/atmel/atmel studio 6.0/extensions/atmel/avrgcc/3.4.1.95/avrtoolchain/bin/../lib/gcc/avr/4.6.2/../../../../avr/lib/avr5\libc.a(memcpy.o)
                                 0x90 (size before relaxing)
 .stab          0x00000750       0xe4 c:/program files (x86)/atmel/atmel studio 6.0/extensions/atmel/avrgcc/3.4.1.95/avrtoolchain/bin/../lib/gcc/avr/4.6.2/../../../../avr/lib/avr5\libc.a(memmove.o)
                                 0xf0 (size before relaxing)

.stabstr        0x00000000      0x14a
 *(.stabstr)
 .stabstr       0x00000000      0x14a c:/program files (x86)/atmel/atmel studio 6.0/extensions/atmel/avrgcc/3.4.1.95/avrtoolchain/bin/../lib/gcc/avr/4.6.2/../../../../avr/lib/avr5/crtm6450a.o

.stab.excl
 *(.stab.excl)

.stab.exclstr
 *(.stab.exclstr)

.stab.index
 *(.stab.index)

.stab.indexstr
 *(.stab.indexstr)

.comment
 *(.comment)

.debug
 *(.debug)

.line
 *(.line)

.debug_srcinfo
 *(.debug_srcinfo)

.debug_sfnames
 *(.debug_sfnames)

.debug_aranges  0x00000000      0x280
 *(.debug_aranges)
 .debug_aranges
                0x00000000       0x20 adc.o
 .debug_aranges
                0x00000020       0x20 assigner.o
 .debug_aranges
                0x00000040       0x20 dac.o
 .debug_aranges
                0x00000060       0x20 display.o
 .debug_aranges
                0x00000080       0x20 interrupts.o
 .debug_aranges
                0x000000a0       0x20 monapollo-firmware.o
 .debug_aranges
                0x000000c0       0x20 scan_pots_and_update_control_voltages.o
 .debug_aranges
                0x000000e0       0x20 spi.o
 .debug_aranges
                0x00000100       0x20 tune.o
 .debug_aranges
                0x00000120       0x20 utils.o
 .debug_aranges
                0x00000140       0x20 xnormidi-develop/bytequeue/bytequeue.o
 .debug_aranges
                0x00000160       0x20 xnormidi-develop/bytequeue/interrupt_setting.o
 .debug_aranges
                0x00000180       0x20 xnormidi-develop/midi.o
 .debug_aranges
                0x000001a0       0x20 xnormidi-develop/midi_device.o
 .debug_aranges
                0x000001c0       0x20 xnormidi-develop/sysex_tools.o
 .debug_aranges
                0x000001e0       0x20 c:/program files (x86)/atmel/atmel studio 6.0/extensions/atmel/avrgcc/3.4.1.95/avrtoolchain/bin/../lib/gcc/avr/4.6.2/avr5\libgcc.a(_udivmodhi4.o)
 .debug_aranges
                0x00000200       0x20 c:/program files (x86)/atmel/atmel studio 6.0/extensions/atmel/avrgcc/3.4.1.95/avrtoolchain/bin/../lib/gcc/avr/4.6.2/avr5\libgcc.a(_divmodhi4.o)
 .debug_aranges
                0x00000220       0x20 c:/program files (x86)/atmel/atmel studio 6.0/extensions/atmel/avrgcc/3.4.1.95/avrtoolchain/bin/../lib/gcc/avr/4.6.2/avr5\libgcc.a(_exit.o)
 .debug_aranges
                0x00000240       0x20 c:/program files (x86)/atmel/atmel studio 6.0/extensions/atmel/avrgcc/3.4.1.95/avrtoolchain/bin/../lib/gcc/avr/4.6.2/avr5\libgcc.a(_copy_data.o)
 .debug_aranges
                0x00000260       0x20 c:/program files (x86)/atmel/atmel studio 6.0/extensions/atmel/avrgcc/3.4.1.95/avrtoolchain/bin/../lib/gcc/avr/4.6.2/avr5\libgcc.a(_clear_bss.o)

.debug_pubnames
 *(.debug_pubnames)

.debug_info     0x00000000     0x40e0
 *(.debug_info)
 .debug_info    0x00000000      0x165 adc.o
 .debug_info    0x00000165      0x1bb assigner.o
 .debug_info    0x00000320      0x4d3 dac.o
 .debug_info    0x000007f3      0x13c display.o
 .debug_info    0x0000092f      0x178 interrupts.o
 .debug_info    0x00000aa7       0x5e midi.o
 .debug_info    0x00000b05      0x5b7 monapollo-firmware.o
 .debug_info    0x000010bc      0x6a7 scan_pots_and_update_control_voltages.o
 .debug_info    0x00001763      0x316 spi.o
 .debug_info    0x00001a79      0x854 tune.o
 .debug_info    0x000022cd       0x82 utils.o
 .debug_info    0x0000234f      0x23e xnormidi-develop/bytequeue/bytequeue.o
 .debug_info    0x0000258d       0xc2 xnormidi-develop/bytequeue/interrupt_setting.o
 .debug_info    0x0000264f      0xd19 xnormidi-develop/midi.o
 .debug_info    0x00003368      0x657 xnormidi-develop/midi_device.o
 .debug_info    0x000039bf      0x2d0 xnormidi-develop/sysex_tools.o
 .debug_info    0x00003c8f       0xdd c:/program files (x86)/atmel/atmel studio 6.0/extensions/atmel/avrgcc/3.4.1.95/avrtoolchain/bin/../lib/gcc/avr/4.6.2/avr5\libgcc.a(_udivmodhi4.o)
 .debug_info    0x00003d6c       0xdd c:/program files (x86)/atmel/atmel studio 6.0/extensions/atmel/avrgcc/3.4.1.95/avrtoolchain/bin/../lib/gcc/avr/4.6.2/avr5\libgcc.a(_divmodhi4.o)
 .debug_info    0x00003e49       0xdd c:/program files (x86)/atmel/atmel studio 6.0/extensions/atmel/avrgcc/3.4.1.95/avrtoolchain/bin/../lib/gcc/avr/4.6.2/avr5\libgcc.a(_exit.o)
 .debug_info    0x00003f26       0xdd c:/program files (x86)/atmel/atmel studio 6.0/extensions/atmel/avrgcc/3.4.1.95/avrtoolchain/bin/../lib/gcc/avr/4.6.2/avr5\libgcc.a(_copy_data.o)
 .debug_info    0x00004003       0xdd c:/program files (x86)/atmel/atmel studio 6.0/extensions/atmel/avrgcc/3.4.1.95/avrtoolchain/bin/../lib/gcc/avr/4.6.2/avr5\libgcc.a(_clear_bss.o)
 *(.gnu.linkonce.wi.*)

.debug_abbrev   0x00000000     0x1051
 *(.debug_abbrev)
 .debug_abbrev  0x00000000       0xfe adc.o
 .debug_abbrev  0x000000fe      0x11c assigner.o
 .debug_abbrev  0x0000021a      0x156 dac.o
 .debug_abbrev  0x00000370       0xa3 display.o
 .debug_abbrev  0x00000413       0x64 interrupts.o
 .debug_abbrev  0x00000477       0x2a midi.o
 .debug_abbrev  0x000004a1      0x188 monapollo-firmware.o
 .debug_abbrev  0x00000629       0xf4 scan_pots_and_update_control_voltages.o
 .debug_abbrev  0x0000071d      0x14f spi.o
 .debug_abbrev  0x0000086c      0x177 tune.o
 .debug_abbrev  0x000009e3       0x4e utils.o
 .debug_abbrev  0x00000a31      0x105 xnormidi-develop/bytequeue/bytequeue.o
 .debug_abbrev  0x00000b36       0x83 xnormidi-develop/bytequeue/interrupt_setting.o
 .debug_abbrev  0x00000bb9      0x1b1 xnormidi-develop/midi.o
 .debug_abbrev  0x00000d6a      0x193 xnormidi-develop/midi_device.o
 .debug_abbrev  0x00000efd       0xf0 xnormidi-develop/sysex_tools.o
 .debug_abbrev  0x00000fed       0x14 c:/program files (x86)/atmel/atmel studio 6.0/extensions/atmel/avrgcc/3.4.1.95/avrtoolchain/bin/../lib/gcc/avr/4.6.2/avr5\libgcc.a(_udivmodhi4.o)
 .debug_abbrev  0x00001001       0x14 c:/program files (x86)/atmel/atmel studio 6.0/extensions/atmel/avrgcc/3.4.1.95/avrtoolchain/bin/../lib/gcc/avr/4.6.2/avr5\libgcc.a(_divmodhi4.o)
 .debug_abbrev  0x00001015       0x14 c:/program files (x86)/atmel/atmel studio 6.0/extensions/atmel/avrgcc/3.4.1.95/avrtoolchain/bin/../lib/gcc/avr/4.6.2/avr5\libgcc.a(_exit.o)
 .debug_abbrev  0x00001029       0x14 c:/program files (x86)/atmel/atmel studio 6.0/extensions/atmel/avrgcc/3.4.1.95/avrtoolchain/bin/../lib/gcc/avr/4.6.2/avr5\libgcc.a(_copy_data.o)
 .debug_abbrev  0x0000103d       0x14 c:/program files (x86)/atmel/atmel studio 6.0/extensions/atmel/avrgcc/3.4.1.95/avrtoolchain/bin/../lib/gcc/avr/4.6.2/avr5\libgcc.a(_clear_bss.o)

.debug_line     0x00000000     0x1944
 *(.debug_line)
 .debug_line    0x00000000      0x188 adc.o
 .debug_line    0x00000188      0x10c assigner.o
 .debug_line    0x00000294      0x1bf dac.o
 .debug_line    0x00000453       0xf2 display.o
 .debug_line    0x00000545       0xff interrupts.o
 .debug_line    0x00000644       0x1a midi.o
 .debug_line    0x0000065e      0x1ba monapollo-firmware.o
 .debug_line    0x00000818      0x15c scan_pots_and_update_control_voltages.o
 .debug_line    0x00000974      0x1e6 spi.o
 .debug_line    0x00000b5a      0x26b tune.o
 .debug_line    0x00000dc5       0xd1 utils.o
 .debug_line    0x00000e96      0x132 xnormidi-develop/bytequeue/bytequeue.o
 .debug_line    0x00000fc8      0x114 xnormidi-develop/bytequeue/interrupt_setting.o
 .debug_line    0x000010dc      0x1f5 xnormidi-develop/midi.o
 .debug_line    0x000012d1      0x211 xnormidi-develop/midi_device.o
 .debug_line    0x000014e2      0x188 xnormidi-develop/sysex_tools.o
 .debug_line    0x0000166a       0x9a c:/program files (x86)/atmel/atmel studio 6.0/extensions/atmel/avrgcc/3.4.1.95/avrtoolchain/bin/../lib/gcc/avr/4.6.2/avr5\libgcc.a(_udivmodhi4.o)
 .debug_line    0x00001704       0x99 c:/program files (x86)/atmel/atmel studio 6.0/extensions/atmel/avrgcc/3.4.1.95/avrtoolchain/bin/../lib/gcc/avr/4.6.2/avr5\libgcc.a(_divmodhi4.o)
 .debug_line    0x0000179d       0x88 c:/program files (x86)/atmel/atmel studio 6.0/extensions/atmel/avrgcc/3.4.1.95/avrtoolchain/bin/../lib/gcc/avr/4.6.2/avr5\libgcc.a(_exit.o)
 .debug_line    0x00001825       0x91 c:/program files (x86)/atmel/atmel studio 6.0/extensions/atmel/avrgcc/3.4.1.95/avrtoolchain/bin/../lib/gcc/avr/4.6.2/avr5\libgcc.a(_copy_data.o)
 .debug_line    0x000018b6       0x8e c:/program files (x86)/atmel/atmel studio 6.0/extensions/atmel/avrgcc/3.4.1.95/avrtoolchain/bin/../lib/gcc/avr/4.6.2/avr5\libgcc.a(_clear_bss.o)

.debug_frame    0x00000000      0xb14
 *(.debug_frame)
 .debug_frame   0x00000000       0x34 adc.o
 .debug_frame   0x00000034       0x60 assigner.o
 .debug_frame   0x00000094       0x44 dac.o
 .debug_frame   0x000000d8       0x5c display.o
 .debug_frame   0x00000134       0x60 interrupts.o
 .debug_frame   0x00000194       0xbc monapollo-firmware.o
 .debug_frame   0x00000250       0x74 scan_pots_and_update_control_voltages.o
 .debug_frame   0x000002c4       0x64 spi.o
 .debug_frame   0x00000328      0x164 tune.o
 .debug_frame   0x0000048c       0x24 utils.o
 .debug_frame   0x000004b0       0x90 xnormidi-develop/bytequeue/bytequeue.o
 .debug_frame   0x00000540       0x34 xnormidi-develop/bytequeue/interrupt_setting.o
 .debug_frame   0x00000574      0x378 xnormidi-develop/midi.o
 .debug_frame   0x000008ec      0x12c xnormidi-develop/midi_device.o
 .debug_frame   0x00000a18       0xfc xnormidi-develop/sysex_tools.o

.debug_str      0x00000000     0x121d
 *(.debug_str)
 .debug_str     0x00000000      0x137 adc.o
                                0x16b (size before relaxing)
 .debug_str     0x00000137       0x6f assigner.o
                                0x156 (size before relaxing)
 .debug_str     0x000001a6      0x1c9 dac.o
                                0x318 (size before relaxing)
 .debug_str     0x0000036f       0x48 display.o
                                0x12d (size before relaxing)
 .debug_str     0x000003b7       0x98 interrupts.o
                                0x176 (size before relaxing)
 .debug_str     0x0000044f        0xc midi.o
                                 0xd9 (size before relaxing)
 .debug_str     0x0000045b      0x3b8 monapollo-firmware.o
                                0x50f (size before relaxing)
 .debug_str     0x00000813       0xf9 scan_pots_and_update_control_voltages.o
                                0x3de (size before relaxing)
 .debug_str     0x0000090c      0x112 spi.o
                                0x23f (size before relaxing)
 .debug_str     0x00000a1e       0xcc tune.o
                                0x3ef (size before relaxing)
 .debug_str     0x00000aea       0x1e utils.o
                                 0xf3 (size before relaxing)
 .debug_str     0x00000b08       0xb9 xnormidi-develop/bytequeue/bytequeue.o
                                0x1d1 (size before relaxing)
 .debug_str     0x00000bc1       0x6b xnormidi-develop/bytequeue/interrupt_setting.o
                                0x15c (size before relaxing)
 .debug_str     0x00000c2c      0x437 xnormidi-develop/midi.o
                                0x83f (size before relaxing)
 .debug_str     0x00001063       0xde xnormidi-develop/midi_device.o
                                0x4ff (size before relaxing)
 .debug_str     0x00001141       0xdc xnormidi-develop/sysex_tools.o
                                0x1df (size before relaxing)

.debug_loc      0x00000000     0x29b7
 *(.debug_loc)
 .debug_loc     0x00000000       0x60 adc.o
 .debug_loc     0x00000060      0x16b assigner.o
 .debug_loc     0x000001cb       0x72 dac.o
 .debug_loc     0x0000023d      0x167 display.o
 .debug_loc     0x000003a4       0x92 interrupts.o
 .debug_loc     0x00000436      0x1e0 monapollo-firmware.o
 .debug_loc     0x00000616      0x270 scan_pots_and_update_control_voltages.o
 .debug_loc     0x00000886       0xb9 spi.o
 .debug_loc     0x0000093f      0x8b7 tune.o
 .debug_loc     0x000011f6      0x229 xnormidi-develop/bytequeue/bytequeue.o
 .debug_loc     0x0000141f      0x963 xnormidi-develop/midi.o
 .debug_loc     0x00001d82      0x668 xnormidi-develop/midi_device.o
 .debug_loc     0x000023ea      0x5cd xnormidi-develop/sysex_tools.o

.debug_macinfo
 *(.debug_macinfo)
OUTPUT(monapollo-firmware.elf elf32-avr)
LOAD linker stubs

.debug_ranges   0x00000000      0x110
 .debug_ranges  0x00000000       0x30 scan_pots_and_update_control_voltages.o
 .debug_ranges  0x00000030       0x98 tune.o
 .debug_ranges  0x000000c8       0x48 xnormidi-develop/sysex_tools.o
