Archive member included because of file (symbol)

c:/program files (x86)/atmel/atmel studio 6.0/extensions/atmel/avrgcc/3.4.1.95/avrtoolchain/bin/../lib/gcc/avr/4.6.2/avr5\libgcc.a(_mulsi3.o)
                              scan_pots_and_update_control_voltages.o (__mulsi3)
c:/program files (x86)/atmel/atmel studio 6.0/extensions/atmel/avrgcc/3.4.1.95/avrtoolchain/bin/../lib/gcc/avr/4.6.2/avr5\libgcc.a(_udivmodhi4.o)
                              xnormidi-develop/midi_device.o (__udivmodhi4)
c:/program files (x86)/atmel/atmel studio 6.0/extensions/atmel/avrgcc/3.4.1.95/avrtoolchain/bin/../lib/gcc/avr/4.6.2/avr5\libgcc.a(_divmodhi4.o)
                              xnormidi-develop/bytequeue/bytequeue.o (__divmodhi4)
c:/program files (x86)/atmel/atmel studio 6.0/extensions/atmel/avrgcc/3.4.1.95/avrtoolchain/bin/../lib/gcc/avr/4.6.2/avr5\libgcc.a(_exit.o)
                              c:/program files (x86)/atmel/atmel studio 6.0/extensions/atmel/avrgcc/3.4.1.95/avrtoolchain/bin/../lib/gcc/avr/4.6.2/../../../../avr/lib/avr5/crtm6450a.o (exit)
c:/program files (x86)/atmel/atmel studio 6.0/extensions/atmel/avrgcc/3.4.1.95/avrtoolchain/bin/../lib/gcc/avr/4.6.2/avr5\libgcc.a(_copy_data.o)
                              adc.o (__do_copy_data)
c:/program files (x86)/atmel/atmel studio 6.0/extensions/atmel/avrgcc/3.4.1.95/avrtoolchain/bin/../lib/gcc/avr/4.6.2/avr5\libgcc.a(_clear_bss.o)
                              adc.o (__do_clear_bss)
c:/program files (x86)/atmel/atmel studio 6.0/extensions/atmel/avrgcc/3.4.1.95/avrtoolchain/bin/../lib/gcc/avr/4.6.2/../../../../avr/lib/avr5\libc.a(memcpy.o)
                              xnormidi-develop/midi.o (memcpy)
c:/program files (x86)/atmel/atmel studio 6.0/extensions/atmel/avrgcc/3.4.1.95/avrtoolchain/bin/../lib/gcc/avr/4.6.2/../../../../avr/lib/avr5\libc.a(memmove.o)
                              assigner.o (memmove)
c:/program files (x86)/atmel/atmel studio 6.0/extensions/atmel/avrgcc/3.4.1.95/avrtoolchain/bin/../lib/gcc/avr/4.6.2/../../../../avr/lib/avr5\libc.a(eerd_block_atmega6450a.o)
                              synth.o (__eerd_block_m6450a)
c:/program files (x86)/atmel/atmel studio 6.0/extensions/atmel/avrgcc/3.4.1.95/avrtoolchain/bin/../lib/gcc/avr/4.6.2/../../../../avr/lib/avr5\libc.a(eerd_word_atmega6450a.o)
                              tune.o (__eerd_word_m6450a)
c:/program files (x86)/atmel/atmel studio 6.0/extensions/atmel/avrgcc/3.4.1.95/avrtoolchain/bin/../lib/gcc/avr/4.6.2/../../../../avr/lib/avr5\libc.a(eeupd_block_atmega6450a.o)
                              synth.o (__eeupd_block_m6450a)
c:/program files (x86)/atmel/atmel studio 6.0/extensions/atmel/avrgcc/3.4.1.95/avrtoolchain/bin/../lib/gcc/avr/4.6.2/../../../../avr/lib/avr5\libc.a(eeupd_byte_atmega6450a.o)
                              c:/program files (x86)/atmel/atmel studio 6.0/extensions/atmel/avrgcc/3.4.1.95/avrtoolchain/bin/../lib/gcc/avr/4.6.2/../../../../avr/lib/avr5\libc.a(eeupd_block_atmega6450a.o) (__eeupd_r18_m6450a)
c:/program files (x86)/atmel/atmel studio 6.0/extensions/atmel/avrgcc/3.4.1.95/avrtoolchain/bin/../lib/gcc/avr/4.6.2/../../../../avr/lib/avr5\libc.a(eeupd_word_atmega6450a.o)
                              tune.o (__eeupd_word_m6450a)

Allocating common symbols
Common symbol       size              file

system_clock        0x6               clock.o
midi_clock          0x6               clock.o
midi_device         0xed              monapollo-firmware.o

Memory Configuration

Name             Origin             Length             Attributes
text             0x00000000         0x00020000         xr
data             0x00800060         0x0000ffa0         rw !x
eeprom           0x00810000         0x00010000         rw !x
fuse             0x00820000         0x00000400         rw !x
lock             0x00830000         0x00000400         rw !x
signature        0x00840000         0x00000400         rw !x
*default*        0x00000000         0xffffffff

Linker script and memory map

Address of section .data set to 0x800100
LOAD c:/program files (x86)/atmel/atmel studio 6.0/extensions/atmel/avrgcc/3.4.1.95/avrtoolchain/bin/../lib/gcc/avr/4.6.2/../../../../avr/lib/avr5/crtm6450a.o
LOAD adc.o
LOAD assigner.o
LOAD clock.o
LOAD dac.o
LOAD display.o
LOAD interrupts.o
LOAD midi.o
LOAD monapollo-firmware.o
LOAD scan_pots_and_update_control_voltages.o
LOAD spi.o
LOAD synth.o
LOAD tune.o
LOAD utils.o
LOAD xnormidi-develop/bytequeue/bytequeue.o
LOAD xnormidi-develop/bytequeue/interrupt_setting.o
LOAD xnormidi-develop/midi.o
LOAD xnormidi-develop/midi_device.o
LOAD xnormidi-develop/sysex_tools.o
START GROUP
LOAD c:/program files (x86)/atmel/atmel studio 6.0/extensions/atmel/avrgcc/3.4.1.95/avrtoolchain/bin/../lib/gcc/avr/4.6.2/../../../../avr/lib/avr5\libm.a
END GROUP
LOAD c:/program files (x86)/atmel/atmel studio 6.0/extensions/atmel/avrgcc/3.4.1.95/avrtoolchain/bin/../lib/gcc/avr/4.6.2/avr5\libgcc.a
LOAD c:/program files (x86)/atmel/atmel studio 6.0/extensions/atmel/avrgcc/3.4.1.95/avrtoolchain/bin/../lib/gcc/avr/4.6.2/../../../../avr/lib/avr5\libc.a
LOAD c:/program files (x86)/atmel/atmel studio 6.0/extensions/atmel/avrgcc/3.4.1.95/avrtoolchain/bin/../lib/gcc/avr/4.6.2/avr5\libgcc.a

.hash
 *(.hash)

.dynsym
 *(.dynsym)

.dynstr
 *(.dynstr)

.gnu.version
 *(.gnu.version)

.gnu.version_d
 *(.gnu.version_d)

.gnu.version_r
 *(.gnu.version_r)

.rel.init
 *(.rel.init)

.rela.init
 *(.rela.init)

.rel.text
 *(.rel.text)
 *(.rel.text.*)
 *(.rel.gnu.linkonce.t*)

.rela.text
 *(.rela.text)
 *(.rela.text.*)
 *(.rela.gnu.linkonce.t*)

.rel.fini
 *(.rel.fini)

.rela.fini
 *(.rela.fini)

.rel.rodata
 *(.rel.rodata)
 *(.rel.rodata.*)
 *(.rel.gnu.linkonce.r*)

.rela.rodata
 *(.rela.rodata)
 *(.rela.rodata.*)
 *(.rela.gnu.linkonce.r*)

.rel.data
 *(.rel.data)
 *(.rel.data.*)
 *(.rel.gnu.linkonce.d*)

.rela.data
 *(.rela.data)
 *(.rela.data.*)
 *(.rela.gnu.linkonce.d*)

.rel.ctors
 *(.rel.ctors)

.rela.ctors
 *(.rela.ctors)

.rel.dtors
 *(.rel.dtors)

.rela.dtors
 *(.rela.dtors)

.rel.got
 *(.rel.got)

.rela.got
 *(.rela.got)

.rel.bss
 *(.rel.bss)

.rela.bss
 *(.rela.bss)

.rel.plt
 *(.rel.plt)

.rela.plt
 *(.rela.plt)

.text           0x00000000     0x38a4
 *(.vectors)
 .vectors       0x00000000       0x64 c:/program files (x86)/atmel/atmel studio 6.0/extensions/atmel/avrgcc/3.4.1.95/avrtoolchain/bin/../lib/gcc/avr/4.6.2/../../../../avr/lib/avr5/crtm6450a.o
                0x00000000                __vector_default
                0x00000000                __vectors
 *(.vectors)
 *(.progmem.gcc*)
 *(.progmem*)
                0x00000064                . = ALIGN (0x2)
                0x00000064                __trampolines_start = .
 *(.trampolines)
 .trampolines   0x00000064        0x0 linker stubs
 *(.trampolines*)
                0x00000064                __trampolines_end = .
 *(.jumptables)
 *(.jumptables*)
 *(.lowtext)
 *(.lowtext*)
                0x00000064                __ctors_start = .
 *(.ctors)
                0x00000064                __ctors_end = .
                0x00000064                __dtors_start = .
 *(.dtors)
                0x00000064                __dtors_end = .
 SORT(*)(.ctors)
 SORT(*)(.dtors)
 *(.init0)
 .init0         0x00000064        0x0 c:/program files (x86)/atmel/atmel studio 6.0/extensions/atmel/avrgcc/3.4.1.95/avrtoolchain/bin/../lib/gcc/avr/4.6.2/../../../../avr/lib/avr5/crtm6450a.o
                0x00000064                __init
 *(.init0)
 *(.init1)
 *(.init1)
 *(.init2)
 .init2         0x00000064        0xc c:/program files (x86)/atmel/atmel studio 6.0/extensions/atmel/avrgcc/3.4.1.95/avrtoolchain/bin/../lib/gcc/avr/4.6.2/../../../../avr/lib/avr5/crtm6450a.o
 *(.init2)
 *(.init3)
 *(.init3)
 *(.init4)
 .init4         0x00000070       0x16 c:/program files (x86)/atmel/atmel studio 6.0/extensions/atmel/avrgcc/3.4.1.95/avrtoolchain/bin/../lib/gcc/avr/4.6.2/avr5\libgcc.a(_copy_data.o)
                0x00000070                __do_copy_data
 .init4         0x00000086       0x10 c:/program files (x86)/atmel/atmel studio 6.0/extensions/atmel/avrgcc/3.4.1.95/avrtoolchain/bin/../lib/gcc/avr/4.6.2/avr5\libgcc.a(_clear_bss.o)
                0x00000086                __do_clear_bss
 *(.init4)
 *(.init5)
 *(.init5)
 *(.init6)
 *(.init6)
 *(.init7)
 *(.init7)
 *(.init8)
 *(.init8)
 *(.init9)
 .init9         0x00000096        0x8 c:/program files (x86)/atmel/atmel studio 6.0/extensions/atmel/avrgcc/3.4.1.95/avrtoolchain/bin/../lib/gcc/avr/4.6.2/../../../../avr/lib/avr5/crtm6450a.o
 *(.init9)
 *(.text)
 .text          0x0000009e        0x4 c:/program files (x86)/atmel/atmel studio 6.0/extensions/atmel/avrgcc/3.4.1.95/avrtoolchain/bin/../lib/gcc/avr/4.6.2/../../../../avr/lib/avr5/crtm6450a.o
                0x0000009e                __vector_22
                0x0000009e                __vector_1
                0x0000009e                __vector_24
                0x0000009e                __vector_12
                0x0000009e                __bad_interrupt
                0x0000009e                __vector_6
                0x0000009e                __vector_3
                0x0000009e                __vector_23
                0x0000009e                __vector_11
                0x0000009e                __vector_17
                0x0000009e                __vector_19
                0x0000009e                __vector_5
                0x0000009e                __vector_4
                0x0000009e                __vector_2
                0x0000009e                __vector_21
                0x0000009e                __vector_15
                0x0000009e                __vector_8
                0x0000009e                __vector_14
                0x0000009e                __vector_16
                0x0000009e                __vector_18
                0x0000009e                __vector_20
 .text          0x000000a2       0xa4 adc.o
                0x000000a2                setup_adc
                0x000000c8                read_pot
 .text          0x00000146       0xb0 assigner.o
                0x00000146                get_current_note
                0x0000014c                new_note
                0x0000017c                remove_note
 .text          0x000001f6       0x30 clock.o
                0x000001f6                setup_system_clock
                0x00000204                update_clock_rate
 .text          0x00000226       0x96 dac.o
                0x00000226                set_control_voltage
                0x0000028a                setup_dac
 .text          0x000002bc      0x1f6 display.o
                0x000002bc                display_dec
                0x0000048e                update_display
 .text          0x000004b2       0xde interrupts.o
                0x000004b2                __vector_10
                0x00000530                __vector_9
                0x00000548                __vector_7
 .text          0x00000590        0x0 midi.o
 .text          0x00000590      0x260 monapollo-firmware.o
                0x00000590                real_time_event
                0x000005ca                note_off_event
                0x000005e2                note_on_event
                0x0000062a                setup_midi_usart
                0x0000063c                __vector_13
                0x000006a6                main
 .text          0x000007f0      0x558 scan_pots_and_update_control_voltages.o
                0x000007f0                scan_pots
                0x0000090a                update_control_voltages
 .text          0x00000d48      0x114 spi.o
                0x00000d48                setup_spi
                0x00000d86                spi_shift_byte
                0x00000d92                update_spi
 .text          0x00000e5c      0xebc synth.o
                0x00000e5c                lock_pots
                0x00000e90                unlock_pots
                0x00000eb2                save_patch
                0x00001298                load_patch
                0x00001858                transpose_note
                0x00001878                update_octave_range
                0x0000198e                update_lfo_shape
                0x000019ee                update_lfo_sync
                0x00001a8c                update_patch
                0x00001c4c                update_patch_programmer
 .text          0x00001d18      0xbe6 tune.o
                0x00001d18                initialize_voice_for_tuning
                0x00001e16                set_vco_init_cv
                0x000020de                tune_8ths
                0x00002422                tune_filter
                0x000027be                save_tuning_tables
                0x000027f0                load_tuning_tables
                0x00002842                interpolate_pitch_cv
                0x000028a2                set_one_volt_per_octave
 .text          0x000028fe       0xf0 utils.o
                0x000028fe                read_switch_port
                0x0000291e                update_analog_switch_latch
 .text          0x000029ee       0xec xnormidi-develop/bytequeue/bytequeue.o
                0x000029ee                bytequeue_init
                0x000029fc                bytequeue_enqueue
                0x00002a5a                bytequeue_length
                0x00002a84                bytequeue_get
                0x00002aa6                bytequeue_remove
 .text          0x00002ada        0xa xnormidi-develop/bytequeue/interrupt_setting.o
                0x00002ada                store_and_clear_interrupt
                0x00002ae0                restore_interrupt_setting
 .text          0x00002ae4      0x416 xnormidi-develop/midi.o
                0x00002ae4                midi_is_statusbyte
                0x00002aec                midi_is_realtime
                0x00002af8                midi_packet_length
                0x00002b88                midi_send_cc
                0x00002baa                midi_send_noteon
                0x00002bcc                midi_send_noteoff
                0x00002bee                midi_send_aftertouch
                0x00002c10                midi_send_pitchbend
                0x00002c5e                midi_send_programchange
                0x00002c7c                midi_send_channelpressure
                0x00002c9a                midi_send_clock
                0x00002cb2                midi_send_tick
                0x00002cca                midi_send_start
                0x00002ce2                midi_send_continue
                0x00002cfa                midi_send_stop
                0x00002d12                midi_send_activesense
                0x00002d2a                midi_send_reset
                0x00002d42                midi_send_tcquarterframe
                0x00002d5c                midi_send_songposition
                0x00002d86                midi_send_songselect
                0x00002da0                midi_send_tunerequest
                0x00002db8                midi_send_byte
                0x00002dd0                midi_send_data
                0x00002dde                midi_send_array
                0x00002e82                midi_register_cc_callback
                0x00002e8a                midi_register_noteon_callback
                0x00002e92                midi_register_noteoff_callback
                0x00002e9a                midi_register_aftertouch_callback
                0x00002ea2                midi_register_pitchbend_callback
                0x00002eaa                midi_register_songposition_callback
                0x00002eb2                midi_register_progchange_callback
                0x00002eba                midi_register_chanpressure_callback
                0x00002ec2                midi_register_songselect_callback
                0x00002eca                midi_register_tc_quarterframe_callback
                0x00002ed2                midi_register_realtime_callback
                0x00002eda                midi_register_tunerequest_callback
                0x00002ee2                midi_register_sysex_callback
                0x00002eea                midi_register_fallthrough_callback
                0x00002ef2                midi_register_catchall_callback
 .text          0x00002efa      0x52c xnormidi-develop/midi_device.o
                0x00002efa                midi_device_init
                0x00002f5c                midi_device_input
                0x00002fa2                midi_device_set_send_func
                0x00002faa                midi_device_set_pre_input_process_func
                0x00002fb2                midi_input_callbacks
                0x000031fa                midi_process_byte
                0x000033b0                midi_device_process
 .text          0x00003426      0x33e xnormidi-develop/sysex_tools.o
                0x00003426                sysex_encoded_length
                0x00003470                sysex_decoded_length
                0x000034c0                sysex_encode
                0x0000363a                sysex_decode
 .text          0x00003764        0x0 c:/program files (x86)/atmel/atmel studio 6.0/extensions/atmel/avrgcc/3.4.1.95/avrtoolchain/bin/../lib/gcc/avr/4.6.2/avr5\libgcc.a(_mulsi3.o)
 .text          0x00003764        0x0 c:/program files (x86)/atmel/atmel studio 6.0/extensions/atmel/avrgcc/3.4.1.95/avrtoolchain/bin/../lib/gcc/avr/4.6.2/avr5\libgcc.a(_udivmodhi4.o)
 .text          0x00003764        0x0 c:/program files (x86)/atmel/atmel studio 6.0/extensions/atmel/avrgcc/3.4.1.95/avrtoolchain/bin/../lib/gcc/avr/4.6.2/avr5\libgcc.a(_divmodhi4.o)
 .text          0x00003764        0x0 c:/program files (x86)/atmel/atmel studio 6.0/extensions/atmel/avrgcc/3.4.1.95/avrtoolchain/bin/../lib/gcc/avr/4.6.2/avr5\libgcc.a(_exit.o)
 .text          0x00003764        0x0 c:/program files (x86)/atmel/atmel studio 6.0/extensions/atmel/avrgcc/3.4.1.95/avrtoolchain/bin/../lib/gcc/avr/4.6.2/avr5\libgcc.a(_copy_data.o)
 .text          0x00003764        0x0 c:/program files (x86)/atmel/atmel studio 6.0/extensions/atmel/avrgcc/3.4.1.95/avrtoolchain/bin/../lib/gcc/avr/4.6.2/avr5\libgcc.a(_clear_bss.o)
 .text          0x00003764        0x0 c:/program files (x86)/atmel/atmel studio 6.0/extensions/atmel/avrgcc/3.4.1.95/avrtoolchain/bin/../lib/gcc/avr/4.6.2/../../../../avr/lib/avr5\libc.a(memcpy.o)
 .text          0x00003764        0x0 c:/program files (x86)/atmel/atmel studio 6.0/extensions/atmel/avrgcc/3.4.1.95/avrtoolchain/bin/../lib/gcc/avr/4.6.2/../../../../avr/lib/avr5\libc.a(memmove.o)
 .text          0x00003764        0x0 c:/program files (x86)/atmel/atmel studio 6.0/extensions/atmel/avrgcc/3.4.1.95/avrtoolchain/bin/../lib/gcc/avr/4.6.2/../../../../avr/lib/avr5\libc.a(eerd_block_atmega6450a.o)
 .text          0x00003764        0x0 c:/program files (x86)/atmel/atmel studio 6.0/extensions/atmel/avrgcc/3.4.1.95/avrtoolchain/bin/../lib/gcc/avr/4.6.2/../../../../avr/lib/avr5\libc.a(eerd_word_atmega6450a.o)
 .text          0x00003764        0x0 c:/program files (x86)/atmel/atmel studio 6.0/extensions/atmel/avrgcc/3.4.1.95/avrtoolchain/bin/../lib/gcc/avr/4.6.2/../../../../avr/lib/avr5\libc.a(eeupd_block_atmega6450a.o)
 .text          0x00003764        0x0 c:/program files (x86)/atmel/atmel studio 6.0/extensions/atmel/avrgcc/3.4.1.95/avrtoolchain/bin/../lib/gcc/avr/4.6.2/../../../../avr/lib/avr5\libc.a(eeupd_byte_atmega6450a.o)
 .text          0x00003764        0x0 c:/program files (x86)/atmel/atmel studio 6.0/extensions/atmel/avrgcc/3.4.1.95/avrtoolchain/bin/../lib/gcc/avr/4.6.2/../../../../avr/lib/avr5\libc.a(eeupd_word_atmega6450a.o)
                0x00003764                . = ALIGN (0x2)
 *(.text.*)
 .text.libgcc   0x00003764       0x3e c:/program files (x86)/atmel/atmel studio 6.0/extensions/atmel/avrgcc/3.4.1.95/avrtoolchain/bin/../lib/gcc/avr/4.6.2/avr5\libgcc.a(_mulsi3.o)
                0x00003764                __mulsi3
 .text.libgcc   0x000037a2       0x28 c:/program files (x86)/atmel/atmel studio 6.0/extensions/atmel/avrgcc/3.4.1.95/avrtoolchain/bin/../lib/gcc/avr/4.6.2/avr5\libgcc.a(_udivmodhi4.o)
                0x000037a2                __udivmodhi4
 .text.libgcc   0x000037ca       0x26 c:/program files (x86)/atmel/atmel studio 6.0/extensions/atmel/avrgcc/3.4.1.95/avrtoolchain/bin/../lib/gcc/avr/4.6.2/avr5\libgcc.a(_divmodhi4.o)
                0x000037ca                _div
                0x000037ca                __divmodhi4
 .text.libgcc   0x000037f0        0x0 c:/program files (x86)/atmel/atmel studio 6.0/extensions/atmel/avrgcc/3.4.1.95/avrtoolchain/bin/../lib/gcc/avr/4.6.2/avr5\libgcc.a(_exit.o)
 .text.libgcc   0x000037f0        0x0 c:/program files (x86)/atmel/atmel studio 6.0/extensions/atmel/avrgcc/3.4.1.95/avrtoolchain/bin/../lib/gcc/avr/4.6.2/avr5\libgcc.a(_copy_data.o)
 .text.libgcc   0x000037f0        0x0 c:/program files (x86)/atmel/atmel studio 6.0/extensions/atmel/avrgcc/3.4.1.95/avrtoolchain/bin/../lib/gcc/avr/4.6.2/avr5\libgcc.a(_clear_bss.o)
 .text.avr-libc
                0x000037f0       0x12 c:/program files (x86)/atmel/atmel studio 6.0/extensions/atmel/avrgcc/3.4.1.95/avrtoolchain/bin/../lib/gcc/avr/4.6.2/../../../../avr/lib/avr5\libc.a(memcpy.o)
                0x000037f0                memcpy
 .text.avr-libc
                0x00003802       0x24 c:/program files (x86)/atmel/atmel studio 6.0/extensions/atmel/avrgcc/3.4.1.95/avrtoolchain/bin/../lib/gcc/avr/4.6.2/../../../../avr/lib/avr5\libc.a(memmove.o)
                0x00003802                memmove
 .text.avr-libc
                0x00003826       0x20 c:/program files (x86)/atmel/atmel studio 6.0/extensions/atmel/avrgcc/3.4.1.95/avrtoolchain/bin/../lib/gcc/avr/4.6.2/../../../../avr/lib/avr5\libc.a(eerd_block_atmega6450a.o)
                0x00003826                __eerd_block_m6450a
                0x0000382a                __eerd_blraw_m6450a
 .text.avr-libc
                0x00003846        0xc c:/program files (x86)/atmel/atmel studio 6.0/extensions/atmel/avrgcc/3.4.1.95/avrtoolchain/bin/../lib/gcc/avr/4.6.2/../../../../avr/lib/avr5\libc.a(eerd_word_atmega6450a.o)
                0x00003846                __eerd_word_m6450a
 .text.avr-libc
                0x00003852       0x20 c:/program files (x86)/atmel/atmel studio 6.0/extensions/atmel/avrgcc/3.4.1.95/avrtoolchain/bin/../lib/gcc/avr/4.6.2/../../../../avr/lib/avr5\libc.a(eeupd_block_atmega6450a.o)
                0x00003852                __eeupd_block_m6450a
 .text.avr-libc
                0x00003872       0x22 c:/program files (x86)/atmel/atmel studio 6.0/extensions/atmel/avrgcc/3.4.1.95/avrtoolchain/bin/../lib/gcc/avr/4.6.2/../../../../avr/lib/avr5\libc.a(eeupd_byte_atmega6450a.o)
                0x00003872                __eeupd_byte_m6450a
                0x00003874                __eeupd_r18_m6450a
 .text.avr-libc
                0x00003894        0xc c:/program files (x86)/atmel/atmel studio 6.0/extensions/atmel/avrgcc/3.4.1.95/avrtoolchain/bin/../lib/gcc/avr/4.6.2/../../../../avr/lib/avr5\libc.a(eeupd_word_atmega6450a.o)
                0x00003894                __eeupd_word_m6450a
                0x000038a0                . = ALIGN (0x2)
 *(.fini9)
 .fini9         0x000038a0        0x0 c:/program files (x86)/atmel/atmel studio 6.0/extensions/atmel/avrgcc/3.4.1.95/avrtoolchain/bin/../lib/gcc/avr/4.6.2/avr5\libgcc.a(_exit.o)
                0x000038a0                _exit
                0x000038a0                exit
 *(.fini9)
 *(.fini8)
 *(.fini8)
 *(.fini7)
 *(.fini7)
 *(.fini6)
 *(.fini6)
 *(.fini5)
 *(.fini5)
 *(.fini4)
 *(.fini4)
 *(.fini3)
 *(.fini3)
 *(.fini2)
 *(.fini2)
 *(.fini1)
 *(.fini1)
 *(.fini0)
 .fini0         0x000038a0        0x4 c:/program files (x86)/atmel/atmel studio 6.0/extensions/atmel/avrgcc/3.4.1.95/avrtoolchain/bin/../lib/gcc/avr/4.6.2/avr5\libgcc.a(_exit.o)
 *(.fini0)
                0x000038a4                _etext = .

.data           0x00800100      0x1b0 load address 0x000038a4
                0x00800100                PROVIDE (__data_start, .)
 *(.data)
 .data          0x00800100        0x0 c:/program files (x86)/atmel/atmel studio 6.0/extensions/atmel/avrgcc/3.4.1.95/avrtoolchain/bin/../lib/gcc/avr/4.6.2/../../../../avr/lib/avr5/crtm6450a.o
 .data          0x00800100       0xb8 adc.o
                0x00800100                pot_id
                0x0080013c                release_1_pot
                0x00800140                release_2_pot
                0x00800144                sustain_1_pot
                0x00800148                sustain_2_pot
                0x0080014c                decay_1_pot
                0x00800150                decay_2_pot
                0x00800154                attack_1_pot
                0x00800158                attack_2_pot
                0x0080015c                noise_mix_pot
                0x00800160                fil_lfo_pot
                0x00800164                fil_vco2_pot
                0x00800168                key_track_pot
                0x0080016c                cutoff_pot
                0x00800170                res_pot
                0x00800174                fil_eg2_pot
                0x00800178                vco2_pw_pot
                0x0080017c                volume_pot
                0x00800180                amp_lfo_pot
                0x00800184                glide_pot
                0x00800188                arp_rate_pot
                0x0080018c                lfo_rate_pot
                0x00800190                tune_pot
                0x00800194                fine_pot
                0x00800198                vco1_pw_pot
                0x0080019c                pwm_eg2_pot
                0x008001a0                pwm_lfo_pot
                0x008001a4                pitch_lfo_pot
                0x008001a8                pitch_vco2_pot
                0x008001ac                pitch_eg2_pot
                0x008001b0                vco1_mix_pot
                0x008001b4                vco2_mix_pot
 .data          0x008001b8       0x10 assigner.o
 .data          0x008001c8        0x0 clock.o
 .data          0x008001c8       0x1f dac.o
                0x008001c8                release_1_cv
                0x008001c9                release_2_cv
                0x008001ca                sustain_1_cv
                0x008001cb                sustain_2_cv
                0x008001cc                decay_1_cv
                0x008001cd                decay_2_cv
                0x008001ce                attack_1_cv
                0x008001cf                attack_2_cv
                0x008001d0                noise_mix_cv
                0x008001d1                fil_lfo_cv
                0x008001d2                fil_vco2_cv
                0x008001d3                key_track_cv
                0x008001d4                cutoff_cv
                0x008001d5                res_cv
                0x008001d6                fil_eg2_cv
                0x008001d7                vco2_pw_cv
                0x008001d8                volume_cv
                0x008001d9                amp_lfo_cv
                0x008001da                glide_cv
                0x008001db                lfo_rate_cv
                0x008001dc                tune_cv
                0x008001dd                fine_cv
                0x008001de                vco1_pw_cv
                0x008001df                pwm_eg2_cv
                0x008001e0                pwm_lfo_cv
                0x008001e1                pitch_lfo_cv
                0x008001e2                pitch_eg2_cv
                0x008001e3                vco1_mix_cv
                0x008001e4                vco2_mix_cv
                0x008001e5                vco2_pitch_cv
                0x008001e6                vco1_pitch_cv
 .data          0x008001e7       0x16 display.o
 .data          0x008001fd        0x0 interrupts.o
 .data          0x008001fd        0x0 midi.o
 .data          0x008001fd        0x0 monapollo-firmware.o
 .data          0x008001fd        0x2 scan_pots_and_update_control_voltages.o
                0x008001fd                value_to_display
 .data          0x008001ff        0x0 spi.o
 .data          0x008001ff       0x31 synth.o
                0x00800217                lfo_shape
                0x0080021c                vco2_octave
                0x00800221                vco1_octave
                0x00800226                lfo
 .data          0x00800230       0x80 tune.o
                0x008002af                no_overflow
 .data          0x008002b0        0x0 utils.o
 .data          0x008002b0        0x0 xnormidi-develop/bytequeue/bytequeue.o
 .data          0x008002b0        0x0 xnormidi-develop/bytequeue/interrupt_setting.o
 .data          0x008002b0        0x0 xnormidi-develop/midi.o
 .data          0x008002b0        0x0 xnormidi-develop/midi_device.o
 .data          0x008002b0        0x0 xnormidi-develop/sysex_tools.o
 .data          0x008002b0        0x0 c:/program files (x86)/atmel/atmel studio 6.0/extensions/atmel/avrgcc/3.4.1.95/avrtoolchain/bin/../lib/gcc/avr/4.6.2/avr5\libgcc.a(_mulsi3.o)
 .data          0x008002b0        0x0 c:/program files (x86)/atmel/atmel studio 6.0/extensions/atmel/avrgcc/3.4.1.95/avrtoolchain/bin/../lib/gcc/avr/4.6.2/avr5\libgcc.a(_udivmodhi4.o)
 .data          0x008002b0        0x0 c:/program files (x86)/atmel/atmel studio 6.0/extensions/atmel/avrgcc/3.4.1.95/avrtoolchain/bin/../lib/gcc/avr/4.6.2/avr5\libgcc.a(_divmodhi4.o)
 .data          0x008002b0        0x0 c:/program files (x86)/atmel/atmel studio 6.0/extensions/atmel/avrgcc/3.4.1.95/avrtoolchain/bin/../lib/gcc/avr/4.6.2/avr5\libgcc.a(_exit.o)
 .data          0x008002b0        0x0 c:/program files (x86)/atmel/atmel studio 6.0/extensions/atmel/avrgcc/3.4.1.95/avrtoolchain/bin/../lib/gcc/avr/4.6.2/avr5\libgcc.a(_copy_data.o)
 .data          0x008002b0        0x0 c:/program files (x86)/atmel/atmel studio 6.0/extensions/atmel/avrgcc/3.4.1.95/avrtoolchain/bin/../lib/gcc/avr/4.6.2/avr5\libgcc.a(_clear_bss.o)
 .data          0x008002b0        0x0 c:/program files (x86)/atmel/atmel studio 6.0/extensions/atmel/avrgcc/3.4.1.95/avrtoolchain/bin/../lib/gcc/avr/4.6.2/../../../../avr/lib/avr5\libc.a(memcpy.o)
 .data          0x008002b0        0x0 c:/program files (x86)/atmel/atmel studio 6.0/extensions/atmel/avrgcc/3.4.1.95/avrtoolchain/bin/../lib/gcc/avr/4.6.2/../../../../avr/lib/avr5\libc.a(memmove.o)
 .data          0x008002b0        0x0 c:/program files (x86)/atmel/atmel studio 6.0/extensions/atmel/avrgcc/3.4.1.95/avrtoolchain/bin/../lib/gcc/avr/4.6.2/../../../../avr/lib/avr5\libc.a(eerd_block_atmega6450a.o)
 .data          0x008002b0        0x0 c:/program files (x86)/atmel/atmel studio 6.0/extensions/atmel/avrgcc/3.4.1.95/avrtoolchain/bin/../lib/gcc/avr/4.6.2/../../../../avr/lib/avr5\libc.a(eerd_word_atmega6450a.o)
 .data          0x008002b0        0x0 c:/program files (x86)/atmel/atmel studio 6.0/extensions/atmel/avrgcc/3.4.1.95/avrtoolchain/bin/../lib/gcc/avr/4.6.2/../../../../avr/lib/avr5\libc.a(eeupd_block_atmega6450a.o)
 .data          0x008002b0        0x0 c:/program files (x86)/atmel/atmel studio 6.0/extensions/atmel/avrgcc/3.4.1.95/avrtoolchain/bin/../lib/gcc/avr/4.6.2/../../../../avr/lib/avr5\libc.a(eeupd_byte_atmega6450a.o)
 .data          0x008002b0        0x0 c:/program files (x86)/atmel/atmel studio 6.0/extensions/atmel/avrgcc/3.4.1.95/avrtoolchain/bin/../lib/gcc/avr/4.6.2/../../../../avr/lib/avr5\libc.a(eeupd_word_atmega6450a.o)
 *(.data*)
 *(.rodata)
 *(.rodata*)
 *(.gnu.linkonce.d*)
                0x008002b0                . = ALIGN (0x2)
                0x008002b0                _edata = .
                0x008002b0                PROVIDE (__data_end, .)

.bss            0x008002b0      0x1c8
                0x008002b0                PROVIDE (__bss_start, .)
 *(.bss)
 .bss           0x008002b0        0x0 c:/program files (x86)/atmel/atmel studio 6.0/extensions/atmel/avrgcc/3.4.1.95/avrtoolchain/bin/../lib/gcc/avr/4.6.2/../../../../avr/lib/avr5/crtm6450a.o
 .bss           0x008002b0        0x0 adc.o
 .bss           0x008002b0        0x1 assigner.o
 .bss           0x008002b1        0x0 clock.o
 .bss           0x008002b1        0x2 dac.o
                0x008002b1                arp_rate_null
                0x008002b2                pitch_vco2_cv
 .bss           0x008002b3        0x5 display.o
 .bss           0x008002b8        0x0 interrupts.o
 .bss           0x008002b8        0x0 midi.o
 .bss           0x008002b8        0x2 monapollo-firmware.o
                0x008002b8                switch_timer
 .bss           0x008002ba        0x3 scan_pots_and_update_control_voltages.o
                0x008002ba                midi_note_number
 .bss           0x008002bd        0x4 spi.o
                0x008002bd                spi_sw_byte1_previous_state
                0x008002be                spi_sw_byte1_current_state
                0x008002bf                spi_sw_byte0_previous_state
                0x008002c0                spi_sw_byte0_current_state
 .bss           0x008002c1       0x4b synth.o
                0x008002c1                switch_press
                0x008002c2                current_patch
 .bss           0x0080030c       0x6f tune.o
                0x0080030c                filter_pitch_table
                0x0080032c                vco2_pitch_table
                0x0080034e                vco1_pitch_table
                0x00800370                vco2_init_cv
                0x00800372                vco1_init_cv
                0x00800374                compare_match_counter
                0x00800375                osc_count
                0x00800377                count_finished
                0x00800378                timer1_clock
                0x00800379                period
                0x0080037a                period_counter
 .bss           0x0080037b        0x4 utils.o
                0x0080037b                switch_states
 .bss           0x0080037f        0x0 xnormidi-develop/bytequeue/bytequeue.o
 .bss           0x0080037f        0x0 xnormidi-develop/bytequeue/interrupt_setting.o
 .bss           0x0080037f        0x0 xnormidi-develop/midi.o
 .bss           0x0080037f        0x0 xnormidi-develop/midi_device.o
 .bss           0x0080037f        0x0 xnormidi-develop/sysex_tools.o
 .bss           0x0080037f        0x0 c:/program files (x86)/atmel/atmel studio 6.0/extensions/atmel/avrgcc/3.4.1.95/avrtoolchain/bin/../lib/gcc/avr/4.6.2/avr5\libgcc.a(_mulsi3.o)
 .bss           0x0080037f        0x0 c:/program files (x86)/atmel/atmel studio 6.0/extensions/atmel/avrgcc/3.4.1.95/avrtoolchain/bin/../lib/gcc/avr/4.6.2/avr5\libgcc.a(_udivmodhi4.o)
 .bss           0x0080037f        0x0 c:/program files (x86)/atmel/atmel studio 6.0/extensions/atmel/avrgcc/3.4.1.95/avrtoolchain/bin/../lib/gcc/avr/4.6.2/avr5\libgcc.a(_divmodhi4.o)
 .bss           0x0080037f        0x0 c:/program files (x86)/atmel/atmel studio 6.0/extensions/atmel/avrgcc/3.4.1.95/avrtoolchain/bin/../lib/gcc/avr/4.6.2/avr5\libgcc.a(_exit.o)
 .bss           0x0080037f        0x0 c:/program files (x86)/atmel/atmel studio 6.0/extensions/atmel/avrgcc/3.4.1.95/avrtoolchain/bin/../lib/gcc/avr/4.6.2/avr5\libgcc.a(_copy_data.o)
 .bss           0x0080037f        0x0 c:/program files (x86)/atmel/atmel studio 6.0/extensions/atmel/avrgcc/3.4.1.95/avrtoolchain/bin/../lib/gcc/avr/4.6.2/avr5\libgcc.a(_clear_bss.o)
 .bss           0x0080037f        0x0 c:/program files (x86)/atmel/atmel studio 6.0/extensions/atmel/avrgcc/3.4.1.95/avrtoolchain/bin/../lib/gcc/avr/4.6.2/../../../../avr/lib/avr5\libc.a(memcpy.o)
 .bss           0x0080037f        0x0 c:/program files (x86)/atmel/atmel studio 6.0/extensions/atmel/avrgcc/3.4.1.95/avrtoolchain/bin/../lib/gcc/avr/4.6.2/../../../../avr/lib/avr5\libc.a(memmove.o)
 .bss           0x0080037f        0x0 c:/program files (x86)/atmel/atmel studio 6.0/extensions/atmel/avrgcc/3.4.1.95/avrtoolchain/bin/../lib/gcc/avr/4.6.2/../../../../avr/lib/avr5\libc.a(eerd_block_atmega6450a.o)
 .bss           0x0080037f        0x0 c:/program files (x86)/atmel/atmel studio 6.0/extensions/atmel/avrgcc/3.4.1.95/avrtoolchain/bin/../lib/gcc/avr/4.6.2/../../../../avr/lib/avr5\libc.a(eerd_word_atmega6450a.o)
 .bss           0x0080037f        0x0 c:/program files (x86)/atmel/atmel studio 6.0/extensions/atmel/avrgcc/3.4.1.95/avrtoolchain/bin/../lib/gcc/avr/4.6.2/../../../../avr/lib/avr5\libc.a(eeupd_block_atmega6450a.o)
 .bss           0x0080037f        0x0 c:/program files (x86)/atmel/atmel studio 6.0/extensions/atmel/avrgcc/3.4.1.95/avrtoolchain/bin/../lib/gcc/avr/4.6.2/../../../../avr/lib/avr5\libc.a(eeupd_byte_atmega6450a.o)
 .bss           0x0080037f        0x0 c:/program files (x86)/atmel/atmel studio 6.0/extensions/atmel/avrgcc/3.4.1.95/avrtoolchain/bin/../lib/gcc/avr/4.6.2/../../../../avr/lib/avr5\libc.a(eeupd_word_atmega6450a.o)
 *(.bss*)
 *(COMMON)
 COMMON         0x0080037f        0xc clock.o
                0x0080037f                system_clock
                0x00800385                midi_clock
 COMMON         0x0080038b       0xed monapollo-firmware.o
                0x0080038b                midi_device
                0x00800478                PROVIDE (__bss_end, .)
                0x000038a4                __data_load_start = LOADADDR (.data)
                0x00003a54                __data_load_end = (__data_load_start + SIZEOF (.data))

.noinit         0x00800478        0x0
                0x00800478                PROVIDE (__noinit_start, .)
 *(.noinit*)
                0x00800478                PROVIDE (__noinit_end, .)
                0x00800478                _end = .
                0x00800478                PROVIDE (__heap_start, .)

.eeprom         0x00810000      0x674
 *(.eeprom*)
 .eeprom        0x00810000      0x60c synth.o
                0x00810000                patch_memory
 .eeprom        0x0081060c       0x68 tune.o
                0x0081060c                filter_pitch_table_eeprom
                0x0081062c                vco2_pitch_table_eeprom
                0x0081064e                vco1_pitch_table_eeprom
                0x00810670                vco2_init_cv_eeprom
                0x00810672                vco1_init_cv_eeprom
                0x00810674                __eeprom_end = .

.fuse
 *(.fuse)
 *(.lfuse)
 *(.hfuse)
 *(.efuse)

.lock
 *(.lock*)

.signature
 *(.signature*)

.stab           0x00000000      0xbf4
 *(.stab)
 .stab          0x00000000      0x6cc c:/program files (x86)/atmel/atmel studio 6.0/extensions/atmel/avrgcc/3.4.1.95/avrtoolchain/bin/../lib/gcc/avr/4.6.2/../../../../avr/lib/avr5/crtm6450a.o
 .stab          0x000006cc       0x84 c:/program files (x86)/atmel/atmel studio 6.0/extensions/atmel/avrgcc/3.4.1.95/avrtoolchain/bin/../lib/gcc/avr/4.6.2/../../../../avr/lib/avr5\libc.a(memcpy.o)
                                 0x90 (size before relaxing)
 .stab          0x00000750       0xe4 c:/program files (x86)/atmel/atmel studio 6.0/extensions/atmel/avrgcc/3.4.1.95/avrtoolchain/bin/../lib/gcc/avr/4.6.2/../../../../avr/lib/avr5\libc.a(memmove.o)
                                 0xf0 (size before relaxing)
 .stab          0x00000834      0x108 c:/program files (x86)/atmel/atmel studio 6.0/extensions/atmel/avrgcc/3.4.1.95/avrtoolchain/bin/../lib/gcc/avr/4.6.2/../../../../avr/lib/avr5\libc.a(eerd_block_atmega6450a.o)
                                0x114 (size before relaxing)
 .stab          0x0000093c       0x6c c:/program files (x86)/atmel/atmel studio 6.0/extensions/atmel/avrgcc/3.4.1.95/avrtoolchain/bin/../lib/gcc/avr/4.6.2/../../../../avr/lib/avr5\libc.a(eerd_word_atmega6450a.o)
                                 0x78 (size before relaxing)
 .stab          0x000009a8       0xe4 c:/program files (x86)/atmel/atmel studio 6.0/extensions/atmel/avrgcc/3.4.1.95/avrtoolchain/bin/../lib/gcc/avr/4.6.2/../../../../avr/lib/avr5\libc.a(eeupd_block_atmega6450a.o)
                                 0xf0 (size before relaxing)
 .stab          0x00000a8c      0x108 c:/program files (x86)/atmel/atmel studio 6.0/extensions/atmel/avrgcc/3.4.1.95/avrtoolchain/bin/../lib/gcc/avr/4.6.2/../../../../avr/lib/avr5\libc.a(eeupd_byte_atmega6450a.o)
                                0x114 (size before relaxing)
 .stab          0x00000b94       0x60 c:/program files (x86)/atmel/atmel studio 6.0/extensions/atmel/avrgcc/3.4.1.95/avrtoolchain/bin/../lib/gcc/avr/4.6.2/../../../../avr/lib/avr5\libc.a(eeupd_word_atmega6450a.o)
                                 0x6c (size before relaxing)

.stabstr        0x00000000      0x33e
 *(.stabstr)
 .stabstr       0x00000000      0x33e c:/program files (x86)/atmel/atmel studio 6.0/extensions/atmel/avrgcc/3.4.1.95/avrtoolchain/bin/../lib/gcc/avr/4.6.2/../../../../avr/lib/avr5/crtm6450a.o

.stab.excl
 *(.stab.excl)

.stab.exclstr
 *(.stab.exclstr)

.stab.index
 *(.stab.index)

.stab.indexstr
 *(.stab.indexstr)

.comment
 *(.comment)

.debug
 *(.debug)

.line
 *(.line)

.debug_srcinfo
 *(.debug_srcinfo)

.debug_sfnames
 *(.debug_sfnames)

.debug_aranges  0x00000000      0x2e0
 *(.debug_aranges)
 .debug_aranges
                0x00000000       0x20 adc.o
 .debug_aranges
                0x00000020       0x20 assigner.o
 .debug_aranges
                0x00000040       0x20 clock.o
 .debug_aranges
                0x00000060       0x20 dac.o
 .debug_aranges
                0x00000080       0x20 display.o
 .debug_aranges
                0x000000a0       0x20 interrupts.o
 .debug_aranges
                0x000000c0       0x20 monapollo-firmware.o
 .debug_aranges
                0x000000e0       0x20 scan_pots_and_update_control_voltages.o
 .debug_aranges
                0x00000100       0x20 spi.o
 .debug_aranges
                0x00000120       0x20 synth.o
 .debug_aranges
                0x00000140       0x20 tune.o
 .debug_aranges
                0x00000160       0x20 utils.o
 .debug_aranges
                0x00000180       0x20 xnormidi-develop/bytequeue/bytequeue.o
 .debug_aranges
                0x000001a0       0x20 xnormidi-develop/bytequeue/interrupt_setting.o
 .debug_aranges
                0x000001c0       0x20 xnormidi-develop/midi.o
 .debug_aranges
                0x000001e0       0x20 xnormidi-develop/midi_device.o
 .debug_aranges
                0x00000200       0x20 xnormidi-develop/sysex_tools.o
 .debug_aranges
                0x00000220       0x20 c:/program files (x86)/atmel/atmel studio 6.0/extensions/atmel/avrgcc/3.4.1.95/avrtoolchain/bin/../lib/gcc/avr/4.6.2/avr5\libgcc.a(_mulsi3.o)
 .debug_aranges
                0x00000240       0x20 c:/program files (x86)/atmel/atmel studio 6.0/extensions/atmel/avrgcc/3.4.1.95/avrtoolchain/bin/../lib/gcc/avr/4.6.2/avr5\libgcc.a(_udivmodhi4.o)
 .debug_aranges
                0x00000260       0x20 c:/program files (x86)/atmel/atmel studio 6.0/extensions/atmel/avrgcc/3.4.1.95/avrtoolchain/bin/../lib/gcc/avr/4.6.2/avr5\libgcc.a(_divmodhi4.o)
 .debug_aranges
                0x00000280       0x20 c:/program files (x86)/atmel/atmel studio 6.0/extensions/atmel/avrgcc/3.4.1.95/avrtoolchain/bin/../lib/gcc/avr/4.6.2/avr5\libgcc.a(_exit.o)
 .debug_aranges
                0x000002a0       0x20 c:/program files (x86)/atmel/atmel studio 6.0/extensions/atmel/avrgcc/3.4.1.95/avrtoolchain/bin/../lib/gcc/avr/4.6.2/avr5\libgcc.a(_copy_data.o)
 .debug_aranges
                0x000002c0       0x20 c:/program files (x86)/atmel/atmel studio 6.0/extensions/atmel/avrgcc/3.4.1.95/avrtoolchain/bin/../lib/gcc/avr/4.6.2/avr5\libgcc.a(_clear_bss.o)

.debug_pubnames
 *(.debug_pubnames)

.debug_info     0x00000000     0x5f91
 *(.debug_info)
 .debug_info    0x00000000      0x595 adc.o
 .debug_info    0x00000595      0x1bb assigner.o
 .debug_info    0x00000750      0x11b clock.o
 .debug_info    0x0000086b      0x419 dac.o
 .debug_info    0x00000c84      0x4a1 display.o
 .debug_info    0x00001125      0x1b8 interrupts.o
 .debug_info    0x000012dd       0x5e midi.o
 .debug_info    0x0000133b      0x9aa monapollo-firmware.o
 .debug_info    0x00001ce5      0x977 scan_pots_and_update_control_voltages.o
 .debug_info    0x0000265c      0x450 spi.o
 .debug_info    0x00002aac      0xae1 synth.o
 .debug_info    0x0000358d      0xa63 tune.o
 .debug_info    0x00003ff0      0x133 utils.o
 .debug_info    0x00004123      0x23e xnormidi-develop/bytequeue/bytequeue.o
 .debug_info    0x00004361       0xc2 xnormidi-develop/bytequeue/interrupt_setting.o
 .debug_info    0x00004423      0xd19 xnormidi-develop/midi.o
 .debug_info    0x0000513c      0x657 xnormidi-develop/midi_device.o
 .debug_info    0x00005793      0x2d0 xnormidi-develop/sysex_tools.o
 .debug_info    0x00005a63       0xdd c:/program files (x86)/atmel/atmel studio 6.0/extensions/atmel/avrgcc/3.4.1.95/avrtoolchain/bin/../lib/gcc/avr/4.6.2/avr5\libgcc.a(_mulsi3.o)
 .debug_info    0x00005b40       0xdd c:/program files (x86)/atmel/atmel studio 6.0/extensions/atmel/avrgcc/3.4.1.95/avrtoolchain/bin/../lib/gcc/avr/4.6.2/avr5\libgcc.a(_udivmodhi4.o)
 .debug_info    0x00005c1d       0xdd c:/program files (x86)/atmel/atmel studio 6.0/extensions/atmel/avrgcc/3.4.1.95/avrtoolchain/bin/../lib/gcc/avr/4.6.2/avr5\libgcc.a(_divmodhi4.o)
 .debug_info    0x00005cfa       0xdd c:/program files (x86)/atmel/atmel studio 6.0/extensions/atmel/avrgcc/3.4.1.95/avrtoolchain/bin/../lib/gcc/avr/4.6.2/avr5\libgcc.a(_exit.o)
 .debug_info    0x00005dd7       0xdd c:/program files (x86)/atmel/atmel studio 6.0/extensions/atmel/avrgcc/3.4.1.95/avrtoolchain/bin/../lib/gcc/avr/4.6.2/avr5\libgcc.a(_copy_data.o)
 .debug_info    0x00005eb4       0xdd c:/program files (x86)/atmel/atmel studio 6.0/extensions/atmel/avrgcc/3.4.1.95/avrtoolchain/bin/../lib/gcc/avr/4.6.2/avr5\libgcc.a(_clear_bss.o)
 *(.gnu.linkonce.wi.*)

.debug_abbrev   0x00000000     0x16ab
 *(.debug_abbrev)
 .debug_abbrev  0x00000000      0x170 adc.o
 .debug_abbrev  0x00000170      0x11c assigner.o
 .debug_abbrev  0x0000028c       0xa1 clock.o
 .debug_abbrev  0x0000032d      0x14d dac.o
 .debug_abbrev  0x0000047a      0x111 display.o
 .debug_abbrev  0x0000058b       0x82 interrupts.o
 .debug_abbrev  0x0000060d       0x2a midi.o
 .debug_abbrev  0x00000637      0x21b monapollo-firmware.o
 .debug_abbrev  0x00000852      0x138 scan_pots_and_update_control_voltages.o
 .debug_abbrev  0x0000098a      0x108 spi.o
 .debug_abbrev  0x00000a92      0x291 synth.o
 .debug_abbrev  0x00000d23      0x280 tune.o
 .debug_abbrev  0x00000fa3       0xd4 utils.o
 .debug_abbrev  0x00001077      0x105 xnormidi-develop/bytequeue/bytequeue.o
 .debug_abbrev  0x0000117c       0x83 xnormidi-develop/bytequeue/interrupt_setting.o
 .debug_abbrev  0x000011ff      0x1b1 xnormidi-develop/midi.o
 .debug_abbrev  0x000013b0      0x193 xnormidi-develop/midi_device.o
 .debug_abbrev  0x00001543       0xf0 xnormidi-develop/sysex_tools.o
 .debug_abbrev  0x00001633       0x14 c:/program files (x86)/atmel/atmel studio 6.0/extensions/atmel/avrgcc/3.4.1.95/avrtoolchain/bin/../lib/gcc/avr/4.6.2/avr5\libgcc.a(_mulsi3.o)
 .debug_abbrev  0x00001647       0x14 c:/program files (x86)/atmel/atmel studio 6.0/extensions/atmel/avrgcc/3.4.1.95/avrtoolchain/bin/../lib/gcc/avr/4.6.2/avr5\libgcc.a(_udivmodhi4.o)
 .debug_abbrev  0x0000165b       0x14 c:/program files (x86)/atmel/atmel studio 6.0/extensions/atmel/avrgcc/3.4.1.95/avrtoolchain/bin/../lib/gcc/avr/4.6.2/avr5\libgcc.a(_divmodhi4.o)
 .debug_abbrev  0x0000166f       0x14 c:/program files (x86)/atmel/atmel studio 6.0/extensions/atmel/avrgcc/3.4.1.95/avrtoolchain/bin/../lib/gcc/avr/4.6.2/avr5\libgcc.a(_exit.o)
 .debug_abbrev  0x00001683       0x14 c:/program files (x86)/atmel/atmel studio 6.0/extensions/atmel/avrgcc/3.4.1.95/avrtoolchain/bin/../lib/gcc/avr/4.6.2/avr5\libgcc.a(_copy_data.o)
 .debug_abbrev  0x00001697       0x14 c:/program files (x86)/atmel/atmel studio 6.0/extensions/atmel/avrgcc/3.4.1.95/avrtoolchain/bin/../lib/gcc/avr/4.6.2/avr5\libgcc.a(_clear_bss.o)

.debug_line     0x00000000     0x201b
 *(.debug_line)
 .debug_line    0x00000000      0x196 adc.o
 .debug_line    0x00000196      0x10c assigner.o
 .debug_line    0x000002a2       0xe9 clock.o
 .debug_line    0x0000038b      0x1a1 dac.o
 .debug_line    0x0000052c      0x11d display.o
 .debug_line    0x00000649      0x103 interrupts.o
 .debug_line    0x0000074c       0x1a midi.o
 .debug_line    0x00000766      0x2c3 monapollo-firmware.o
 .debug_line    0x00000a29      0x17f scan_pots_and_update_control_voltages.o
 .debug_line    0x00000ba8      0x13b spi.o
 .debug_line    0x00000ce3      0x322 synth.o
 .debug_line    0x00001005      0x3b9 tune.o
 .debug_line    0x000013be      0x10a utils.o
 .debug_line    0x000014c8      0x132 xnormidi-develop/bytequeue/bytequeue.o
 .debug_line    0x000015fa      0x114 xnormidi-develop/bytequeue/interrupt_setting.o
 .debug_line    0x0000170e      0x1f5 xnormidi-develop/midi.o
 .debug_line    0x00001903      0x211 xnormidi-develop/midi_device.o
 .debug_line    0x00001b14      0x188 xnormidi-develop/sysex_tools.o
 .debug_line    0x00001c9c       0xa5 c:/program files (x86)/atmel/atmel studio 6.0/extensions/atmel/avrgcc/3.4.1.95/avrtoolchain/bin/../lib/gcc/avr/4.6.2/avr5\libgcc.a(_mulsi3.o)
 .debug_line    0x00001d41       0x9a c:/program files (x86)/atmel/atmel studio 6.0/extensions/atmel/avrgcc/3.4.1.95/avrtoolchain/bin/../lib/gcc/avr/4.6.2/avr5\libgcc.a(_udivmodhi4.o)
 .debug_line    0x00001ddb       0x99 c:/program files (x86)/atmel/atmel studio 6.0/extensions/atmel/avrgcc/3.4.1.95/avrtoolchain/bin/../lib/gcc/avr/4.6.2/avr5\libgcc.a(_divmodhi4.o)
 .debug_line    0x00001e74       0x88 c:/program files (x86)/atmel/atmel studio 6.0/extensions/atmel/avrgcc/3.4.1.95/avrtoolchain/bin/../lib/gcc/avr/4.6.2/avr5\libgcc.a(_exit.o)
 .debug_line    0x00001efc       0x91 c:/program files (x86)/atmel/atmel studio 6.0/extensions/atmel/avrgcc/3.4.1.95/avrtoolchain/bin/../lib/gcc/avr/4.6.2/avr5\libgcc.a(_copy_data.o)
 .debug_line    0x00001f8d       0x8e c:/program files (x86)/atmel/atmel studio 6.0/extensions/atmel/avrgcc/3.4.1.95/avrtoolchain/bin/../lib/gcc/avr/4.6.2/avr5\libgcc.a(_clear_bss.o)

.debug_frame    0x00000000      0xca0
 *(.debug_frame)
 .debug_frame   0x00000000       0x34 adc.o
 .debug_frame   0x00000034       0x60 assigner.o
 .debug_frame   0x00000094       0x34 clock.o
 .debug_frame   0x000000c8       0x34 dac.o
 .debug_frame   0x000000fc       0x54 display.o
 .debug_frame   0x00000150       0x84 interrupts.o
 .debug_frame   0x000001d4       0xcc monapollo-firmware.o
 .debug_frame   0x000002a0       0x70 scan_pots_and_update_control_voltages.o
 .debug_frame   0x00000310       0x44 spi.o
 .debug_frame   0x00000354       0xf0 synth.o
 .debug_frame   0x00000444      0x1c4 tune.o
 .debug_frame   0x00000608       0x34 utils.o
 .debug_frame   0x0000063c       0x90 xnormidi-develop/bytequeue/bytequeue.o
 .debug_frame   0x000006cc       0x34 xnormidi-develop/bytequeue/interrupt_setting.o
 .debug_frame   0x00000700      0x378 xnormidi-develop/midi.o
 .debug_frame   0x00000a78      0x12c xnormidi-develop/midi_device.o
 .debug_frame   0x00000ba4       0xfc xnormidi-develop/sysex_tools.o

.debug_str      0x00000000     0x18a1
 *(.debug_str)
 .debug_str     0x00000000      0x2de adc.o
                                0x318 (size before relaxing)
 .debug_str     0x000002de       0x6f assigner.o
                                0x156 (size before relaxing)
 .debug_str     0x0000034d       0x60 clock.o
                                0x156 (size before relaxing)
 .debug_str     0x000003ad      0x19e dac.o
                                0x300 (size before relaxing)
 .debug_str     0x0000054b      0x1fe display.o
                                0x2f4 (size before relaxing)
 .debug_str     0x00000749       0x7c interrupts.o
                                0x195 (size before relaxing)
 .debug_str     0x000007c5        0xc midi.o
                                 0xd9 (size before relaxing)
 .debug_str     0x000007d1      0x3f7 monapollo-firmware.o
                                0x73f (size before relaxing)
 .debug_str     0x00000bc8      0x10b scan_pots_and_update_control_voltages.o
                                0x5e1 (size before relaxing)
 .debug_str     0x00000cd3       0xa6 spi.o
                                0x34a (size before relaxing)
 .debug_str     0x00000d79      0x1c3 synth.o
                                0x557 (size before relaxing)
 .debug_str     0x00000f3c      0x1f7 tune.o
                                0x593 (size before relaxing)
 .debug_str     0x00001133       0x72 utils.o
                                0x174 (size before relaxing)
 .debug_str     0x000011a5       0xb9 xnormidi-develop/bytequeue/bytequeue.o
                                0x1d1 (size before relaxing)
 .debug_str     0x0000125e       0x6b xnormidi-develop/bytequeue/interrupt_setting.o
                                0x15c (size before relaxing)
 .debug_str     0x000012c9      0x425 xnormidi-develop/midi.o
                                0x83f (size before relaxing)
 .debug_str     0x000016ee       0xde xnormidi-develop/midi_device.o
                                0x4ff (size before relaxing)
 .debug_str     0x000017cc       0xd5 xnormidi-develop/sysex_tools.o
                                0x1df (size before relaxing)

.debug_loc      0x00000000     0x2cf1
 *(.debug_loc)
 .debug_loc     0x00000000       0x56 adc.o
 .debug_loc     0x00000056      0x16b assigner.o
 .debug_loc     0x000001c1       0x24 clock.o
 .debug_loc     0x000001e5       0x40 dac.o
 .debug_loc     0x00000225      0x2b0 display.o
 .debug_loc     0x000004d5       0xdb interrupts.o
 .debug_loc     0x000005b0      0x290 monapollo-firmware.o
 .debug_loc     0x00000840      0x21b scan_pots_and_update_control_voltages.o
 .debug_loc     0x00000a5b       0x1f spi.o
 .debug_loc     0x00000a7a      0x232 synth.o
 .debug_loc     0x00000cac      0x839 tune.o
 .debug_loc     0x000014e5       0x4b utils.o
 .debug_loc     0x00001530      0x229 xnormidi-develop/bytequeue/bytequeue.o
 .debug_loc     0x00001759      0x963 xnormidi-develop/midi.o
 .debug_loc     0x000020bc      0x668 xnormidi-develop/midi_device.o
 .debug_loc     0x00002724      0x5cd xnormidi-develop/sysex_tools.o

.debug_macinfo
 *(.debug_macinfo)
OUTPUT(monapollo-firmware.elf elf32-avr)
LOAD linker stubs

.debug_ranges   0x00000000       0xe0
 .debug_ranges  0x00000000       0x98 tune.o
 .debug_ranges  0x00000098       0x48 xnormidi-develop/sysex_tools.o
