Archive member included because of file (symbol)

c:/program files (x86)/atmel/atmel studio 6.0/extensions/atmel/avrgcc/3.4.1.95/avrtoolchain/bin/../lib/gcc/avr/4.6.2/avr5\libgcc.a(_udivmodhi4.o)
                              display.o (__udivmodhi4)
c:/program files (x86)/atmel/atmel studio 6.0/extensions/atmel/avrgcc/3.4.1.95/avrtoolchain/bin/../lib/gcc/avr/4.6.2/avr5\libgcc.a(_divmodhi4.o)
                              xnormidi-develop/bytequeue/bytequeue.o (__divmodhi4)
c:/program files (x86)/atmel/atmel studio 6.0/extensions/atmel/avrgcc/3.4.1.95/avrtoolchain/bin/../lib/gcc/avr/4.6.2/avr5\libgcc.a(_exit.o)
                              c:/program files (x86)/atmel/atmel studio 6.0/extensions/atmel/avrgcc/3.4.1.95/avrtoolchain/bin/../lib/gcc/avr/4.6.2/../../../../avr/lib/avr5/crtm6450a.o (exit)
c:/program files (x86)/atmel/atmel studio 6.0/extensions/atmel/avrgcc/3.4.1.95/avrtoolchain/bin/../lib/gcc/avr/4.6.2/avr5\libgcc.a(_copy_data.o)
                              adc.o (__do_copy_data)
c:/program files (x86)/atmel/atmel studio 6.0/extensions/atmel/avrgcc/3.4.1.95/avrtoolchain/bin/../lib/gcc/avr/4.6.2/avr5\libgcc.a(_clear_bss.o)
                              adc.o (__do_clear_bss)
c:/program files (x86)/atmel/atmel studio 6.0/extensions/atmel/avrgcc/3.4.1.95/avrtoolchain/bin/../lib/gcc/avr/4.6.2/../../../../avr/lib/avr5\libc.a(memcpy.o)
                              xnormidi-develop/midi.o (memcpy)

Allocating common symbols
Common symbol       size              file

midi_device         0xed              monapollo-firmware.o

Memory Configuration

Name             Origin             Length             Attributes
text             0x00000000         0x00020000         xr
data             0x00800060         0x0000ffa0         rw !x
eeprom           0x00810000         0x00010000         rw !x
fuse             0x00820000         0x00000400         rw !x
lock             0x00830000         0x00000400         rw !x
signature        0x00840000         0x00000400         rw !x
*default*        0x00000000         0xffffffff

Linker script and memory map

Address of section .data set to 0x800100
LOAD c:/program files (x86)/atmel/atmel studio 6.0/extensions/atmel/avrgcc/3.4.1.95/avrtoolchain/bin/../lib/gcc/avr/4.6.2/../../../../avr/lib/avr5/crtm6450a.o
LOAD adc.o
LOAD dac.o
LOAD display.o
LOAD midi.o
LOAD monapollo-firmware.o
LOAD scan_pots_and_update_control_voltages.o
LOAD spi.o
LOAD tune.o
LOAD xnormidi-develop/bytequeue/bytequeue.o
LOAD xnormidi-develop/bytequeue/interrupt_setting.o
LOAD xnormidi-develop/midi.o
LOAD xnormidi-develop/midi_device.o
LOAD xnormidi-develop/sysex_tools.o
START GROUP
LOAD c:/program files (x86)/atmel/atmel studio 6.0/extensions/atmel/avrgcc/3.4.1.95/avrtoolchain/bin/../lib/gcc/avr/4.6.2/../../../../avr/lib/avr5\libm.a
END GROUP
LOAD c:/program files (x86)/atmel/atmel studio 6.0/extensions/atmel/avrgcc/3.4.1.95/avrtoolchain/bin/../lib/gcc/avr/4.6.2/avr5\libgcc.a
LOAD c:/program files (x86)/atmel/atmel studio 6.0/extensions/atmel/avrgcc/3.4.1.95/avrtoolchain/bin/../lib/gcc/avr/4.6.2/../../../../avr/lib/avr5\libc.a
LOAD c:/program files (x86)/atmel/atmel studio 6.0/extensions/atmel/avrgcc/3.4.1.95/avrtoolchain/bin/../lib/gcc/avr/4.6.2/avr5\libgcc.a

.hash
 *(.hash)

.dynsym
 *(.dynsym)

.dynstr
 *(.dynstr)

.gnu.version
 *(.gnu.version)

.gnu.version_d
 *(.gnu.version_d)

.gnu.version_r
 *(.gnu.version_r)

.rel.init
 *(.rel.init)

.rela.init
 *(.rela.init)

.rel.text
 *(.rel.text)
 *(.rel.text.*)
 *(.rel.gnu.linkonce.t*)

.rela.text
 *(.rela.text)
 *(.rela.text.*)
 *(.rela.gnu.linkonce.t*)

.rel.fini
 *(.rel.fini)

.rela.fini
 *(.rela.fini)

.rel.rodata
 *(.rel.rodata)
 *(.rel.rodata.*)
 *(.rel.gnu.linkonce.r*)

.rela.rodata
 *(.rela.rodata)
 *(.rela.rodata.*)
 *(.rela.gnu.linkonce.r*)

.rel.data
 *(.rel.data)
 *(.rel.data.*)
 *(.rel.gnu.linkonce.d*)

.rela.data
 *(.rela.data)
 *(.rela.data.*)
 *(.rela.gnu.linkonce.d*)

.rel.ctors
 *(.rel.ctors)

.rela.ctors
 *(.rela.ctors)

.rel.dtors
 *(.rel.dtors)

.rela.dtors
 *(.rela.dtors)

.rel.got
 *(.rel.got)

.rela.got
 *(.rela.got)

.rel.bss
 *(.rel.bss)

.rela.bss
 *(.rela.bss)

.rel.plt
 *(.rel.plt)

.rela.plt
 *(.rela.plt)

.text           0x00000000     0x1866
 *(.vectors)
 .vectors       0x00000000       0x64 c:/program files (x86)/atmel/atmel studio 6.0/extensions/atmel/avrgcc/3.4.1.95/avrtoolchain/bin/../lib/gcc/avr/4.6.2/../../../../avr/lib/avr5/crtm6450a.o
                0x00000000                __vector_default
                0x00000000                __vectors
 *(.vectors)
 *(.progmem.gcc*)
 *(.progmem*)
                0x00000064                . = ALIGN (0x2)
                0x00000064                __trampolines_start = .
 *(.trampolines)
 .trampolines   0x00000064        0x0 linker stubs
 *(.trampolines*)
                0x00000064                __trampolines_end = .
 *(.jumptables)
 *(.jumptables*)
 *(.lowtext)
 *(.lowtext*)
                0x00000064                __ctors_start = .
 *(.ctors)
                0x00000064                __ctors_end = .
                0x00000064                __dtors_start = .
 *(.dtors)
                0x00000064                __dtors_end = .
 SORT(*)(.ctors)
 SORT(*)(.dtors)
 *(.init0)
 .init0         0x00000064        0x0 c:/program files (x86)/atmel/atmel studio 6.0/extensions/atmel/avrgcc/3.4.1.95/avrtoolchain/bin/../lib/gcc/avr/4.6.2/../../../../avr/lib/avr5/crtm6450a.o
                0x00000064                __init
 *(.init0)
 *(.init1)
 *(.init1)
 *(.init2)
 .init2         0x00000064        0xc c:/program files (x86)/atmel/atmel studio 6.0/extensions/atmel/avrgcc/3.4.1.95/avrtoolchain/bin/../lib/gcc/avr/4.6.2/../../../../avr/lib/avr5/crtm6450a.o
 *(.init2)
 *(.init3)
 *(.init3)
 *(.init4)
 .init4         0x00000070       0x16 c:/program files (x86)/atmel/atmel studio 6.0/extensions/atmel/avrgcc/3.4.1.95/avrtoolchain/bin/../lib/gcc/avr/4.6.2/avr5\libgcc.a(_copy_data.o)
                0x00000070                __do_copy_data
 .init4         0x00000086       0x10 c:/program files (x86)/atmel/atmel studio 6.0/extensions/atmel/avrgcc/3.4.1.95/avrtoolchain/bin/../lib/gcc/avr/4.6.2/avr5\libgcc.a(_clear_bss.o)
                0x00000086                __do_clear_bss
 *(.init4)
 *(.init5)
 *(.init5)
 *(.init6)
 *(.init6)
 *(.init7)
 *(.init7)
 *(.init8)
 *(.init8)
 *(.init9)
 .init9         0x00000096        0x8 c:/program files (x86)/atmel/atmel studio 6.0/extensions/atmel/avrgcc/3.4.1.95/avrtoolchain/bin/../lib/gcc/avr/4.6.2/../../../../avr/lib/avr5/crtm6450a.o
 *(.init9)
 *(.text)
 .text          0x0000009e        0x4 c:/program files (x86)/atmel/atmel studio 6.0/extensions/atmel/avrgcc/3.4.1.95/avrtoolchain/bin/../lib/gcc/avr/4.6.2/../../../../avr/lib/avr5/crtm6450a.o
                0x0000009e                __vector_22
                0x0000009e                __vector_1
                0x0000009e                __vector_24
                0x0000009e                __vector_12
                0x0000009e                __bad_interrupt
                0x0000009e                __vector_6
                0x0000009e                __vector_3
                0x0000009e                __vector_23
                0x0000009e                __vector_11
                0x0000009e                __vector_17
                0x0000009e                __vector_19
                0x0000009e                __vector_7
                0x0000009e                __vector_4
                0x0000009e                __vector_9
                0x0000009e                __vector_2
                0x0000009e                __vector_21
                0x0000009e                __vector_15
                0x0000009e                __vector_8
                0x0000009e                __vector_14
                0x0000009e                __vector_16
                0x0000009e                __vector_18
                0x0000009e                __vector_20
 .text          0x000000a2       0x7e adc.o
                0x000000a2                setup_adc
                0x000000c8                read_pot
 .text          0x00000120       0xcc dac.o
                0x00000120                set_control_voltage
                0x00000178                setup_dac
                0x000001aa                set_dac
 .text          0x000001ec       0xe2 display.o
                0x000001ec                display_dec
 .text          0x000002ce        0x0 midi.o
 .text          0x000002ce      0x1de monapollo-firmware.o
                0x000002ce                note_on_event
                0x000002e4                note_off_event
                0x000002e8                setup_midi_usart
                0x000002fa                __vector_13
                0x00000364                __vector_5
                0x000003f2                __vector_10
                0x00000412                main
 .text          0x000004ac      0x178 scan_pots_and_update_control_voltages.o
                0x000004ac                scan_pots_and_update_control_voltages
 .text          0x00000624      0x312 spi.o
                0x00000624                setup_spi
                0x00000662                update_spi
 .text          0x00000936      0x156 tune.o
                0x00000936                set_vco_init_cv
 .text          0x00000a8c       0xec xnormidi-develop/bytequeue/bytequeue.o
                0x00000a8c                bytequeue_init
                0x00000a9a                bytequeue_enqueue
                0x00000af8                bytequeue_length
                0x00000b22                bytequeue_get
                0x00000b44                bytequeue_remove
 .text          0x00000b78        0xa xnormidi-develop/bytequeue/interrupt_setting.o
                0x00000b78                store_and_clear_interrupt
                0x00000b7e                restore_interrupt_setting
 .text          0x00000b82      0x416 xnormidi-develop/midi.o
                0x00000b82                midi_is_statusbyte
                0x00000b8a                midi_is_realtime
                0x00000b96                midi_packet_length
                0x00000c26                midi_send_cc
                0x00000c48                midi_send_noteon
                0x00000c6a                midi_send_noteoff
                0x00000c8c                midi_send_aftertouch
                0x00000cae                midi_send_pitchbend
                0x00000cfc                midi_send_programchange
                0x00000d1a                midi_send_channelpressure
                0x00000d38                midi_send_clock
                0x00000d50                midi_send_tick
                0x00000d68                midi_send_start
                0x00000d80                midi_send_continue
                0x00000d98                midi_send_stop
                0x00000db0                midi_send_activesense
                0x00000dc8                midi_send_reset
                0x00000de0                midi_send_tcquarterframe
                0x00000dfa                midi_send_songposition
                0x00000e24                midi_send_songselect
                0x00000e3e                midi_send_tunerequest
                0x00000e56                midi_send_byte
                0x00000e6e                midi_send_data
                0x00000e7c                midi_send_array
                0x00000f20                midi_register_cc_callback
                0x00000f28                midi_register_noteon_callback
                0x00000f30                midi_register_noteoff_callback
                0x00000f38                midi_register_aftertouch_callback
                0x00000f40                midi_register_pitchbend_callback
                0x00000f48                midi_register_songposition_callback
                0x00000f50                midi_register_progchange_callback
                0x00000f58                midi_register_chanpressure_callback
                0x00000f60                midi_register_songselect_callback
                0x00000f68                midi_register_tc_quarterframe_callback
                0x00000f70                midi_register_realtime_callback
                0x00000f78                midi_register_tunerequest_callback
                0x00000f80                midi_register_sysex_callback
                0x00000f88                midi_register_fallthrough_callback
                0x00000f90                midi_register_catchall_callback
 .text          0x00000f98      0x52c xnormidi-develop/midi_device.o
                0x00000f98                midi_device_init
                0x00000ffa                midi_device_input
                0x00001040                midi_device_set_send_func
                0x00001048                midi_device_set_pre_input_process_func
                0x00001050                midi_input_callbacks
                0x00001298                midi_process_byte
                0x0000144e                midi_device_process
 .text          0x000014c4      0x33e xnormidi-develop/sysex_tools.o
                0x000014c4                sysex_encoded_length
                0x0000150e                sysex_decoded_length
                0x0000155e                sysex_encode
                0x000016d8                sysex_decode
 .text          0x00001802        0x0 c:/program files (x86)/atmel/atmel studio 6.0/extensions/atmel/avrgcc/3.4.1.95/avrtoolchain/bin/../lib/gcc/avr/4.6.2/avr5\libgcc.a(_udivmodhi4.o)
 .text          0x00001802        0x0 c:/program files (x86)/atmel/atmel studio 6.0/extensions/atmel/avrgcc/3.4.1.95/avrtoolchain/bin/../lib/gcc/avr/4.6.2/avr5\libgcc.a(_divmodhi4.o)
 .text          0x00001802        0x0 c:/program files (x86)/atmel/atmel studio 6.0/extensions/atmel/avrgcc/3.4.1.95/avrtoolchain/bin/../lib/gcc/avr/4.6.2/avr5\libgcc.a(_exit.o)
 .text          0x00001802        0x0 c:/program files (x86)/atmel/atmel studio 6.0/extensions/atmel/avrgcc/3.4.1.95/avrtoolchain/bin/../lib/gcc/avr/4.6.2/avr5\libgcc.a(_copy_data.o)
 .text          0x00001802        0x0 c:/program files (x86)/atmel/atmel studio 6.0/extensions/atmel/avrgcc/3.4.1.95/avrtoolchain/bin/../lib/gcc/avr/4.6.2/avr5\libgcc.a(_clear_bss.o)
 .text          0x00001802        0x0 c:/program files (x86)/atmel/atmel studio 6.0/extensions/atmel/avrgcc/3.4.1.95/avrtoolchain/bin/../lib/gcc/avr/4.6.2/../../../../avr/lib/avr5\libc.a(memcpy.o)
                0x00001802                . = ALIGN (0x2)
 *(.text.*)
 .text.libgcc   0x00001802       0x28 c:/program files (x86)/atmel/atmel studio 6.0/extensions/atmel/avrgcc/3.4.1.95/avrtoolchain/bin/../lib/gcc/avr/4.6.2/avr5\libgcc.a(_udivmodhi4.o)
                0x00001802                __udivmodhi4
 .text.libgcc   0x0000182a       0x26 c:/program files (x86)/atmel/atmel studio 6.0/extensions/atmel/avrgcc/3.4.1.95/avrtoolchain/bin/../lib/gcc/avr/4.6.2/avr5\libgcc.a(_divmodhi4.o)
                0x0000182a                _div
                0x0000182a                __divmodhi4
 .text.libgcc   0x00001850        0x0 c:/program files (x86)/atmel/atmel studio 6.0/extensions/atmel/avrgcc/3.4.1.95/avrtoolchain/bin/../lib/gcc/avr/4.6.2/avr5\libgcc.a(_exit.o)
 .text.libgcc   0x00001850        0x0 c:/program files (x86)/atmel/atmel studio 6.0/extensions/atmel/avrgcc/3.4.1.95/avrtoolchain/bin/../lib/gcc/avr/4.6.2/avr5\libgcc.a(_copy_data.o)
 .text.libgcc   0x00001850        0x0 c:/program files (x86)/atmel/atmel studio 6.0/extensions/atmel/avrgcc/3.4.1.95/avrtoolchain/bin/../lib/gcc/avr/4.6.2/avr5\libgcc.a(_clear_bss.o)
 .text.avr-libc
                0x00001850       0x12 c:/program files (x86)/atmel/atmel studio 6.0/extensions/atmel/avrgcc/3.4.1.95/avrtoolchain/bin/../lib/gcc/avr/4.6.2/../../../../avr/lib/avr5\libc.a(memcpy.o)
                0x00001850                memcpy
                0x00001862                . = ALIGN (0x2)
 *(.fini9)
 .fini9         0x00001862        0x0 c:/program files (x86)/atmel/atmel studio 6.0/extensions/atmel/avrgcc/3.4.1.95/avrtoolchain/bin/../lib/gcc/avr/4.6.2/avr5\libgcc.a(_exit.o)
                0x00001862                _exit
                0x00001862                exit
 *(.fini9)
 *(.fini8)
 *(.fini8)
 *(.fini7)
 *(.fini7)
 *(.fini6)
 *(.fini6)
 *(.fini5)
 *(.fini5)
 *(.fini4)
 *(.fini4)
 *(.fini3)
 *(.fini3)
 *(.fini2)
 *(.fini2)
 *(.fini1)
 *(.fini1)
 *(.fini0)
 .fini0         0x00001862        0x4 c:/program files (x86)/atmel/atmel studio 6.0/extensions/atmel/avrgcc/3.4.1.95/avrtoolchain/bin/../lib/gcc/avr/4.6.2/avr5\libgcc.a(_exit.o)
 *(.fini0)
                0x00001866                _etext = .

.data           0x00800100       0x8c load address 0x00001866
                0x00800100                PROVIDE (__data_start, .)
 *(.data)
 .data          0x00800100        0x0 c:/program files (x86)/atmel/atmel studio 6.0/extensions/atmel/avrgcc/3.4.1.95/avrtoolchain/bin/../lib/gcc/avr/4.6.2/../../../../avr/lib/avr5/crtm6450a.o
 .data          0x00800100        0x0 adc.o
 .data          0x00800100       0x3e dac.o
                0x00800100                release_1_cv
                0x00800102                release_2_cv
                0x00800104                sustain_1_cv
                0x00800106                sustain_2_cv
                0x00800108                decay_1_cv
                0x0080010a                decay_2_cv
                0x0080010c                attack_1_cv
                0x0080010e                attack_2_cv
                0x00800110                noise_mix_cv
                0x00800112                fil_lfo_cv
                0x00800114                fil_vco2_cv
                0x00800116                key_track_cv
                0x00800118                cutoff_cv
                0x0080011a                res_cv
                0x0080011c                fil_eg2_cv
                0x0080011e                vco2_pw_cv
                0x00800120                volume_cv
                0x00800122                amp_lfo_cv
                0x00800124                glide_cv
                0x00800126                lfo_rate_cv
                0x00800128                tune_cv
                0x0080012a                fine_cv
                0x0080012c                vco1_pw_cv
                0x0080012e                pwm_eg2_cv
                0x00800130                pwm_lfo_cv
                0x00800132                pitch_lfo_cv
                0x00800134                pitch_eg2_cv
                0x00800136                vco1_mix_cv
                0x00800138                vco2_mix_cv
                0x0080013a                vco2_pitch_cv
                0x0080013c                vco1_pitch_cv
 .data          0x0080013e        0xa display.o
 .data          0x00800148        0x0 midi.o
 .data          0x00800148        0x6 monapollo-firmware.o
                0x00800148                digit
                0x0080014c                value_to_display
 .data          0x0080014e       0x3e scan_pots_and_update_control_voltages.o
                0x0080014e                pot_decoder_1
                0x0080016c                pot_decoder_0
 .data          0x0080018c        0x0 spi.o
 .data          0x0080018c        0x0 tune.o
 .data          0x0080018c        0x0 xnormidi-develop/bytequeue/bytequeue.o
 .data          0x0080018c        0x0 xnormidi-develop/bytequeue/interrupt_setting.o
 .data          0x0080018c        0x0 xnormidi-develop/midi.o
 .data          0x0080018c        0x0 xnormidi-develop/midi_device.o
 .data          0x0080018c        0x0 xnormidi-develop/sysex_tools.o
 .data          0x0080018c        0x0 c:/program files (x86)/atmel/atmel studio 6.0/extensions/atmel/avrgcc/3.4.1.95/avrtoolchain/bin/../lib/gcc/avr/4.6.2/avr5\libgcc.a(_udivmodhi4.o)
 .data          0x0080018c        0x0 c:/program files (x86)/atmel/atmel studio 6.0/extensions/atmel/avrgcc/3.4.1.95/avrtoolchain/bin/../lib/gcc/avr/4.6.2/avr5\libgcc.a(_divmodhi4.o)
 .data          0x0080018c        0x0 c:/program files (x86)/atmel/atmel studio 6.0/extensions/atmel/avrgcc/3.4.1.95/avrtoolchain/bin/../lib/gcc/avr/4.6.2/avr5\libgcc.a(_exit.o)
 .data          0x0080018c        0x0 c:/program files (x86)/atmel/atmel studio 6.0/extensions/atmel/avrgcc/3.4.1.95/avrtoolchain/bin/../lib/gcc/avr/4.6.2/avr5\libgcc.a(_copy_data.o)
 .data          0x0080018c        0x0 c:/program files (x86)/atmel/atmel studio 6.0/extensions/atmel/avrgcc/3.4.1.95/avrtoolchain/bin/../lib/gcc/avr/4.6.2/avr5\libgcc.a(_clear_bss.o)
 .data          0x0080018c        0x0 c:/program files (x86)/atmel/atmel studio 6.0/extensions/atmel/avrgcc/3.4.1.95/avrtoolchain/bin/../lib/gcc/avr/4.6.2/../../../../avr/lib/avr5\libc.a(memcpy.o)
 *(.data*)
 *(.rodata)
 *(.rodata*)
 *(.gnu.linkonce.d*)
                0x0080018c                . = ALIGN (0x2)
                0x0080018c                _edata = .
                0x0080018c                PROVIDE (__data_end, .)

.bss            0x0080018c      0x108
                0x0080018c                PROVIDE (__bss_start, .)
 *(.bss)
 .bss           0x0080018c        0x0 c:/program files (x86)/atmel/atmel studio 6.0/extensions/atmel/avrgcc/3.4.1.95/avrtoolchain/bin/../lib/gcc/avr/4.6.2/../../../../avr/lib/avr5/crtm6450a.o
 .bss           0x0080018c        0x0 adc.o
 .bss           0x0080018c        0x4 dac.o
                0x0080018c                arp_rate_null
                0x0080018e                pitch_vco2_cv
 .bss           0x00800190        0x0 display.o
 .bss           0x00800190        0x0 midi.o
 .bss           0x00800190        0x2 monapollo-firmware.o
                0x00800190                place
                0x00800191                switch_timer
 .bss           0x00800192        0x6 scan_pots_and_update_control_voltages.o
                0x00800192                tune_offset
                0x00800194                adc_value
                0x00800196                adc_previous
 .bss           0x00800198        0xf spi.o
                0x00800198                sw_latch_one
                0x00800199                sw_latch_two
                0x0080019a                sw_latch_three
                0x0080019b                sw_latch_four
                0x0080019c                sw_latch_five
                0x0080019d                spi_sw_previous_state
                0x0080019e                spi_sw_current_state
                0x0080019f                current_sw_state
                0x008001a0                previous_sw_state
                0x008001a1                ISW8_SW_ON
                0x008001a2                ISW4_SW_ON
                0x008001a3                ISW13_SW_ON
                0x008001a4                ISW12_SW_ON
                0x008001a5                ISW11_SW_ON
                0x008001a6                ISW9_SW_ON
 .bss           0x008001a7        0x0 tune.o
 .bss           0x008001a7        0x0 xnormidi-develop/bytequeue/bytequeue.o
 .bss           0x008001a7        0x0 xnormidi-develop/bytequeue/interrupt_setting.o
 .bss           0x008001a7        0x0 xnormidi-develop/midi.o
 .bss           0x008001a7        0x0 xnormidi-develop/midi_device.o
 .bss           0x008001a7        0x0 xnormidi-develop/sysex_tools.o
 .bss           0x008001a7        0x0 c:/program files (x86)/atmel/atmel studio 6.0/extensions/atmel/avrgcc/3.4.1.95/avrtoolchain/bin/../lib/gcc/avr/4.6.2/avr5\libgcc.a(_udivmodhi4.o)
 .bss           0x008001a7        0x0 c:/program files (x86)/atmel/atmel studio 6.0/extensions/atmel/avrgcc/3.4.1.95/avrtoolchain/bin/../lib/gcc/avr/4.6.2/avr5\libgcc.a(_divmodhi4.o)
 .bss           0x008001a7        0x0 c:/program files (x86)/atmel/atmel studio 6.0/extensions/atmel/avrgcc/3.4.1.95/avrtoolchain/bin/../lib/gcc/avr/4.6.2/avr5\libgcc.a(_exit.o)
 .bss           0x008001a7        0x0 c:/program files (x86)/atmel/atmel studio 6.0/extensions/atmel/avrgcc/3.4.1.95/avrtoolchain/bin/../lib/gcc/avr/4.6.2/avr5\libgcc.a(_copy_data.o)
 .bss           0x008001a7        0x0 c:/program files (x86)/atmel/atmel studio 6.0/extensions/atmel/avrgcc/3.4.1.95/avrtoolchain/bin/../lib/gcc/avr/4.6.2/avr5\libgcc.a(_clear_bss.o)
 .bss           0x008001a7        0x0 c:/program files (x86)/atmel/atmel studio 6.0/extensions/atmel/avrgcc/3.4.1.95/avrtoolchain/bin/../lib/gcc/avr/4.6.2/../../../../avr/lib/avr5\libc.a(memcpy.o)
 *(.bss*)
 *(COMMON)
 COMMON         0x008001a7       0xed monapollo-firmware.o
                0x008001a7                midi_device
                0x00800294                PROVIDE (__bss_end, .)
                0x00001866                __data_load_start = LOADADDR (.data)
                0x000018f2                __data_load_end = (__data_load_start + SIZEOF (.data))

.noinit         0x00800294        0x0
                0x00800294                PROVIDE (__noinit_start, .)
 *(.noinit*)
                0x00800294                PROVIDE (__noinit_end, .)
                0x00800294                _end = .
                0x00800294                PROVIDE (__heap_start, .)

.eeprom         0x00810000        0x0
 *(.eeprom*)
                0x00810000                __eeprom_end = .

.fuse
 *(.fuse)
 *(.lfuse)
 *(.hfuse)
 *(.efuse)

.lock
 *(.lock*)

.signature
 *(.signature*)

.stab           0x00000000      0x750
 *(.stab)
 .stab          0x00000000      0x6cc c:/program files (x86)/atmel/atmel studio 6.0/extensions/atmel/avrgcc/3.4.1.95/avrtoolchain/bin/../lib/gcc/avr/4.6.2/../../../../avr/lib/avr5/crtm6450a.o
 .stab          0x000006cc       0x84 c:/program files (x86)/atmel/atmel studio 6.0/extensions/atmel/avrgcc/3.4.1.95/avrtoolchain/bin/../lib/gcc/avr/4.6.2/../../../../avr/lib/avr5\libc.a(memcpy.o)
                                 0x90 (size before relaxing)

.stabstr        0x00000000       0xe7
 *(.stabstr)
 .stabstr       0x00000000       0xe7 c:/program files (x86)/atmel/atmel studio 6.0/extensions/atmel/avrgcc/3.4.1.95/avrtoolchain/bin/../lib/gcc/avr/4.6.2/../../../../avr/lib/avr5/crtm6450a.o

.stab.excl
 *(.stab.excl)

.stab.exclstr
 *(.stab.exclstr)

.stab.index
 *(.stab.index)

.stab.indexstr
 *(.stab.indexstr)

.comment
 *(.comment)

.debug
 *(.debug)

.line
 *(.line)

.debug_srcinfo
 *(.debug_srcinfo)

.debug_sfnames
 *(.debug_sfnames)

.debug_aranges  0x00000000      0x220
 *(.debug_aranges)
 .debug_aranges
                0x00000000       0x20 adc.o
 .debug_aranges
                0x00000020       0x20 dac.o
 .debug_aranges
                0x00000040       0x20 display.o
 .debug_aranges
                0x00000060       0x20 monapollo-firmware.o
 .debug_aranges
                0x00000080       0x20 scan_pots_and_update_control_voltages.o
 .debug_aranges
                0x000000a0       0x20 spi.o
 .debug_aranges
                0x000000c0       0x20 tune.o
 .debug_aranges
                0x000000e0       0x20 xnormidi-develop/bytequeue/bytequeue.o
 .debug_aranges
                0x00000100       0x20 xnormidi-develop/bytequeue/interrupt_setting.o
 .debug_aranges
                0x00000120       0x20 xnormidi-develop/midi.o
 .debug_aranges
                0x00000140       0x20 xnormidi-develop/midi_device.o
 .debug_aranges
                0x00000160       0x20 xnormidi-develop/sysex_tools.o
 .debug_aranges
                0x00000180       0x20 c:/program files (x86)/atmel/atmel studio 6.0/extensions/atmel/avrgcc/3.4.1.95/avrtoolchain/bin/../lib/gcc/avr/4.6.2/avr5\libgcc.a(_udivmodhi4.o)
 .debug_aranges
                0x000001a0       0x20 c:/program files (x86)/atmel/atmel studio 6.0/extensions/atmel/avrgcc/3.4.1.95/avrtoolchain/bin/../lib/gcc/avr/4.6.2/avr5\libgcc.a(_divmodhi4.o)
 .debug_aranges
                0x000001c0       0x20 c:/program files (x86)/atmel/atmel studio 6.0/extensions/atmel/avrgcc/3.4.1.95/avrtoolchain/bin/../lib/gcc/avr/4.6.2/avr5\libgcc.a(_exit.o)
 .debug_aranges
                0x000001e0       0x20 c:/program files (x86)/atmel/atmel studio 6.0/extensions/atmel/avrgcc/3.4.1.95/avrtoolchain/bin/../lib/gcc/avr/4.6.2/avr5\libgcc.a(_copy_data.o)
 .debug_aranges
                0x00000200       0x20 c:/program files (x86)/atmel/atmel studio 6.0/extensions/atmel/avrgcc/3.4.1.95/avrtoolchain/bin/../lib/gcc/avr/4.6.2/avr5\libgcc.a(_clear_bss.o)

.debug_pubnames
 *(.debug_pubnames)

.debug_info     0x00000000     0x357e
 *(.debug_info)
 .debug_info    0x00000000      0x165 adc.o
 .debug_info    0x00000165      0x4d3 dac.o
 .debug_info    0x00000638       0xd5 display.o
 .debug_info    0x0000070d       0x5e midi.o
 .debug_info    0x0000076b      0x570 monapollo-firmware.o
 .debug_info    0x00000cdb      0x509 scan_pots_and_update_control_voltages.o
 .debug_info    0x000011e4      0x2cf spi.o
 .debug_info    0x000014b3      0x33a tune.o
 .debug_info    0x000017ed      0x23e xnormidi-develop/bytequeue/bytequeue.o
 .debug_info    0x00001a2b       0xc2 xnormidi-develop/bytequeue/interrupt_setting.o
 .debug_info    0x00001aed      0xd19 xnormidi-develop/midi.o
 .debug_info    0x00002806      0x657 xnormidi-develop/midi_device.o
 .debug_info    0x00002e5d      0x2d0 xnormidi-develop/sysex_tools.o
 .debug_info    0x0000312d       0xdd c:/program files (x86)/atmel/atmel studio 6.0/extensions/atmel/avrgcc/3.4.1.95/avrtoolchain/bin/../lib/gcc/avr/4.6.2/avr5\libgcc.a(_udivmodhi4.o)
 .debug_info    0x0000320a       0xdd c:/program files (x86)/atmel/atmel studio 6.0/extensions/atmel/avrgcc/3.4.1.95/avrtoolchain/bin/../lib/gcc/avr/4.6.2/avr5\libgcc.a(_divmodhi4.o)
 .debug_info    0x000032e7       0xdd c:/program files (x86)/atmel/atmel studio 6.0/extensions/atmel/avrgcc/3.4.1.95/avrtoolchain/bin/../lib/gcc/avr/4.6.2/avr5\libgcc.a(_exit.o)
 .debug_info    0x000033c4       0xdd c:/program files (x86)/atmel/atmel studio 6.0/extensions/atmel/avrgcc/3.4.1.95/avrtoolchain/bin/../lib/gcc/avr/4.6.2/avr5\libgcc.a(_copy_data.o)
 .debug_info    0x000034a1       0xdd c:/program files (x86)/atmel/atmel studio 6.0/extensions/atmel/avrgcc/3.4.1.95/avrtoolchain/bin/../lib/gcc/avr/4.6.2/avr5\libgcc.a(_clear_bss.o)
 *(.gnu.linkonce.wi.*)

.debug_abbrev   0x00000000      0xd48
 *(.debug_abbrev)
 .debug_abbrev  0x00000000       0xfe adc.o
 .debug_abbrev  0x000000fe      0x156 dac.o
 .debug_abbrev  0x00000254       0x8b display.o
 .debug_abbrev  0x000002df       0x2a midi.o
 .debug_abbrev  0x00000309      0x178 monapollo-firmware.o
 .debug_abbrev  0x00000481       0xf4 scan_pots_and_update_control_voltages.o
 .debug_abbrev  0x00000575      0x109 spi.o
 .debug_abbrev  0x0000067e       0xaa tune.o
 .debug_abbrev  0x00000728      0x105 xnormidi-develop/bytequeue/bytequeue.o
 .debug_abbrev  0x0000082d       0x83 xnormidi-develop/bytequeue/interrupt_setting.o
 .debug_abbrev  0x000008b0      0x1b1 xnormidi-develop/midi.o
 .debug_abbrev  0x00000a61      0x193 xnormidi-develop/midi_device.o
 .debug_abbrev  0x00000bf4       0xf0 xnormidi-develop/sysex_tools.o
 .debug_abbrev  0x00000ce4       0x14 c:/program files (x86)/atmel/atmel studio 6.0/extensions/atmel/avrgcc/3.4.1.95/avrtoolchain/bin/../lib/gcc/avr/4.6.2/avr5\libgcc.a(_udivmodhi4.o)
 .debug_abbrev  0x00000cf8       0x14 c:/program files (x86)/atmel/atmel studio 6.0/extensions/atmel/avrgcc/3.4.1.95/avrtoolchain/bin/../lib/gcc/avr/4.6.2/avr5\libgcc.a(_divmodhi4.o)
 .debug_abbrev  0x00000d0c       0x14 c:/program files (x86)/atmel/atmel studio 6.0/extensions/atmel/avrgcc/3.4.1.95/avrtoolchain/bin/../lib/gcc/avr/4.6.2/avr5\libgcc.a(_exit.o)
 .debug_abbrev  0x00000d20       0x14 c:/program files (x86)/atmel/atmel studio 6.0/extensions/atmel/avrgcc/3.4.1.95/avrtoolchain/bin/../lib/gcc/avr/4.6.2/avr5\libgcc.a(_copy_data.o)
 .debug_abbrev  0x00000d34       0x14 c:/program files (x86)/atmel/atmel studio 6.0/extensions/atmel/avrgcc/3.4.1.95/avrtoolchain/bin/../lib/gcc/avr/4.6.2/avr5\libgcc.a(_clear_bss.o)

.debug_line     0x00000000     0x14a2
 *(.debug_line)
 .debug_line    0x00000000      0x188 adc.o
 .debug_line    0x00000188      0x1bf dac.o
 .debug_line    0x00000347       0xe7 display.o
 .debug_line    0x0000042e       0x1a midi.o
 .debug_line    0x00000448      0x18f monapollo-firmware.o
 .debug_line    0x000005d7      0x12c scan_pots_and_update_control_voltages.o
 .debug_line    0x00000703      0x1f6 spi.o
 .debug_line    0x000008f9       0xfb tune.o
 .debug_line    0x000009f4      0x132 xnormidi-develop/bytequeue/bytequeue.o
 .debug_line    0x00000b26      0x114 xnormidi-develop/bytequeue/interrupt_setting.o
 .debug_line    0x00000c3a      0x1f5 xnormidi-develop/midi.o
 .debug_line    0x00000e2f      0x211 xnormidi-develop/midi_device.o
 .debug_line    0x00001040      0x188 xnormidi-develop/sysex_tools.o
 .debug_line    0x000011c8       0x9a c:/program files (x86)/atmel/atmel studio 6.0/extensions/atmel/avrgcc/3.4.1.95/avrtoolchain/bin/../lib/gcc/avr/4.6.2/avr5\libgcc.a(_udivmodhi4.o)
 .debug_line    0x00001262       0x99 c:/program files (x86)/atmel/atmel studio 6.0/extensions/atmel/avrgcc/3.4.1.95/avrtoolchain/bin/../lib/gcc/avr/4.6.2/avr5\libgcc.a(_divmodhi4.o)
 .debug_line    0x000012fb       0x88 c:/program files (x86)/atmel/atmel studio 6.0/extensions/atmel/avrgcc/3.4.1.95/avrtoolchain/bin/../lib/gcc/avr/4.6.2/avr5\libgcc.a(_exit.o)
 .debug_line    0x00001383       0x91 c:/program files (x86)/atmel/atmel studio 6.0/extensions/atmel/avrgcc/3.4.1.95/avrtoolchain/bin/../lib/gcc/avr/4.6.2/avr5\libgcc.a(_copy_data.o)
 .debug_line    0x00001414       0x8e c:/program files (x86)/atmel/atmel studio 6.0/extensions/atmel/avrgcc/3.4.1.95/avrtoolchain/bin/../lib/gcc/avr/4.6.2/avr5\libgcc.a(_clear_bss.o)

.debug_frame    0x00000000      0x910
 *(.debug_frame)
 .debug_frame   0x00000000       0x34 adc.o
 .debug_frame   0x00000034       0x44 dac.o
 .debug_frame   0x00000078       0x34 display.o
 .debug_frame   0x000000ac      0x134 monapollo-firmware.o
 .debug_frame   0x000001e0       0x58 scan_pots_and_update_control_voltages.o
 .debug_frame   0x00000238       0x48 spi.o
 .debug_frame   0x00000280       0x2c tune.o
 .debug_frame   0x000002ac       0x90 xnormidi-develop/bytequeue/bytequeue.o
 .debug_frame   0x0000033c       0x34 xnormidi-develop/bytequeue/interrupt_setting.o
 .debug_frame   0x00000370      0x378 xnormidi-develop/midi.o
 .debug_frame   0x000006e8      0x12c xnormidi-develop/midi_device.o
 .debug_frame   0x00000814       0xfc xnormidi-develop/sysex_tools.o

.debug_str      0x00000000      0xfaa
 *(.debug_str)
 .debug_str     0x00000000      0x137 adc.o
                                0x16b (size before relaxing)
 .debug_str     0x00000137      0x1c9 dac.o
                                0x318 (size before relaxing)
 .debug_str     0x00000300       0x35 display.o
                                0x113 (size before relaxing)
 .debug_str     0x00000335        0xc midi.o
                                 0xd9 (size before relaxing)
 .debug_str     0x00000341      0x3bd monapollo-firmware.o
                                0x4d0 (size before relaxing)
 .debug_str     0x000006fe       0x77 scan_pots_and_update_control_voltages.o
                                0x31b (size before relaxing)
 .debug_str     0x00000775       0xf8 spi.o
                                0x220 (size before relaxing)
 .debug_str     0x0000086d       0x28 tune.o
                                0x237 (size before relaxing)
 .debug_str     0x00000895       0xb9 xnormidi-develop/bytequeue/bytequeue.o
                                0x1d1 (size before relaxing)
 .debug_str     0x0000094e       0x6b xnormidi-develop/bytequeue/interrupt_setting.o
                                0x15c (size before relaxing)
 .debug_str     0x000009b9      0x437 xnormidi-develop/midi.o
                                0x83f (size before relaxing)
 .debug_str     0x00000df0       0xde xnormidi-develop/midi_device.o
                                0x4ff (size before relaxing)
 .debug_str     0x00000ece       0xdc xnormidi-develop/sysex_tools.o
                                0x1df (size before relaxing)

.debug_loc      0x00000000     0x1d68
 *(.debug_loc)
 .debug_loc     0x00000000       0x60 adc.o
 .debug_loc     0x00000060       0x72 dac.o
 .debug_loc     0x000000d2       0xe7 display.o
 .debug_loc     0x000001b9      0x224 monapollo-firmware.o
 .debug_loc     0x000003dd       0xf1 scan_pots_and_update_control_voltages.o
 .debug_loc     0x000004ce       0x49 spi.o
 .debug_loc     0x00000517       0x90 tune.o
 .debug_loc     0x000005a7      0x229 xnormidi-develop/bytequeue/bytequeue.o
 .debug_loc     0x000007d0      0x963 xnormidi-develop/midi.o
 .debug_loc     0x00001133      0x668 xnormidi-develop/midi_device.o
 .debug_loc     0x0000179b      0x5cd xnormidi-develop/sysex_tools.o

.debug_macinfo
 *(.debug_macinfo)
OUTPUT(monapollo-firmware.elf elf32-avr)
LOAD linker stubs

.debug_ranges   0x00000000       0x78
 .debug_ranges  0x00000000       0x30 scan_pots_and_update_control_voltages.o
 .debug_ranges  0x00000030       0x48 xnormidi-develop/sysex_tools.o
