Archive member included because of file (symbol)

c:/program files (x86)/atmel/atmel studio 6.0/extensions/atmel/avrgcc/3.4.1.95/avrtoolchain/bin/../lib/gcc/avr/4.6.2/avr5\libgcc.a(_mulsi3.o)
                              scan_pots_and_update_control_voltages.o (__mulsi3)
c:/program files (x86)/atmel/atmel studio 6.0/extensions/atmel/avrgcc/3.4.1.95/avrtoolchain/bin/../lib/gcc/avr/4.6.2/avr5\libgcc.a(_udivmodhi4.o)
                              xnormidi-develop/midi_device.o (__udivmodhi4)
c:/program files (x86)/atmel/atmel studio 6.0/extensions/atmel/avrgcc/3.4.1.95/avrtoolchain/bin/../lib/gcc/avr/4.6.2/avr5\libgcc.a(_divmodhi4.o)
                              arp.o (__divmodhi4)
c:/program files (x86)/atmel/atmel studio 6.0/extensions/atmel/avrgcc/3.4.1.95/avrtoolchain/bin/../lib/gcc/avr/4.6.2/avr5\libgcc.a(_udivmodsi4.o)
                              synth.o (__udivmodsi4)
c:/program files (x86)/atmel/atmel studio 6.0/extensions/atmel/avrgcc/3.4.1.95/avrtoolchain/bin/../lib/gcc/avr/4.6.2/avr5\libgcc.a(_exit.o)
                              c:/program files (x86)/atmel/atmel studio 6.0/extensions/atmel/avrgcc/3.4.1.95/avrtoolchain/bin/../lib/gcc/avr/4.6.2/../../../../avr/lib/avr5/crtm6450a.o (exit)
c:/program files (x86)/atmel/atmel studio 6.0/extensions/atmel/avrgcc/3.4.1.95/avrtoolchain/bin/../lib/gcc/avr/4.6.2/avr5\libgcc.a(_copy_data.o)
                              adc.o (__do_copy_data)
c:/program files (x86)/atmel/atmel studio 6.0/extensions/atmel/avrgcc/3.4.1.95/avrtoolchain/bin/../lib/gcc/avr/4.6.2/avr5\libgcc.a(_clear_bss.o)
                              adc.o (__do_clear_bss)
c:/program files (x86)/atmel/atmel studio 6.0/extensions/atmel/avrgcc/3.4.1.95/avrtoolchain/bin/../lib/gcc/avr/4.6.2/../../../../avr/lib/avr5\libc.a(random.o)
                              arp.o (random)
c:/program files (x86)/atmel/atmel studio 6.0/extensions/atmel/avrgcc/3.4.1.95/avrtoolchain/bin/../lib/gcc/avr/4.6.2/../../../../avr/lib/avr5\libc.a(memcpy.o)
                              xnormidi-develop/midi.o (memcpy)
c:/program files (x86)/atmel/atmel studio 6.0/extensions/atmel/avrgcc/3.4.1.95/avrtoolchain/bin/../lib/gcc/avr/4.6.2/../../../../avr/lib/avr5\libc.a(memmove.o)
                              assigner.o (memmove)
c:/program files (x86)/atmel/atmel studio 6.0/extensions/atmel/avrgcc/3.4.1.95/avrtoolchain/bin/../lib/gcc/avr/4.6.2/../../../../avr/lib/avr5\libc.a(eerd_block_atmega6450a.o)
                              synth.o (__eerd_block_m6450a)
c:/program files (x86)/atmel/atmel studio 6.0/extensions/atmel/avrgcc/3.4.1.95/avrtoolchain/bin/../lib/gcc/avr/4.6.2/../../../../avr/lib/avr5\libc.a(eerd_word_atmega6450a.o)
                              tune.o (__eerd_word_m6450a)
c:/program files (x86)/atmel/atmel studio 6.0/extensions/atmel/avrgcc/3.4.1.95/avrtoolchain/bin/../lib/gcc/avr/4.6.2/../../../../avr/lib/avr5\libc.a(eeupd_block_atmega6450a.o)
                              synth.o (__eeupd_block_m6450a)
c:/program files (x86)/atmel/atmel studio 6.0/extensions/atmel/avrgcc/3.4.1.95/avrtoolchain/bin/../lib/gcc/avr/4.6.2/../../../../avr/lib/avr5\libc.a(eeupd_byte_atmega6450a.o)
                              c:/program files (x86)/atmel/atmel studio 6.0/extensions/atmel/avrgcc/3.4.1.95/avrtoolchain/bin/../lib/gcc/avr/4.6.2/../../../../avr/lib/avr5\libc.a(eeupd_block_atmega6450a.o) (__eeupd_r18_m6450a)
c:/program files (x86)/atmel/atmel studio 6.0/extensions/atmel/avrgcc/3.4.1.95/avrtoolchain/bin/../lib/gcc/avr/4.6.2/../../../../avr/lib/avr5\libc.a(eeupd_word_atmega6450a.o)
                              tune.o (__eeupd_word_m6450a)
c:/program files (x86)/atmel/atmel studio 6.0/extensions/atmel/avrgcc/3.4.1.95/avrtoolchain/bin/../lib/gcc/avr/4.6.2/avr5\libgcc.a(_divmodsi4.o)
                              c:/program files (x86)/atmel/atmel studio 6.0/extensions/atmel/avrgcc/3.4.1.95/avrtoolchain/bin/../lib/gcc/avr/4.6.2/../../../../avr/lib/avr5\libc.a(random.o) (__divmodsi4)
c:/program files (x86)/atmel/atmel studio 6.0/extensions/atmel/avrgcc/3.4.1.95/avrtoolchain/bin/../lib/gcc/avr/4.6.2/avr5\libgcc.a(_prologue.o)
                              c:/program files (x86)/atmel/atmel studio 6.0/extensions/atmel/avrgcc/3.4.1.95/avrtoolchain/bin/../lib/gcc/avr/4.6.2/../../../../avr/lib/avr5\libc.a(random.o) (__prologue_saves__)
c:/program files (x86)/atmel/atmel studio 6.0/extensions/atmel/avrgcc/3.4.1.95/avrtoolchain/bin/../lib/gcc/avr/4.6.2/avr5\libgcc.a(_epilogue.o)
                              c:/program files (x86)/atmel/atmel studio 6.0/extensions/atmel/avrgcc/3.4.1.95/avrtoolchain/bin/../lib/gcc/avr/4.6.2/../../../../avr/lib/avr5\libc.a(random.o) (__epilogue_restores__)

Allocating common symbols
Common symbol       size              file

arp                 0x50              arp.o
system_clock        0x6               clock.o
lfo_clock           0x6               clock.o
midi_clock          0x6               clock.o
midi_device         0xed              monapollo-firmware.o

Memory Configuration

Name             Origin             Length             Attributes
text             0x00000000         0x00020000         xr
data             0x00800060         0x0000ffa0         rw !x
eeprom           0x00810000         0x00010000         rw !x
fuse             0x00820000         0x00000400         rw !x
lock             0x00830000         0x00000400         rw !x
signature        0x00840000         0x00000400         rw !x
*default*        0x00000000         0xffffffff

Linker script and memory map

Address of section .data set to 0x800100
LOAD c:/program files (x86)/atmel/atmel studio 6.0/extensions/atmel/avrgcc/3.4.1.95/avrtoolchain/bin/../lib/gcc/avr/4.6.2/../../../../avr/lib/avr5/crtm6450a.o
LOAD adc.o
LOAD arp.o
LOAD assigner.o
LOAD clock.o
LOAD dac.o
LOAD display.o
LOAD interrupts.o
LOAD midi.o
LOAD monapollo-firmware.o
LOAD scan_pots_and_update_control_voltages.o
LOAD spi.o
LOAD synth.o
LOAD tune.o
LOAD utils.o
LOAD xnormidi-develop/bytequeue/bytequeue.o
LOAD xnormidi-develop/bytequeue/interrupt_setting.o
LOAD xnormidi-develop/midi.o
LOAD xnormidi-develop/midi_device.o
LOAD xnormidi-develop/sysex_tools.o
START GROUP
LOAD c:/program files (x86)/atmel/atmel studio 6.0/extensions/atmel/avrgcc/3.4.1.95/avrtoolchain/bin/../lib/gcc/avr/4.6.2/../../../../avr/lib/avr5\libm.a
END GROUP
LOAD c:/program files (x86)/atmel/atmel studio 6.0/extensions/atmel/avrgcc/3.4.1.95/avrtoolchain/bin/../lib/gcc/avr/4.6.2/avr5\libgcc.a
LOAD c:/program files (x86)/atmel/atmel studio 6.0/extensions/atmel/avrgcc/3.4.1.95/avrtoolchain/bin/../lib/gcc/avr/4.6.2/../../../../avr/lib/avr5\libc.a
LOAD c:/program files (x86)/atmel/atmel studio 6.0/extensions/atmel/avrgcc/3.4.1.95/avrtoolchain/bin/../lib/gcc/avr/4.6.2/avr5\libgcc.a

.hash
 *(.hash)

.dynsym
 *(.dynsym)

.dynstr
 *(.dynstr)

.gnu.version
 *(.gnu.version)

.gnu.version_d
 *(.gnu.version_d)

.gnu.version_r
 *(.gnu.version_r)

.rel.init
 *(.rel.init)

.rela.init
 *(.rela.init)

.rel.text
 *(.rel.text)
 *(.rel.text.*)
 *(.rel.gnu.linkonce.t*)

.rela.text
 *(.rela.text)
 *(.rela.text.*)
 *(.rela.gnu.linkonce.t*)

.rel.fini
 *(.rel.fini)

.rela.fini
 *(.rela.fini)

.rel.rodata
 *(.rel.rodata)
 *(.rel.rodata.*)
 *(.rel.gnu.linkonce.r*)

.rela.rodata
 *(.rela.rodata)
 *(.rela.rodata.*)
 *(.rela.gnu.linkonce.r*)

.rel.data
 *(.rel.data)
 *(.rel.data.*)
 *(.rel.gnu.linkonce.d*)

.rela.data
 *(.rela.data)
 *(.rela.data.*)
 *(.rela.gnu.linkonce.d*)

.rel.ctors
 *(.rel.ctors)

.rela.ctors
 *(.rela.ctors)

.rel.dtors
 *(.rel.dtors)

.rela.dtors
 *(.rela.dtors)

.rel.got
 *(.rel.got)

.rela.got
 *(.rela.got)

.rel.bss
 *(.rel.bss)

.rela.bss
 *(.rela.bss)

.rel.plt
 *(.rel.plt)

.rela.plt
 *(.rela.plt)

.text           0x00000000     0x4050
 *(.vectors)
 .vectors       0x00000000       0x64 c:/program files (x86)/atmel/atmel studio 6.0/extensions/atmel/avrgcc/3.4.1.95/avrtoolchain/bin/../lib/gcc/avr/4.6.2/../../../../avr/lib/avr5/crtm6450a.o
                0x00000000                __vector_default
                0x00000000                __vectors
 *(.vectors)
 *(.progmem.gcc*)
 *(.progmem*)
                0x00000064                . = ALIGN (0x2)
                0x00000064                __trampolines_start = .
 *(.trampolines)
 .trampolines   0x00000064        0x0 linker stubs
 *(.trampolines*)
                0x00000064                __trampolines_end = .
 *(.jumptables)
 *(.jumptables*)
 *(.lowtext)
 *(.lowtext*)
                0x00000064                __ctors_start = .
 *(.ctors)
                0x00000064                __ctors_end = .
                0x00000064                __dtors_start = .
 *(.dtors)
                0x00000064                __dtors_end = .
 SORT(*)(.ctors)
 SORT(*)(.dtors)
 *(.init0)
 .init0         0x00000064        0x0 c:/program files (x86)/atmel/atmel studio 6.0/extensions/atmel/avrgcc/3.4.1.95/avrtoolchain/bin/../lib/gcc/avr/4.6.2/../../../../avr/lib/avr5/crtm6450a.o
                0x00000064                __init
 *(.init0)
 *(.init1)
 *(.init1)
 *(.init2)
 .init2         0x00000064        0xc c:/program files (x86)/atmel/atmel studio 6.0/extensions/atmel/avrgcc/3.4.1.95/avrtoolchain/bin/../lib/gcc/avr/4.6.2/../../../../avr/lib/avr5/crtm6450a.o
 *(.init2)
 *(.init3)
 *(.init3)
 *(.init4)
 .init4         0x00000070       0x16 c:/program files (x86)/atmel/atmel studio 6.0/extensions/atmel/avrgcc/3.4.1.95/avrtoolchain/bin/../lib/gcc/avr/4.6.2/avr5\libgcc.a(_copy_data.o)
                0x00000070                __do_copy_data
 .init4         0x00000086       0x10 c:/program files (x86)/atmel/atmel studio 6.0/extensions/atmel/avrgcc/3.4.1.95/avrtoolchain/bin/../lib/gcc/avr/4.6.2/avr5\libgcc.a(_clear_bss.o)
                0x00000086                __do_clear_bss
 *(.init4)
 *(.init5)
 *(.init5)
 *(.init6)
 *(.init6)
 *(.init7)
 *(.init7)
 *(.init8)
 *(.init8)
 *(.init9)
 .init9         0x00000096        0x8 c:/program files (x86)/atmel/atmel studio 6.0/extensions/atmel/avrgcc/3.4.1.95/avrtoolchain/bin/../lib/gcc/avr/4.6.2/../../../../avr/lib/avr5/crtm6450a.o
 *(.init9)
 *(.text)
 .text          0x0000009e        0x4 c:/program files (x86)/atmel/atmel studio 6.0/extensions/atmel/avrgcc/3.4.1.95/avrtoolchain/bin/../lib/gcc/avr/4.6.2/../../../../avr/lib/avr5/crtm6450a.o
                0x0000009e                __vector_22
                0x0000009e                __vector_1
                0x0000009e                __vector_24
                0x0000009e                __vector_12
                0x0000009e                __bad_interrupt
                0x0000009e                __vector_6
                0x0000009e                __vector_3
                0x0000009e                __vector_23
                0x0000009e                __vector_11
                0x0000009e                __vector_17
                0x0000009e                __vector_19
                0x0000009e                __vector_5
                0x0000009e                __vector_2
                0x0000009e                __vector_21
                0x0000009e                __vector_15
                0x0000009e                __vector_8
                0x0000009e                __vector_14
                0x0000009e                __vector_16
                0x0000009e                __vector_18
                0x0000009e                __vector_20
 .text          0x000000a2       0xa4 adc.o
                0x000000a2                setup_adc
                0x000000c8                read_pot
 .text          0x00000146      0x1ce arp.o
                0x00000146                update_arp_sequence
                0x0000026c                step_arp_note
 .text          0x00000314       0xce assigner.o
                0x00000314                get_indexed_note
                0x00000324                get_current_note
                0x00000338                new_note
                0x00000368                remove_note
 .text          0x000003e2       0x30 clock.o
                0x000003e2                setup_system_clock
                0x000003f0                update_clock_rate
 .text          0x00000412       0x96 dac.o
                0x00000412                set_control_voltage
                0x00000476                setup_dac
 .text          0x000004a8      0x1f6 display.o
                0x000004a8                display_dec
                0x0000067a                update_display
 .text          0x0000069e      0x150 interrupts.o
                0x0000069e                __vector_10
                0x0000071c                __vector_9
                0x00000734                __vector_7
                0x000007d0                __vector_4
 .text          0x000007ee        0x0 midi.o
 .text          0x000007ee      0x3aa monapollo-firmware.o
                0x000007ee                song_position_event
                0x000007f6                real_time_event
                0x000008ec                note_off_event
                0x00000928                note_on_event
                0x000009a8                setup_midi_usart
                0x000009ba                __vector_13
                0x00000a24                main
 .text          0x00000b98      0x558 scan_pots_and_update_control_voltages.o
                0x00000b98                scan_pots
                0x00000cb2                update_control_voltages
 .text          0x000010f0      0x100 spi.o
                0x000010f0                setup_spi
                0x0000112e                spi_shift_byte
                0x0000113a                update_spi
 .text          0x000011f0     0x109a synth.o
                0x000011f0                lock_pots
                0x00001224                unlock_pots
                0x00001246                save_patch
                0x0000162c                load_patch
                0x00001bec                transpose_note
                0x00001c0c                update_octave_range
                0x00001d22                update_lfo_shape
                0x00001d82                update_lfo_sync
                0x00001e26                update_arp_sync
                0x00001f14                update_arp_range
                0x00001f8a                update_arp_mode
                0x00002058                update_patch
                0x00002172                update_patch_programmer
 .text          0x0000228a      0xc3c tune.o
                0x0000228a                initialize_voice_for_tuning
                0x00002388                set_vco_init_cv
                0x0000264c                tune_8ths
                0x00002990                tune_filter
                0x00002d2c                save_tuning_tables
                0x00002d5e                load_tuning_tables
                0x00002db0                interpolate_pitch_cv
                0x00002e10                set_one_volt_per_octave
                0x00002e6c                tune
 .text          0x00002ec6      0x130 utils.o
                0x00002ec6                read_switch_port
                0x00002f26                update_analog_switch_latch
 .text          0x00002ff6       0xec xnormidi-develop/bytequeue/bytequeue.o
                0x00002ff6                bytequeue_init
                0x00003004                bytequeue_enqueue
                0x00003062                bytequeue_length
                0x0000308c                bytequeue_get
                0x000030ae                bytequeue_remove
 .text          0x000030e2        0xa xnormidi-develop/bytequeue/interrupt_setting.o
                0x000030e2                store_and_clear_interrupt
                0x000030e8                restore_interrupt_setting
 .text          0x000030ec      0x416 xnormidi-develop/midi.o
                0x000030ec                midi_is_statusbyte
                0x000030f4                midi_is_realtime
                0x00003100                midi_packet_length
                0x00003190                midi_send_cc
                0x000031b2                midi_send_noteon
                0x000031d4                midi_send_noteoff
                0x000031f6                midi_send_aftertouch
                0x00003218                midi_send_pitchbend
                0x00003266                midi_send_programchange
                0x00003284                midi_send_channelpressure
                0x000032a2                midi_send_clock
                0x000032ba                midi_send_tick
                0x000032d2                midi_send_start
                0x000032ea                midi_send_continue
                0x00003302                midi_send_stop
                0x0000331a                midi_send_activesense
                0x00003332                midi_send_reset
                0x0000334a                midi_send_tcquarterframe
                0x00003364                midi_send_songposition
                0x0000338e                midi_send_songselect
                0x000033a8                midi_send_tunerequest
                0x000033c0                midi_send_byte
                0x000033d8                midi_send_data
                0x000033e6                midi_send_array
                0x0000348a                midi_register_cc_callback
                0x00003492                midi_register_noteon_callback
                0x0000349a                midi_register_noteoff_callback
                0x000034a2                midi_register_aftertouch_callback
                0x000034aa                midi_register_pitchbend_callback
                0x000034b2                midi_register_songposition_callback
                0x000034ba                midi_register_progchange_callback
                0x000034c2                midi_register_chanpressure_callback
                0x000034ca                midi_register_songselect_callback
                0x000034d2                midi_register_tc_quarterframe_callback
                0x000034da                midi_register_realtime_callback
                0x000034e2                midi_register_tunerequest_callback
                0x000034ea                midi_register_sysex_callback
                0x000034f2                midi_register_fallthrough_callback
                0x000034fa                midi_register_catchall_callback
 .text          0x00003502      0x52c xnormidi-develop/midi_device.o
                0x00003502                midi_device_init
                0x00003564                midi_device_input
                0x000035aa                midi_device_set_send_func
                0x000035b2                midi_device_set_pre_input_process_func
                0x000035ba                midi_input_callbacks
                0x00003802                midi_process_byte
                0x000039b8                midi_device_process
 .text          0x00003a2e      0x33e xnormidi-develop/sysex_tools.o
                0x00003a2e                sysex_encoded_length
                0x00003a78                sysex_decoded_length
                0x00003ac8                sysex_encode
                0x00003c42                sysex_decode
 .text          0x00003d6c        0x0 c:/program files (x86)/atmel/atmel studio 6.0/extensions/atmel/avrgcc/3.4.1.95/avrtoolchain/bin/../lib/gcc/avr/4.6.2/avr5\libgcc.a(_mulsi3.o)
 .text          0x00003d6c        0x0 c:/program files (x86)/atmel/atmel studio 6.0/extensions/atmel/avrgcc/3.4.1.95/avrtoolchain/bin/../lib/gcc/avr/4.6.2/avr5\libgcc.a(_udivmodhi4.o)
 .text          0x00003d6c        0x0 c:/program files (x86)/atmel/atmel studio 6.0/extensions/atmel/avrgcc/3.4.1.95/avrtoolchain/bin/../lib/gcc/avr/4.6.2/avr5\libgcc.a(_divmodhi4.o)
 .text          0x00003d6c        0x0 c:/program files (x86)/atmel/atmel studio 6.0/extensions/atmel/avrgcc/3.4.1.95/avrtoolchain/bin/../lib/gcc/avr/4.6.2/avr5\libgcc.a(_udivmodsi4.o)
 .text          0x00003d6c        0x0 c:/program files (x86)/atmel/atmel studio 6.0/extensions/atmel/avrgcc/3.4.1.95/avrtoolchain/bin/../lib/gcc/avr/4.6.2/avr5\libgcc.a(_exit.o)
 .text          0x00003d6c        0x0 c:/program files (x86)/atmel/atmel studio 6.0/extensions/atmel/avrgcc/3.4.1.95/avrtoolchain/bin/../lib/gcc/avr/4.6.2/avr5\libgcc.a(_copy_data.o)
 .text          0x00003d6c        0x0 c:/program files (x86)/atmel/atmel studio 6.0/extensions/atmel/avrgcc/3.4.1.95/avrtoolchain/bin/../lib/gcc/avr/4.6.2/avr5\libgcc.a(_clear_bss.o)
 .text          0x00003d6c        0x0 c:/program files (x86)/atmel/atmel studio 6.0/extensions/atmel/avrgcc/3.4.1.95/avrtoolchain/bin/../lib/gcc/avr/4.6.2/../../../../avr/lib/avr5\libc.a(random.o)
 .text          0x00003d6c        0x0 c:/program files (x86)/atmel/atmel studio 6.0/extensions/atmel/avrgcc/3.4.1.95/avrtoolchain/bin/../lib/gcc/avr/4.6.2/../../../../avr/lib/avr5\libc.a(memcpy.o)
 .text          0x00003d6c        0x0 c:/program files (x86)/atmel/atmel studio 6.0/extensions/atmel/avrgcc/3.4.1.95/avrtoolchain/bin/../lib/gcc/avr/4.6.2/../../../../avr/lib/avr5\libc.a(memmove.o)
 .text          0x00003d6c        0x0 c:/program files (x86)/atmel/atmel studio 6.0/extensions/atmel/avrgcc/3.4.1.95/avrtoolchain/bin/../lib/gcc/avr/4.6.2/../../../../avr/lib/avr5\libc.a(eerd_block_atmega6450a.o)
 .text          0x00003d6c        0x0 c:/program files (x86)/atmel/atmel studio 6.0/extensions/atmel/avrgcc/3.4.1.95/avrtoolchain/bin/../lib/gcc/avr/4.6.2/../../../../avr/lib/avr5\libc.a(eerd_word_atmega6450a.o)
 .text          0x00003d6c        0x0 c:/program files (x86)/atmel/atmel studio 6.0/extensions/atmel/avrgcc/3.4.1.95/avrtoolchain/bin/../lib/gcc/avr/4.6.2/../../../../avr/lib/avr5\libc.a(eeupd_block_atmega6450a.o)
 .text          0x00003d6c        0x0 c:/program files (x86)/atmel/atmel studio 6.0/extensions/atmel/avrgcc/3.4.1.95/avrtoolchain/bin/../lib/gcc/avr/4.6.2/../../../../avr/lib/avr5\libc.a(eeupd_byte_atmega6450a.o)
 .text          0x00003d6c        0x0 c:/program files (x86)/atmel/atmel studio 6.0/extensions/atmel/avrgcc/3.4.1.95/avrtoolchain/bin/../lib/gcc/avr/4.6.2/../../../../avr/lib/avr5\libc.a(eeupd_word_atmega6450a.o)
 .text          0x00003d6c        0x0 c:/program files (x86)/atmel/atmel studio 6.0/extensions/atmel/avrgcc/3.4.1.95/avrtoolchain/bin/../lib/gcc/avr/4.6.2/avr5\libgcc.a(_divmodsi4.o)
 .text          0x00003d6c        0x0 c:/program files (x86)/atmel/atmel studio 6.0/extensions/atmel/avrgcc/3.4.1.95/avrtoolchain/bin/../lib/gcc/avr/4.6.2/avr5\libgcc.a(_prologue.o)
 .text          0x00003d6c        0x0 c:/program files (x86)/atmel/atmel studio 6.0/extensions/atmel/avrgcc/3.4.1.95/avrtoolchain/bin/../lib/gcc/avr/4.6.2/avr5\libgcc.a(_epilogue.o)
                0x00003d6c                . = ALIGN (0x2)
 *(.text.*)
 .text.libgcc   0x00003d6c       0x3e c:/program files (x86)/atmel/atmel studio 6.0/extensions/atmel/avrgcc/3.4.1.95/avrtoolchain/bin/../lib/gcc/avr/4.6.2/avr5\libgcc.a(_mulsi3.o)
                0x00003d6c                __mulsi3
 .text.libgcc   0x00003daa       0x28 c:/program files (x86)/atmel/atmel studio 6.0/extensions/atmel/avrgcc/3.4.1.95/avrtoolchain/bin/../lib/gcc/avr/4.6.2/avr5\libgcc.a(_udivmodhi4.o)
                0x00003daa                __udivmodhi4
 .text.libgcc   0x00003dd2       0x26 c:/program files (x86)/atmel/atmel studio 6.0/extensions/atmel/avrgcc/3.4.1.95/avrtoolchain/bin/../lib/gcc/avr/4.6.2/avr5\libgcc.a(_divmodhi4.o)
                0x00003dd2                _div
                0x00003dd2                __divmodhi4
 .text.libgcc   0x00003df8       0x44 c:/program files (x86)/atmel/atmel studio 6.0/extensions/atmel/avrgcc/3.4.1.95/avrtoolchain/bin/../lib/gcc/avr/4.6.2/avr5\libgcc.a(_udivmodsi4.o)
                0x00003df8                __udivmodsi4
 .text.libgcc   0x00003e3c        0x0 c:/program files (x86)/atmel/atmel studio 6.0/extensions/atmel/avrgcc/3.4.1.95/avrtoolchain/bin/../lib/gcc/avr/4.6.2/avr5\libgcc.a(_exit.o)
 .text.libgcc   0x00003e3c        0x0 c:/program files (x86)/atmel/atmel studio 6.0/extensions/atmel/avrgcc/3.4.1.95/avrtoolchain/bin/../lib/gcc/avr/4.6.2/avr5\libgcc.a(_copy_data.o)
 .text.libgcc   0x00003e3c        0x0 c:/program files (x86)/atmel/atmel studio 6.0/extensions/atmel/avrgcc/3.4.1.95/avrtoolchain/bin/../lib/gcc/avr/4.6.2/avr5\libgcc.a(_clear_bss.o)
 .text.avr-libc
                0x00003e3c       0xbc c:/program files (x86)/atmel/atmel studio 6.0/extensions/atmel/avrgcc/3.4.1.95/avrtoolchain/bin/../lib/gcc/avr/4.6.2/../../../../avr/lib/avr5\libc.a(random.o)
                0x00003ed2                random_r
                0x00003ed8                random
                0x00003ee2                srandom
 .text.avr-libc
                0x00003ef8       0x12 c:/program files (x86)/atmel/atmel studio 6.0/extensions/atmel/avrgcc/3.4.1.95/avrtoolchain/bin/../lib/gcc/avr/4.6.2/../../../../avr/lib/avr5\libc.a(memcpy.o)
                0x00003ef8                memcpy
 .text.avr-libc
                0x00003f0a       0x24 c:/program files (x86)/atmel/atmel studio 6.0/extensions/atmel/avrgcc/3.4.1.95/avrtoolchain/bin/../lib/gcc/avr/4.6.2/../../../../avr/lib/avr5\libc.a(memmove.o)
                0x00003f0a                memmove
 .text.avr-libc
                0x00003f2e       0x20 c:/program files (x86)/atmel/atmel studio 6.0/extensions/atmel/avrgcc/3.4.1.95/avrtoolchain/bin/../lib/gcc/avr/4.6.2/../../../../avr/lib/avr5\libc.a(eerd_block_atmega6450a.o)
                0x00003f2e                __eerd_block_m6450a
                0x00003f32                __eerd_blraw_m6450a
 .text.avr-libc
                0x00003f4e        0xc c:/program files (x86)/atmel/atmel studio 6.0/extensions/atmel/avrgcc/3.4.1.95/avrtoolchain/bin/../lib/gcc/avr/4.6.2/../../../../avr/lib/avr5\libc.a(eerd_word_atmega6450a.o)
                0x00003f4e                __eerd_word_m6450a
 .text.avr-libc
                0x00003f5a       0x20 c:/program files (x86)/atmel/atmel studio 6.0/extensions/atmel/avrgcc/3.4.1.95/avrtoolchain/bin/../lib/gcc/avr/4.6.2/../../../../avr/lib/avr5\libc.a(eeupd_block_atmega6450a.o)
                0x00003f5a                __eeupd_block_m6450a
 .text.avr-libc
                0x00003f7a       0x22 c:/program files (x86)/atmel/atmel studio 6.0/extensions/atmel/avrgcc/3.4.1.95/avrtoolchain/bin/../lib/gcc/avr/4.6.2/../../../../avr/lib/avr5\libc.a(eeupd_byte_atmega6450a.o)
                0x00003f7a                __eeupd_byte_m6450a
                0x00003f7c                __eeupd_r18_m6450a
 .text.avr-libc
                0x00003f9c        0xc c:/program files (x86)/atmel/atmel studio 6.0/extensions/atmel/avrgcc/3.4.1.95/avrtoolchain/bin/../lib/gcc/avr/4.6.2/../../../../avr/lib/avr5\libc.a(eeupd_word_atmega6450a.o)
                0x00003f9c                __eeupd_word_m6450a
 .text.libgcc   0x00003fa8       0x36 c:/program files (x86)/atmel/atmel studio 6.0/extensions/atmel/avrgcc/3.4.1.95/avrtoolchain/bin/../lib/gcc/avr/4.6.2/avr5\libgcc.a(_divmodsi4.o)
                0x00003fa8                __divmodsi4
 .text.libgcc   0x00003fde       0x38 c:/program files (x86)/atmel/atmel studio 6.0/extensions/atmel/avrgcc/3.4.1.95/avrtoolchain/bin/../lib/gcc/avr/4.6.2/avr5\libgcc.a(_prologue.o)
                0x00003fde                __prologue_saves__
 .text.libgcc   0x00004016       0x36 c:/program files (x86)/atmel/atmel studio 6.0/extensions/atmel/avrgcc/3.4.1.95/avrtoolchain/bin/../lib/gcc/avr/4.6.2/avr5\libgcc.a(_epilogue.o)
                0x00004016                __epilogue_restores__
                0x0000404c                . = ALIGN (0x2)
 *(.fini9)
 .fini9         0x0000404c        0x0 c:/program files (x86)/atmel/atmel studio 6.0/extensions/atmel/avrgcc/3.4.1.95/avrtoolchain/bin/../lib/gcc/avr/4.6.2/avr5\libgcc.a(_exit.o)
                0x0000404c                _exit
                0x0000404c                exit
 *(.fini9)
 *(.fini8)
 *(.fini8)
 *(.fini7)
 *(.fini7)
 *(.fini6)
 *(.fini6)
 *(.fini5)
 *(.fini5)
 *(.fini4)
 *(.fini4)
 *(.fini3)
 *(.fini3)
 *(.fini2)
 *(.fini2)
 *(.fini1)
 *(.fini1)
 *(.fini0)
 .fini0         0x0000404c        0x4 c:/program files (x86)/atmel/atmel studio 6.0/extensions/atmel/avrgcc/3.4.1.95/avrtoolchain/bin/../lib/gcc/avr/4.6.2/avr5\libgcc.a(_exit.o)
 *(.fini0)
                0x00004050                _etext = .

.data           0x00800100      0x1b4 load address 0x00004050
                0x00800100                PROVIDE (__data_start, .)
 *(.data)
 .data          0x00800100        0x0 c:/program files (x86)/atmel/atmel studio 6.0/extensions/atmel/avrgcc/3.4.1.95/avrtoolchain/bin/../lib/gcc/avr/4.6.2/../../../../avr/lib/avr5/crtm6450a.o
 .data          0x00800100       0xb8 adc.o
                0x00800100                pot_id
                0x0080013c                release_1_pot
                0x00800140                release_2_pot
                0x00800144                sustain_1_pot
                0x00800148                sustain_2_pot
                0x0080014c                decay_1_pot
                0x00800150                decay_2_pot
                0x00800154                attack_1_pot
                0x00800158                attack_2_pot
                0x0080015c                noise_mix_pot
                0x00800160                fil_lfo_pot
                0x00800164                fil_vco2_pot
                0x00800168                key_track_pot
                0x0080016c                cutoff_pot
                0x00800170                res_pot
                0x00800174                fil_eg2_pot
                0x00800178                vco2_pw_pot
                0x0080017c                volume_pot
                0x00800180                amp_lfo_pot
                0x00800184                glide_pot
                0x00800188                arp_rate_pot
                0x0080018c                lfo_rate_pot
                0x00800190                tune_pot
                0x00800194                fine_pot
                0x00800198                vco1_pw_pot
                0x0080019c                pwm_eg2_pot
                0x008001a0                pwm_lfo_pot
                0x008001a4                pitch_lfo_pot
                0x008001a8                pitch_vco2_pot
                0x008001ac                pitch_eg2_pot
                0x008001b0                vco1_mix_pot
                0x008001b4                vco2_mix_pot
 .data          0x008001b8        0x0 arp.o
 .data          0x008001b8       0x10 assigner.o
 .data          0x008001c8        0x0 clock.o
 .data          0x008001c8       0x1f dac.o
                0x008001c8                release_1_cv
                0x008001c9                release_2_cv
                0x008001ca                sustain_1_cv
                0x008001cb                sustain_2_cv
                0x008001cc                decay_1_cv
                0x008001cd                decay_2_cv
                0x008001ce                attack_1_cv
                0x008001cf                attack_2_cv
                0x008001d0                noise_mix_cv
                0x008001d1                fil_lfo_cv
                0x008001d2                fil_vco2_cv
                0x008001d3                key_track_cv
                0x008001d4                cutoff_cv
                0x008001d5                res_cv
                0x008001d6                fil_eg2_cv
                0x008001d7                vco2_pw_cv
                0x008001d8                volume_cv
                0x008001d9                amp_lfo_cv
                0x008001da                glide_cv
                0x008001db                lfo_rate_cv
                0x008001dc                tune_cv
                0x008001dd                fine_cv
                0x008001de                vco1_pw_cv
                0x008001df                pwm_eg2_cv
                0x008001e0                pwm_lfo_cv
                0x008001e1                pitch_lfo_cv
                0x008001e2                pitch_eg2_cv
                0x008001e3                vco1_mix_cv
                0x008001e4                vco2_mix_cv
                0x008001e5                vco2_pitch_cv
                0x008001e6                vco1_pitch_cv
 .data          0x008001e7       0x16 display.o
 .data          0x008001fd        0x0 interrupts.o
 .data          0x008001fd        0x0 midi.o
 .data          0x008001fd        0x0 monapollo-firmware.o
 .data          0x008001fd        0x2 scan_pots_and_update_control_voltages.o
                0x008001fd                value_to_display
 .data          0x008001ff        0x0 spi.o
 .data          0x008001ff       0x31 synth.o
                0x00800217                lfo_shape
                0x0080021c                vco2_octave
                0x00800221                vco1_octave
                0x00800226                lfo
 .data          0x00800230       0x80 tune.o
                0x008002af                no_overflow
 .data          0x008002b0        0x0 utils.o
 .data          0x008002b0        0x0 xnormidi-develop/bytequeue/bytequeue.o
 .data          0x008002b0        0x0 xnormidi-develop/bytequeue/interrupt_setting.o
 .data          0x008002b0        0x0 xnormidi-develop/midi.o
 .data          0x008002b0        0x0 xnormidi-develop/midi_device.o
 .data          0x008002b0        0x0 xnormidi-develop/sysex_tools.o
 .data          0x008002b0        0x0 c:/program files (x86)/atmel/atmel studio 6.0/extensions/atmel/avrgcc/3.4.1.95/avrtoolchain/bin/../lib/gcc/avr/4.6.2/avr5\libgcc.a(_mulsi3.o)
 .data          0x008002b0        0x0 c:/program files (x86)/atmel/atmel studio 6.0/extensions/atmel/avrgcc/3.4.1.95/avrtoolchain/bin/../lib/gcc/avr/4.6.2/avr5\libgcc.a(_udivmodhi4.o)
 .data          0x008002b0        0x0 c:/program files (x86)/atmel/atmel studio 6.0/extensions/atmel/avrgcc/3.4.1.95/avrtoolchain/bin/../lib/gcc/avr/4.6.2/avr5\libgcc.a(_divmodhi4.o)
 .data          0x008002b0        0x0 c:/program files (x86)/atmel/atmel studio 6.0/extensions/atmel/avrgcc/3.4.1.95/avrtoolchain/bin/../lib/gcc/avr/4.6.2/avr5\libgcc.a(_udivmodsi4.o)
 .data          0x008002b0        0x0 c:/program files (x86)/atmel/atmel studio 6.0/extensions/atmel/avrgcc/3.4.1.95/avrtoolchain/bin/../lib/gcc/avr/4.6.2/avr5\libgcc.a(_exit.o)
 .data          0x008002b0        0x0 c:/program files (x86)/atmel/atmel studio 6.0/extensions/atmel/avrgcc/3.4.1.95/avrtoolchain/bin/../lib/gcc/avr/4.6.2/avr5\libgcc.a(_copy_data.o)
 .data          0x008002b0        0x0 c:/program files (x86)/atmel/atmel studio 6.0/extensions/atmel/avrgcc/3.4.1.95/avrtoolchain/bin/../lib/gcc/avr/4.6.2/avr5\libgcc.a(_clear_bss.o)
 .data          0x008002b0        0x4 c:/program files (x86)/atmel/atmel studio 6.0/extensions/atmel/avrgcc/3.4.1.95/avrtoolchain/bin/../lib/gcc/avr/4.6.2/../../../../avr/lib/avr5\libc.a(random.o)
 .data          0x008002b4        0x0 c:/program files (x86)/atmel/atmel studio 6.0/extensions/atmel/avrgcc/3.4.1.95/avrtoolchain/bin/../lib/gcc/avr/4.6.2/../../../../avr/lib/avr5\libc.a(memcpy.o)
 .data          0x008002b4        0x0 c:/program files (x86)/atmel/atmel studio 6.0/extensions/atmel/avrgcc/3.4.1.95/avrtoolchain/bin/../lib/gcc/avr/4.6.2/../../../../avr/lib/avr5\libc.a(memmove.o)
 .data          0x008002b4        0x0 c:/program files (x86)/atmel/atmel studio 6.0/extensions/atmel/avrgcc/3.4.1.95/avrtoolchain/bin/../lib/gcc/avr/4.6.2/../../../../avr/lib/avr5\libc.a(eerd_block_atmega6450a.o)
 .data          0x008002b4        0x0 c:/program files (x86)/atmel/atmel studio 6.0/extensions/atmel/avrgcc/3.4.1.95/avrtoolchain/bin/../lib/gcc/avr/4.6.2/../../../../avr/lib/avr5\libc.a(eerd_word_atmega6450a.o)
 .data          0x008002b4        0x0 c:/program files (x86)/atmel/atmel studio 6.0/extensions/atmel/avrgcc/3.4.1.95/avrtoolchain/bin/../lib/gcc/avr/4.6.2/../../../../avr/lib/avr5\libc.a(eeupd_block_atmega6450a.o)
 .data          0x008002b4        0x0 c:/program files (x86)/atmel/atmel studio 6.0/extensions/atmel/avrgcc/3.4.1.95/avrtoolchain/bin/../lib/gcc/avr/4.6.2/../../../../avr/lib/avr5\libc.a(eeupd_byte_atmega6450a.o)
 .data          0x008002b4        0x0 c:/program files (x86)/atmel/atmel studio 6.0/extensions/atmel/avrgcc/3.4.1.95/avrtoolchain/bin/../lib/gcc/avr/4.6.2/../../../../avr/lib/avr5\libc.a(eeupd_word_atmega6450a.o)
 .data          0x008002b4        0x0 c:/program files (x86)/atmel/atmel studio 6.0/extensions/atmel/avrgcc/3.4.1.95/avrtoolchain/bin/../lib/gcc/avr/4.6.2/avr5\libgcc.a(_divmodsi4.o)
 .data          0x008002b4        0x0 c:/program files (x86)/atmel/atmel studio 6.0/extensions/atmel/avrgcc/3.4.1.95/avrtoolchain/bin/../lib/gcc/avr/4.6.2/avr5\libgcc.a(_prologue.o)
 .data          0x008002b4        0x0 c:/program files (x86)/atmel/atmel studio 6.0/extensions/atmel/avrgcc/3.4.1.95/avrtoolchain/bin/../lib/gcc/avr/4.6.2/avr5\libgcc.a(_epilogue.o)
 *(.data*)
 *(.rodata)
 *(.rodata*)
 *(.gnu.linkonce.d*)
                0x008002b4                . = ALIGN (0x2)
                0x008002b4                _edata = .
                0x008002b4                PROVIDE (__data_end, .)

.bss            0x008002b4      0x224
                0x008002b4                PROVIDE (__bss_start, .)
 *(.bss)
 .bss           0x008002b4        0x0 c:/program files (x86)/atmel/atmel studio 6.0/extensions/atmel/avrgcc/3.4.1.95/avrtoolchain/bin/../lib/gcc/avr/4.6.2/../../../../avr/lib/avr5/crtm6450a.o
 .bss           0x008002b4        0x0 adc.o
 .bss           0x008002b4        0x0 arp.o
 .bss           0x008002b4        0x2 assigner.o
                0x008002b4                gate_buffer
 .bss           0x008002b6        0x0 clock.o
 .bss           0x008002b6        0x2 dac.o
                0x008002b6                arp_rate_null
                0x008002b7                pitch_vco2_cv
 .bss           0x008002b8        0x5 display.o
 .bss           0x008002bd        0x0 interrupts.o
 .bss           0x008002bd        0x0 midi.o
 .bss           0x008002bd        0x1 monapollo-firmware.o
                0x008002bd                switch_timer
 .bss           0x008002be        0x3 scan_pots_and_update_control_voltages.o
                0x008002be                midi_note_number
 .bss           0x008002c1        0x4 spi.o
                0x008002c1                spi_sw_byte1_previous_state
                0x008002c2                spi_sw_byte1_current_state
                0x008002c3                spi_sw_byte0_previous_state
                0x008002c4                spi_sw_byte0_current_state
 .bss           0x008002c5       0x4f synth.o
                0x008002c5                switch_press
                0x008002c6                current_patch
 .bss           0x00800314       0x6f tune.o
                0x00800314                filter_pitch_table
                0x00800334                vco2_pitch_table
                0x00800356                vco1_pitch_table
                0x00800378                vco2_init_cv
                0x0080037a                vco1_init_cv
                0x0080037c                compare_match_counter
                0x0080037d                osc_count
                0x0080037f                count_finished
                0x00800380                timer1_clock
                0x00800381                period
                0x00800382                period_counter
 .bss           0x00800383        0x6 utils.o
                0x00800383                switch_states
 .bss           0x00800389        0x0 xnormidi-develop/bytequeue/bytequeue.o
 .bss           0x00800389        0x0 xnormidi-develop/bytequeue/interrupt_setting.o
 .bss           0x00800389        0x0 xnormidi-develop/midi.o
 .bss           0x00800389        0x0 xnormidi-develop/midi_device.o
 .bss           0x00800389        0x0 xnormidi-develop/sysex_tools.o
 .bss           0x00800389        0x0 c:/program files (x86)/atmel/atmel studio 6.0/extensions/atmel/avrgcc/3.4.1.95/avrtoolchain/bin/../lib/gcc/avr/4.6.2/avr5\libgcc.a(_mulsi3.o)
 .bss           0x00800389        0x0 c:/program files (x86)/atmel/atmel studio 6.0/extensions/atmel/avrgcc/3.4.1.95/avrtoolchain/bin/../lib/gcc/avr/4.6.2/avr5\libgcc.a(_udivmodhi4.o)
 .bss           0x00800389        0x0 c:/program files (x86)/atmel/atmel studio 6.0/extensions/atmel/avrgcc/3.4.1.95/avrtoolchain/bin/../lib/gcc/avr/4.6.2/avr5\libgcc.a(_divmodhi4.o)
 .bss           0x00800389        0x0 c:/program files (x86)/atmel/atmel studio 6.0/extensions/atmel/avrgcc/3.4.1.95/avrtoolchain/bin/../lib/gcc/avr/4.6.2/avr5\libgcc.a(_udivmodsi4.o)
 .bss           0x00800389        0x0 c:/program files (x86)/atmel/atmel studio 6.0/extensions/atmel/avrgcc/3.4.1.95/avrtoolchain/bin/../lib/gcc/avr/4.6.2/avr5\libgcc.a(_exit.o)
 .bss           0x00800389        0x0 c:/program files (x86)/atmel/atmel studio 6.0/extensions/atmel/avrgcc/3.4.1.95/avrtoolchain/bin/../lib/gcc/avr/4.6.2/avr5\libgcc.a(_copy_data.o)
 .bss           0x00800389        0x0 c:/program files (x86)/atmel/atmel studio 6.0/extensions/atmel/avrgcc/3.4.1.95/avrtoolchain/bin/../lib/gcc/avr/4.6.2/avr5\libgcc.a(_clear_bss.o)
 .bss           0x00800389        0x0 c:/program files (x86)/atmel/atmel studio 6.0/extensions/atmel/avrgcc/3.4.1.95/avrtoolchain/bin/../lib/gcc/avr/4.6.2/../../../../avr/lib/avr5\libc.a(random.o)
 .bss           0x00800389        0x0 c:/program files (x86)/atmel/atmel studio 6.0/extensions/atmel/avrgcc/3.4.1.95/avrtoolchain/bin/../lib/gcc/avr/4.6.2/../../../../avr/lib/avr5\libc.a(memcpy.o)
 .bss           0x00800389        0x0 c:/program files (x86)/atmel/atmel studio 6.0/extensions/atmel/avrgcc/3.4.1.95/avrtoolchain/bin/../lib/gcc/avr/4.6.2/../../../../avr/lib/avr5\libc.a(memmove.o)
 .bss           0x00800389        0x0 c:/program files (x86)/atmel/atmel studio 6.0/extensions/atmel/avrgcc/3.4.1.95/avrtoolchain/bin/../lib/gcc/avr/4.6.2/../../../../avr/lib/avr5\libc.a(eerd_block_atmega6450a.o)
 .bss           0x00800389        0x0 c:/program files (x86)/atmel/atmel studio 6.0/extensions/atmel/avrgcc/3.4.1.95/avrtoolchain/bin/../lib/gcc/avr/4.6.2/../../../../avr/lib/avr5\libc.a(eerd_word_atmega6450a.o)
 .bss           0x00800389        0x0 c:/program files (x86)/atmel/atmel studio 6.0/extensions/atmel/avrgcc/3.4.1.95/avrtoolchain/bin/../lib/gcc/avr/4.6.2/../../../../avr/lib/avr5\libc.a(eeupd_block_atmega6450a.o)
 .bss           0x00800389        0x0 c:/program files (x86)/atmel/atmel studio 6.0/extensions/atmel/avrgcc/3.4.1.95/avrtoolchain/bin/../lib/gcc/avr/4.6.2/../../../../avr/lib/avr5\libc.a(eeupd_byte_atmega6450a.o)
 .bss           0x00800389        0x0 c:/program files (x86)/atmel/atmel studio 6.0/extensions/atmel/avrgcc/3.4.1.95/avrtoolchain/bin/../lib/gcc/avr/4.6.2/../../../../avr/lib/avr5\libc.a(eeupd_word_atmega6450a.o)
 .bss           0x00800389        0x0 c:/program files (x86)/atmel/atmel studio 6.0/extensions/atmel/avrgcc/3.4.1.95/avrtoolchain/bin/../lib/gcc/avr/4.6.2/avr5\libgcc.a(_divmodsi4.o)
 .bss           0x00800389        0x0 c:/program files (x86)/atmel/atmel studio 6.0/extensions/atmel/avrgcc/3.4.1.95/avrtoolchain/bin/../lib/gcc/avr/4.6.2/avr5\libgcc.a(_prologue.o)
 .bss           0x00800389        0x0 c:/program files (x86)/atmel/atmel studio 6.0/extensions/atmel/avrgcc/3.4.1.95/avrtoolchain/bin/../lib/gcc/avr/4.6.2/avr5\libgcc.a(_epilogue.o)
 *(.bss*)
 *(COMMON)
 COMMON         0x00800389       0x50 arp.o
                0x00800389                arp
 COMMON         0x008003d9       0x12 clock.o
                0x008003d9                system_clock
                0x008003df                lfo_clock
                0x008003e5                midi_clock
 COMMON         0x008003eb       0xed monapollo-firmware.o
                0x008003eb                midi_device
                0x008004d8                PROVIDE (__bss_end, .)
                0x00004050                __data_load_start = LOADADDR (.data)
                0x00004204                __data_load_end = (__data_load_start + SIZEOF (.data))

.noinit         0x008004d8        0x0
                0x008004d8                PROVIDE (__noinit_start, .)
 *(.noinit*)
                0x008004d8                PROVIDE (__noinit_end, .)
                0x008004d8                _end = .
                0x008004d8                PROVIDE (__heap_start, .)

.eeprom         0x00810000      0x674
 *(.eeprom*)
 .eeprom        0x00810000      0x60c synth.o
                0x00810000                patch_memory
 .eeprom        0x0081060c       0x68 tune.o
                0x0081060c                filter_pitch_table_eeprom
                0x0081062c                vco2_pitch_table_eeprom
                0x0081064e                vco1_pitch_table_eeprom
                0x00810670                vco2_init_cv_eeprom
                0x00810672                vco1_init_cv_eeprom
                0x00810674                __eeprom_end = .

.fuse
 *(.fuse)
 *(.lfuse)
 *(.hfuse)
 *(.efuse)

.lock
 *(.lock*)

.signature
 *(.signature*)

.stab           0x00000000      0xbf4
 *(.stab)
 .stab          0x00000000      0x6cc c:/program files (x86)/atmel/atmel studio 6.0/extensions/atmel/avrgcc/3.4.1.95/avrtoolchain/bin/../lib/gcc/avr/4.6.2/../../../../avr/lib/avr5/crtm6450a.o
 .stab          0x000006cc       0x84 c:/program files (x86)/atmel/atmel studio 6.0/extensions/atmel/avrgcc/3.4.1.95/avrtoolchain/bin/../lib/gcc/avr/4.6.2/../../../../avr/lib/avr5\libc.a(memcpy.o)
                                 0x90 (size before relaxing)
 .stab          0x00000750       0xe4 c:/program files (x86)/atmel/atmel studio 6.0/extensions/atmel/avrgcc/3.4.1.95/avrtoolchain/bin/../lib/gcc/avr/4.6.2/../../../../avr/lib/avr5\libc.a(memmove.o)
                                 0xf0 (size before relaxing)
 .stab          0x00000834      0x108 c:/program files (x86)/atmel/atmel studio 6.0/extensions/atmel/avrgcc/3.4.1.95/avrtoolchain/bin/../lib/gcc/avr/4.6.2/../../../../avr/lib/avr5\libc.a(eerd_block_atmega6450a.o)
                                0x114 (size before relaxing)
 .stab          0x0000093c       0x6c c:/program files (x86)/atmel/atmel studio 6.0/extensions/atmel/avrgcc/3.4.1.95/avrtoolchain/bin/../lib/gcc/avr/4.6.2/../../../../avr/lib/avr5\libc.a(eerd_word_atmega6450a.o)
                                 0x78 (size before relaxing)
 .stab          0x000009a8       0xe4 c:/program files (x86)/atmel/atmel studio 6.0/extensions/atmel/avrgcc/3.4.1.95/avrtoolchain/bin/../lib/gcc/avr/4.6.2/../../../../avr/lib/avr5\libc.a(eeupd_block_atmega6450a.o)
                                 0xf0 (size before relaxing)
 .stab          0x00000a8c      0x108 c:/program files (x86)/atmel/atmel studio 6.0/extensions/atmel/avrgcc/3.4.1.95/avrtoolchain/bin/../lib/gcc/avr/4.6.2/../../../../avr/lib/avr5\libc.a(eeupd_byte_atmega6450a.o)
                                0x114 (size before relaxing)
 .stab          0x00000b94       0x60 c:/program files (x86)/atmel/atmel studio 6.0/extensions/atmel/avrgcc/3.4.1.95/avrtoolchain/bin/../lib/gcc/avr/4.6.2/../../../../avr/lib/avr5\libc.a(eeupd_word_atmega6450a.o)
                                 0x6c (size before relaxing)

.stabstr        0x00000000      0x33e
 *(.stabstr)
 .stabstr       0x00000000      0x33e c:/program files (x86)/atmel/atmel studio 6.0/extensions/atmel/avrgcc/3.4.1.95/avrtoolchain/bin/../lib/gcc/avr/4.6.2/../../../../avr/lib/avr5/crtm6450a.o

.stab.excl
 *(.stab.excl)

.stab.exclstr
 *(.stab.exclstr)

.stab.index
 *(.stab.index)

.stab.indexstr
 *(.stab.indexstr)

.comment
 *(.comment)

.debug
 *(.debug)

.line
 *(.line)

.debug_srcinfo
 *(.debug_srcinfo)

.debug_sfnames
 *(.debug_sfnames)

.debug_aranges  0x00000000      0x3b8
 *(.debug_aranges)
 .debug_aranges
                0x00000000       0x20 adc.o
 .debug_aranges
                0x00000020       0x20 arp.o
 .debug_aranges
                0x00000040       0x20 assigner.o
 .debug_aranges
                0x00000060       0x20 clock.o
 .debug_aranges
                0x00000080       0x20 dac.o
 .debug_aranges
                0x000000a0       0x20 display.o
 .debug_aranges
                0x000000c0       0x20 interrupts.o
 .debug_aranges
                0x000000e0       0x20 monapollo-firmware.o
 .debug_aranges
                0x00000100       0x20 scan_pots_and_update_control_voltages.o
 .debug_aranges
                0x00000120       0x20 spi.o
 .debug_aranges
                0x00000140       0x20 synth.o
 .debug_aranges
                0x00000160       0x20 tune.o
 .debug_aranges
                0x00000180       0x20 utils.o
 .debug_aranges
                0x000001a0       0x20 xnormidi-develop/bytequeue/bytequeue.o
 .debug_aranges
                0x000001c0       0x20 xnormidi-develop/bytequeue/interrupt_setting.o
 .debug_aranges
                0x000001e0       0x20 xnormidi-develop/midi.o
 .debug_aranges
                0x00000200       0x20 xnormidi-develop/midi_device.o
 .debug_aranges
                0x00000220       0x20 xnormidi-develop/sysex_tools.o
 .debug_aranges
                0x00000240       0x20 c:/program files (x86)/atmel/atmel studio 6.0/extensions/atmel/avrgcc/3.4.1.95/avrtoolchain/bin/../lib/gcc/avr/4.6.2/avr5\libgcc.a(_mulsi3.o)
 .debug_aranges
                0x00000260       0x20 c:/program files (x86)/atmel/atmel studio 6.0/extensions/atmel/avrgcc/3.4.1.95/avrtoolchain/bin/../lib/gcc/avr/4.6.2/avr5\libgcc.a(_udivmodhi4.o)
 .debug_aranges
                0x00000280       0x20 c:/program files (x86)/atmel/atmel studio 6.0/extensions/atmel/avrgcc/3.4.1.95/avrtoolchain/bin/../lib/gcc/avr/4.6.2/avr5\libgcc.a(_divmodhi4.o)
 .debug_aranges
                0x000002a0       0x20 c:/program files (x86)/atmel/atmel studio 6.0/extensions/atmel/avrgcc/3.4.1.95/avrtoolchain/bin/../lib/gcc/avr/4.6.2/avr5\libgcc.a(_udivmodsi4.o)
 .debug_aranges
                0x000002c0       0x20 c:/program files (x86)/atmel/atmel studio 6.0/extensions/atmel/avrgcc/3.4.1.95/avrtoolchain/bin/../lib/gcc/avr/4.6.2/avr5\libgcc.a(_exit.o)
 .debug_aranges
                0x000002e0       0x20 c:/program files (x86)/atmel/atmel studio 6.0/extensions/atmel/avrgcc/3.4.1.95/avrtoolchain/bin/../lib/gcc/avr/4.6.2/avr5\libgcc.a(_copy_data.o)
 .debug_aranges
                0x00000300       0x20 c:/program files (x86)/atmel/atmel studio 6.0/extensions/atmel/avrgcc/3.4.1.95/avrtoolchain/bin/../lib/gcc/avr/4.6.2/avr5\libgcc.a(_clear_bss.o)
 .debug_aranges
                0x00000320       0x38 c:/program files (x86)/atmel/atmel studio 6.0/extensions/atmel/avrgcc/3.4.1.95/avrtoolchain/bin/../lib/gcc/avr/4.6.2/../../../../avr/lib/avr5\libc.a(random.o)
 .debug_aranges
                0x00000358       0x20 c:/program files (x86)/atmel/atmel studio 6.0/extensions/atmel/avrgcc/3.4.1.95/avrtoolchain/bin/../lib/gcc/avr/4.6.2/avr5\libgcc.a(_divmodsi4.o)
 .debug_aranges
                0x00000378       0x20 c:/program files (x86)/atmel/atmel studio 6.0/extensions/atmel/avrgcc/3.4.1.95/avrtoolchain/bin/../lib/gcc/avr/4.6.2/avr5\libgcc.a(_prologue.o)
 .debug_aranges
                0x00000398       0x20 c:/program files (x86)/atmel/atmel studio 6.0/extensions/atmel/avrgcc/3.4.1.95/avrtoolchain/bin/../lib/gcc/avr/4.6.2/avr5\libgcc.a(_epilogue.o)

.debug_pubnames
 *(.debug_pubnames)

.debug_info     0x00000000     0x71d4
 *(.debug_info)
 .debug_info    0x00000000      0x595 adc.o
 .debug_info    0x00000595      0x29e arp.o
 .debug_info    0x00000833      0x357 assigner.o
 .debug_info    0x00000b8a      0x12d clock.o
 .debug_info    0x00000cb7      0x419 dac.o
 .debug_info    0x000010d0      0x4af display.o
 .debug_info    0x0000157f      0x359 interrupts.o
 .debug_info    0x000018d8       0x5e midi.o
 .debug_info    0x00001936      0xb5c monapollo-firmware.o
 .debug_info    0x00002492      0xad2 scan_pots_and_update_control_voltages.o
 .debug_info    0x00002f64      0x45e spi.o
 .debug_info    0x000033c2      0xc55 synth.o
 .debug_info    0x00004017      0xaca tune.o
 .debug_info    0x00004ae1      0x3eb utils.o
 .debug_info    0x00004ecc      0x23e xnormidi-develop/bytequeue/bytequeue.o
 .debug_info    0x0000510a       0xc2 xnormidi-develop/bytequeue/interrupt_setting.o
 .debug_info    0x000051cc      0xd19 xnormidi-develop/midi.o
 .debug_info    0x00005ee5      0x657 xnormidi-develop/midi_device.o
 .debug_info    0x0000653c      0x2d0 xnormidi-develop/sysex_tools.o
 .debug_info    0x0000680c       0xdd c:/program files (x86)/atmel/atmel studio 6.0/extensions/atmel/avrgcc/3.4.1.95/avrtoolchain/bin/../lib/gcc/avr/4.6.2/avr5\libgcc.a(_mulsi3.o)
 .debug_info    0x000068e9       0xdd c:/program files (x86)/atmel/atmel studio 6.0/extensions/atmel/avrgcc/3.4.1.95/avrtoolchain/bin/../lib/gcc/avr/4.6.2/avr5\libgcc.a(_udivmodhi4.o)
 .debug_info    0x000069c6       0xdd c:/program files (x86)/atmel/atmel studio 6.0/extensions/atmel/avrgcc/3.4.1.95/avrtoolchain/bin/../lib/gcc/avr/4.6.2/avr5\libgcc.a(_divmodhi4.o)
 .debug_info    0x00006aa3       0xdd c:/program files (x86)/atmel/atmel studio 6.0/extensions/atmel/avrgcc/3.4.1.95/avrtoolchain/bin/../lib/gcc/avr/4.6.2/avr5\libgcc.a(_udivmodsi4.o)
 .debug_info    0x00006b80       0xdd c:/program files (x86)/atmel/atmel studio 6.0/extensions/atmel/avrgcc/3.4.1.95/avrtoolchain/bin/../lib/gcc/avr/4.6.2/avr5\libgcc.a(_exit.o)
 .debug_info    0x00006c5d       0xdd c:/program files (x86)/atmel/atmel studio 6.0/extensions/atmel/avrgcc/3.4.1.95/avrtoolchain/bin/../lib/gcc/avr/4.6.2/avr5\libgcc.a(_copy_data.o)
 .debug_info    0x00006d3a       0xdd c:/program files (x86)/atmel/atmel studio 6.0/extensions/atmel/avrgcc/3.4.1.95/avrtoolchain/bin/../lib/gcc/avr/4.6.2/avr5\libgcc.a(_clear_bss.o)
 .debug_info    0x00006e17      0x126 c:/program files (x86)/atmel/atmel studio 6.0/extensions/atmel/avrgcc/3.4.1.95/avrtoolchain/bin/../lib/gcc/avr/4.6.2/../../../../avr/lib/avr5\libc.a(random.o)
 .debug_info    0x00006f3d       0xdd c:/program files (x86)/atmel/atmel studio 6.0/extensions/atmel/avrgcc/3.4.1.95/avrtoolchain/bin/../lib/gcc/avr/4.6.2/avr5\libgcc.a(_divmodsi4.o)
 .debug_info    0x0000701a       0xdd c:/program files (x86)/atmel/atmel studio 6.0/extensions/atmel/avrgcc/3.4.1.95/avrtoolchain/bin/../lib/gcc/avr/4.6.2/avr5\libgcc.a(_prologue.o)
 .debug_info    0x000070f7       0xdd c:/program files (x86)/atmel/atmel studio 6.0/extensions/atmel/avrgcc/3.4.1.95/avrtoolchain/bin/../lib/gcc/avr/4.6.2/avr5\libgcc.a(_epilogue.o)
 *(.gnu.linkonce.wi.*)

.debug_abbrev   0x00000000     0x19e5
 *(.debug_abbrev)
 .debug_abbrev  0x00000000      0x170 adc.o
 .debug_abbrev  0x00000170      0x13c arp.o
 .debug_abbrev  0x000002ac      0x189 assigner.o
 .debug_abbrev  0x00000435       0xa1 clock.o
 .debug_abbrev  0x000004d6      0x14d dac.o
 .debug_abbrev  0x00000623      0x111 display.o
 .debug_abbrev  0x00000734       0xd5 interrupts.o
 .debug_abbrev  0x00000809       0x2a midi.o
 .debug_abbrev  0x00000833      0x22c monapollo-firmware.o
 .debug_abbrev  0x00000a5f      0x158 scan_pots_and_update_control_voltages.o
 .debug_abbrev  0x00000bb7      0x108 spi.o
 .debug_abbrev  0x00000cbf      0x231 synth.o
 .debug_abbrev  0x00000ef0      0x2a0 tune.o
 .debug_abbrev  0x00001190      0x104 utils.o
 .debug_abbrev  0x00001294      0x105 xnormidi-develop/bytequeue/bytequeue.o
 .debug_abbrev  0x00001399       0x83 xnormidi-develop/bytequeue/interrupt_setting.o
 .debug_abbrev  0x0000141c      0x1b1 xnormidi-develop/midi.o
 .debug_abbrev  0x000015cd      0x193 xnormidi-develop/midi_device.o
 .debug_abbrev  0x00001760       0xf0 xnormidi-develop/sysex_tools.o
 .debug_abbrev  0x00001850       0x14 c:/program files (x86)/atmel/atmel studio 6.0/extensions/atmel/avrgcc/3.4.1.95/avrtoolchain/bin/../lib/gcc/avr/4.6.2/avr5\libgcc.a(_mulsi3.o)
 .debug_abbrev  0x00001864       0x14 c:/program files (x86)/atmel/atmel studio 6.0/extensions/atmel/avrgcc/3.4.1.95/avrtoolchain/bin/../lib/gcc/avr/4.6.2/avr5\libgcc.a(_udivmodhi4.o)
 .debug_abbrev  0x00001878       0x14 c:/program files (x86)/atmel/atmel studio 6.0/extensions/atmel/avrgcc/3.4.1.95/avrtoolchain/bin/../lib/gcc/avr/4.6.2/avr5\libgcc.a(_divmodhi4.o)
 .debug_abbrev  0x0000188c       0x14 c:/program files (x86)/atmel/atmel studio 6.0/extensions/atmel/avrgcc/3.4.1.95/avrtoolchain/bin/../lib/gcc/avr/4.6.2/avr5\libgcc.a(_udivmodsi4.o)
 .debug_abbrev  0x000018a0       0x14 c:/program files (x86)/atmel/atmel studio 6.0/extensions/atmel/avrgcc/3.4.1.95/avrtoolchain/bin/../lib/gcc/avr/4.6.2/avr5\libgcc.a(_exit.o)
 .debug_abbrev  0x000018b4       0x14 c:/program files (x86)/atmel/atmel studio 6.0/extensions/atmel/avrgcc/3.4.1.95/avrtoolchain/bin/../lib/gcc/avr/4.6.2/avr5\libgcc.a(_copy_data.o)
 .debug_abbrev  0x000018c8       0x14 c:/program files (x86)/atmel/atmel studio 6.0/extensions/atmel/avrgcc/3.4.1.95/avrtoolchain/bin/../lib/gcc/avr/4.6.2/avr5\libgcc.a(_clear_bss.o)
 .debug_abbrev  0x000018dc       0xcd c:/program files (x86)/atmel/atmel studio 6.0/extensions/atmel/avrgcc/3.4.1.95/avrtoolchain/bin/../lib/gcc/avr/4.6.2/../../../../avr/lib/avr5\libc.a(random.o)
 .debug_abbrev  0x000019a9       0x14 c:/program files (x86)/atmel/atmel studio 6.0/extensions/atmel/avrgcc/3.4.1.95/avrtoolchain/bin/../lib/gcc/avr/4.6.2/avr5\libgcc.a(_divmodsi4.o)
 .debug_abbrev  0x000019bd       0x14 c:/program files (x86)/atmel/atmel studio 6.0/extensions/atmel/avrgcc/3.4.1.95/avrtoolchain/bin/../lib/gcc/avr/4.6.2/avr5\libgcc.a(_prologue.o)
 .debug_abbrev  0x000019d1       0x14 c:/program files (x86)/atmel/atmel studio 6.0/extensions/atmel/avrgcc/3.4.1.95/avrtoolchain/bin/../lib/gcc/avr/4.6.2/avr5\libgcc.a(_epilogue.o)

.debug_line     0x00000000     0x24e0
 *(.debug_line)
 .debug_line    0x00000000      0x196 adc.o
 .debug_line    0x00000196      0x143 arp.o
 .debug_line    0x000002d9      0x11b assigner.o
 .debug_line    0x000003f4       0xe9 clock.o
 .debug_line    0x000004dd      0x1a1 dac.o
 .debug_line    0x0000067e      0x11d display.o
 .debug_line    0x0000079b      0x135 interrupts.o
 .debug_line    0x000008d0       0x1a midi.o
 .debug_line    0x000008ea      0x30a monapollo-firmware.o
 .debug_line    0x00000bf4      0x196 scan_pots_and_update_control_voltages.o
 .debug_line    0x00000d8a      0x11a spi.o
 .debug_line    0x00000ea4      0x2ea synth.o
 .debug_line    0x0000118e      0x3d1 tune.o
 .debug_line    0x0000155f      0x10f utils.o
 .debug_line    0x0000166e      0x132 xnormidi-develop/bytequeue/bytequeue.o
 .debug_line    0x000017a0      0x114 xnormidi-develop/bytequeue/interrupt_setting.o
 .debug_line    0x000018b4      0x1f5 xnormidi-develop/midi.o
 .debug_line    0x00001aa9      0x211 xnormidi-develop/midi_device.o
 .debug_line    0x00001cba      0x188 xnormidi-develop/sysex_tools.o
 .debug_line    0x00001e42       0xa5 c:/program files (x86)/atmel/atmel studio 6.0/extensions/atmel/avrgcc/3.4.1.95/avrtoolchain/bin/../lib/gcc/avr/4.6.2/avr5\libgcc.a(_mulsi3.o)
 .debug_line    0x00001ee7       0x9a c:/program files (x86)/atmel/atmel studio 6.0/extensions/atmel/avrgcc/3.4.1.95/avrtoolchain/bin/../lib/gcc/avr/4.6.2/avr5\libgcc.a(_udivmodhi4.o)
 .debug_line    0x00001f81       0x99 c:/program files (x86)/atmel/atmel studio 6.0/extensions/atmel/avrgcc/3.4.1.95/avrtoolchain/bin/../lib/gcc/avr/4.6.2/avr5\libgcc.a(_divmodhi4.o)
 .debug_line    0x0000201a       0xa8 c:/program files (x86)/atmel/atmel studio 6.0/extensions/atmel/avrgcc/3.4.1.95/avrtoolchain/bin/../lib/gcc/avr/4.6.2/avr5\libgcc.a(_udivmodsi4.o)
 .debug_line    0x000020c2       0x88 c:/program files (x86)/atmel/atmel studio 6.0/extensions/atmel/avrgcc/3.4.1.95/avrtoolchain/bin/../lib/gcc/avr/4.6.2/avr5\libgcc.a(_exit.o)
 .debug_line    0x0000214a       0x91 c:/program files (x86)/atmel/atmel studio 6.0/extensions/atmel/avrgcc/3.4.1.95/avrtoolchain/bin/../lib/gcc/avr/4.6.2/avr5\libgcc.a(_copy_data.o)
 .debug_line    0x000021db       0x8e c:/program files (x86)/atmel/atmel studio 6.0/extensions/atmel/avrgcc/3.4.1.95/avrtoolchain/bin/../lib/gcc/avr/4.6.2/avr5\libgcc.a(_clear_bss.o)
 .debug_line    0x00002269       0x93 c:/program files (x86)/atmel/atmel studio 6.0/extensions/atmel/avrgcc/3.4.1.95/avrtoolchain/bin/../lib/gcc/avr/4.6.2/../../../../avr/lib/avr5\libc.a(random.o)
 .debug_line    0x000022fc       0xa1 c:/program files (x86)/atmel/atmel studio 6.0/extensions/atmel/avrgcc/3.4.1.95/avrtoolchain/bin/../lib/gcc/avr/4.6.2/avr5\libgcc.a(_divmodsi4.o)
 .debug_line    0x0000239d       0xa2 c:/program files (x86)/atmel/atmel studio 6.0/extensions/atmel/avrgcc/3.4.1.95/avrtoolchain/bin/../lib/gcc/avr/4.6.2/avr5\libgcc.a(_prologue.o)
 .debug_line    0x0000243f       0xa1 c:/program files (x86)/atmel/atmel studio 6.0/extensions/atmel/avrgcc/3.4.1.95/avrtoolchain/bin/../lib/gcc/avr/4.6.2/avr5\libgcc.a(_epilogue.o)

.debug_frame    0x00000000      0xe3c
 *(.debug_frame)
 .debug_frame   0x00000000       0x34 adc.o
 .debug_frame   0x00000034       0x84 arp.o
 .debug_frame   0x000000b8       0x70 assigner.o
 .debug_frame   0x00000128       0x34 clock.o
 .debug_frame   0x0000015c       0x34 dac.o
 .debug_frame   0x00000190       0x54 display.o
 .debug_frame   0x000001e4       0xd4 interrupts.o
 .debug_frame   0x000002b8       0xdc monapollo-firmware.o
 .debug_frame   0x00000394       0x70 scan_pots_and_update_control_voltages.o
 .debug_frame   0x00000404       0x44 spi.o
 .debug_frame   0x00000448      0x118 synth.o
 .debug_frame   0x00000560      0x1d4 tune.o
 .debug_frame   0x00000734       0x34 utils.o
 .debug_frame   0x00000768       0x90 xnormidi-develop/bytequeue/bytequeue.o
 .debug_frame   0x000007f8       0x34 xnormidi-develop/bytequeue/interrupt_setting.o
 .debug_frame   0x0000082c      0x378 xnormidi-develop/midi.o
 .debug_frame   0x00000ba4      0x12c xnormidi-develop/midi_device.o
 .debug_frame   0x00000cd0       0xfc xnormidi-develop/sysex_tools.o
 .debug_frame   0x00000dcc       0x70 c:/program files (x86)/atmel/atmel studio 6.0/extensions/atmel/avrgcc/3.4.1.95/avrtoolchain/bin/../lib/gcc/avr/4.6.2/../../../../avr/lib/avr5\libc.a(random.o)

.debug_str      0x00000000     0x1a71
 *(.debug_str)
 .debug_str     0x00000000      0x2de adc.o
                                0x318 (size before relaxing)
 .debug_str     0x000002de       0xe4 arp.o
                                0x217 (size before relaxing)
 .debug_str     0x000003c2       0x6d assigner.o
                                0x242 (size before relaxing)
 .debug_str     0x0000042f       0x55 clock.o
                                0x160 (size before relaxing)
 .debug_str     0x00000484      0x19e dac.o
                                0x300 (size before relaxing)
 .debug_str     0x00000622      0x20c display.o
                                0x302 (size before relaxing)
 .debug_str     0x0000082e       0x87 interrupts.o
                                0x285 (size before relaxing)
 .debug_str     0x000008b5        0xc midi.o
                                 0xd9 (size before relaxing)
 .debug_str     0x000008c1      0x3ff monapollo-firmware.o
                                0x828 (size before relaxing)
 .debug_str     0x00000cc0      0x10b scan_pots_and_update_control_voltages.o
                                0x6aa (size before relaxing)
 .debug_str     0x00000dcb       0xa6 spi.o
                                0x358 (size before relaxing)
 .debug_str     0x00000e71      0x1f3 synth.o
                                0x628 (size before relaxing)
 .debug_str     0x00001064      0x216 tune.o
                                0x5a8 (size before relaxing)
 .debug_str     0x0000127a       0x84 utils.o
                                0x331 (size before relaxing)
 .debug_str     0x000012fe       0xb9 xnormidi-develop/bytequeue/bytequeue.o
                                0x1d1 (size before relaxing)
 .debug_str     0x000013b7       0x6b xnormidi-develop/bytequeue/interrupt_setting.o
                                0x15c (size before relaxing)
 .debug_str     0x00001422      0x425 xnormidi-develop/midi.o
                                0x83f (size before relaxing)
 .debug_str     0x00001847       0xde xnormidi-develop/midi_device.o
                                0x4ff (size before relaxing)
 .debug_str     0x00001925       0xd5 xnormidi-develop/sysex_tools.o
                                0x1df (size before relaxing)
 .debug_str     0x000019fa       0x77 c:/program files (x86)/atmel/atmel studio 6.0/extensions/atmel/avrgcc/3.4.1.95/avrtoolchain/bin/../lib/gcc/avr/4.6.2/../../../../avr/lib/avr5\libc.a(random.o)
                                 0xb2 (size before relaxing)

.debug_loc      0x00000000     0x3051
 *(.debug_loc)
 .debug_loc     0x00000000       0x56 adc.o
 .debug_loc     0x00000056      0x185 arp.o
 .debug_loc     0x000001db      0x1ad assigner.o
 .debug_loc     0x00000388       0x24 clock.o
 .debug_loc     0x000003ac       0x40 dac.o
 .debug_loc     0x000003ec      0x2b0 display.o
 .debug_loc     0x0000069c      0x18c interrupts.o
 .debug_loc     0x00000828      0x292 monapollo-firmware.o
 .debug_loc     0x00000aba      0x21b scan_pots_and_update_control_voltages.o
 .debug_loc     0x00000cd5       0x1f spi.o
 .debug_loc     0x00000cf4      0x211 synth.o
 .debug_loc     0x00000f05      0x858 tune.o
 .debug_loc     0x0000175d       0x41 utils.o
 .debug_loc     0x0000179e      0x229 xnormidi-develop/bytequeue/bytequeue.o
 .debug_loc     0x000019c7      0x963 xnormidi-develop/midi.o
 .debug_loc     0x0000232a      0x668 xnormidi-develop/midi_device.o
 .debug_loc     0x00002992      0x5cd xnormidi-develop/sysex_tools.o
 .debug_loc     0x00002f5f       0xf2 c:/program files (x86)/atmel/atmel studio 6.0/extensions/atmel/avrgcc/3.4.1.95/avrtoolchain/bin/../lib/gcc/avr/4.6.2/../../../../avr/lib/avr5\libc.a(random.o)

.debug_macinfo
 *(.debug_macinfo)
OUTPUT(monapollo-firmware.elf elf32-avr)
LOAD linker stubs

.debug_ranges   0x00000000      0x138
 .debug_ranges  0x00000000       0x30 arp.o
 .debug_ranges  0x00000030       0x98 tune.o
 .debug_ranges  0x000000c8       0x48 xnormidi-develop/sysex_tools.o
 .debug_ranges  0x00000110       0x28 c:/program files (x86)/atmel/atmel studio 6.0/extensions/atmel/avrgcc/3.4.1.95/avrtoolchain/bin/../lib/gcc/avr/4.6.2/../../../../avr/lib/avr5\libc.a(random.o)
