Archive member included because of file (symbol)

c:/program files (x86)/atmel/atmel studio 6.0/extensions/atmel/avrgcc/3.4.1.95/avrtoolchain/bin/../lib/gcc/avr/4.6.2/avr5\libgcc.a(_mulsi3.o)
                              scan_pots_and_update_control_voltages.o (__mulsi3)
c:/program files (x86)/atmel/atmel studio 6.0/extensions/atmel/avrgcc/3.4.1.95/avrtoolchain/bin/../lib/gcc/avr/4.6.2/avr5\libgcc.a(_udivmodhi4.o)
                              xnormidi-develop/midi_device.o (__udivmodhi4)
c:/program files (x86)/atmel/atmel studio 6.0/extensions/atmel/avrgcc/3.4.1.95/avrtoolchain/bin/../lib/gcc/avr/4.6.2/avr5\libgcc.a(_divmodhi4.o)
                              arp.o (__divmodhi4)
c:/program files (x86)/atmel/atmel studio 6.0/extensions/atmel/avrgcc/3.4.1.95/avrtoolchain/bin/../lib/gcc/avr/4.6.2/avr5\libgcc.a(_exit.o)
                              c:/program files (x86)/atmel/atmel studio 6.0/extensions/atmel/avrgcc/3.4.1.95/avrtoolchain/bin/../lib/gcc/avr/4.6.2/../../../../avr/lib/avr5/crtm6450a.o (exit)
c:/program files (x86)/atmel/atmel studio 6.0/extensions/atmel/avrgcc/3.4.1.95/avrtoolchain/bin/../lib/gcc/avr/4.6.2/avr5\libgcc.a(_copy_data.o)
                              adc.o (__do_copy_data)
c:/program files (x86)/atmel/atmel studio 6.0/extensions/atmel/avrgcc/3.4.1.95/avrtoolchain/bin/../lib/gcc/avr/4.6.2/avr5\libgcc.a(_clear_bss.o)
                              adc.o (__do_clear_bss)
c:/program files (x86)/atmel/atmel studio 6.0/extensions/atmel/avrgcc/3.4.1.95/avrtoolchain/bin/../lib/gcc/avr/4.6.2/../../../../avr/lib/avr5\libc.a(random.o)
                              arp.o (random)
c:/program files (x86)/atmel/atmel studio 6.0/extensions/atmel/avrgcc/3.4.1.95/avrtoolchain/bin/../lib/gcc/avr/4.6.2/../../../../avr/lib/avr5\libc.a(memcpy.o)
                              xnormidi-develop/midi.o (memcpy)
c:/program files (x86)/atmel/atmel studio 6.0/extensions/atmel/avrgcc/3.4.1.95/avrtoolchain/bin/../lib/gcc/avr/4.6.2/../../../../avr/lib/avr5\libc.a(memmove.o)
                              assigner.o (memmove)
c:/program files (x86)/atmel/atmel studio 6.0/extensions/atmel/avrgcc/3.4.1.95/avrtoolchain/bin/../lib/gcc/avr/4.6.2/../../../../avr/lib/avr5\libc.a(eerd_block_atmega6450a.o)
                              synth.o (__eerd_block_m6450a)
c:/program files (x86)/atmel/atmel studio 6.0/extensions/atmel/avrgcc/3.4.1.95/avrtoolchain/bin/../lib/gcc/avr/4.6.2/../../../../avr/lib/avr5\libc.a(eerd_word_atmega6450a.o)
                              tune.o (__eerd_word_m6450a)
c:/program files (x86)/atmel/atmel studio 6.0/extensions/atmel/avrgcc/3.4.1.95/avrtoolchain/bin/../lib/gcc/avr/4.6.2/../../../../avr/lib/avr5\libc.a(eeupd_block_atmega6450a.o)
                              synth.o (__eeupd_block_m6450a)
c:/program files (x86)/atmel/atmel studio 6.0/extensions/atmel/avrgcc/3.4.1.95/avrtoolchain/bin/../lib/gcc/avr/4.6.2/../../../../avr/lib/avr5\libc.a(eeupd_byte_atmega6450a.o)
                              c:/program files (x86)/atmel/atmel studio 6.0/extensions/atmel/avrgcc/3.4.1.95/avrtoolchain/bin/../lib/gcc/avr/4.6.2/../../../../avr/lib/avr5\libc.a(eeupd_block_atmega6450a.o) (__eeupd_r18_m6450a)
c:/program files (x86)/atmel/atmel studio 6.0/extensions/atmel/avrgcc/3.4.1.95/avrtoolchain/bin/../lib/gcc/avr/4.6.2/../../../../avr/lib/avr5\libc.a(eeupd_word_atmega6450a.o)
                              tune.o (__eeupd_word_m6450a)
c:/program files (x86)/atmel/atmel studio 6.0/extensions/atmel/avrgcc/3.4.1.95/avrtoolchain/bin/../lib/gcc/avr/4.6.2/avr5\libgcc.a(_divmodsi4.o)
                              c:/program files (x86)/atmel/atmel studio 6.0/extensions/atmel/avrgcc/3.4.1.95/avrtoolchain/bin/../lib/gcc/avr/4.6.2/../../../../avr/lib/avr5\libc.a(random.o) (__divmodsi4)
c:/program files (x86)/atmel/atmel studio 6.0/extensions/atmel/avrgcc/3.4.1.95/avrtoolchain/bin/../lib/gcc/avr/4.6.2/avr5\libgcc.a(_prologue.o)
                              c:/program files (x86)/atmel/atmel studio 6.0/extensions/atmel/avrgcc/3.4.1.95/avrtoolchain/bin/../lib/gcc/avr/4.6.2/../../../../avr/lib/avr5\libc.a(random.o) (__prologue_saves__)
c:/program files (x86)/atmel/atmel studio 6.0/extensions/atmel/avrgcc/3.4.1.95/avrtoolchain/bin/../lib/gcc/avr/4.6.2/avr5\libgcc.a(_epilogue.o)
                              c:/program files (x86)/atmel/atmel studio 6.0/extensions/atmel/avrgcc/3.4.1.95/avrtoolchain/bin/../lib/gcc/avr/4.6.2/../../../../avr/lib/avr5\libc.a(random.o) (__epilogue_restores__)
c:/program files (x86)/atmel/atmel studio 6.0/extensions/atmel/avrgcc/3.4.1.95/avrtoolchain/bin/../lib/gcc/avr/4.6.2/avr5\libgcc.a(_udivmodsi4.o)
                              c:/program files (x86)/atmel/atmel studio 6.0/extensions/atmel/avrgcc/3.4.1.95/avrtoolchain/bin/../lib/gcc/avr/4.6.2/avr5\libgcc.a(_divmodsi4.o) (__udivmodsi4)

Allocating common symbols
Common symbol       size              file

arp                 0x48              arp.o
system_clock        0x6               clock.o
midi_clock          0x6               clock.o
midi_device         0xed              monapollo-firmware.o

Memory Configuration

Name             Origin             Length             Attributes
text             0x00000000         0x00020000         xr
data             0x00800060         0x0000ffa0         rw !x
eeprom           0x00810000         0x00010000         rw !x
fuse             0x00820000         0x00000400         rw !x
lock             0x00830000         0x00000400         rw !x
signature        0x00840000         0x00000400         rw !x
*default*        0x00000000         0xffffffff

Linker script and memory map

Address of section .data set to 0x800100
LOAD c:/program files (x86)/atmel/atmel studio 6.0/extensions/atmel/avrgcc/3.4.1.95/avrtoolchain/bin/../lib/gcc/avr/4.6.2/../../../../avr/lib/avr5/crtm6450a.o
LOAD adc.o
LOAD arp.o
LOAD assigner.o
LOAD clock.o
LOAD dac.o
LOAD display.o
LOAD interrupts.o
LOAD midi.o
LOAD monapollo-firmware.o
LOAD scan_pots_and_update_control_voltages.o
LOAD spi.o
LOAD synth.o
LOAD tune.o
LOAD utils.o
LOAD xnormidi-develop/bytequeue/bytequeue.o
LOAD xnormidi-develop/bytequeue/interrupt_setting.o
LOAD xnormidi-develop/midi.o
LOAD xnormidi-develop/midi_device.o
LOAD xnormidi-develop/sysex_tools.o
START GROUP
LOAD c:/program files (x86)/atmel/atmel studio 6.0/extensions/atmel/avrgcc/3.4.1.95/avrtoolchain/bin/../lib/gcc/avr/4.6.2/../../../../avr/lib/avr5\libm.a
END GROUP
LOAD c:/program files (x86)/atmel/atmel studio 6.0/extensions/atmel/avrgcc/3.4.1.95/avrtoolchain/bin/../lib/gcc/avr/4.6.2/avr5\libgcc.a
LOAD c:/program files (x86)/atmel/atmel studio 6.0/extensions/atmel/avrgcc/3.4.1.95/avrtoolchain/bin/../lib/gcc/avr/4.6.2/../../../../avr/lib/avr5\libc.a
LOAD c:/program files (x86)/atmel/atmel studio 6.0/extensions/atmel/avrgcc/3.4.1.95/avrtoolchain/bin/../lib/gcc/avr/4.6.2/avr5\libgcc.a

.hash
 *(.hash)

.dynsym
 *(.dynsym)

.dynstr
 *(.dynstr)

.gnu.version
 *(.gnu.version)

.gnu.version_d
 *(.gnu.version_d)

.gnu.version_r
 *(.gnu.version_r)

.rel.init
 *(.rel.init)

.rela.init
 *(.rela.init)

.rel.text
 *(.rel.text)
 *(.rel.text.*)
 *(.rel.gnu.linkonce.t*)

.rela.text
 *(.rela.text)
 *(.rela.text.*)
 *(.rela.gnu.linkonce.t*)

.rel.fini
 *(.rel.fini)

.rela.fini
 *(.rela.fini)

.rel.rodata
 *(.rel.rodata)
 *(.rel.rodata.*)
 *(.rel.gnu.linkonce.r*)

.rela.rodata
 *(.rela.rodata)
 *(.rela.rodata.*)
 *(.rela.gnu.linkonce.r*)

.rel.data
 *(.rel.data)
 *(.rel.data.*)
 *(.rel.gnu.linkonce.d*)

.rela.data
 *(.rela.data)
 *(.rela.data.*)
 *(.rela.gnu.linkonce.d*)

.rel.ctors
 *(.rel.ctors)

.rela.ctors
 *(.rela.ctors)

.rel.dtors
 *(.rel.dtors)

.rela.dtors
 *(.rela.dtors)

.rel.got
 *(.rel.got)

.rela.got
 *(.rela.got)

.rel.bss
 *(.rel.bss)

.rela.bss
 *(.rela.bss)

.rel.plt
 *(.rel.plt)

.rela.plt
 *(.rela.plt)

.text           0x00000000     0x3e98
 *(.vectors)
 .vectors       0x00000000       0x64 c:/program files (x86)/atmel/atmel studio 6.0/extensions/atmel/avrgcc/3.4.1.95/avrtoolchain/bin/../lib/gcc/avr/4.6.2/../../../../avr/lib/avr5/crtm6450a.o
                0x00000000                __vector_default
                0x00000000                __vectors
 *(.vectors)
 *(.progmem.gcc*)
 *(.progmem*)
                0x00000064                . = ALIGN (0x2)
                0x00000064                __trampolines_start = .
 *(.trampolines)
 .trampolines   0x00000064        0x0 linker stubs
 *(.trampolines*)
                0x00000064                __trampolines_end = .
 *(.jumptables)
 *(.jumptables*)
 *(.lowtext)
 *(.lowtext*)
                0x00000064                __ctors_start = .
 *(.ctors)
                0x00000064                __ctors_end = .
                0x00000064                __dtors_start = .
 *(.dtors)
                0x00000064                __dtors_end = .
 SORT(*)(.ctors)
 SORT(*)(.dtors)
 *(.init0)
 .init0         0x00000064        0x0 c:/program files (x86)/atmel/atmel studio 6.0/extensions/atmel/avrgcc/3.4.1.95/avrtoolchain/bin/../lib/gcc/avr/4.6.2/../../../../avr/lib/avr5/crtm6450a.o
                0x00000064                __init
 *(.init0)
 *(.init1)
 *(.init1)
 *(.init2)
 .init2         0x00000064        0xc c:/program files (x86)/atmel/atmel studio 6.0/extensions/atmel/avrgcc/3.4.1.95/avrtoolchain/bin/../lib/gcc/avr/4.6.2/../../../../avr/lib/avr5/crtm6450a.o
 *(.init2)
 *(.init3)
 *(.init3)
 *(.init4)
 .init4         0x00000070       0x16 c:/program files (x86)/atmel/atmel studio 6.0/extensions/atmel/avrgcc/3.4.1.95/avrtoolchain/bin/../lib/gcc/avr/4.6.2/avr5\libgcc.a(_copy_data.o)
                0x00000070                __do_copy_data
 .init4         0x00000086       0x10 c:/program files (x86)/atmel/atmel studio 6.0/extensions/atmel/avrgcc/3.4.1.95/avrtoolchain/bin/../lib/gcc/avr/4.6.2/avr5\libgcc.a(_clear_bss.o)
                0x00000086                __do_clear_bss
 *(.init4)
 *(.init5)
 *(.init5)
 *(.init6)
 *(.init6)
 *(.init7)
 *(.init7)
 *(.init8)
 *(.init8)
 *(.init9)
 .init9         0x00000096        0x8 c:/program files (x86)/atmel/atmel studio 6.0/extensions/atmel/avrgcc/3.4.1.95/avrtoolchain/bin/../lib/gcc/avr/4.6.2/../../../../avr/lib/avr5/crtm6450a.o
 *(.init9)
 *(.text)
 .text          0x0000009e        0x4 c:/program files (x86)/atmel/atmel studio 6.0/extensions/atmel/avrgcc/3.4.1.95/avrtoolchain/bin/../lib/gcc/avr/4.6.2/../../../../avr/lib/avr5/crtm6450a.o
                0x0000009e                __vector_22
                0x0000009e                __vector_1
                0x0000009e                __vector_24
                0x0000009e                __vector_12
                0x0000009e                __bad_interrupt
                0x0000009e                __vector_6
                0x0000009e                __vector_3
                0x0000009e                __vector_23
                0x0000009e                __vector_11
                0x0000009e                __vector_17
                0x0000009e                __vector_19
                0x0000009e                __vector_5
                0x0000009e                __vector_4
                0x0000009e                __vector_2
                0x0000009e                __vector_21
                0x0000009e                __vector_15
                0x0000009e                __vector_8
                0x0000009e                __vector_14
                0x0000009e                __vector_16
                0x0000009e                __vector_18
                0x0000009e                __vector_20
 .text          0x000000a2       0xa4 adc.o
                0x000000a2                setup_adc
                0x000000c8                read_pot
 .text          0x00000146      0x1be arp.o
                0x00000146                update_arp_sequence
                0x00000266                step_arp_note
 .text          0x00000304       0xce assigner.o
                0x00000304                get_indexed_note
                0x00000314                get_current_note
                0x00000328                new_note
                0x00000358                remove_note
 .text          0x000003d2       0x30 clock.o
                0x000003d2                setup_system_clock
                0x000003e0                update_clock_rate
 .text          0x00000402       0x96 dac.o
                0x00000402                set_control_voltage
                0x00000466                setup_dac
 .text          0x00000498      0x1f6 display.o
                0x00000498                display_dec
                0x0000066a                update_display
 .text          0x0000068e      0x122 interrupts.o
                0x0000068e                __vector_10
                0x0000070c                __vector_9
                0x00000724                __vector_7
 .text          0x000007b0        0x0 midi.o
 .text          0x000007b0      0x296 monapollo-firmware.o
                0x000007b0                real_time_event
                0x000007ea                note_off_event
                0x00000826                note_on_event
                0x0000087c                setup_midi_usart
                0x0000088e                __vector_13
                0x000008f8                main
 .text          0x00000a46      0x558 scan_pots_and_update_control_voltages.o
                0x00000a46                scan_pots
                0x00000b60                update_control_voltages
 .text          0x00000f9e      0x100 spi.o
                0x00000f9e                setup_spi
                0x00000fdc                spi_shift_byte
                0x00000fe8                update_spi
 .text          0x0000109e     0x1030 synth.o
                0x0000109e                lock_pots
                0x000010d2                unlock_pots
                0x000010f4                save_patch
                0x000014da                load_patch
                0x00001a9a                transpose_note
                0x00001aba                update_octave_range
                0x00001bd0                update_lfo_shape
                0x00001c30                update_lfo_sync
                0x00001cd4                update_arp_sync
                0x00001d86                update_arp_range
                0x00001dfc                update_arp_mode
                0x00001e9c                update_patch
                0x00001fb6                update_patch_programmer
 .text          0x000020ce      0xc40 tune.o
                0x000020ce                initialize_voice_for_tuning
                0x000021cc                set_vco_init_cv
                0x00002494                tune_8ths
                0x000027d8                tune_filter
                0x00002b74                save_tuning_tables
                0x00002ba6                load_tuning_tables
                0x00002bf8                interpolate_pitch_cv
                0x00002c58                set_one_volt_per_octave
                0x00002cb4                tune
 .text          0x00002d0e      0x130 utils.o
                0x00002d0e                read_switch_port
                0x00002d6e                update_analog_switch_latch
 .text          0x00002e3e       0xec xnormidi-develop/bytequeue/bytequeue.o
                0x00002e3e                bytequeue_init
                0x00002e4c                bytequeue_enqueue
                0x00002eaa                bytequeue_length
                0x00002ed4                bytequeue_get
                0x00002ef6                bytequeue_remove
 .text          0x00002f2a        0xa xnormidi-develop/bytequeue/interrupt_setting.o
                0x00002f2a                store_and_clear_interrupt
                0x00002f30                restore_interrupt_setting
 .text          0x00002f34      0x416 xnormidi-develop/midi.o
                0x00002f34                midi_is_statusbyte
                0x00002f3c                midi_is_realtime
                0x00002f48                midi_packet_length
                0x00002fd8                midi_send_cc
                0x00002ffa                midi_send_noteon
                0x0000301c                midi_send_noteoff
                0x0000303e                midi_send_aftertouch
                0x00003060                midi_send_pitchbend
                0x000030ae                midi_send_programchange
                0x000030cc                midi_send_channelpressure
                0x000030ea                midi_send_clock
                0x00003102                midi_send_tick
                0x0000311a                midi_send_start
                0x00003132                midi_send_continue
                0x0000314a                midi_send_stop
                0x00003162                midi_send_activesense
                0x0000317a                midi_send_reset
                0x00003192                midi_send_tcquarterframe
                0x000031ac                midi_send_songposition
                0x000031d6                midi_send_songselect
                0x000031f0                midi_send_tunerequest
                0x00003208                midi_send_byte
                0x00003220                midi_send_data
                0x0000322e                midi_send_array
                0x000032d2                midi_register_cc_callback
                0x000032da                midi_register_noteon_callback
                0x000032e2                midi_register_noteoff_callback
                0x000032ea                midi_register_aftertouch_callback
                0x000032f2                midi_register_pitchbend_callback
                0x000032fa                midi_register_songposition_callback
                0x00003302                midi_register_progchange_callback
                0x0000330a                midi_register_chanpressure_callback
                0x00003312                midi_register_songselect_callback
                0x0000331a                midi_register_tc_quarterframe_callback
                0x00003322                midi_register_realtime_callback
                0x0000332a                midi_register_tunerequest_callback
                0x00003332                midi_register_sysex_callback
                0x0000333a                midi_register_fallthrough_callback
                0x00003342                midi_register_catchall_callback
 .text          0x0000334a      0x52c xnormidi-develop/midi_device.o
                0x0000334a                midi_device_init
                0x000033ac                midi_device_input
                0x000033f2                midi_device_set_send_func
                0x000033fa                midi_device_set_pre_input_process_func
                0x00003402                midi_input_callbacks
                0x0000364a                midi_process_byte
                0x00003800                midi_device_process
 .text          0x00003876      0x33e xnormidi-develop/sysex_tools.o
                0x00003876                sysex_encoded_length
                0x000038c0                sysex_decoded_length
                0x00003910                sysex_encode
                0x00003a8a                sysex_decode
 .text          0x00003bb4        0x0 c:/program files (x86)/atmel/atmel studio 6.0/extensions/atmel/avrgcc/3.4.1.95/avrtoolchain/bin/../lib/gcc/avr/4.6.2/avr5\libgcc.a(_mulsi3.o)
 .text          0x00003bb4        0x0 c:/program files (x86)/atmel/atmel studio 6.0/extensions/atmel/avrgcc/3.4.1.95/avrtoolchain/bin/../lib/gcc/avr/4.6.2/avr5\libgcc.a(_udivmodhi4.o)
 .text          0x00003bb4        0x0 c:/program files (x86)/atmel/atmel studio 6.0/extensions/atmel/avrgcc/3.4.1.95/avrtoolchain/bin/../lib/gcc/avr/4.6.2/avr5\libgcc.a(_divmodhi4.o)
 .text          0x00003bb4        0x0 c:/program files (x86)/atmel/atmel studio 6.0/extensions/atmel/avrgcc/3.4.1.95/avrtoolchain/bin/../lib/gcc/avr/4.6.2/avr5\libgcc.a(_exit.o)
 .text          0x00003bb4        0x0 c:/program files (x86)/atmel/atmel studio 6.0/extensions/atmel/avrgcc/3.4.1.95/avrtoolchain/bin/../lib/gcc/avr/4.6.2/avr5\libgcc.a(_copy_data.o)
 .text          0x00003bb4        0x0 c:/program files (x86)/atmel/atmel studio 6.0/extensions/atmel/avrgcc/3.4.1.95/avrtoolchain/bin/../lib/gcc/avr/4.6.2/avr5\libgcc.a(_clear_bss.o)
 .text          0x00003bb4        0x0 c:/program files (x86)/atmel/atmel studio 6.0/extensions/atmel/avrgcc/3.4.1.95/avrtoolchain/bin/../lib/gcc/avr/4.6.2/../../../../avr/lib/avr5\libc.a(random.o)
 .text          0x00003bb4        0x0 c:/program files (x86)/atmel/atmel studio 6.0/extensions/atmel/avrgcc/3.4.1.95/avrtoolchain/bin/../lib/gcc/avr/4.6.2/../../../../avr/lib/avr5\libc.a(memcpy.o)
 .text          0x00003bb4        0x0 c:/program files (x86)/atmel/atmel studio 6.0/extensions/atmel/avrgcc/3.4.1.95/avrtoolchain/bin/../lib/gcc/avr/4.6.2/../../../../avr/lib/avr5\libc.a(memmove.o)
 .text          0x00003bb4        0x0 c:/program files (x86)/atmel/atmel studio 6.0/extensions/atmel/avrgcc/3.4.1.95/avrtoolchain/bin/../lib/gcc/avr/4.6.2/../../../../avr/lib/avr5\libc.a(eerd_block_atmega6450a.o)
 .text          0x00003bb4        0x0 c:/program files (x86)/atmel/atmel studio 6.0/extensions/atmel/avrgcc/3.4.1.95/avrtoolchain/bin/../lib/gcc/avr/4.6.2/../../../../avr/lib/avr5\libc.a(eerd_word_atmega6450a.o)
 .text          0x00003bb4        0x0 c:/program files (x86)/atmel/atmel studio 6.0/extensions/atmel/avrgcc/3.4.1.95/avrtoolchain/bin/../lib/gcc/avr/4.6.2/../../../../avr/lib/avr5\libc.a(eeupd_block_atmega6450a.o)
 .text          0x00003bb4        0x0 c:/program files (x86)/atmel/atmel studio 6.0/extensions/atmel/avrgcc/3.4.1.95/avrtoolchain/bin/../lib/gcc/avr/4.6.2/../../../../avr/lib/avr5\libc.a(eeupd_byte_atmega6450a.o)
 .text          0x00003bb4        0x0 c:/program files (x86)/atmel/atmel studio 6.0/extensions/atmel/avrgcc/3.4.1.95/avrtoolchain/bin/../lib/gcc/avr/4.6.2/../../../../avr/lib/avr5\libc.a(eeupd_word_atmega6450a.o)
 .text          0x00003bb4        0x0 c:/program files (x86)/atmel/atmel studio 6.0/extensions/atmel/avrgcc/3.4.1.95/avrtoolchain/bin/../lib/gcc/avr/4.6.2/avr5\libgcc.a(_divmodsi4.o)
 .text          0x00003bb4        0x0 c:/program files (x86)/atmel/atmel studio 6.0/extensions/atmel/avrgcc/3.4.1.95/avrtoolchain/bin/../lib/gcc/avr/4.6.2/avr5\libgcc.a(_prologue.o)
 .text          0x00003bb4        0x0 c:/program files (x86)/atmel/atmel studio 6.0/extensions/atmel/avrgcc/3.4.1.95/avrtoolchain/bin/../lib/gcc/avr/4.6.2/avr5\libgcc.a(_epilogue.o)
 .text          0x00003bb4        0x0 c:/program files (x86)/atmel/atmel studio 6.0/extensions/atmel/avrgcc/3.4.1.95/avrtoolchain/bin/../lib/gcc/avr/4.6.2/avr5\libgcc.a(_udivmodsi4.o)
                0x00003bb4                . = ALIGN (0x2)
 *(.text.*)
 .text.libgcc   0x00003bb4       0x3e c:/program files (x86)/atmel/atmel studio 6.0/extensions/atmel/avrgcc/3.4.1.95/avrtoolchain/bin/../lib/gcc/avr/4.6.2/avr5\libgcc.a(_mulsi3.o)
                0x00003bb4                __mulsi3
 .text.libgcc   0x00003bf2       0x28 c:/program files (x86)/atmel/atmel studio 6.0/extensions/atmel/avrgcc/3.4.1.95/avrtoolchain/bin/../lib/gcc/avr/4.6.2/avr5\libgcc.a(_udivmodhi4.o)
                0x00003bf2                __udivmodhi4
 .text.libgcc   0x00003c1a       0x26 c:/program files (x86)/atmel/atmel studio 6.0/extensions/atmel/avrgcc/3.4.1.95/avrtoolchain/bin/../lib/gcc/avr/4.6.2/avr5\libgcc.a(_divmodhi4.o)
                0x00003c1a                _div
                0x00003c1a                __divmodhi4
 .text.libgcc   0x00003c40        0x0 c:/program files (x86)/atmel/atmel studio 6.0/extensions/atmel/avrgcc/3.4.1.95/avrtoolchain/bin/../lib/gcc/avr/4.6.2/avr5\libgcc.a(_exit.o)
 .text.libgcc   0x00003c40        0x0 c:/program files (x86)/atmel/atmel studio 6.0/extensions/atmel/avrgcc/3.4.1.95/avrtoolchain/bin/../lib/gcc/avr/4.6.2/avr5\libgcc.a(_copy_data.o)
 .text.libgcc   0x00003c40        0x0 c:/program files (x86)/atmel/atmel studio 6.0/extensions/atmel/avrgcc/3.4.1.95/avrtoolchain/bin/../lib/gcc/avr/4.6.2/avr5\libgcc.a(_clear_bss.o)
 .text.avr-libc
                0x00003c40       0xbc c:/program files (x86)/atmel/atmel studio 6.0/extensions/atmel/avrgcc/3.4.1.95/avrtoolchain/bin/../lib/gcc/avr/4.6.2/../../../../avr/lib/avr5\libc.a(random.o)
                0x00003cd6                random_r
                0x00003cdc                random
                0x00003ce6                srandom
 .text.avr-libc
                0x00003cfc       0x12 c:/program files (x86)/atmel/atmel studio 6.0/extensions/atmel/avrgcc/3.4.1.95/avrtoolchain/bin/../lib/gcc/avr/4.6.2/../../../../avr/lib/avr5\libc.a(memcpy.o)
                0x00003cfc                memcpy
 .text.avr-libc
                0x00003d0e       0x24 c:/program files (x86)/atmel/atmel studio 6.0/extensions/atmel/avrgcc/3.4.1.95/avrtoolchain/bin/../lib/gcc/avr/4.6.2/../../../../avr/lib/avr5\libc.a(memmove.o)
                0x00003d0e                memmove
 .text.avr-libc
                0x00003d32       0x20 c:/program files (x86)/atmel/atmel studio 6.0/extensions/atmel/avrgcc/3.4.1.95/avrtoolchain/bin/../lib/gcc/avr/4.6.2/../../../../avr/lib/avr5\libc.a(eerd_block_atmega6450a.o)
                0x00003d32                __eerd_block_m6450a
                0x00003d36                __eerd_blraw_m6450a
 .text.avr-libc
                0x00003d52        0xc c:/program files (x86)/atmel/atmel studio 6.0/extensions/atmel/avrgcc/3.4.1.95/avrtoolchain/bin/../lib/gcc/avr/4.6.2/../../../../avr/lib/avr5\libc.a(eerd_word_atmega6450a.o)
                0x00003d52                __eerd_word_m6450a
 .text.avr-libc
                0x00003d5e       0x20 c:/program files (x86)/atmel/atmel studio 6.0/extensions/atmel/avrgcc/3.4.1.95/avrtoolchain/bin/../lib/gcc/avr/4.6.2/../../../../avr/lib/avr5\libc.a(eeupd_block_atmega6450a.o)
                0x00003d5e                __eeupd_block_m6450a
 .text.avr-libc
                0x00003d7e       0x22 c:/program files (x86)/atmel/atmel studio 6.0/extensions/atmel/avrgcc/3.4.1.95/avrtoolchain/bin/../lib/gcc/avr/4.6.2/../../../../avr/lib/avr5\libc.a(eeupd_byte_atmega6450a.o)
                0x00003d7e                __eeupd_byte_m6450a
                0x00003d80                __eeupd_r18_m6450a
 .text.avr-libc
                0x00003da0        0xc c:/program files (x86)/atmel/atmel studio 6.0/extensions/atmel/avrgcc/3.4.1.95/avrtoolchain/bin/../lib/gcc/avr/4.6.2/../../../../avr/lib/avr5\libc.a(eeupd_word_atmega6450a.o)
                0x00003da0                __eeupd_word_m6450a
 .text.libgcc   0x00003dac       0x36 c:/program files (x86)/atmel/atmel studio 6.0/extensions/atmel/avrgcc/3.4.1.95/avrtoolchain/bin/../lib/gcc/avr/4.6.2/avr5\libgcc.a(_divmodsi4.o)
                0x00003dac                __divmodsi4
 .text.libgcc   0x00003de2       0x38 c:/program files (x86)/atmel/atmel studio 6.0/extensions/atmel/avrgcc/3.4.1.95/avrtoolchain/bin/../lib/gcc/avr/4.6.2/avr5\libgcc.a(_prologue.o)
                0x00003de2                __prologue_saves__
 .text.libgcc   0x00003e1a       0x36 c:/program files (x86)/atmel/atmel studio 6.0/extensions/atmel/avrgcc/3.4.1.95/avrtoolchain/bin/../lib/gcc/avr/4.6.2/avr5\libgcc.a(_epilogue.o)
                0x00003e1a                __epilogue_restores__
 .text.libgcc   0x00003e50       0x44 c:/program files (x86)/atmel/atmel studio 6.0/extensions/atmel/avrgcc/3.4.1.95/avrtoolchain/bin/../lib/gcc/avr/4.6.2/avr5\libgcc.a(_udivmodsi4.o)
                0x00003e50                __udivmodsi4
                0x00003e94                . = ALIGN (0x2)
 *(.fini9)
 .fini9         0x00003e94        0x0 c:/program files (x86)/atmel/atmel studio 6.0/extensions/atmel/avrgcc/3.4.1.95/avrtoolchain/bin/../lib/gcc/avr/4.6.2/avr5\libgcc.a(_exit.o)
                0x00003e94                _exit
                0x00003e94                exit
 *(.fini9)
 *(.fini8)
 *(.fini8)
 *(.fini7)
 *(.fini7)
 *(.fini6)
 *(.fini6)
 *(.fini5)
 *(.fini5)
 *(.fini4)
 *(.fini4)
 *(.fini3)
 *(.fini3)
 *(.fini2)
 *(.fini2)
 *(.fini1)
 *(.fini1)
 *(.fini0)
 .fini0         0x00003e94        0x4 c:/program files (x86)/atmel/atmel studio 6.0/extensions/atmel/avrgcc/3.4.1.95/avrtoolchain/bin/../lib/gcc/avr/4.6.2/avr5\libgcc.a(_exit.o)
 *(.fini0)
                0x00003e98                _etext = .

.data           0x00800100      0x1b4 load address 0x00003e98
                0x00800100                PROVIDE (__data_start, .)
 *(.data)
 .data          0x00800100        0x0 c:/program files (x86)/atmel/atmel studio 6.0/extensions/atmel/avrgcc/3.4.1.95/avrtoolchain/bin/../lib/gcc/avr/4.6.2/../../../../avr/lib/avr5/crtm6450a.o
 .data          0x00800100       0xb8 adc.o
                0x00800100                pot_id
                0x0080013c                release_1_pot
                0x00800140                release_2_pot
                0x00800144                sustain_1_pot
                0x00800148                sustain_2_pot
                0x0080014c                decay_1_pot
                0x00800150                decay_2_pot
                0x00800154                attack_1_pot
                0x00800158                attack_2_pot
                0x0080015c                noise_mix_pot
                0x00800160                fil_lfo_pot
                0x00800164                fil_vco2_pot
                0x00800168                key_track_pot
                0x0080016c                cutoff_pot
                0x00800170                res_pot
                0x00800174                fil_eg2_pot
                0x00800178                vco2_pw_pot
                0x0080017c                volume_pot
                0x00800180                amp_lfo_pot
                0x00800184                glide_pot
                0x00800188                arp_rate_pot
                0x0080018c                lfo_rate_pot
                0x00800190                tune_pot
                0x00800194                fine_pot
                0x00800198                vco1_pw_pot
                0x0080019c                pwm_eg2_pot
                0x008001a0                pwm_lfo_pot
                0x008001a4                pitch_lfo_pot
                0x008001a8                pitch_vco2_pot
                0x008001ac                pitch_eg2_pot
                0x008001b0                vco1_mix_pot
                0x008001b4                vco2_mix_pot
 .data          0x008001b8        0x0 arp.o
 .data          0x008001b8       0x10 assigner.o
 .data          0x008001c8        0x0 clock.o
 .data          0x008001c8       0x1f dac.o
                0x008001c8                release_1_cv
                0x008001c9                release_2_cv
                0x008001ca                sustain_1_cv
                0x008001cb                sustain_2_cv
                0x008001cc                decay_1_cv
                0x008001cd                decay_2_cv
                0x008001ce                attack_1_cv
                0x008001cf                attack_2_cv
                0x008001d0                noise_mix_cv
                0x008001d1                fil_lfo_cv
                0x008001d2                fil_vco2_cv
                0x008001d3                key_track_cv
                0x008001d4                cutoff_cv
                0x008001d5                res_cv
                0x008001d6                fil_eg2_cv
                0x008001d7                vco2_pw_cv
                0x008001d8                volume_cv
                0x008001d9                amp_lfo_cv
                0x008001da                glide_cv
                0x008001db                lfo_rate_cv
                0x008001dc                tune_cv
                0x008001dd                fine_cv
                0x008001de                vco1_pw_cv
                0x008001df                pwm_eg2_cv
                0x008001e0                pwm_lfo_cv
                0x008001e1                pitch_lfo_cv
                0x008001e2                pitch_eg2_cv
                0x008001e3                vco1_mix_cv
                0x008001e4                vco2_mix_cv
                0x008001e5                vco2_pitch_cv
                0x008001e6                vco1_pitch_cv
 .data          0x008001e7       0x16 display.o
 .data          0x008001fd        0x0 interrupts.o
 .data          0x008001fd        0x0 midi.o
 .data          0x008001fd        0x0 monapollo-firmware.o
 .data          0x008001fd        0x2 scan_pots_and_update_control_voltages.o
                0x008001fd                value_to_display
 .data          0x008001ff        0x0 spi.o
 .data          0x008001ff       0x31 synth.o
                0x00800217                lfo_shape
                0x0080021c                vco2_octave
                0x00800221                vco1_octave
                0x00800226                lfo
 .data          0x00800230       0x80 tune.o
                0x008002af                no_overflow
 .data          0x008002b0        0x0 utils.o
 .data          0x008002b0        0x0 xnormidi-develop/bytequeue/bytequeue.o
 .data          0x008002b0        0x0 xnormidi-develop/bytequeue/interrupt_setting.o
 .data          0x008002b0        0x0 xnormidi-develop/midi.o
 .data          0x008002b0        0x0 xnormidi-develop/midi_device.o
 .data          0x008002b0        0x0 xnormidi-develop/sysex_tools.o
 .data          0x008002b0        0x0 c:/program files (x86)/atmel/atmel studio 6.0/extensions/atmel/avrgcc/3.4.1.95/avrtoolchain/bin/../lib/gcc/avr/4.6.2/avr5\libgcc.a(_mulsi3.o)
 .data          0x008002b0        0x0 c:/program files (x86)/atmel/atmel studio 6.0/extensions/atmel/avrgcc/3.4.1.95/avrtoolchain/bin/../lib/gcc/avr/4.6.2/avr5\libgcc.a(_udivmodhi4.o)
 .data          0x008002b0        0x0 c:/program files (x86)/atmel/atmel studio 6.0/extensions/atmel/avrgcc/3.4.1.95/avrtoolchain/bin/../lib/gcc/avr/4.6.2/avr5\libgcc.a(_divmodhi4.o)
 .data          0x008002b0        0x0 c:/program files (x86)/atmel/atmel studio 6.0/extensions/atmel/avrgcc/3.4.1.95/avrtoolchain/bin/../lib/gcc/avr/4.6.2/avr5\libgcc.a(_exit.o)
 .data          0x008002b0        0x0 c:/program files (x86)/atmel/atmel studio 6.0/extensions/atmel/avrgcc/3.4.1.95/avrtoolchain/bin/../lib/gcc/avr/4.6.2/avr5\libgcc.a(_copy_data.o)
 .data          0x008002b0        0x0 c:/program files (x86)/atmel/atmel studio 6.0/extensions/atmel/avrgcc/3.4.1.95/avrtoolchain/bin/../lib/gcc/avr/4.6.2/avr5\libgcc.a(_clear_bss.o)
 .data          0x008002b0        0x4 c:/program files (x86)/atmel/atmel studio 6.0/extensions/atmel/avrgcc/3.4.1.95/avrtoolchain/bin/../lib/gcc/avr/4.6.2/../../../../avr/lib/avr5\libc.a(random.o)
 .data          0x008002b4        0x0 c:/program files (x86)/atmel/atmel studio 6.0/extensions/atmel/avrgcc/3.4.1.95/avrtoolchain/bin/../lib/gcc/avr/4.6.2/../../../../avr/lib/avr5\libc.a(memcpy.o)
 .data          0x008002b4        0x0 c:/program files (x86)/atmel/atmel studio 6.0/extensions/atmel/avrgcc/3.4.1.95/avrtoolchain/bin/../lib/gcc/avr/4.6.2/../../../../avr/lib/avr5\libc.a(memmove.o)
 .data          0x008002b4        0x0 c:/program files (x86)/atmel/atmel studio 6.0/extensions/atmel/avrgcc/3.4.1.95/avrtoolchain/bin/../lib/gcc/avr/4.6.2/../../../../avr/lib/avr5\libc.a(eerd_block_atmega6450a.o)
 .data          0x008002b4        0x0 c:/program files (x86)/atmel/atmel studio 6.0/extensions/atmel/avrgcc/3.4.1.95/avrtoolchain/bin/../lib/gcc/avr/4.6.2/../../../../avr/lib/avr5\libc.a(eerd_word_atmega6450a.o)
 .data          0x008002b4        0x0 c:/program files (x86)/atmel/atmel studio 6.0/extensions/atmel/avrgcc/3.4.1.95/avrtoolchain/bin/../lib/gcc/avr/4.6.2/../../../../avr/lib/avr5\libc.a(eeupd_block_atmega6450a.o)
 .data          0x008002b4        0x0 c:/program files (x86)/atmel/atmel studio 6.0/extensions/atmel/avrgcc/3.4.1.95/avrtoolchain/bin/../lib/gcc/avr/4.6.2/../../../../avr/lib/avr5\libc.a(eeupd_byte_atmega6450a.o)
 .data          0x008002b4        0x0 c:/program files (x86)/atmel/atmel studio 6.0/extensions/atmel/avrgcc/3.4.1.95/avrtoolchain/bin/../lib/gcc/avr/4.6.2/../../../../avr/lib/avr5\libc.a(eeupd_word_atmega6450a.o)
 .data          0x008002b4        0x0 c:/program files (x86)/atmel/atmel studio 6.0/extensions/atmel/avrgcc/3.4.1.95/avrtoolchain/bin/../lib/gcc/avr/4.6.2/avr5\libgcc.a(_divmodsi4.o)
 .data          0x008002b4        0x0 c:/program files (x86)/atmel/atmel studio 6.0/extensions/atmel/avrgcc/3.4.1.95/avrtoolchain/bin/../lib/gcc/avr/4.6.2/avr5\libgcc.a(_prologue.o)
 .data          0x008002b4        0x0 c:/program files (x86)/atmel/atmel studio 6.0/extensions/atmel/avrgcc/3.4.1.95/avrtoolchain/bin/../lib/gcc/avr/4.6.2/avr5\libgcc.a(_epilogue.o)
 .data          0x008002b4        0x0 c:/program files (x86)/atmel/atmel studio 6.0/extensions/atmel/avrgcc/3.4.1.95/avrtoolchain/bin/../lib/gcc/avr/4.6.2/avr5\libgcc.a(_udivmodsi4.o)
 *(.data*)
 *(.rodata)
 *(.rodata*)
 *(.gnu.linkonce.d*)
                0x008002b4                . = ALIGN (0x2)
                0x008002b4                _edata = .
                0x008002b4                PROVIDE (__data_end, .)

.bss            0x008002b4      0x215
                0x008002b4                PROVIDE (__bss_start, .)
 *(.bss)
 .bss           0x008002b4        0x0 c:/program files (x86)/atmel/atmel studio 6.0/extensions/atmel/avrgcc/3.4.1.95/avrtoolchain/bin/../lib/gcc/avr/4.6.2/../../../../avr/lib/avr5/crtm6450a.o
 .bss           0x008002b4        0x0 adc.o
 .bss           0x008002b4        0x0 arp.o
 .bss           0x008002b4        0x2 assigner.o
                0x008002b4                gate_buffer
 .bss           0x008002b6        0x0 clock.o
 .bss           0x008002b6        0x2 dac.o
                0x008002b6                arp_rate_null
                0x008002b7                pitch_vco2_cv
 .bss           0x008002b8        0x5 display.o
 .bss           0x008002bd        0x0 interrupts.o
 .bss           0x008002bd        0x0 midi.o
 .bss           0x008002bd        0x1 monapollo-firmware.o
                0x008002bd                switch_timer
 .bss           0x008002be        0x3 scan_pots_and_update_control_voltages.o
                0x008002be                midi_note_number
 .bss           0x008002c1        0x4 spi.o
                0x008002c1                spi_sw_byte1_previous_state
                0x008002c2                spi_sw_byte1_current_state
                0x008002c3                spi_sw_byte0_previous_state
                0x008002c4                spi_sw_byte0_current_state
 .bss           0x008002c5       0x4e synth.o
                0x008002c5                switch_press
                0x008002c6                current_patch
 .bss           0x00800313       0x6f tune.o
                0x00800313                filter_pitch_table
                0x00800333                vco2_pitch_table
                0x00800355                vco1_pitch_table
                0x00800377                vco2_init_cv
                0x00800379                vco1_init_cv
                0x0080037b                compare_match_counter
                0x0080037c                osc_count
                0x0080037e                count_finished
                0x0080037f                timer1_clock
                0x00800380                period
                0x00800381                period_counter
 .bss           0x00800382        0x6 utils.o
                0x00800382                switch_states
 .bss           0x00800388        0x0 xnormidi-develop/bytequeue/bytequeue.o
 .bss           0x00800388        0x0 xnormidi-develop/bytequeue/interrupt_setting.o
 .bss           0x00800388        0x0 xnormidi-develop/midi.o
 .bss           0x00800388        0x0 xnormidi-develop/midi_device.o
 .bss           0x00800388        0x0 xnormidi-develop/sysex_tools.o
 .bss           0x00800388        0x0 c:/program files (x86)/atmel/atmel studio 6.0/extensions/atmel/avrgcc/3.4.1.95/avrtoolchain/bin/../lib/gcc/avr/4.6.2/avr5\libgcc.a(_mulsi3.o)
 .bss           0x00800388        0x0 c:/program files (x86)/atmel/atmel studio 6.0/extensions/atmel/avrgcc/3.4.1.95/avrtoolchain/bin/../lib/gcc/avr/4.6.2/avr5\libgcc.a(_udivmodhi4.o)
 .bss           0x00800388        0x0 c:/program files (x86)/atmel/atmel studio 6.0/extensions/atmel/avrgcc/3.4.1.95/avrtoolchain/bin/../lib/gcc/avr/4.6.2/avr5\libgcc.a(_divmodhi4.o)
 .bss           0x00800388        0x0 c:/program files (x86)/atmel/atmel studio 6.0/extensions/atmel/avrgcc/3.4.1.95/avrtoolchain/bin/../lib/gcc/avr/4.6.2/avr5\libgcc.a(_exit.o)
 .bss           0x00800388        0x0 c:/program files (x86)/atmel/atmel studio 6.0/extensions/atmel/avrgcc/3.4.1.95/avrtoolchain/bin/../lib/gcc/avr/4.6.2/avr5\libgcc.a(_copy_data.o)
 .bss           0x00800388        0x0 c:/program files (x86)/atmel/atmel studio 6.0/extensions/atmel/avrgcc/3.4.1.95/avrtoolchain/bin/../lib/gcc/avr/4.6.2/avr5\libgcc.a(_clear_bss.o)
 .bss           0x00800388        0x0 c:/program files (x86)/atmel/atmel studio 6.0/extensions/atmel/avrgcc/3.4.1.95/avrtoolchain/bin/../lib/gcc/avr/4.6.2/../../../../avr/lib/avr5\libc.a(random.o)
 .bss           0x00800388        0x0 c:/program files (x86)/atmel/atmel studio 6.0/extensions/atmel/avrgcc/3.4.1.95/avrtoolchain/bin/../lib/gcc/avr/4.6.2/../../../../avr/lib/avr5\libc.a(memcpy.o)
 .bss           0x00800388        0x0 c:/program files (x86)/atmel/atmel studio 6.0/extensions/atmel/avrgcc/3.4.1.95/avrtoolchain/bin/../lib/gcc/avr/4.6.2/../../../../avr/lib/avr5\libc.a(memmove.o)
 .bss           0x00800388        0x0 c:/program files (x86)/atmel/atmel studio 6.0/extensions/atmel/avrgcc/3.4.1.95/avrtoolchain/bin/../lib/gcc/avr/4.6.2/../../../../avr/lib/avr5\libc.a(eerd_block_atmega6450a.o)
 .bss           0x00800388        0x0 c:/program files (x86)/atmel/atmel studio 6.0/extensions/atmel/avrgcc/3.4.1.95/avrtoolchain/bin/../lib/gcc/avr/4.6.2/../../../../avr/lib/avr5\libc.a(eerd_word_atmega6450a.o)
 .bss           0x00800388        0x0 c:/program files (x86)/atmel/atmel studio 6.0/extensions/atmel/avrgcc/3.4.1.95/avrtoolchain/bin/../lib/gcc/avr/4.6.2/../../../../avr/lib/avr5\libc.a(eeupd_block_atmega6450a.o)
 .bss           0x00800388        0x0 c:/program files (x86)/atmel/atmel studio 6.0/extensions/atmel/avrgcc/3.4.1.95/avrtoolchain/bin/../lib/gcc/avr/4.6.2/../../../../avr/lib/avr5\libc.a(eeupd_byte_atmega6450a.o)
 .bss           0x00800388        0x0 c:/program files (x86)/atmel/atmel studio 6.0/extensions/atmel/avrgcc/3.4.1.95/avrtoolchain/bin/../lib/gcc/avr/4.6.2/../../../../avr/lib/avr5\libc.a(eeupd_word_atmega6450a.o)
 .bss           0x00800388        0x0 c:/program files (x86)/atmel/atmel studio 6.0/extensions/atmel/avrgcc/3.4.1.95/avrtoolchain/bin/../lib/gcc/avr/4.6.2/avr5\libgcc.a(_divmodsi4.o)
 .bss           0x00800388        0x0 c:/program files (x86)/atmel/atmel studio 6.0/extensions/atmel/avrgcc/3.4.1.95/avrtoolchain/bin/../lib/gcc/avr/4.6.2/avr5\libgcc.a(_prologue.o)
 .bss           0x00800388        0x0 c:/program files (x86)/atmel/atmel studio 6.0/extensions/atmel/avrgcc/3.4.1.95/avrtoolchain/bin/../lib/gcc/avr/4.6.2/avr5\libgcc.a(_epilogue.o)
 .bss           0x00800388        0x0 c:/program files (x86)/atmel/atmel studio 6.0/extensions/atmel/avrgcc/3.4.1.95/avrtoolchain/bin/../lib/gcc/avr/4.6.2/avr5\libgcc.a(_udivmodsi4.o)
 *(.bss*)
 *(COMMON)
 COMMON         0x00800388       0x48 arp.o
                0x00800388                arp
 COMMON         0x008003d0        0xc clock.o
                0x008003d0                system_clock
                0x008003d6                midi_clock
 COMMON         0x008003dc       0xed monapollo-firmware.o
                0x008003dc                midi_device
                0x008004c9                PROVIDE (__bss_end, .)
                0x00003e98                __data_load_start = LOADADDR (.data)
                0x0000404c                __data_load_end = (__data_load_start + SIZEOF (.data))

.noinit         0x008004c9        0x0
                0x008004c9                PROVIDE (__noinit_start, .)
 *(.noinit*)
                0x008004c9                PROVIDE (__noinit_end, .)
                0x008004c9                _end = .
                0x008004c9                PROVIDE (__heap_start, .)

.eeprom         0x00810000      0x674
 *(.eeprom*)
 .eeprom        0x00810000      0x60c synth.o
                0x00810000                patch_memory
 .eeprom        0x0081060c       0x68 tune.o
                0x0081060c                filter_pitch_table_eeprom
                0x0081062c                vco2_pitch_table_eeprom
                0x0081064e                vco1_pitch_table_eeprom
                0x00810670                vco2_init_cv_eeprom
                0x00810672                vco1_init_cv_eeprom
                0x00810674                __eeprom_end = .

.fuse
 *(.fuse)
 *(.lfuse)
 *(.hfuse)
 *(.efuse)

.lock
 *(.lock*)

.signature
 *(.signature*)

.stab           0x00000000      0xbf4
 *(.stab)
 .stab          0x00000000      0x6cc c:/program files (x86)/atmel/atmel studio 6.0/extensions/atmel/avrgcc/3.4.1.95/avrtoolchain/bin/../lib/gcc/avr/4.6.2/../../../../avr/lib/avr5/crtm6450a.o
 .stab          0x000006cc       0x84 c:/program files (x86)/atmel/atmel studio 6.0/extensions/atmel/avrgcc/3.4.1.95/avrtoolchain/bin/../lib/gcc/avr/4.6.2/../../../../avr/lib/avr5\libc.a(memcpy.o)
                                 0x90 (size before relaxing)
 .stab          0x00000750       0xe4 c:/program files (x86)/atmel/atmel studio 6.0/extensions/atmel/avrgcc/3.4.1.95/avrtoolchain/bin/../lib/gcc/avr/4.6.2/../../../../avr/lib/avr5\libc.a(memmove.o)
                                 0xf0 (size before relaxing)
 .stab          0x00000834      0x108 c:/program files (x86)/atmel/atmel studio 6.0/extensions/atmel/avrgcc/3.4.1.95/avrtoolchain/bin/../lib/gcc/avr/4.6.2/../../../../avr/lib/avr5\libc.a(eerd_block_atmega6450a.o)
                                0x114 (size before relaxing)
 .stab          0x0000093c       0x6c c:/program files (x86)/atmel/atmel studio 6.0/extensions/atmel/avrgcc/3.4.1.95/avrtoolchain/bin/../lib/gcc/avr/4.6.2/../../../../avr/lib/avr5\libc.a(eerd_word_atmega6450a.o)
                                 0x78 (size before relaxing)
 .stab          0x000009a8       0xe4 c:/program files (x86)/atmel/atmel studio 6.0/extensions/atmel/avrgcc/3.4.1.95/avrtoolchain/bin/../lib/gcc/avr/4.6.2/../../../../avr/lib/avr5\libc.a(eeupd_block_atmega6450a.o)
                                 0xf0 (size before relaxing)
 .stab          0x00000a8c      0x108 c:/program files (x86)/atmel/atmel studio 6.0/extensions/atmel/avrgcc/3.4.1.95/avrtoolchain/bin/../lib/gcc/avr/4.6.2/../../../../avr/lib/avr5\libc.a(eeupd_byte_atmega6450a.o)
                                0x114 (size before relaxing)
 .stab          0x00000b94       0x60 c:/program files (x86)/atmel/atmel studio 6.0/extensions/atmel/avrgcc/3.4.1.95/avrtoolchain/bin/../lib/gcc/avr/4.6.2/../../../../avr/lib/avr5\libc.a(eeupd_word_atmega6450a.o)
                                 0x6c (size before relaxing)

.stabstr        0x00000000      0x33e
 *(.stabstr)
 .stabstr       0x00000000      0x33e c:/program files (x86)/atmel/atmel studio 6.0/extensions/atmel/avrgcc/3.4.1.95/avrtoolchain/bin/../lib/gcc/avr/4.6.2/../../../../avr/lib/avr5/crtm6450a.o

.stab.excl
 *(.stab.excl)

.stab.exclstr
 *(.stab.exclstr)

.stab.index
 *(.stab.index)

.stab.indexstr
 *(.stab.indexstr)

.comment
 *(.comment)

.debug
 *(.debug)

.line
 *(.line)

.debug_srcinfo
 *(.debug_srcinfo)

.debug_sfnames
 *(.debug_sfnames)

.debug_aranges  0x00000000      0x3b8
 *(.debug_aranges)
 .debug_aranges
                0x00000000       0x20 adc.o
 .debug_aranges
                0x00000020       0x20 arp.o
 .debug_aranges
                0x00000040       0x20 assigner.o
 .debug_aranges
                0x00000060       0x20 clock.o
 .debug_aranges
                0x00000080       0x20 dac.o
 .debug_aranges
                0x000000a0       0x20 display.o
 .debug_aranges
                0x000000c0       0x20 interrupts.o
 .debug_aranges
                0x000000e0       0x20 monapollo-firmware.o
 .debug_aranges
                0x00000100       0x20 scan_pots_and_update_control_voltages.o
 .debug_aranges
                0x00000120       0x20 spi.o
 .debug_aranges
                0x00000140       0x20 synth.o
 .debug_aranges
                0x00000160       0x20 tune.o
 .debug_aranges
                0x00000180       0x20 utils.o
 .debug_aranges
                0x000001a0       0x20 xnormidi-develop/bytequeue/bytequeue.o
 .debug_aranges
                0x000001c0       0x20 xnormidi-develop/bytequeue/interrupt_setting.o
 .debug_aranges
                0x000001e0       0x20 xnormidi-develop/midi.o
 .debug_aranges
                0x00000200       0x20 xnormidi-develop/midi_device.o
 .debug_aranges
                0x00000220       0x20 xnormidi-develop/sysex_tools.o
 .debug_aranges
                0x00000240       0x20 c:/program files (x86)/atmel/atmel studio 6.0/extensions/atmel/avrgcc/3.4.1.95/avrtoolchain/bin/../lib/gcc/avr/4.6.2/avr5\libgcc.a(_mulsi3.o)
 .debug_aranges
                0x00000260       0x20 c:/program files (x86)/atmel/atmel studio 6.0/extensions/atmel/avrgcc/3.4.1.95/avrtoolchain/bin/../lib/gcc/avr/4.6.2/avr5\libgcc.a(_udivmodhi4.o)
 .debug_aranges
                0x00000280       0x20 c:/program files (x86)/atmel/atmel studio 6.0/extensions/atmel/avrgcc/3.4.1.95/avrtoolchain/bin/../lib/gcc/avr/4.6.2/avr5\libgcc.a(_divmodhi4.o)
 .debug_aranges
                0x000002a0       0x20 c:/program files (x86)/atmel/atmel studio 6.0/extensions/atmel/avrgcc/3.4.1.95/avrtoolchain/bin/../lib/gcc/avr/4.6.2/avr5\libgcc.a(_exit.o)
 .debug_aranges
                0x000002c0       0x20 c:/program files (x86)/atmel/atmel studio 6.0/extensions/atmel/avrgcc/3.4.1.95/avrtoolchain/bin/../lib/gcc/avr/4.6.2/avr5\libgcc.a(_copy_data.o)
 .debug_aranges
                0x000002e0       0x20 c:/program files (x86)/atmel/atmel studio 6.0/extensions/atmel/avrgcc/3.4.1.95/avrtoolchain/bin/../lib/gcc/avr/4.6.2/avr5\libgcc.a(_clear_bss.o)
 .debug_aranges
                0x00000300       0x38 c:/program files (x86)/atmel/atmel studio 6.0/extensions/atmel/avrgcc/3.4.1.95/avrtoolchain/bin/../lib/gcc/avr/4.6.2/../../../../avr/lib/avr5\libc.a(random.o)
 .debug_aranges
                0x00000338       0x20 c:/program files (x86)/atmel/atmel studio 6.0/extensions/atmel/avrgcc/3.4.1.95/avrtoolchain/bin/../lib/gcc/avr/4.6.2/avr5\libgcc.a(_divmodsi4.o)
 .debug_aranges
                0x00000358       0x20 c:/program files (x86)/atmel/atmel studio 6.0/extensions/atmel/avrgcc/3.4.1.95/avrtoolchain/bin/../lib/gcc/avr/4.6.2/avr5\libgcc.a(_prologue.o)
 .debug_aranges
                0x00000378       0x20 c:/program files (x86)/atmel/atmel studio 6.0/extensions/atmel/avrgcc/3.4.1.95/avrtoolchain/bin/../lib/gcc/avr/4.6.2/avr5\libgcc.a(_epilogue.o)
 .debug_aranges
                0x00000398       0x20 c:/program files (x86)/atmel/atmel studio 6.0/extensions/atmel/avrgcc/3.4.1.95/avrtoolchain/bin/../lib/gcc/avr/4.6.2/avr5\libgcc.a(_udivmodsi4.o)

.debug_pubnames
 *(.debug_pubnames)

.debug_info     0x00000000     0x6f48
 *(.debug_info)
 .debug_info    0x00000000      0x595 adc.o
 .debug_info    0x00000595      0x24d arp.o
 .debug_info    0x000007e2      0x306 assigner.o
 .debug_info    0x00000ae8      0x11b clock.o
 .debug_info    0x00000c03      0x419 dac.o
 .debug_info    0x0000101c      0x4a1 display.o
 .debug_info    0x000014bd      0x2f3 interrupts.o
 .debug_info    0x000017b0       0x5e midi.o
 .debug_info    0x0000180e      0xad6 monapollo-firmware.o
 .debug_info    0x000022e4      0xa7e scan_pots_and_update_control_voltages.o
 .debug_info    0x00002d62      0x450 spi.o
 .debug_info    0x000031b2      0xbf6 synth.o
 .debug_info    0x00003da8      0xabb tune.o
 .debug_info    0x00004863      0x3dd utils.o
 .debug_info    0x00004c40      0x23e xnormidi-develop/bytequeue/bytequeue.o
 .debug_info    0x00004e7e       0xc2 xnormidi-develop/bytequeue/interrupt_setting.o
 .debug_info    0x00004f40      0xd19 xnormidi-develop/midi.o
 .debug_info    0x00005c59      0x657 xnormidi-develop/midi_device.o
 .debug_info    0x000062b0      0x2d0 xnormidi-develop/sysex_tools.o
 .debug_info    0x00006580       0xdd c:/program files (x86)/atmel/atmel studio 6.0/extensions/atmel/avrgcc/3.4.1.95/avrtoolchain/bin/../lib/gcc/avr/4.6.2/avr5\libgcc.a(_mulsi3.o)
 .debug_info    0x0000665d       0xdd c:/program files (x86)/atmel/atmel studio 6.0/extensions/atmel/avrgcc/3.4.1.95/avrtoolchain/bin/../lib/gcc/avr/4.6.2/avr5\libgcc.a(_udivmodhi4.o)
 .debug_info    0x0000673a       0xdd c:/program files (x86)/atmel/atmel studio 6.0/extensions/atmel/avrgcc/3.4.1.95/avrtoolchain/bin/../lib/gcc/avr/4.6.2/avr5\libgcc.a(_divmodhi4.o)
 .debug_info    0x00006817       0xdd c:/program files (x86)/atmel/atmel studio 6.0/extensions/atmel/avrgcc/3.4.1.95/avrtoolchain/bin/../lib/gcc/avr/4.6.2/avr5\libgcc.a(_exit.o)
 .debug_info    0x000068f4       0xdd c:/program files (x86)/atmel/atmel studio 6.0/extensions/atmel/avrgcc/3.4.1.95/avrtoolchain/bin/../lib/gcc/avr/4.6.2/avr5\libgcc.a(_copy_data.o)
 .debug_info    0x000069d1       0xdd c:/program files (x86)/atmel/atmel studio 6.0/extensions/atmel/avrgcc/3.4.1.95/avrtoolchain/bin/../lib/gcc/avr/4.6.2/avr5\libgcc.a(_clear_bss.o)
 .debug_info    0x00006aae      0x126 c:/program files (x86)/atmel/atmel studio 6.0/extensions/atmel/avrgcc/3.4.1.95/avrtoolchain/bin/../lib/gcc/avr/4.6.2/../../../../avr/lib/avr5\libc.a(random.o)
 .debug_info    0x00006bd4       0xdd c:/program files (x86)/atmel/atmel studio 6.0/extensions/atmel/avrgcc/3.4.1.95/avrtoolchain/bin/../lib/gcc/avr/4.6.2/avr5\libgcc.a(_divmodsi4.o)
 .debug_info    0x00006cb1       0xdd c:/program files (x86)/atmel/atmel studio 6.0/extensions/atmel/avrgcc/3.4.1.95/avrtoolchain/bin/../lib/gcc/avr/4.6.2/avr5\libgcc.a(_prologue.o)
 .debug_info    0x00006d8e       0xdd c:/program files (x86)/atmel/atmel studio 6.0/extensions/atmel/avrgcc/3.4.1.95/avrtoolchain/bin/../lib/gcc/avr/4.6.2/avr5\libgcc.a(_epilogue.o)
 .debug_info    0x00006e6b       0xdd c:/program files (x86)/atmel/atmel studio 6.0/extensions/atmel/avrgcc/3.4.1.95/avrtoolchain/bin/../lib/gcc/avr/4.6.2/avr5\libgcc.a(_udivmodsi4.o)
 *(.gnu.linkonce.wi.*)

.debug_abbrev   0x00000000     0x19e5
 *(.debug_abbrev)
 .debug_abbrev  0x00000000      0x170 adc.o
 .debug_abbrev  0x00000170      0x13c arp.o
 .debug_abbrev  0x000002ac      0x189 assigner.o
 .debug_abbrev  0x00000435       0xa1 clock.o
 .debug_abbrev  0x000004d6      0x14d dac.o
 .debug_abbrev  0x00000623      0x111 display.o
 .debug_abbrev  0x00000734       0xd5 interrupts.o
 .debug_abbrev  0x00000809       0x2a midi.o
 .debug_abbrev  0x00000833      0x22c monapollo-firmware.o
 .debug_abbrev  0x00000a5f      0x158 scan_pots_and_update_control_voltages.o
 .debug_abbrev  0x00000bb7      0x108 spi.o
 .debug_abbrev  0x00000cbf      0x231 synth.o
 .debug_abbrev  0x00000ef0      0x2a0 tune.o
 .debug_abbrev  0x00001190      0x104 utils.o
 .debug_abbrev  0x00001294      0x105 xnormidi-develop/bytequeue/bytequeue.o
 .debug_abbrev  0x00001399       0x83 xnormidi-develop/bytequeue/interrupt_setting.o
 .debug_abbrev  0x0000141c      0x1b1 xnormidi-develop/midi.o
 .debug_abbrev  0x000015cd      0x193 xnormidi-develop/midi_device.o
 .debug_abbrev  0x00001760       0xf0 xnormidi-develop/sysex_tools.o
 .debug_abbrev  0x00001850       0x14 c:/program files (x86)/atmel/atmel studio 6.0/extensions/atmel/avrgcc/3.4.1.95/avrtoolchain/bin/../lib/gcc/avr/4.6.2/avr5\libgcc.a(_mulsi3.o)
 .debug_abbrev  0x00001864       0x14 c:/program files (x86)/atmel/atmel studio 6.0/extensions/atmel/avrgcc/3.4.1.95/avrtoolchain/bin/../lib/gcc/avr/4.6.2/avr5\libgcc.a(_udivmodhi4.o)
 .debug_abbrev  0x00001878       0x14 c:/program files (x86)/atmel/atmel studio 6.0/extensions/atmel/avrgcc/3.4.1.95/avrtoolchain/bin/../lib/gcc/avr/4.6.2/avr5\libgcc.a(_divmodhi4.o)
 .debug_abbrev  0x0000188c       0x14 c:/program files (x86)/atmel/atmel studio 6.0/extensions/atmel/avrgcc/3.4.1.95/avrtoolchain/bin/../lib/gcc/avr/4.6.2/avr5\libgcc.a(_exit.o)
 .debug_abbrev  0x000018a0       0x14 c:/program files (x86)/atmel/atmel studio 6.0/extensions/atmel/avrgcc/3.4.1.95/avrtoolchain/bin/../lib/gcc/avr/4.6.2/avr5\libgcc.a(_copy_data.o)
 .debug_abbrev  0x000018b4       0x14 c:/program files (x86)/atmel/atmel studio 6.0/extensions/atmel/avrgcc/3.4.1.95/avrtoolchain/bin/../lib/gcc/avr/4.6.2/avr5\libgcc.a(_clear_bss.o)
 .debug_abbrev  0x000018c8       0xcd c:/program files (x86)/atmel/atmel studio 6.0/extensions/atmel/avrgcc/3.4.1.95/avrtoolchain/bin/../lib/gcc/avr/4.6.2/../../../../avr/lib/avr5\libc.a(random.o)
 .debug_abbrev  0x00001995       0x14 c:/program files (x86)/atmel/atmel studio 6.0/extensions/atmel/avrgcc/3.4.1.95/avrtoolchain/bin/../lib/gcc/avr/4.6.2/avr5\libgcc.a(_divmodsi4.o)
 .debug_abbrev  0x000019a9       0x14 c:/program files (x86)/atmel/atmel studio 6.0/extensions/atmel/avrgcc/3.4.1.95/avrtoolchain/bin/../lib/gcc/avr/4.6.2/avr5\libgcc.a(_prologue.o)
 .debug_abbrev  0x000019bd       0x14 c:/program files (x86)/atmel/atmel studio 6.0/extensions/atmel/avrgcc/3.4.1.95/avrtoolchain/bin/../lib/gcc/avr/4.6.2/avr5\libgcc.a(_epilogue.o)
 .debug_abbrev  0x000019d1       0x14 c:/program files (x86)/atmel/atmel studio 6.0/extensions/atmel/avrgcc/3.4.1.95/avrtoolchain/bin/../lib/gcc/avr/4.6.2/avr5\libgcc.a(_udivmodsi4.o)

.debug_line     0x00000000     0x24a7
 *(.debug_line)
 .debug_line    0x00000000      0x196 adc.o
 .debug_line    0x00000196      0x144 arp.o
 .debug_line    0x000002da      0x11b assigner.o
 .debug_line    0x000003f5       0xe9 clock.o
 .debug_line    0x000004de      0x1a1 dac.o
 .debug_line    0x0000067f      0x11d display.o
 .debug_line    0x0000079c      0x128 interrupts.o
 .debug_line    0x000008c4       0x1a midi.o
 .debug_line    0x000008de      0x2e5 monapollo-firmware.o
 .debug_line    0x00000bc3      0x196 scan_pots_and_update_control_voltages.o
 .debug_line    0x00000d59      0x11a spi.o
 .debug_line    0x00000e73      0x2e5 synth.o
 .debug_line    0x00001158      0x3ce tune.o
 .debug_line    0x00001526      0x10f utils.o
 .debug_line    0x00001635      0x132 xnormidi-develop/bytequeue/bytequeue.o
 .debug_line    0x00001767      0x114 xnormidi-develop/bytequeue/interrupt_setting.o
 .debug_line    0x0000187b      0x1f5 xnormidi-develop/midi.o
 .debug_line    0x00001a70      0x211 xnormidi-develop/midi_device.o
 .debug_line    0x00001c81      0x188 xnormidi-develop/sysex_tools.o
 .debug_line    0x00001e09       0xa5 c:/program files (x86)/atmel/atmel studio 6.0/extensions/atmel/avrgcc/3.4.1.95/avrtoolchain/bin/../lib/gcc/avr/4.6.2/avr5\libgcc.a(_mulsi3.o)
 .debug_line    0x00001eae       0x9a c:/program files (x86)/atmel/atmel studio 6.0/extensions/atmel/avrgcc/3.4.1.95/avrtoolchain/bin/../lib/gcc/avr/4.6.2/avr5\libgcc.a(_udivmodhi4.o)
 .debug_line    0x00001f48       0x99 c:/program files (x86)/atmel/atmel studio 6.0/extensions/atmel/avrgcc/3.4.1.95/avrtoolchain/bin/../lib/gcc/avr/4.6.2/avr5\libgcc.a(_divmodhi4.o)
 .debug_line    0x00001fe1       0x88 c:/program files (x86)/atmel/atmel studio 6.0/extensions/atmel/avrgcc/3.4.1.95/avrtoolchain/bin/../lib/gcc/avr/4.6.2/avr5\libgcc.a(_exit.o)
 .debug_line    0x00002069       0x91 c:/program files (x86)/atmel/atmel studio 6.0/extensions/atmel/avrgcc/3.4.1.95/avrtoolchain/bin/../lib/gcc/avr/4.6.2/avr5\libgcc.a(_copy_data.o)
 .debug_line    0x000020fa       0x8e c:/program files (x86)/atmel/atmel studio 6.0/extensions/atmel/avrgcc/3.4.1.95/avrtoolchain/bin/../lib/gcc/avr/4.6.2/avr5\libgcc.a(_clear_bss.o)
 .debug_line    0x00002188       0x93 c:/program files (x86)/atmel/atmel studio 6.0/extensions/atmel/avrgcc/3.4.1.95/avrtoolchain/bin/../lib/gcc/avr/4.6.2/../../../../avr/lib/avr5\libc.a(random.o)
 .debug_line    0x0000221b       0xa1 c:/program files (x86)/atmel/atmel studio 6.0/extensions/atmel/avrgcc/3.4.1.95/avrtoolchain/bin/../lib/gcc/avr/4.6.2/avr5\libgcc.a(_divmodsi4.o)
 .debug_line    0x000022bc       0xa2 c:/program files (x86)/atmel/atmel studio 6.0/extensions/atmel/avrgcc/3.4.1.95/avrtoolchain/bin/../lib/gcc/avr/4.6.2/avr5\libgcc.a(_prologue.o)
 .debug_line    0x0000235e       0xa1 c:/program files (x86)/atmel/atmel studio 6.0/extensions/atmel/avrgcc/3.4.1.95/avrtoolchain/bin/../lib/gcc/avr/4.6.2/avr5\libgcc.a(_epilogue.o)
 .debug_line    0x000023ff       0xa8 c:/program files (x86)/atmel/atmel studio 6.0/extensions/atmel/avrgcc/3.4.1.95/avrtoolchain/bin/../lib/gcc/avr/4.6.2/avr5\libgcc.a(_udivmodsi4.o)

.debug_frame    0x00000000      0xe10
 *(.debug_frame)
 .debug_frame   0x00000000       0x34 adc.o
 .debug_frame   0x00000034       0x84 arp.o
 .debug_frame   0x000000b8       0x70 assigner.o
 .debug_frame   0x00000128       0x34 clock.o
 .debug_frame   0x0000015c       0x34 dac.o
 .debug_frame   0x00000190       0x54 display.o
 .debug_frame   0x000001e4       0xb8 interrupts.o
 .debug_frame   0x0000029c       0xcc monapollo-firmware.o
 .debug_frame   0x00000368       0x70 scan_pots_and_update_control_voltages.o
 .debug_frame   0x000003d8       0x44 spi.o
 .debug_frame   0x0000041c      0x118 synth.o
 .debug_frame   0x00000534      0x1d4 tune.o
 .debug_frame   0x00000708       0x34 utils.o
 .debug_frame   0x0000073c       0x90 xnormidi-develop/bytequeue/bytequeue.o
 .debug_frame   0x000007cc       0x34 xnormidi-develop/bytequeue/interrupt_setting.o
 .debug_frame   0x00000800      0x378 xnormidi-develop/midi.o
 .debug_frame   0x00000b78      0x12c xnormidi-develop/midi_device.o
 .debug_frame   0x00000ca4       0xfc xnormidi-develop/sysex_tools.o
 .debug_frame   0x00000da0       0x70 c:/program files (x86)/atmel/atmel studio 6.0/extensions/atmel/avrgcc/3.4.1.95/avrtoolchain/bin/../lib/gcc/avr/4.6.2/../../../../avr/lib/avr5\libc.a(random.o)

.debug_str      0x00000000     0x1a11
 *(.debug_str)
 .debug_str     0x00000000      0x2de adc.o
                                0x318 (size before relaxing)
 .debug_str     0x000002de       0xb6 arp.o
                                0x1d8 (size before relaxing)
 .debug_str     0x00000394       0x6d assigner.o
                                0x203 (size before relaxing)
 .debug_str     0x00000401       0x60 clock.o
                                0x156 (size before relaxing)
 .debug_str     0x00000461      0x19e dac.o
                                0x300 (size before relaxing)
 .debug_str     0x000005ff      0x1fe display.o
                                0x2f4 (size before relaxing)
 .debug_str     0x000007fd       0x7c interrupts.o
                                0x250 (size before relaxing)
 .debug_str     0x00000879        0xc midi.o
                                 0xd9 (size before relaxing)
 .debug_str     0x00000885      0x3eb monapollo-firmware.o
                                0x7db (size before relaxing)
 .debug_str     0x00000c70      0x10b scan_pots_and_update_control_voltages.o
                                0x67b (size before relaxing)
 .debug_str     0x00000d7b       0xa6 spi.o
                                0x34a (size before relaxing)
 .debug_str     0x00000e21      0x1f3 synth.o
                                0x5f1 (size before relaxing)
 .debug_str     0x00001014      0x206 tune.o
                                0x598 (size before relaxing)
 .debug_str     0x0000121a       0x84 utils.o
                                0x323 (size before relaxing)
 .debug_str     0x0000129e       0xb9 xnormidi-develop/bytequeue/bytequeue.o
                                0x1d1 (size before relaxing)
 .debug_str     0x00001357       0x6b xnormidi-develop/bytequeue/interrupt_setting.o
                                0x15c (size before relaxing)
 .debug_str     0x000013c2      0x425 xnormidi-develop/midi.o
                                0x83f (size before relaxing)
 .debug_str     0x000017e7       0xde xnormidi-develop/midi_device.o
                                0x4ff (size before relaxing)
 .debug_str     0x000018c5       0xd5 xnormidi-develop/sysex_tools.o
                                0x1df (size before relaxing)
 .debug_str     0x0000199a       0x77 c:/program files (x86)/atmel/atmel studio 6.0/extensions/atmel/avrgcc/3.4.1.95/avrtoolchain/bin/../lib/gcc/avr/4.6.2/../../../../avr/lib/avr5\libc.a(random.o)
                                 0xb2 (size before relaxing)

.debug_loc      0x00000000     0x3001
 *(.debug_loc)
 .debug_loc     0x00000000       0x56 adc.o
 .debug_loc     0x00000056      0x185 arp.o
 .debug_loc     0x000001db      0x1ad assigner.o
 .debug_loc     0x00000388       0x24 clock.o
 .debug_loc     0x000003ac       0x40 dac.o
 .debug_loc     0x000003ec      0x2b0 display.o
 .debug_loc     0x0000069c      0x15d interrupts.o
 .debug_loc     0x000007f9      0x290 monapollo-firmware.o
 .debug_loc     0x00000a89      0x21b scan_pots_and_update_control_voltages.o
 .debug_loc     0x00000ca4       0x1f spi.o
 .debug_loc     0x00000cc3      0x211 synth.o
 .debug_loc     0x00000ed4      0x839 tune.o
 .debug_loc     0x0000170d       0x41 utils.o
 .debug_loc     0x0000174e      0x229 xnormidi-develop/bytequeue/bytequeue.o
 .debug_loc     0x00001977      0x963 xnormidi-develop/midi.o
 .debug_loc     0x000022da      0x668 xnormidi-develop/midi_device.o
 .debug_loc     0x00002942      0x5cd xnormidi-develop/sysex_tools.o
 .debug_loc     0x00002f0f       0xf2 c:/program files (x86)/atmel/atmel studio 6.0/extensions/atmel/avrgcc/3.4.1.95/avrtoolchain/bin/../lib/gcc/avr/4.6.2/../../../../avr/lib/avr5\libc.a(random.o)

.debug_macinfo
 *(.debug_macinfo)
OUTPUT(monapollo-firmware.elf elf32-avr)
LOAD linker stubs

.debug_ranges   0x00000000      0x138
 .debug_ranges  0x00000000       0x30 arp.o
 .debug_ranges  0x00000030       0x98 tune.o
 .debug_ranges  0x000000c8       0x48 xnormidi-develop/sysex_tools.o
 .debug_ranges  0x00000110       0x28 c:/program files (x86)/atmel/atmel studio 6.0/extensions/atmel/avrgcc/3.4.1.95/avrtoolchain/bin/../lib/gcc/avr/4.6.2/../../../../avr/lib/avr5\libc.a(random.o)
