Archive member included because of file (symbol)

c:/program files (x86)/atmel/atmel studio 6.0/extensions/atmel/avrgcc/3.4.1.95/avrtoolchain/bin/../lib/gcc/avr/4.6.2/avr5\libgcc.a(_udivmodhi4.o)
                              display.o (__udivmodhi4)
c:/program files (x86)/atmel/atmel studio 6.0/extensions/atmel/avrgcc/3.4.1.95/avrtoolchain/bin/../lib/gcc/avr/4.6.2/avr5\libgcc.a(_divmodhi4.o)
                              xnormidi-develop/bytequeue/bytequeue.o (__divmodhi4)
c:/program files (x86)/atmel/atmel studio 6.0/extensions/atmel/avrgcc/3.4.1.95/avrtoolchain/bin/../lib/gcc/avr/4.6.2/avr5\libgcc.a(_exit.o)
                              c:/program files (x86)/atmel/atmel studio 6.0/extensions/atmel/avrgcc/3.4.1.95/avrtoolchain/bin/../lib/gcc/avr/4.6.2/../../../../avr/lib/avr5/crtm6450a.o (exit)
c:/program files (x86)/atmel/atmel studio 6.0/extensions/atmel/avrgcc/3.4.1.95/avrtoolchain/bin/../lib/gcc/avr/4.6.2/avr5\libgcc.a(_copy_data.o)
                              adc.o (__do_copy_data)
c:/program files (x86)/atmel/atmel studio 6.0/extensions/atmel/avrgcc/3.4.1.95/avrtoolchain/bin/../lib/gcc/avr/4.6.2/avr5\libgcc.a(_clear_bss.o)
                              adc.o (__do_clear_bss)
c:/program files (x86)/atmel/atmel studio 6.0/extensions/atmel/avrgcc/3.4.1.95/avrtoolchain/bin/../lib/gcc/avr/4.6.2/../../../../avr/lib/avr5\libc.a(memcpy.o)
                              xnormidi-develop/midi.o (memcpy)
c:/program files (x86)/atmel/atmel studio 6.0/extensions/atmel/avrgcc/3.4.1.95/avrtoolchain/bin/../lib/gcc/avr/4.6.2/../../../../avr/lib/avr5\libc.a(memmove.o)
                              assigner.o (memmove)

Allocating common symbols
Common symbol       size              file

midi_device         0xed              monapollo-firmware.o

Memory Configuration

Name             Origin             Length             Attributes
text             0x00000000         0x00020000         xr
data             0x00800060         0x0000ffa0         rw !x
eeprom           0x00810000         0x00010000         rw !x
fuse             0x00820000         0x00000400         rw !x
lock             0x00830000         0x00000400         rw !x
signature        0x00840000         0x00000400         rw !x
*default*        0x00000000         0xffffffff

Linker script and memory map

Address of section .data set to 0x800100
LOAD c:/program files (x86)/atmel/atmel studio 6.0/extensions/atmel/avrgcc/3.4.1.95/avrtoolchain/bin/../lib/gcc/avr/4.6.2/../../../../avr/lib/avr5/crtm6450a.o
LOAD adc.o
LOAD assigner.o
LOAD dac.o
LOAD display.o
LOAD interrupts.o
LOAD midi.o
LOAD monapollo-firmware.o
LOAD scan_pots_and_update_control_voltages.o
LOAD spi.o
LOAD tune.o
LOAD utils.o
LOAD xnormidi-develop/bytequeue/bytequeue.o
LOAD xnormidi-develop/bytequeue/interrupt_setting.o
LOAD xnormidi-develop/midi.o
LOAD xnormidi-develop/midi_device.o
LOAD xnormidi-develop/sysex_tools.o
START GROUP
LOAD c:/program files (x86)/atmel/atmel studio 6.0/extensions/atmel/avrgcc/3.4.1.95/avrtoolchain/bin/../lib/gcc/avr/4.6.2/../../../../avr/lib/avr5\libm.a
END GROUP
LOAD c:/program files (x86)/atmel/atmel studio 6.0/extensions/atmel/avrgcc/3.4.1.95/avrtoolchain/bin/../lib/gcc/avr/4.6.2/avr5\libgcc.a
LOAD c:/program files (x86)/atmel/atmel studio 6.0/extensions/atmel/avrgcc/3.4.1.95/avrtoolchain/bin/../lib/gcc/avr/4.6.2/../../../../avr/lib/avr5\libc.a
LOAD c:/program files (x86)/atmel/atmel studio 6.0/extensions/atmel/avrgcc/3.4.1.95/avrtoolchain/bin/../lib/gcc/avr/4.6.2/avr5\libgcc.a

.hash
 *(.hash)

.dynsym
 *(.dynsym)

.dynstr
 *(.dynstr)

.gnu.version
 *(.gnu.version)

.gnu.version_d
 *(.gnu.version_d)

.gnu.version_r
 *(.gnu.version_r)

.rel.init
 *(.rel.init)

.rela.init
 *(.rela.init)

.rel.text
 *(.rel.text)
 *(.rel.text.*)
 *(.rel.gnu.linkonce.t*)

.rela.text
 *(.rela.text)
 *(.rela.text.*)
 *(.rela.gnu.linkonce.t*)

.rel.fini
 *(.rel.fini)

.rela.fini
 *(.rela.fini)

.rel.rodata
 *(.rel.rodata)
 *(.rel.rodata.*)
 *(.rel.gnu.linkonce.r*)

.rela.rodata
 *(.rela.rodata)
 *(.rela.rodata.*)
 *(.rela.gnu.linkonce.r*)

.rel.data
 *(.rel.data)
 *(.rel.data.*)
 *(.rel.gnu.linkonce.d*)

.rela.data
 *(.rela.data)
 *(.rela.data.*)
 *(.rela.gnu.linkonce.d*)

.rel.ctors
 *(.rel.ctors)

.rela.ctors
 *(.rela.ctors)

.rel.dtors
 *(.rel.dtors)

.rela.dtors
 *(.rela.dtors)

.rel.got
 *(.rel.got)

.rela.got
 *(.rela.got)

.rel.bss
 *(.rel.bss)

.rela.bss
 *(.rela.bss)

.rel.plt
 *(.rel.plt)

.rela.plt
 *(.rela.plt)

.text           0x00000000     0x2520
 *(.vectors)
 .vectors       0x00000000       0x64 c:/program files (x86)/atmel/atmel studio 6.0/extensions/atmel/avrgcc/3.4.1.95/avrtoolchain/bin/../lib/gcc/avr/4.6.2/../../../../avr/lib/avr5/crtm6450a.o
                0x00000000                __vector_default
                0x00000000                __vectors
 *(.vectors)
 *(.progmem.gcc*)
 *(.progmem*)
                0x00000064                . = ALIGN (0x2)
                0x00000064                __trampolines_start = .
 *(.trampolines)
 .trampolines   0x00000064        0x0 linker stubs
 *(.trampolines*)
                0x00000064                __trampolines_end = .
 *(.jumptables)
 *(.jumptables*)
 *(.lowtext)
 *(.lowtext*)
                0x00000064                __ctors_start = .
 *(.ctors)
                0x00000064                __ctors_end = .
                0x00000064                __dtors_start = .
 *(.dtors)
                0x00000064                __dtors_end = .
 SORT(*)(.ctors)
 SORT(*)(.dtors)
 *(.init0)
 .init0         0x00000064        0x0 c:/program files (x86)/atmel/atmel studio 6.0/extensions/atmel/avrgcc/3.4.1.95/avrtoolchain/bin/../lib/gcc/avr/4.6.2/../../../../avr/lib/avr5/crtm6450a.o
                0x00000064                __init
 *(.init0)
 *(.init1)
 *(.init1)
 *(.init2)
 .init2         0x00000064        0xc c:/program files (x86)/atmel/atmel studio 6.0/extensions/atmel/avrgcc/3.4.1.95/avrtoolchain/bin/../lib/gcc/avr/4.6.2/../../../../avr/lib/avr5/crtm6450a.o
 *(.init2)
 *(.init3)
 *(.init3)
 *(.init4)
 .init4         0x00000070       0x16 c:/program files (x86)/atmel/atmel studio 6.0/extensions/atmel/avrgcc/3.4.1.95/avrtoolchain/bin/../lib/gcc/avr/4.6.2/avr5\libgcc.a(_copy_data.o)
                0x00000070                __do_copy_data
 .init4         0x00000086       0x10 c:/program files (x86)/atmel/atmel studio 6.0/extensions/atmel/avrgcc/3.4.1.95/avrtoolchain/bin/../lib/gcc/avr/4.6.2/avr5\libgcc.a(_clear_bss.o)
                0x00000086                __do_clear_bss
 *(.init4)
 *(.init5)
 *(.init5)
 *(.init6)
 *(.init6)
 *(.init7)
 *(.init7)
 *(.init8)
 *(.init8)
 *(.init9)
 .init9         0x00000096        0x8 c:/program files (x86)/atmel/atmel studio 6.0/extensions/atmel/avrgcc/3.4.1.95/avrtoolchain/bin/../lib/gcc/avr/4.6.2/../../../../avr/lib/avr5/crtm6450a.o
 *(.init9)
 *(.text)
 .text          0x0000009e        0x4 c:/program files (x86)/atmel/atmel studio 6.0/extensions/atmel/avrgcc/3.4.1.95/avrtoolchain/bin/../lib/gcc/avr/4.6.2/../../../../avr/lib/avr5/crtm6450a.o
                0x0000009e                __vector_22
                0x0000009e                __vector_1
                0x0000009e                __vector_24
                0x0000009e                __vector_12
                0x0000009e                __bad_interrupt
                0x0000009e                __vector_6
                0x0000009e                __vector_3
                0x0000009e                __vector_23
                0x0000009e                __vector_11
                0x0000009e                __vector_17
                0x0000009e                __vector_19
                0x0000009e                __vector_7
                0x0000009e                __vector_5
                0x0000009e                __vector_4
                0x0000009e                __vector_2
                0x0000009e                __vector_21
                0x0000009e                __vector_15
                0x0000009e                __vector_8
                0x0000009e                __vector_14
                0x0000009e                __vector_16
                0x0000009e                __vector_18
                0x0000009e                __vector_20
 .text          0x000000a2       0x7e adc.o
                0x000000a2                setup_adc
                0x000000c8                read_pot
 .text          0x00000120       0xb0 assigner.o
                0x00000120                get_current_note
                0x00000126                new_note
                0x00000156                remove_note
 .text          0x000001d0       0xcc dac.o
                0x000001d0                set_control_voltage
                0x00000228                setup_dac
                0x0000025a                set_dac
 .text          0x0000029c      0x134 display.o
                0x0000029c                display_dec
                0x0000037e                update_display
 .text          0x000003d0       0xb4 interrupts.o
                0x000003d0                __vector_10
                0x0000046c                __vector_9
 .text          0x00000484        0x0 midi.o
 .text          0x00000484      0x1a8 monapollo-firmware.o
                0x00000484                note_off_event
                0x0000049e                note_on_event
                0x000004d8                setup_midi_usart
                0x000004ea                __vector_13
                0x0000055a                main
 .text          0x0000062c      0x29e scan_pots_and_update_control_voltages.o
                0x0000062c                scan_pots_and_update_control_voltages
 .text          0x000008ca      0x1fe spi.o
                0x000008ca                setup_spi
                0x00000908                spi_shift_byte
                0x00000914                update_spi
 .text          0x00000ac8      0xb78 tune.o
                0x00000ac8                set_vco_init_cv
                0x00000e2a                tune_octave
                0x0000126c                tune_8ths
 .text          0x00001640       0xe2 utils.o
                0x00001640                read_switch_port
                0x00001652                update_analog_switch_latch
 .text          0x00001722       0xec xnormidi-develop/bytequeue/bytequeue.o
                0x00001722                bytequeue_init
                0x00001730                bytequeue_enqueue
                0x0000178e                bytequeue_length
                0x000017b8                bytequeue_get
                0x000017da                bytequeue_remove
 .text          0x0000180e        0xa xnormidi-develop/bytequeue/interrupt_setting.o
                0x0000180e                store_and_clear_interrupt
                0x00001814                restore_interrupt_setting
 .text          0x00001818      0x416 xnormidi-develop/midi.o
                0x00001818                midi_is_statusbyte
                0x00001820                midi_is_realtime
                0x0000182c                midi_packet_length
                0x000018bc                midi_send_cc
                0x000018de                midi_send_noteon
                0x00001900                midi_send_noteoff
                0x00001922                midi_send_aftertouch
                0x00001944                midi_send_pitchbend
                0x00001992                midi_send_programchange
                0x000019b0                midi_send_channelpressure
                0x000019ce                midi_send_clock
                0x000019e6                midi_send_tick
                0x000019fe                midi_send_start
                0x00001a16                midi_send_continue
                0x00001a2e                midi_send_stop
                0x00001a46                midi_send_activesense
                0x00001a5e                midi_send_reset
                0x00001a76                midi_send_tcquarterframe
                0x00001a90                midi_send_songposition
                0x00001aba                midi_send_songselect
                0x00001ad4                midi_send_tunerequest
                0x00001aec                midi_send_byte
                0x00001b04                midi_send_data
                0x00001b12                midi_send_array
                0x00001bb6                midi_register_cc_callback
                0x00001bbe                midi_register_noteon_callback
                0x00001bc6                midi_register_noteoff_callback
                0x00001bce                midi_register_aftertouch_callback
                0x00001bd6                midi_register_pitchbend_callback
                0x00001bde                midi_register_songposition_callback
                0x00001be6                midi_register_progchange_callback
                0x00001bee                midi_register_chanpressure_callback
                0x00001bf6                midi_register_songselect_callback
                0x00001bfe                midi_register_tc_quarterframe_callback
                0x00001c06                midi_register_realtime_callback
                0x00001c0e                midi_register_tunerequest_callback
                0x00001c16                midi_register_sysex_callback
                0x00001c1e                midi_register_fallthrough_callback
                0x00001c26                midi_register_catchall_callback
 .text          0x00001c2e      0x52c xnormidi-develop/midi_device.o
                0x00001c2e                midi_device_init
                0x00001c90                midi_device_input
                0x00001cd6                midi_device_set_send_func
                0x00001cde                midi_device_set_pre_input_process_func
                0x00001ce6                midi_input_callbacks
                0x00001f2e                midi_process_byte
                0x000020e4                midi_device_process
 .text          0x0000215a      0x33e xnormidi-develop/sysex_tools.o
                0x0000215a                sysex_encoded_length
                0x000021a4                sysex_decoded_length
                0x000021f4                sysex_encode
                0x0000236e                sysex_decode
 .text          0x00002498        0x0 c:/program files (x86)/atmel/atmel studio 6.0/extensions/atmel/avrgcc/3.4.1.95/avrtoolchain/bin/../lib/gcc/avr/4.6.2/avr5\libgcc.a(_udivmodhi4.o)
 .text          0x00002498        0x0 c:/program files (x86)/atmel/atmel studio 6.0/extensions/atmel/avrgcc/3.4.1.95/avrtoolchain/bin/../lib/gcc/avr/4.6.2/avr5\libgcc.a(_divmodhi4.o)
 .text          0x00002498        0x0 c:/program files (x86)/atmel/atmel studio 6.0/extensions/atmel/avrgcc/3.4.1.95/avrtoolchain/bin/../lib/gcc/avr/4.6.2/avr5\libgcc.a(_exit.o)
 .text          0x00002498        0x0 c:/program files (x86)/atmel/atmel studio 6.0/extensions/atmel/avrgcc/3.4.1.95/avrtoolchain/bin/../lib/gcc/avr/4.6.2/avr5\libgcc.a(_copy_data.o)
 .text          0x00002498        0x0 c:/program files (x86)/atmel/atmel studio 6.0/extensions/atmel/avrgcc/3.4.1.95/avrtoolchain/bin/../lib/gcc/avr/4.6.2/avr5\libgcc.a(_clear_bss.o)
 .text          0x00002498        0x0 c:/program files (x86)/atmel/atmel studio 6.0/extensions/atmel/avrgcc/3.4.1.95/avrtoolchain/bin/../lib/gcc/avr/4.6.2/../../../../avr/lib/avr5\libc.a(memcpy.o)
 .text          0x00002498        0x0 c:/program files (x86)/atmel/atmel studio 6.0/extensions/atmel/avrgcc/3.4.1.95/avrtoolchain/bin/../lib/gcc/avr/4.6.2/../../../../avr/lib/avr5\libc.a(memmove.o)
                0x00002498                . = ALIGN (0x2)
 *(.text.*)
 .text.libgcc   0x00002498       0x28 c:/program files (x86)/atmel/atmel studio 6.0/extensions/atmel/avrgcc/3.4.1.95/avrtoolchain/bin/../lib/gcc/avr/4.6.2/avr5\libgcc.a(_udivmodhi4.o)
                0x00002498                __udivmodhi4
 .text.libgcc   0x000024c0       0x26 c:/program files (x86)/atmel/atmel studio 6.0/extensions/atmel/avrgcc/3.4.1.95/avrtoolchain/bin/../lib/gcc/avr/4.6.2/avr5\libgcc.a(_divmodhi4.o)
                0x000024c0                _div
                0x000024c0                __divmodhi4
 .text.libgcc   0x000024e6        0x0 c:/program files (x86)/atmel/atmel studio 6.0/extensions/atmel/avrgcc/3.4.1.95/avrtoolchain/bin/../lib/gcc/avr/4.6.2/avr5\libgcc.a(_exit.o)
 .text.libgcc   0x000024e6        0x0 c:/program files (x86)/atmel/atmel studio 6.0/extensions/atmel/avrgcc/3.4.1.95/avrtoolchain/bin/../lib/gcc/avr/4.6.2/avr5\libgcc.a(_copy_data.o)
 .text.libgcc   0x000024e6        0x0 c:/program files (x86)/atmel/atmel studio 6.0/extensions/atmel/avrgcc/3.4.1.95/avrtoolchain/bin/../lib/gcc/avr/4.6.2/avr5\libgcc.a(_clear_bss.o)
 .text.avr-libc
                0x000024e6       0x12 c:/program files (x86)/atmel/atmel studio 6.0/extensions/atmel/avrgcc/3.4.1.95/avrtoolchain/bin/../lib/gcc/avr/4.6.2/../../../../avr/lib/avr5\libc.a(memcpy.o)
                0x000024e6                memcpy
 .text.avr-libc
                0x000024f8       0x24 c:/program files (x86)/atmel/atmel studio 6.0/extensions/atmel/avrgcc/3.4.1.95/avrtoolchain/bin/../lib/gcc/avr/4.6.2/../../../../avr/lib/avr5\libc.a(memmove.o)
                0x000024f8                memmove
                0x0000251c                . = ALIGN (0x2)
 *(.fini9)
 .fini9         0x0000251c        0x0 c:/program files (x86)/atmel/atmel studio 6.0/extensions/atmel/avrgcc/3.4.1.95/avrtoolchain/bin/../lib/gcc/avr/4.6.2/avr5\libgcc.a(_exit.o)
                0x0000251c                _exit
                0x0000251c                exit
 *(.fini9)
 *(.fini8)
 *(.fini8)
 *(.fini7)
 *(.fini7)
 *(.fini6)
 *(.fini6)
 *(.fini5)
 *(.fini5)
 *(.fini4)
 *(.fini4)
 *(.fini3)
 *(.fini3)
 *(.fini2)
 *(.fini2)
 *(.fini1)
 *(.fini1)
 *(.fini0)
 .fini0         0x0000251c        0x4 c:/program files (x86)/atmel/atmel studio 6.0/extensions/atmel/avrgcc/3.4.1.95/avrtoolchain/bin/../lib/gcc/avr/4.6.2/avr5\libgcc.a(_exit.o)
 *(.fini0)
                0x00002520                _etext = .

.data           0x00800100       0xec load address 0x00002520
                0x00800100                PROVIDE (__data_start, .)
 *(.data)
 .data          0x00800100        0x0 c:/program files (x86)/atmel/atmel studio 6.0/extensions/atmel/avrgcc/3.4.1.95/avrtoolchain/bin/../lib/gcc/avr/4.6.2/../../../../avr/lib/avr5/crtm6450a.o
 .data          0x00800100        0x0 adc.o
 .data          0x00800100       0x10 assigner.o
 .data          0x00800110       0x3e dac.o
                0x00800110                release_1_cv
                0x00800112                release_2_cv
                0x00800114                sustain_1_cv
                0x00800116                sustain_2_cv
                0x00800118                decay_1_cv
                0x0080011a                decay_2_cv
                0x0080011c                attack_1_cv
                0x0080011e                attack_2_cv
                0x00800120                noise_mix_cv
                0x00800122                fil_lfo_cv
                0x00800124                fil_vco2_cv
                0x00800126                key_track_cv
                0x00800128                cutoff_cv
                0x0080012a                res_cv
                0x0080012c                fil_eg2_cv
                0x0080012e                vco2_pw_cv
                0x00800130                volume_cv
                0x00800132                amp_lfo_cv
                0x00800134                glide_cv
                0x00800136                lfo_rate_cv
                0x00800138                tune_cv
                0x0080013a                fine_cv
                0x0080013c                vco1_pw_cv
                0x0080013e                pwm_eg2_cv
                0x00800140                pwm_lfo_cv
                0x00800142                pitch_lfo_cv
                0x00800144                pitch_eg2_cv
                0x00800146                vco1_mix_cv
                0x00800148                vco2_mix_cv
                0x0080014a                vco2_pitch_cv
                0x0080014c                vco1_pitch_cv
 .data          0x0080014e        0xa display.o
 .data          0x00800158        0x0 interrupts.o
 .data          0x00800158        0x0 midi.o
 .data          0x00800158        0x0 monapollo-firmware.o
 .data          0x00800158       0x40 scan_pots_and_update_control_voltages.o
                0x00800158                pot_decoder_1
                0x00800176                pot_decoder_0
                0x00800196                value_to_display
 .data          0x00800198        0x0 spi.o
 .data          0x00800198       0x53 tune.o
                0x008001ea                no_overflow
 .data          0x008001eb        0x0 utils.o
 .data          0x008001eb        0x0 xnormidi-develop/bytequeue/bytequeue.o
 .data          0x008001eb        0x0 xnormidi-develop/bytequeue/interrupt_setting.o
 .data          0x008001eb        0x0 xnormidi-develop/midi.o
 .data          0x008001eb        0x0 xnormidi-develop/midi_device.o
 .data          0x008001eb        0x0 xnormidi-develop/sysex_tools.o
 .data          0x008001eb        0x0 c:/program files (x86)/atmel/atmel studio 6.0/extensions/atmel/avrgcc/3.4.1.95/avrtoolchain/bin/../lib/gcc/avr/4.6.2/avr5\libgcc.a(_udivmodhi4.o)
 .data          0x008001eb        0x0 c:/program files (x86)/atmel/atmel studio 6.0/extensions/atmel/avrgcc/3.4.1.95/avrtoolchain/bin/../lib/gcc/avr/4.6.2/avr5\libgcc.a(_divmodhi4.o)
 .data          0x008001eb        0x0 c:/program files (x86)/atmel/atmel studio 6.0/extensions/atmel/avrgcc/3.4.1.95/avrtoolchain/bin/../lib/gcc/avr/4.6.2/avr5\libgcc.a(_exit.o)
 .data          0x008001eb        0x0 c:/program files (x86)/atmel/atmel studio 6.0/extensions/atmel/avrgcc/3.4.1.95/avrtoolchain/bin/../lib/gcc/avr/4.6.2/avr5\libgcc.a(_copy_data.o)
 .data          0x008001eb        0x0 c:/program files (x86)/atmel/atmel studio 6.0/extensions/atmel/avrgcc/3.4.1.95/avrtoolchain/bin/../lib/gcc/avr/4.6.2/avr5\libgcc.a(_clear_bss.o)
 .data          0x008001eb        0x0 c:/program files (x86)/atmel/atmel studio 6.0/extensions/atmel/avrgcc/3.4.1.95/avrtoolchain/bin/../lib/gcc/avr/4.6.2/../../../../avr/lib/avr5\libc.a(memcpy.o)
 .data          0x008001eb        0x0 c:/program files (x86)/atmel/atmel studio 6.0/extensions/atmel/avrgcc/3.4.1.95/avrtoolchain/bin/../lib/gcc/avr/4.6.2/../../../../avr/lib/avr5\libc.a(memmove.o)
 *(.data*)
 *(.rodata)
 *(.rodata*)
 *(.gnu.linkonce.d*)
                0x008001ec                . = ALIGN (0x2)
 *fill*         0x008001eb        0x1 00
                0x008001ec                _edata = .
                0x008001ec                PROVIDE (__data_end, .)

.bss            0x008001ec      0x195
                0x008001ec                PROVIDE (__bss_start, .)
 *(.bss)
 .bss           0x008001ec        0x0 c:/program files (x86)/atmel/atmel studio 6.0/extensions/atmel/avrgcc/3.4.1.95/avrtoolchain/bin/../lib/gcc/avr/4.6.2/../../../../avr/lib/avr5/crtm6450a.o
 .bss           0x008001ec        0x0 adc.o
 .bss           0x008001ec        0x1 assigner.o
 .bss           0x008001ed        0x4 dac.o
                0x008001ed                arp_rate_null
                0x008001ef                pitch_vco2_cv
 .bss           0x008001f1        0x1 display.o
 .bss           0x008001f2        0x0 interrupts.o
 .bss           0x008001f2        0x0 midi.o
 .bss           0x008001f2        0x2 monapollo-firmware.o
                0x008001f2                switch_timer
 .bss           0x008001f4       0x47 scan_pots_and_update_control_voltages.o
                0x008001f4                pot_group_1
                0x00800212                pot_group_0
                0x00800232                midi_note_number
                0x00800233                tune_offset
                0x00800235                adc_difference
                0x00800237                adc_value
                0x00800239                adc_previous
 .bss           0x0080023b        0x9 spi.o
 .bss           0x00800244       0x4f tune.o
                0x00800244                vco2_pitch_table
                0x00800266                vco1_pitch_table
                0x00800288                vco2_init_cv
                0x0080028a                vco1_init_cv
                0x0080028c                compare_match_counter
                0x0080028d                osc_count
                0x0080028f                count_finished
                0x00800290                timer1_clock
                0x00800291                period
                0x00800292                period_counter
 .bss           0x00800293        0x1 utils.o
 .bss           0x00800294        0x0 xnormidi-develop/bytequeue/bytequeue.o
 .bss           0x00800294        0x0 xnormidi-develop/bytequeue/interrupt_setting.o
 .bss           0x00800294        0x0 xnormidi-develop/midi.o
 .bss           0x00800294        0x0 xnormidi-develop/midi_device.o
 .bss           0x00800294        0x0 xnormidi-develop/sysex_tools.o
 .bss           0x00800294        0x0 c:/program files (x86)/atmel/atmel studio 6.0/extensions/atmel/avrgcc/3.4.1.95/avrtoolchain/bin/../lib/gcc/avr/4.6.2/avr5\libgcc.a(_udivmodhi4.o)
 .bss           0x00800294        0x0 c:/program files (x86)/atmel/atmel studio 6.0/extensions/atmel/avrgcc/3.4.1.95/avrtoolchain/bin/../lib/gcc/avr/4.6.2/avr5\libgcc.a(_divmodhi4.o)
 .bss           0x00800294        0x0 c:/program files (x86)/atmel/atmel studio 6.0/extensions/atmel/avrgcc/3.4.1.95/avrtoolchain/bin/../lib/gcc/avr/4.6.2/avr5\libgcc.a(_exit.o)
 .bss           0x00800294        0x0 c:/program files (x86)/atmel/atmel studio 6.0/extensions/atmel/avrgcc/3.4.1.95/avrtoolchain/bin/../lib/gcc/avr/4.6.2/avr5\libgcc.a(_copy_data.o)
 .bss           0x00800294        0x0 c:/program files (x86)/atmel/atmel studio 6.0/extensions/atmel/avrgcc/3.4.1.95/avrtoolchain/bin/../lib/gcc/avr/4.6.2/avr5\libgcc.a(_clear_bss.o)
 .bss           0x00800294        0x0 c:/program files (x86)/atmel/atmel studio 6.0/extensions/atmel/avrgcc/3.4.1.95/avrtoolchain/bin/../lib/gcc/avr/4.6.2/../../../../avr/lib/avr5\libc.a(memcpy.o)
 .bss           0x00800294        0x0 c:/program files (x86)/atmel/atmel studio 6.0/extensions/atmel/avrgcc/3.4.1.95/avrtoolchain/bin/../lib/gcc/avr/4.6.2/../../../../avr/lib/avr5\libc.a(memmove.o)
 *(.bss*)
 *(COMMON)
 COMMON         0x00800294       0xed monapollo-firmware.o
                0x00800294                midi_device
                0x00800381                PROVIDE (__bss_end, .)
                0x00002520                __data_load_start = LOADADDR (.data)
                0x0000260c                __data_load_end = (__data_load_start + SIZEOF (.data))

.noinit         0x00800381        0x0
                0x00800381                PROVIDE (__noinit_start, .)
 *(.noinit*)
                0x00800381                PROVIDE (__noinit_end, .)
                0x00800381                _end = .
                0x00800381                PROVIDE (__heap_start, .)

.eeprom         0x00810000        0x0
 *(.eeprom*)
                0x00810000                __eeprom_end = .

.fuse
 *(.fuse)
 *(.lfuse)
 *(.hfuse)
 *(.efuse)

.lock
 *(.lock*)

.signature
 *(.signature*)

.stab           0x00000000      0x834
 *(.stab)
 .stab          0x00000000      0x6cc c:/program files (x86)/atmel/atmel studio 6.0/extensions/atmel/avrgcc/3.4.1.95/avrtoolchain/bin/../lib/gcc/avr/4.6.2/../../../../avr/lib/avr5/crtm6450a.o
 .stab          0x000006cc       0x84 c:/program files (x86)/atmel/atmel studio 6.0/extensions/atmel/avrgcc/3.4.1.95/avrtoolchain/bin/../lib/gcc/avr/4.6.2/../../../../avr/lib/avr5\libc.a(memcpy.o)
                                 0x90 (size before relaxing)
 .stab          0x00000750       0xe4 c:/program files (x86)/atmel/atmel studio 6.0/extensions/atmel/avrgcc/3.4.1.95/avrtoolchain/bin/../lib/gcc/avr/4.6.2/../../../../avr/lib/avr5\libc.a(memmove.o)
                                 0xf0 (size before relaxing)

.stabstr        0x00000000      0x14a
 *(.stabstr)
 .stabstr       0x00000000      0x14a c:/program files (x86)/atmel/atmel studio 6.0/extensions/atmel/avrgcc/3.4.1.95/avrtoolchain/bin/../lib/gcc/avr/4.6.2/../../../../avr/lib/avr5/crtm6450a.o

.stab.excl
 *(.stab.excl)

.stab.exclstr
 *(.stab.exclstr)

.stab.index
 *(.stab.index)

.stab.indexstr
 *(.stab.indexstr)

.comment
 *(.comment)

.debug
 *(.debug)

.line
 *(.line)

.debug_srcinfo
 *(.debug_srcinfo)

.debug_sfnames
 *(.debug_sfnames)

.debug_aranges  0x00000000      0x280
 *(.debug_aranges)
 .debug_aranges
                0x00000000       0x20 adc.o
 .debug_aranges
                0x00000020       0x20 assigner.o
 .debug_aranges
                0x00000040       0x20 dac.o
 .debug_aranges
                0x00000060       0x20 display.o
 .debug_aranges
                0x00000080       0x20 interrupts.o
 .debug_aranges
                0x000000a0       0x20 monapollo-firmware.o
 .debug_aranges
                0x000000c0       0x20 scan_pots_and_update_control_voltages.o
 .debug_aranges
                0x000000e0       0x20 spi.o
 .debug_aranges
                0x00000100       0x20 tune.o
 .debug_aranges
                0x00000120       0x20 utils.o
 .debug_aranges
                0x00000140       0x20 xnormidi-develop/bytequeue/bytequeue.o
 .debug_aranges
                0x00000160       0x20 xnormidi-develop/bytequeue/interrupt_setting.o
 .debug_aranges
                0x00000180       0x20 xnormidi-develop/midi.o
 .debug_aranges
                0x000001a0       0x20 xnormidi-develop/midi_device.o
 .debug_aranges
                0x000001c0       0x20 xnormidi-develop/sysex_tools.o
 .debug_aranges
                0x000001e0       0x20 c:/program files (x86)/atmel/atmel studio 6.0/extensions/atmel/avrgcc/3.4.1.95/avrtoolchain/bin/../lib/gcc/avr/4.6.2/avr5\libgcc.a(_udivmodhi4.o)
 .debug_aranges
                0x00000200       0x20 c:/program files (x86)/atmel/atmel studio 6.0/extensions/atmel/avrgcc/3.4.1.95/avrtoolchain/bin/../lib/gcc/avr/4.6.2/avr5\libgcc.a(_divmodhi4.o)
 .debug_aranges
                0x00000220       0x20 c:/program files (x86)/atmel/atmel studio 6.0/extensions/atmel/avrgcc/3.4.1.95/avrtoolchain/bin/../lib/gcc/avr/4.6.2/avr5\libgcc.a(_exit.o)
 .debug_aranges
                0x00000240       0x20 c:/program files (x86)/atmel/atmel studio 6.0/extensions/atmel/avrgcc/3.4.1.95/avrtoolchain/bin/../lib/gcc/avr/4.6.2/avr5\libgcc.a(_copy_data.o)
 .debug_aranges
                0x00000260       0x20 c:/program files (x86)/atmel/atmel studio 6.0/extensions/atmel/avrgcc/3.4.1.95/avrtoolchain/bin/../lib/gcc/avr/4.6.2/avr5\libgcc.a(_clear_bss.o)

.debug_pubnames
 *(.debug_pubnames)

.debug_info     0x00000000     0x3fa7
 *(.debug_info)
 .debug_info    0x00000000      0x165 adc.o
 .debug_info    0x00000165      0x1bb assigner.o
 .debug_info    0x00000320      0x4d3 dac.o
 .debug_info    0x000007f3      0x13c display.o
 .debug_info    0x0000092f      0x178 interrupts.o
 .debug_info    0x00000aa7       0x5e midi.o
 .debug_info    0x00000b05      0x5b7 monapollo-firmware.o
 .debug_info    0x000010bc      0x6a7 scan_pots_and_update_control_voltages.o
 .debug_info    0x00001763      0x197 spi.o
 .debug_info    0x000018fa      0x850 tune.o
 .debug_info    0x0000214a       0xcc utils.o
 .debug_info    0x00002216      0x23e xnormidi-develop/bytequeue/bytequeue.o
 .debug_info    0x00002454       0xc2 xnormidi-develop/bytequeue/interrupt_setting.o
 .debug_info    0x00002516      0xd19 xnormidi-develop/midi.o
 .debug_info    0x0000322f      0x657 xnormidi-develop/midi_device.o
 .debug_info    0x00003886      0x2d0 xnormidi-develop/sysex_tools.o
 .debug_info    0x00003b56       0xdd c:/program files (x86)/atmel/atmel studio 6.0/extensions/atmel/avrgcc/3.4.1.95/avrtoolchain/bin/../lib/gcc/avr/4.6.2/avr5\libgcc.a(_udivmodhi4.o)
 .debug_info    0x00003c33       0xdd c:/program files (x86)/atmel/atmel studio 6.0/extensions/atmel/avrgcc/3.4.1.95/avrtoolchain/bin/../lib/gcc/avr/4.6.2/avr5\libgcc.a(_divmodhi4.o)
 .debug_info    0x00003d10       0xdd c:/program files (x86)/atmel/atmel studio 6.0/extensions/atmel/avrgcc/3.4.1.95/avrtoolchain/bin/../lib/gcc/avr/4.6.2/avr5\libgcc.a(_exit.o)
 .debug_info    0x00003ded       0xdd c:/program files (x86)/atmel/atmel studio 6.0/extensions/atmel/avrgcc/3.4.1.95/avrtoolchain/bin/../lib/gcc/avr/4.6.2/avr5\libgcc.a(_copy_data.o)
 .debug_info    0x00003eca       0xdd c:/program files (x86)/atmel/atmel studio 6.0/extensions/atmel/avrgcc/3.4.1.95/avrtoolchain/bin/../lib/gcc/avr/4.6.2/avr5\libgcc.a(_clear_bss.o)
 *(.gnu.linkonce.wi.*)

.debug_abbrev   0x00000000     0x100b
 *(.debug_abbrev)
 .debug_abbrev  0x00000000       0xfe adc.o
 .debug_abbrev  0x000000fe      0x11c assigner.o
 .debug_abbrev  0x0000021a      0x156 dac.o
 .debug_abbrev  0x00000370       0xa3 display.o
 .debug_abbrev  0x00000413       0x64 interrupts.o
 .debug_abbrev  0x00000477       0x2a midi.o
 .debug_abbrev  0x000004a1      0x188 monapollo-firmware.o
 .debug_abbrev  0x00000629       0xf4 scan_pots_and_update_control_voltages.o
 .debug_abbrev  0x0000071d       0xb8 spi.o
 .debug_abbrev  0x000007d5      0x184 tune.o
 .debug_abbrev  0x00000959       0x92 utils.o
 .debug_abbrev  0x000009eb      0x105 xnormidi-develop/bytequeue/bytequeue.o
 .debug_abbrev  0x00000af0       0x83 xnormidi-develop/bytequeue/interrupt_setting.o
 .debug_abbrev  0x00000b73      0x1b1 xnormidi-develop/midi.o
 .debug_abbrev  0x00000d24      0x193 xnormidi-develop/midi_device.o
 .debug_abbrev  0x00000eb7       0xf0 xnormidi-develop/sysex_tools.o
 .debug_abbrev  0x00000fa7       0x14 c:/program files (x86)/atmel/atmel studio 6.0/extensions/atmel/avrgcc/3.4.1.95/avrtoolchain/bin/../lib/gcc/avr/4.6.2/avr5\libgcc.a(_udivmodhi4.o)
 .debug_abbrev  0x00000fbb       0x14 c:/program files (x86)/atmel/atmel studio 6.0/extensions/atmel/avrgcc/3.4.1.95/avrtoolchain/bin/../lib/gcc/avr/4.6.2/avr5\libgcc.a(_divmodhi4.o)
 .debug_abbrev  0x00000fcf       0x14 c:/program files (x86)/atmel/atmel studio 6.0/extensions/atmel/avrgcc/3.4.1.95/avrtoolchain/bin/../lib/gcc/avr/4.6.2/avr5\libgcc.a(_exit.o)
 .debug_abbrev  0x00000fe3       0x14 c:/program files (x86)/atmel/atmel studio 6.0/extensions/atmel/avrgcc/3.4.1.95/avrtoolchain/bin/../lib/gcc/avr/4.6.2/avr5\libgcc.a(_copy_data.o)
 .debug_abbrev  0x00000ff7       0x14 c:/program files (x86)/atmel/atmel studio 6.0/extensions/atmel/avrgcc/3.4.1.95/avrtoolchain/bin/../lib/gcc/avr/4.6.2/avr5\libgcc.a(_clear_bss.o)

.debug_line     0x00000000     0x1891
 *(.debug_line)
 .debug_line    0x00000000      0x188 adc.o
 .debug_line    0x00000188      0x10c assigner.o
 .debug_line    0x00000294      0x1bf dac.o
 .debug_line    0x00000453       0xf2 display.o
 .debug_line    0x00000545       0xff interrupts.o
 .debug_line    0x00000644       0x1a midi.o
 .debug_line    0x0000065e      0x1bb monapollo-firmware.o
 .debug_line    0x00000819      0x15c scan_pots_and_update_control_voltages.o
 .debug_line    0x00000975      0x116 spi.o
 .debug_line    0x00000a8b      0x267 tune.o
 .debug_line    0x00000cf2       0xf1 utils.o
 .debug_line    0x00000de3      0x132 xnormidi-develop/bytequeue/bytequeue.o
 .debug_line    0x00000f15      0x114 xnormidi-develop/bytequeue/interrupt_setting.o
 .debug_line    0x00001029      0x1f5 xnormidi-develop/midi.o
 .debug_line    0x0000121e      0x211 xnormidi-develop/midi_device.o
 .debug_line    0x0000142f      0x188 xnormidi-develop/sysex_tools.o
 .debug_line    0x000015b7       0x9a c:/program files (x86)/atmel/atmel studio 6.0/extensions/atmel/avrgcc/3.4.1.95/avrtoolchain/bin/../lib/gcc/avr/4.6.2/avr5\libgcc.a(_udivmodhi4.o)
 .debug_line    0x00001651       0x99 c:/program files (x86)/atmel/atmel studio 6.0/extensions/atmel/avrgcc/3.4.1.95/avrtoolchain/bin/../lib/gcc/avr/4.6.2/avr5\libgcc.a(_divmodhi4.o)
 .debug_line    0x000016ea       0x88 c:/program files (x86)/atmel/atmel studio 6.0/extensions/atmel/avrgcc/3.4.1.95/avrtoolchain/bin/../lib/gcc/avr/4.6.2/avr5\libgcc.a(_exit.o)
 .debug_line    0x00001772       0x91 c:/program files (x86)/atmel/atmel studio 6.0/extensions/atmel/avrgcc/3.4.1.95/avrtoolchain/bin/../lib/gcc/avr/4.6.2/avr5\libgcc.a(_copy_data.o)
 .debug_line    0x00001803       0x8e c:/program files (x86)/atmel/atmel studio 6.0/extensions/atmel/avrgcc/3.4.1.95/avrtoolchain/bin/../lib/gcc/avr/4.6.2/avr5\libgcc.a(_clear_bss.o)

.debug_frame    0x00000000      0xb0c
 *(.debug_frame)
 .debug_frame   0x00000000       0x34 adc.o
 .debug_frame   0x00000034       0x60 assigner.o
 .debug_frame   0x00000094       0x44 dac.o
 .debug_frame   0x000000d8       0x5c display.o
 .debug_frame   0x00000134       0x60 interrupts.o
 .debug_frame   0x00000194       0xbc monapollo-firmware.o
 .debug_frame   0x00000250       0x74 scan_pots_and_update_control_voltages.o
 .debug_frame   0x000002c4       0x4c spi.o
 .debug_frame   0x00000310      0x164 tune.o
 .debug_frame   0x00000474       0x34 utils.o
 .debug_frame   0x000004a8       0x90 xnormidi-develop/bytequeue/bytequeue.o
 .debug_frame   0x00000538       0x34 xnormidi-develop/bytequeue/interrupt_setting.o
 .debug_frame   0x0000056c      0x378 xnormidi-develop/midi.o
 .debug_frame   0x000008e4      0x12c xnormidi-develop/midi_device.o
 .debug_frame   0x00000a10       0xfc xnormidi-develop/sysex_tools.o

.debug_str      0x00000000     0x124a
 *(.debug_str)
 .debug_str     0x00000000      0x137 adc.o
                                0x16b (size before relaxing)
 .debug_str     0x00000137       0x6f assigner.o
                                0x156 (size before relaxing)
 .debug_str     0x000001a6      0x1c9 dac.o
                                0x318 (size before relaxing)
 .debug_str     0x0000036f       0x48 display.o
                                0x12d (size before relaxing)
 .debug_str     0x000003b7       0x98 interrupts.o
                                0x176 (size before relaxing)
 .debug_str     0x0000044f        0xc midi.o
                                 0xd9 (size before relaxing)
 .debug_str     0x0000045b      0x3b8 monapollo-firmware.o
                                0x50f (size before relaxing)
 .debug_str     0x00000813       0xf9 scan_pots_and_update_control_voltages.o
                                0x3de (size before relaxing)
 .debug_str     0x0000090c      0x109 spi.o
                                0x1e3 (size before relaxing)
 .debug_str     0x00000a15       0xcc tune.o
                                0x3ef (size before relaxing)
 .debug_str     0x00000ae1       0x60 utils.o
                                0x147 (size before relaxing)
 .debug_str     0x00000b41       0xb9 xnormidi-develop/bytequeue/bytequeue.o
                                0x1d1 (size before relaxing)
 .debug_str     0x00000bfa       0x6b xnormidi-develop/bytequeue/interrupt_setting.o
                                0x15c (size before relaxing)
 .debug_str     0x00000c65      0x42b xnormidi-develop/midi.o
                                0x83f (size before relaxing)
 .debug_str     0x00001090       0xde xnormidi-develop/midi_device.o
                                0x4ff (size before relaxing)
 .debug_str     0x0000116e       0xdc xnormidi-develop/sysex_tools.o
                                0x1df (size before relaxing)

.debug_loc      0x00000000     0x2a06
 *(.debug_loc)
 .debug_loc     0x00000000       0x60 adc.o
 .debug_loc     0x00000060      0x16b assigner.o
 .debug_loc     0x000001cb       0x72 dac.o
 .debug_loc     0x0000023d      0x167 display.o
 .debug_loc     0x000003a4       0x92 interrupts.o
 .debug_loc     0x00000436      0x1e0 monapollo-firmware.o
 .debug_loc     0x00000616      0x270 scan_pots_and_update_control_voltages.o
 .debug_loc     0x00000886       0xd1 spi.o
 .debug_loc     0x00000957      0x8a3 tune.o
 .debug_loc     0x000011fa       0x4b utils.o
 .debug_loc     0x00001245      0x229 xnormidi-develop/bytequeue/bytequeue.o
 .debug_loc     0x0000146e      0x963 xnormidi-develop/midi.o
 .debug_loc     0x00001dd1      0x668 xnormidi-develop/midi_device.o
 .debug_loc     0x00002439      0x5cd xnormidi-develop/sysex_tools.o

.debug_macinfo
 *(.debug_macinfo)
OUTPUT(monapollo-firmware.elf elf32-avr)
LOAD linker stubs

.debug_ranges   0x00000000      0x110
 .debug_ranges  0x00000000       0x30 scan_pots_and_update_control_voltages.o
 .debug_ranges  0x00000030       0x98 tune.o
 .debug_ranges  0x000000c8       0x48 xnormidi-develop/sysex_tools.o
