Archive member included because of file (symbol)

c:/program files (x86)/atmel/atmel studio 6.0/extensions/atmel/avrgcc/3.4.1.95/avrtoolchain/bin/../lib/gcc/avr/4.6.2/avr5\libgcc.a(_udivmodhi4.o)
                              display.o (__udivmodhi4)
c:/program files (x86)/atmel/atmel studio 6.0/extensions/atmel/avrgcc/3.4.1.95/avrtoolchain/bin/../lib/gcc/avr/4.6.2/avr5\libgcc.a(_divmodhi4.o)
                              xnormidi-develop/bytequeue/bytequeue.o (__divmodhi4)
c:/program files (x86)/atmel/atmel studio 6.0/extensions/atmel/avrgcc/3.4.1.95/avrtoolchain/bin/../lib/gcc/avr/4.6.2/avr5\libgcc.a(_exit.o)
                              c:/program files (x86)/atmel/atmel studio 6.0/extensions/atmel/avrgcc/3.4.1.95/avrtoolchain/bin/../lib/gcc/avr/4.6.2/../../../../avr/lib/avr5/crtm6450a.o (exit)
c:/program files (x86)/atmel/atmel studio 6.0/extensions/atmel/avrgcc/3.4.1.95/avrtoolchain/bin/../lib/gcc/avr/4.6.2/avr5\libgcc.a(_copy_data.o)
                              adc.o (__do_copy_data)
c:/program files (x86)/atmel/atmel studio 6.0/extensions/atmel/avrgcc/3.4.1.95/avrtoolchain/bin/../lib/gcc/avr/4.6.2/avr5\libgcc.a(_clear_bss.o)
                              adc.o (__do_clear_bss)
c:/program files (x86)/atmel/atmel studio 6.0/extensions/atmel/avrgcc/3.4.1.95/avrtoolchain/bin/../lib/gcc/avr/4.6.2/../../../../avr/lib/avr5\libc.a(memcpy.o)
                              xnormidi-develop/midi.o (memcpy)
c:/program files (x86)/atmel/atmel studio 6.0/extensions/atmel/avrgcc/3.4.1.95/avrtoolchain/bin/../lib/gcc/avr/4.6.2/../../../../avr/lib/avr5\libc.a(memmove.o)
                              assigner.o (memmove)

Allocating common symbols
Common symbol       size              file

midi_device         0xed              monapollo-firmware.o

Memory Configuration

Name             Origin             Length             Attributes
text             0x00000000         0x00020000         xr
data             0x00800060         0x0000ffa0         rw !x
eeprom           0x00810000         0x00010000         rw !x
fuse             0x00820000         0x00000400         rw !x
lock             0x00830000         0x00000400         rw !x
signature        0x00840000         0x00000400         rw !x
*default*        0x00000000         0xffffffff

Linker script and memory map

Address of section .data set to 0x800100
LOAD c:/program files (x86)/atmel/atmel studio 6.0/extensions/atmel/avrgcc/3.4.1.95/avrtoolchain/bin/../lib/gcc/avr/4.6.2/../../../../avr/lib/avr5/crtm6450a.o
LOAD adc.o
LOAD assigner.o
LOAD dac.o
LOAD display.o
LOAD interrupts.o
LOAD midi.o
LOAD monapollo-firmware.o
LOAD scan_pots_and_update_control_voltages.o
LOAD spi.o
LOAD synth.o
LOAD tune.o
LOAD utils.o
LOAD xnormidi-develop/bytequeue/bytequeue.o
LOAD xnormidi-develop/bytequeue/interrupt_setting.o
LOAD xnormidi-develop/midi.o
LOAD xnormidi-develop/midi_device.o
LOAD xnormidi-develop/sysex_tools.o
START GROUP
LOAD c:/program files (x86)/atmel/atmel studio 6.0/extensions/atmel/avrgcc/3.4.1.95/avrtoolchain/bin/../lib/gcc/avr/4.6.2/../../../../avr/lib/avr5\libm.a
END GROUP
LOAD c:/program files (x86)/atmel/atmel studio 6.0/extensions/atmel/avrgcc/3.4.1.95/avrtoolchain/bin/../lib/gcc/avr/4.6.2/avr5\libgcc.a
LOAD c:/program files (x86)/atmel/atmel studio 6.0/extensions/atmel/avrgcc/3.4.1.95/avrtoolchain/bin/../lib/gcc/avr/4.6.2/../../../../avr/lib/avr5\libc.a
LOAD c:/program files (x86)/atmel/atmel studio 6.0/extensions/atmel/avrgcc/3.4.1.95/avrtoolchain/bin/../lib/gcc/avr/4.6.2/avr5\libgcc.a

.hash
 *(.hash)

.dynsym
 *(.dynsym)

.dynstr
 *(.dynstr)

.gnu.version
 *(.gnu.version)

.gnu.version_d
 *(.gnu.version_d)

.gnu.version_r
 *(.gnu.version_r)

.rel.init
 *(.rel.init)

.rela.init
 *(.rela.init)

.rel.text
 *(.rel.text)
 *(.rel.text.*)
 *(.rel.gnu.linkonce.t*)

.rela.text
 *(.rela.text)
 *(.rela.text.*)
 *(.rela.gnu.linkonce.t*)

.rel.fini
 *(.rel.fini)

.rela.fini
 *(.rela.fini)

.rel.rodata
 *(.rel.rodata)
 *(.rel.rodata.*)
 *(.rel.gnu.linkonce.r*)

.rela.rodata
 *(.rela.rodata)
 *(.rela.rodata.*)
 *(.rela.gnu.linkonce.r*)

.rel.data
 *(.rel.data)
 *(.rel.data.*)
 *(.rel.gnu.linkonce.d*)

.rela.data
 *(.rela.data)
 *(.rela.data.*)
 *(.rela.gnu.linkonce.d*)

.rel.ctors
 *(.rel.ctors)

.rela.ctors
 *(.rela.ctors)

.rel.dtors
 *(.rel.dtors)

.rela.dtors
 *(.rela.dtors)

.rel.got
 *(.rel.got)

.rela.got
 *(.rela.got)

.rel.bss
 *(.rel.bss)

.rela.bss
 *(.rela.bss)

.rel.plt
 *(.rel.plt)

.rela.plt
 *(.rela.plt)

.text           0x00000000     0x21ae
 *(.vectors)
 .vectors       0x00000000       0x64 c:/program files (x86)/atmel/atmel studio 6.0/extensions/atmel/avrgcc/3.4.1.95/avrtoolchain/bin/../lib/gcc/avr/4.6.2/../../../../avr/lib/avr5/crtm6450a.o
                0x00000000                __vector_default
                0x00000000                __vectors
 *(.vectors)
 *(.progmem.gcc*)
 *(.progmem*)
                0x00000064                . = ALIGN (0x2)
                0x00000064                __trampolines_start = .
 *(.trampolines)
 .trampolines   0x00000064        0x0 linker stubs
 *(.trampolines*)
                0x00000064                __trampolines_end = .
 *(.jumptables)
 *(.jumptables*)
 *(.lowtext)
 *(.lowtext*)
                0x00000064                __ctors_start = .
 *(.ctors)
                0x00000064                __ctors_end = .
                0x00000064                __dtors_start = .
 *(.dtors)
                0x00000064                __dtors_end = .
 SORT(*)(.ctors)
 SORT(*)(.dtors)
 *(.init0)
 .init0         0x00000064        0x0 c:/program files (x86)/atmel/atmel studio 6.0/extensions/atmel/avrgcc/3.4.1.95/avrtoolchain/bin/../lib/gcc/avr/4.6.2/../../../../avr/lib/avr5/crtm6450a.o
                0x00000064                __init
 *(.init0)
 *(.init1)
 *(.init1)
 *(.init2)
 .init2         0x00000064        0xc c:/program files (x86)/atmel/atmel studio 6.0/extensions/atmel/avrgcc/3.4.1.95/avrtoolchain/bin/../lib/gcc/avr/4.6.2/../../../../avr/lib/avr5/crtm6450a.o
 *(.init2)
 *(.init3)
 *(.init3)
 *(.init4)
 .init4         0x00000070       0x16 c:/program files (x86)/atmel/atmel studio 6.0/extensions/atmel/avrgcc/3.4.1.95/avrtoolchain/bin/../lib/gcc/avr/4.6.2/avr5\libgcc.a(_copy_data.o)
                0x00000070                __do_copy_data
 .init4         0x00000086       0x10 c:/program files (x86)/atmel/atmel studio 6.0/extensions/atmel/avrgcc/3.4.1.95/avrtoolchain/bin/../lib/gcc/avr/4.6.2/avr5\libgcc.a(_clear_bss.o)
                0x00000086                __do_clear_bss
 *(.init4)
 *(.init5)
 *(.init5)
 *(.init6)
 *(.init6)
 *(.init7)
 *(.init7)
 *(.init8)
 *(.init8)
 *(.init9)
 .init9         0x00000096        0x8 c:/program files (x86)/atmel/atmel studio 6.0/extensions/atmel/avrgcc/3.4.1.95/avrtoolchain/bin/../lib/gcc/avr/4.6.2/../../../../avr/lib/avr5/crtm6450a.o
 *(.init9)
 *(.text)
 .text          0x0000009e        0x4 c:/program files (x86)/atmel/atmel studio 6.0/extensions/atmel/avrgcc/3.4.1.95/avrtoolchain/bin/../lib/gcc/avr/4.6.2/../../../../avr/lib/avr5/crtm6450a.o
                0x0000009e                __vector_22
                0x0000009e                __vector_1
                0x0000009e                __vector_24
                0x0000009e                __vector_12
                0x0000009e                __bad_interrupt
                0x0000009e                __vector_6
                0x0000009e                __vector_3
                0x0000009e                __vector_23
                0x0000009e                __vector_11
                0x0000009e                __vector_17
                0x0000009e                __vector_19
                0x0000009e                __vector_7
                0x0000009e                __vector_5
                0x0000009e                __vector_4
                0x0000009e                __vector_2
                0x0000009e                __vector_21
                0x0000009e                __vector_15
                0x0000009e                __vector_8
                0x0000009e                __vector_14
                0x0000009e                __vector_16
                0x0000009e                __vector_18
                0x0000009e                __vector_20
 .text          0x000000a2       0x7e adc.o
                0x000000a2                setup_adc
                0x000000c8                read_pot
 .text          0x00000120       0xb0 assigner.o
                0x00000120                get_current_note
                0x00000126                new_note
                0x00000156                remove_note
 .text          0x000001d0       0xcc dac.o
                0x000001d0                set_control_voltage
                0x00000228                setup_dac
                0x0000025a                set_dac
 .text          0x0000029c      0x134 display.o
                0x0000029c                display_dec
                0x0000037e                update_display
 .text          0x000003d0       0x9c interrupts.o
                0x000003d0                __vector_10
                0x00000454                __vector_9
 .text          0x0000046c        0x0 midi.o
 .text          0x0000046c      0x1c6 monapollo-firmware.o
                0x0000046c                note_off_event
                0x00000486                note_on_event
                0x000004c0                setup_midi_usart
                0x000004d2                __vector_13
                0x00000542                main
 .text          0x00000632      0x216 scan_pots_and_update_control_voltages.o
                0x00000632                scan_pots_and_update_control_voltages
 .text          0x00000848       0xec spi.o
                0x00000848                setup_spi
                0x00000886                spi_shift_byte
                0x00000892                update_spi
 .text          0x00000934      0x1f2 synth.o
                0x00000934                add_octave_to_note
                0x0000095c                update_octave_range
                0x00000a00                refresh_synth
 .text          0x00000b26      0x7a8 tune.o
                0x00000b26                set_vco_init_cv
                0x00000e8a                tune_8ths
                0x0000126e                interpolate_pitch_cv
 .text          0x000012ce       0xe2 utils.o
                0x000012ce                read_switch_port
                0x000012e0                update_analog_switch_latch
 .text          0x000013b0       0xec xnormidi-develop/bytequeue/bytequeue.o
                0x000013b0                bytequeue_init
                0x000013be                bytequeue_enqueue
                0x0000141c                bytequeue_length
                0x00001446                bytequeue_get
                0x00001468                bytequeue_remove
 .text          0x0000149c        0xa xnormidi-develop/bytequeue/interrupt_setting.o
                0x0000149c                store_and_clear_interrupt
                0x000014a2                restore_interrupt_setting
 .text          0x000014a6      0x416 xnormidi-develop/midi.o
                0x000014a6                midi_is_statusbyte
                0x000014ae                midi_is_realtime
                0x000014ba                midi_packet_length
                0x0000154a                midi_send_cc
                0x0000156c                midi_send_noteon
                0x0000158e                midi_send_noteoff
                0x000015b0                midi_send_aftertouch
                0x000015d2                midi_send_pitchbend
                0x00001620                midi_send_programchange
                0x0000163e                midi_send_channelpressure
                0x0000165c                midi_send_clock
                0x00001674                midi_send_tick
                0x0000168c                midi_send_start
                0x000016a4                midi_send_continue
                0x000016bc                midi_send_stop
                0x000016d4                midi_send_activesense
                0x000016ec                midi_send_reset
                0x00001704                midi_send_tcquarterframe
                0x0000171e                midi_send_songposition
                0x00001748                midi_send_songselect
                0x00001762                midi_send_tunerequest
                0x0000177a                midi_send_byte
                0x00001792                midi_send_data
                0x000017a0                midi_send_array
                0x00001844                midi_register_cc_callback
                0x0000184c                midi_register_noteon_callback
                0x00001854                midi_register_noteoff_callback
                0x0000185c                midi_register_aftertouch_callback
                0x00001864                midi_register_pitchbend_callback
                0x0000186c                midi_register_songposition_callback
                0x00001874                midi_register_progchange_callback
                0x0000187c                midi_register_chanpressure_callback
                0x00001884                midi_register_songselect_callback
                0x0000188c                midi_register_tc_quarterframe_callback
                0x00001894                midi_register_realtime_callback
                0x0000189c                midi_register_tunerequest_callback
                0x000018a4                midi_register_sysex_callback
                0x000018ac                midi_register_fallthrough_callback
                0x000018b4                midi_register_catchall_callback
 .text          0x000018bc      0x52c xnormidi-develop/midi_device.o
                0x000018bc                midi_device_init
                0x0000191e                midi_device_input
                0x00001964                midi_device_set_send_func
                0x0000196c                midi_device_set_pre_input_process_func
                0x00001974                midi_input_callbacks
                0x00001bbc                midi_process_byte
                0x00001d72                midi_device_process
 .text          0x00001de8      0x33e xnormidi-develop/sysex_tools.o
                0x00001de8                sysex_encoded_length
                0x00001e32                sysex_decoded_length
                0x00001e82                sysex_encode
                0x00001ffc                sysex_decode
 .text          0x00002126        0x0 c:/program files (x86)/atmel/atmel studio 6.0/extensions/atmel/avrgcc/3.4.1.95/avrtoolchain/bin/../lib/gcc/avr/4.6.2/avr5\libgcc.a(_udivmodhi4.o)
 .text          0x00002126        0x0 c:/program files (x86)/atmel/atmel studio 6.0/extensions/atmel/avrgcc/3.4.1.95/avrtoolchain/bin/../lib/gcc/avr/4.6.2/avr5\libgcc.a(_divmodhi4.o)
 .text          0x00002126        0x0 c:/program files (x86)/atmel/atmel studio 6.0/extensions/atmel/avrgcc/3.4.1.95/avrtoolchain/bin/../lib/gcc/avr/4.6.2/avr5\libgcc.a(_exit.o)
 .text          0x00002126        0x0 c:/program files (x86)/atmel/atmel studio 6.0/extensions/atmel/avrgcc/3.4.1.95/avrtoolchain/bin/../lib/gcc/avr/4.6.2/avr5\libgcc.a(_copy_data.o)
 .text          0x00002126        0x0 c:/program files (x86)/atmel/atmel studio 6.0/extensions/atmel/avrgcc/3.4.1.95/avrtoolchain/bin/../lib/gcc/avr/4.6.2/avr5\libgcc.a(_clear_bss.o)
 .text          0x00002126        0x0 c:/program files (x86)/atmel/atmel studio 6.0/extensions/atmel/avrgcc/3.4.1.95/avrtoolchain/bin/../lib/gcc/avr/4.6.2/../../../../avr/lib/avr5\libc.a(memcpy.o)
 .text          0x00002126        0x0 c:/program files (x86)/atmel/atmel studio 6.0/extensions/atmel/avrgcc/3.4.1.95/avrtoolchain/bin/../lib/gcc/avr/4.6.2/../../../../avr/lib/avr5\libc.a(memmove.o)
                0x00002126                . = ALIGN (0x2)
 *(.text.*)
 .text.libgcc   0x00002126       0x28 c:/program files (x86)/atmel/atmel studio 6.0/extensions/atmel/avrgcc/3.4.1.95/avrtoolchain/bin/../lib/gcc/avr/4.6.2/avr5\libgcc.a(_udivmodhi4.o)
                0x00002126                __udivmodhi4
 .text.libgcc   0x0000214e       0x26 c:/program files (x86)/atmel/atmel studio 6.0/extensions/atmel/avrgcc/3.4.1.95/avrtoolchain/bin/../lib/gcc/avr/4.6.2/avr5\libgcc.a(_divmodhi4.o)
                0x0000214e                _div
                0x0000214e                __divmodhi4
 .text.libgcc   0x00002174        0x0 c:/program files (x86)/atmel/atmel studio 6.0/extensions/atmel/avrgcc/3.4.1.95/avrtoolchain/bin/../lib/gcc/avr/4.6.2/avr5\libgcc.a(_exit.o)
 .text.libgcc   0x00002174        0x0 c:/program files (x86)/atmel/atmel studio 6.0/extensions/atmel/avrgcc/3.4.1.95/avrtoolchain/bin/../lib/gcc/avr/4.6.2/avr5\libgcc.a(_copy_data.o)
 .text.libgcc   0x00002174        0x0 c:/program files (x86)/atmel/atmel studio 6.0/extensions/atmel/avrgcc/3.4.1.95/avrtoolchain/bin/../lib/gcc/avr/4.6.2/avr5\libgcc.a(_clear_bss.o)
 .text.avr-libc
                0x00002174       0x12 c:/program files (x86)/atmel/atmel studio 6.0/extensions/atmel/avrgcc/3.4.1.95/avrtoolchain/bin/../lib/gcc/avr/4.6.2/../../../../avr/lib/avr5\libc.a(memcpy.o)
                0x00002174                memcpy
 .text.avr-libc
                0x00002186       0x24 c:/program files (x86)/atmel/atmel studio 6.0/extensions/atmel/avrgcc/3.4.1.95/avrtoolchain/bin/../lib/gcc/avr/4.6.2/../../../../avr/lib/avr5\libc.a(memmove.o)
                0x00002186                memmove
                0x000021aa                . = ALIGN (0x2)
 *(.fini9)
 .fini9         0x000021aa        0x0 c:/program files (x86)/atmel/atmel studio 6.0/extensions/atmel/avrgcc/3.4.1.95/avrtoolchain/bin/../lib/gcc/avr/4.6.2/avr5\libgcc.a(_exit.o)
                0x000021aa                _exit
                0x000021aa                exit
 *(.fini9)
 *(.fini8)
 *(.fini8)
 *(.fini7)
 *(.fini7)
 *(.fini6)
 *(.fini6)
 *(.fini5)
 *(.fini5)
 *(.fini4)
 *(.fini4)
 *(.fini3)
 *(.fini3)
 *(.fini2)
 *(.fini2)
 *(.fini1)
 *(.fini1)
 *(.fini0)
 .fini0         0x000021aa        0x4 c:/program files (x86)/atmel/atmel studio 6.0/extensions/atmel/avrgcc/3.4.1.95/avrtoolchain/bin/../lib/gcc/avr/4.6.2/avr5\libgcc.a(_exit.o)
 *(.fini0)
                0x000021ae                _etext = .

.data           0x00800100       0xd4 load address 0x000021ae
                0x00800100                PROVIDE (__data_start, .)
 *(.data)
 .data          0x00800100        0x0 c:/program files (x86)/atmel/atmel studio 6.0/extensions/atmel/avrgcc/3.4.1.95/avrtoolchain/bin/../lib/gcc/avr/4.6.2/../../../../avr/lib/avr5/crtm6450a.o
 .data          0x00800100        0x0 adc.o
 .data          0x00800100       0x10 assigner.o
 .data          0x00800110       0x3e dac.o
                0x00800110                release_1_cv
                0x00800112                release_2_cv
                0x00800114                sustain_1_cv
                0x00800116                sustain_2_cv
                0x00800118                decay_1_cv
                0x0080011a                decay_2_cv
                0x0080011c                attack_1_cv
                0x0080011e                attack_2_cv
                0x00800120                noise_mix_cv
                0x00800122                fil_lfo_cv
                0x00800124                fil_vco2_cv
                0x00800126                key_track_cv
                0x00800128                cutoff_cv
                0x0080012a                res_cv
                0x0080012c                fil_eg2_cv
                0x0080012e                vco2_pw_cv
                0x00800130                volume_cv
                0x00800132                amp_lfo_cv
                0x00800134                glide_cv
                0x00800136                lfo_rate_cv
                0x00800138                tune_cv
                0x0080013a                fine_cv
                0x0080013c                vco1_pw_cv
                0x0080013e                pwm_eg2_cv
                0x00800140                pwm_lfo_cv
                0x00800142                pitch_lfo_cv
                0x00800144                pitch_eg2_cv
                0x00800146                vco1_mix_cv
                0x00800148                vco2_mix_cv
                0x0080014a                vco2_pitch_cv
                0x0080014c                vco1_pitch_cv
 .data          0x0080014e        0xa display.o
 .data          0x00800158        0x0 interrupts.o
 .data          0x00800158        0x0 midi.o
 .data          0x00800158        0x0 monapollo-firmware.o
 .data          0x00800158       0x40 scan_pots_and_update_control_voltages.o
                0x00800158                pot_decoder_1
                0x00800176                pot_decoder_0
                0x00800196                value_to_display
 .data          0x00800198        0x0 spi.o
 .data          0x00800198        0xa synth.o
                0x00800198                vco2_octave
                0x0080019d                vco1_octave
 .data          0x008001a2       0x31 tune.o
                0x008001d2                no_overflow
 .data          0x008001d3        0x0 utils.o
 .data          0x008001d3        0x0 xnormidi-develop/bytequeue/bytequeue.o
 .data          0x008001d3        0x0 xnormidi-develop/bytequeue/interrupt_setting.o
 .data          0x008001d3        0x0 xnormidi-develop/midi.o
 .data          0x008001d3        0x0 xnormidi-develop/midi_device.o
 .data          0x008001d3        0x0 xnormidi-develop/sysex_tools.o
 .data          0x008001d3        0x0 c:/program files (x86)/atmel/atmel studio 6.0/extensions/atmel/avrgcc/3.4.1.95/avrtoolchain/bin/../lib/gcc/avr/4.6.2/avr5\libgcc.a(_udivmodhi4.o)
 .data          0x008001d3        0x0 c:/program files (x86)/atmel/atmel studio 6.0/extensions/atmel/avrgcc/3.4.1.95/avrtoolchain/bin/../lib/gcc/avr/4.6.2/avr5\libgcc.a(_divmodhi4.o)
 .data          0x008001d3        0x0 c:/program files (x86)/atmel/atmel studio 6.0/extensions/atmel/avrgcc/3.4.1.95/avrtoolchain/bin/../lib/gcc/avr/4.6.2/avr5\libgcc.a(_exit.o)
 .data          0x008001d3        0x0 c:/program files (x86)/atmel/atmel studio 6.0/extensions/atmel/avrgcc/3.4.1.95/avrtoolchain/bin/../lib/gcc/avr/4.6.2/avr5\libgcc.a(_copy_data.o)
 .data          0x008001d3        0x0 c:/program files (x86)/atmel/atmel studio 6.0/extensions/atmel/avrgcc/3.4.1.95/avrtoolchain/bin/../lib/gcc/avr/4.6.2/avr5\libgcc.a(_clear_bss.o)
 .data          0x008001d3        0x0 c:/program files (x86)/atmel/atmel studio 6.0/extensions/atmel/avrgcc/3.4.1.95/avrtoolchain/bin/../lib/gcc/avr/4.6.2/../../../../avr/lib/avr5\libc.a(memcpy.o)
 .data          0x008001d3        0x0 c:/program files (x86)/atmel/atmel studio 6.0/extensions/atmel/avrgcc/3.4.1.95/avrtoolchain/bin/../lib/gcc/avr/4.6.2/../../../../avr/lib/avr5\libc.a(memmove.o)
 *(.data*)
 *(.rodata)
 *(.rodata*)
 *(.gnu.linkonce.d*)
                0x008001d4                . = ALIGN (0x2)
 *fill*         0x008001d3        0x1 00
                0x008001d4                _edata = .
                0x008001d4                PROVIDE (__data_end, .)

.bss            0x008001d4      0x199
                0x008001d4                PROVIDE (__bss_start, .)
 *(.bss)
 .bss           0x008001d4        0x0 c:/program files (x86)/atmel/atmel studio 6.0/extensions/atmel/avrgcc/3.4.1.95/avrtoolchain/bin/../lib/gcc/avr/4.6.2/../../../../avr/lib/avr5/crtm6450a.o
 .bss           0x008001d4        0x0 adc.o
 .bss           0x008001d4        0x1 assigner.o
 .bss           0x008001d5        0x4 dac.o
                0x008001d5                arp_rate_null
                0x008001d7                pitch_vco2_cv
 .bss           0x008001d9        0x1 display.o
 .bss           0x008001da        0x0 interrupts.o
 .bss           0x008001da        0x0 midi.o
 .bss           0x008001da        0x2 monapollo-firmware.o
                0x008001da                switch_timer
 .bss           0x008001dc       0x47 scan_pots_and_update_control_voltages.o
                0x008001dc                pot_group_1
                0x008001fa                pot_group_0
                0x0080021a                midi_note_number
                0x0080021b                tune_offset
                0x0080021d                adc_difference
                0x0080021f                adc_value
                0x00800221                adc_previous
 .bss           0x00800223        0x4 spi.o
 .bss           0x00800227        0x6 synth.o
                0x00800227                patch
 .bss           0x0080022d       0x4f tune.o
                0x0080022d                vco2_pitch_table
                0x0080024f                vco1_pitch_table
                0x00800271                vco2_init_cv
                0x00800273                vco1_init_cv
                0x00800275                compare_match_counter
                0x00800276                osc_count
                0x00800278                count_finished
                0x00800279                timer1_clock
                0x0080027a                period
                0x0080027b                period_counter
 .bss           0x0080027c        0x4 utils.o
                0x0080027c                switch_states
 .bss           0x00800280        0x0 xnormidi-develop/bytequeue/bytequeue.o
 .bss           0x00800280        0x0 xnormidi-develop/bytequeue/interrupt_setting.o
 .bss           0x00800280        0x0 xnormidi-develop/midi.o
 .bss           0x00800280        0x0 xnormidi-develop/midi_device.o
 .bss           0x00800280        0x0 xnormidi-develop/sysex_tools.o
 .bss           0x00800280        0x0 c:/program files (x86)/atmel/atmel studio 6.0/extensions/atmel/avrgcc/3.4.1.95/avrtoolchain/bin/../lib/gcc/avr/4.6.2/avr5\libgcc.a(_udivmodhi4.o)
 .bss           0x00800280        0x0 c:/program files (x86)/atmel/atmel studio 6.0/extensions/atmel/avrgcc/3.4.1.95/avrtoolchain/bin/../lib/gcc/avr/4.6.2/avr5\libgcc.a(_divmodhi4.o)
 .bss           0x00800280        0x0 c:/program files (x86)/atmel/atmel studio 6.0/extensions/atmel/avrgcc/3.4.1.95/avrtoolchain/bin/../lib/gcc/avr/4.6.2/avr5\libgcc.a(_exit.o)
 .bss           0x00800280        0x0 c:/program files (x86)/atmel/atmel studio 6.0/extensions/atmel/avrgcc/3.4.1.95/avrtoolchain/bin/../lib/gcc/avr/4.6.2/avr5\libgcc.a(_copy_data.o)
 .bss           0x00800280        0x0 c:/program files (x86)/atmel/atmel studio 6.0/extensions/atmel/avrgcc/3.4.1.95/avrtoolchain/bin/../lib/gcc/avr/4.6.2/avr5\libgcc.a(_clear_bss.o)
 .bss           0x00800280        0x0 c:/program files (x86)/atmel/atmel studio 6.0/extensions/atmel/avrgcc/3.4.1.95/avrtoolchain/bin/../lib/gcc/avr/4.6.2/../../../../avr/lib/avr5\libc.a(memcpy.o)
 .bss           0x00800280        0x0 c:/program files (x86)/atmel/atmel studio 6.0/extensions/atmel/avrgcc/3.4.1.95/avrtoolchain/bin/../lib/gcc/avr/4.6.2/../../../../avr/lib/avr5\libc.a(memmove.o)
 *(.bss*)
 *(COMMON)
 COMMON         0x00800280       0xed monapollo-firmware.o
                0x00800280                midi_device
                0x0080036d                PROVIDE (__bss_end, .)
                0x000021ae                __data_load_start = LOADADDR (.data)
                0x00002282                __data_load_end = (__data_load_start + SIZEOF (.data))

.noinit         0x0080036d        0x0
                0x0080036d                PROVIDE (__noinit_start, .)
 *(.noinit*)
                0x0080036d                PROVIDE (__noinit_end, .)
                0x0080036d                _end = .
                0x0080036d                PROVIDE (__heap_start, .)

.eeprom         0x00810000        0x0
 *(.eeprom*)
                0x00810000                __eeprom_end = .

.fuse
 *(.fuse)
 *(.lfuse)
 *(.hfuse)
 *(.efuse)

.lock
 *(.lock*)

.signature
 *(.signature*)

.stab           0x00000000      0x834
 *(.stab)
 .stab          0x00000000      0x6cc c:/program files (x86)/atmel/atmel studio 6.0/extensions/atmel/avrgcc/3.4.1.95/avrtoolchain/bin/../lib/gcc/avr/4.6.2/../../../../avr/lib/avr5/crtm6450a.o
 .stab          0x000006cc       0x84 c:/program files (x86)/atmel/atmel studio 6.0/extensions/atmel/avrgcc/3.4.1.95/avrtoolchain/bin/../lib/gcc/avr/4.6.2/../../../../avr/lib/avr5\libc.a(memcpy.o)
                                 0x90 (size before relaxing)
 .stab          0x00000750       0xe4 c:/program files (x86)/atmel/atmel studio 6.0/extensions/atmel/avrgcc/3.4.1.95/avrtoolchain/bin/../lib/gcc/avr/4.6.2/../../../../avr/lib/avr5\libc.a(memmove.o)
                                 0xf0 (size before relaxing)

.stabstr        0x00000000      0x14a
 *(.stabstr)
 .stabstr       0x00000000      0x14a c:/program files (x86)/atmel/atmel studio 6.0/extensions/atmel/avrgcc/3.4.1.95/avrtoolchain/bin/../lib/gcc/avr/4.6.2/../../../../avr/lib/avr5/crtm6450a.o

.stab.excl
 *(.stab.excl)

.stab.exclstr
 *(.stab.exclstr)

.stab.index
 *(.stab.index)

.stab.indexstr
 *(.stab.indexstr)

.comment
 *(.comment)

.debug
 *(.debug)

.line
 *(.line)

.debug_srcinfo
 *(.debug_srcinfo)

.debug_sfnames
 *(.debug_sfnames)

.debug_aranges  0x00000000      0x2a0
 *(.debug_aranges)
 .debug_aranges
                0x00000000       0x20 adc.o
 .debug_aranges
                0x00000020       0x20 assigner.o
 .debug_aranges
                0x00000040       0x20 dac.o
 .debug_aranges
                0x00000060       0x20 display.o
 .debug_aranges
                0x00000080       0x20 interrupts.o
 .debug_aranges
                0x000000a0       0x20 monapollo-firmware.o
 .debug_aranges
                0x000000c0       0x20 scan_pots_and_update_control_voltages.o
 .debug_aranges
                0x000000e0       0x20 spi.o
 .debug_aranges
                0x00000100       0x20 synth.o
 .debug_aranges
                0x00000120       0x20 tune.o
 .debug_aranges
                0x00000140       0x20 utils.o
 .debug_aranges
                0x00000160       0x20 xnormidi-develop/bytequeue/bytequeue.o
 .debug_aranges
                0x00000180       0x20 xnormidi-develop/bytequeue/interrupt_setting.o
 .debug_aranges
                0x000001a0       0x20 xnormidi-develop/midi.o
 .debug_aranges
                0x000001c0       0x20 xnormidi-develop/midi_device.o
 .debug_aranges
                0x000001e0       0x20 xnormidi-develop/sysex_tools.o
 .debug_aranges
                0x00000200       0x20 c:/program files (x86)/atmel/atmel studio 6.0/extensions/atmel/avrgcc/3.4.1.95/avrtoolchain/bin/../lib/gcc/avr/4.6.2/avr5\libgcc.a(_udivmodhi4.o)
 .debug_aranges
                0x00000220       0x20 c:/program files (x86)/atmel/atmel studio 6.0/extensions/atmel/avrgcc/3.4.1.95/avrtoolchain/bin/../lib/gcc/avr/4.6.2/avr5\libgcc.a(_divmodhi4.o)
 .debug_aranges
                0x00000240       0x20 c:/program files (x86)/atmel/atmel studio 6.0/extensions/atmel/avrgcc/3.4.1.95/avrtoolchain/bin/../lib/gcc/avr/4.6.2/avr5\libgcc.a(_exit.o)
 .debug_aranges
                0x00000260       0x20 c:/program files (x86)/atmel/atmel studio 6.0/extensions/atmel/avrgcc/3.4.1.95/avrtoolchain/bin/../lib/gcc/avr/4.6.2/avr5\libgcc.a(_copy_data.o)
 .debug_aranges
                0x00000280       0x20 c:/program files (x86)/atmel/atmel studio 6.0/extensions/atmel/avrgcc/3.4.1.95/avrtoolchain/bin/../lib/gcc/avr/4.6.2/avr5\libgcc.a(_clear_bss.o)

.debug_pubnames
 *(.debug_pubnames)

.debug_info     0x00000000     0x4286
 *(.debug_info)
 .debug_info    0x00000000      0x165 adc.o
 .debug_info    0x00000165      0x1bb assigner.o
 .debug_info    0x00000320      0x4d3 dac.o
 .debug_info    0x000007f3      0x13c display.o
 .debug_info    0x0000092f      0x144 interrupts.o
 .debug_info    0x00000a73       0x5e midi.o
 .debug_info    0x00000ad1      0x656 monapollo-firmware.o
 .debug_info    0x00001127      0x691 scan_pots_and_update_control_voltages.o
 .debug_info    0x000017b8      0x1d2 spi.o
 .debug_info    0x0000198a      0x2be synth.o
 .debug_info    0x00001c48      0x794 tune.o
 .debug_info    0x000023dc      0x119 utils.o
 .debug_info    0x000024f5      0x23e xnormidi-develop/bytequeue/bytequeue.o
 .debug_info    0x00002733       0xc2 xnormidi-develop/bytequeue/interrupt_setting.o
 .debug_info    0x000027f5      0xd19 xnormidi-develop/midi.o
 .debug_info    0x0000350e      0x657 xnormidi-develop/midi_device.o
 .debug_info    0x00003b65      0x2d0 xnormidi-develop/sysex_tools.o
 .debug_info    0x00003e35       0xdd c:/program files (x86)/atmel/atmel studio 6.0/extensions/atmel/avrgcc/3.4.1.95/avrtoolchain/bin/../lib/gcc/avr/4.6.2/avr5\libgcc.a(_udivmodhi4.o)
 .debug_info    0x00003f12       0xdd c:/program files (x86)/atmel/atmel studio 6.0/extensions/atmel/avrgcc/3.4.1.95/avrtoolchain/bin/../lib/gcc/avr/4.6.2/avr5\libgcc.a(_divmodhi4.o)
 .debug_info    0x00003fef       0xdd c:/program files (x86)/atmel/atmel studio 6.0/extensions/atmel/avrgcc/3.4.1.95/avrtoolchain/bin/../lib/gcc/avr/4.6.2/avr5\libgcc.a(_exit.o)
 .debug_info    0x000040cc       0xdd c:/program files (x86)/atmel/atmel studio 6.0/extensions/atmel/avrgcc/3.4.1.95/avrtoolchain/bin/../lib/gcc/avr/4.6.2/avr5\libgcc.a(_copy_data.o)
 .debug_info    0x000041a9       0xdd c:/program files (x86)/atmel/atmel studio 6.0/extensions/atmel/avrgcc/3.4.1.95/avrtoolchain/bin/../lib/gcc/avr/4.6.2/avr5\libgcc.a(_clear_bss.o)
 *(.gnu.linkonce.wi.*)

.debug_abbrev   0x00000000     0x11f2
 *(.debug_abbrev)
 .debug_abbrev  0x00000000       0xfe adc.o
 .debug_abbrev  0x000000fe      0x11c assigner.o
 .debug_abbrev  0x0000021a      0x156 dac.o
 .debug_abbrev  0x00000370       0xa3 display.o
 .debug_abbrev  0x00000413       0x64 interrupts.o
 .debug_abbrev  0x00000477       0x2a midi.o
 .debug_abbrev  0x000004a1      0x188 monapollo-firmware.o
 .debug_abbrev  0x00000629      0x10c scan_pots_and_update_control_voltages.o
 .debug_abbrev  0x00000735       0xd6 spi.o
 .debug_abbrev  0x0000080b      0x18d synth.o
 .debug_abbrev  0x00000998      0x177 tune.o
 .debug_abbrev  0x00000b0f       0xc3 utils.o
 .debug_abbrev  0x00000bd2      0x105 xnormidi-develop/bytequeue/bytequeue.o
 .debug_abbrev  0x00000cd7       0x83 xnormidi-develop/bytequeue/interrupt_setting.o
 .debug_abbrev  0x00000d5a      0x1b1 xnormidi-develop/midi.o
 .debug_abbrev  0x00000f0b      0x193 xnormidi-develop/midi_device.o
 .debug_abbrev  0x0000109e       0xf0 xnormidi-develop/sysex_tools.o
 .debug_abbrev  0x0000118e       0x14 c:/program files (x86)/atmel/atmel studio 6.0/extensions/atmel/avrgcc/3.4.1.95/avrtoolchain/bin/../lib/gcc/avr/4.6.2/avr5\libgcc.a(_udivmodhi4.o)
 .debug_abbrev  0x000011a2       0x14 c:/program files (x86)/atmel/atmel studio 6.0/extensions/atmel/avrgcc/3.4.1.95/avrtoolchain/bin/../lib/gcc/avr/4.6.2/avr5\libgcc.a(_divmodhi4.o)
 .debug_abbrev  0x000011b6       0x14 c:/program files (x86)/atmel/atmel studio 6.0/extensions/atmel/avrgcc/3.4.1.95/avrtoolchain/bin/../lib/gcc/avr/4.6.2/avr5\libgcc.a(_exit.o)
 .debug_abbrev  0x000011ca       0x14 c:/program files (x86)/atmel/atmel studio 6.0/extensions/atmel/avrgcc/3.4.1.95/avrtoolchain/bin/../lib/gcc/avr/4.6.2/avr5\libgcc.a(_copy_data.o)
 .debug_abbrev  0x000011de       0x14 c:/program files (x86)/atmel/atmel studio 6.0/extensions/atmel/avrgcc/3.4.1.95/avrtoolchain/bin/../lib/gcc/avr/4.6.2/avr5\libgcc.a(_clear_bss.o)

.debug_line     0x00000000     0x19f1
 *(.debug_line)
 .debug_line    0x00000000      0x188 adc.o
 .debug_line    0x00000188      0x10c assigner.o
 .debug_line    0x00000294      0x1bf dac.o
 .debug_line    0x00000453       0xf2 display.o
 .debug_line    0x00000545       0xf0 interrupts.o
 .debug_line    0x00000635       0x1a midi.o
 .debug_line    0x0000064f      0x1da monapollo-firmware.o
 .debug_line    0x00000829      0x153 scan_pots_and_update_control_voltages.o
 .debug_line    0x0000097c      0x10f spi.o
 .debug_line    0x00000a8b      0x1d3 synth.o
 .debug_line    0x00000c5e      0x1e7 tune.o
 .debug_line    0x00000e45       0xfe utils.o
 .debug_line    0x00000f43      0x132 xnormidi-develop/bytequeue/bytequeue.o
 .debug_line    0x00001075      0x114 xnormidi-develop/bytequeue/interrupt_setting.o
 .debug_line    0x00001189      0x1f5 xnormidi-develop/midi.o
 .debug_line    0x0000137e      0x211 xnormidi-develop/midi_device.o
 .debug_line    0x0000158f      0x188 xnormidi-develop/sysex_tools.o
 .debug_line    0x00001717       0x9a c:/program files (x86)/atmel/atmel studio 6.0/extensions/atmel/avrgcc/3.4.1.95/avrtoolchain/bin/../lib/gcc/avr/4.6.2/avr5\libgcc.a(_udivmodhi4.o)
 .debug_line    0x000017b1       0x99 c:/program files (x86)/atmel/atmel studio 6.0/extensions/atmel/avrgcc/3.4.1.95/avrtoolchain/bin/../lib/gcc/avr/4.6.2/avr5\libgcc.a(_divmodhi4.o)
 .debug_line    0x0000184a       0x88 c:/program files (x86)/atmel/atmel studio 6.0/extensions/atmel/avrgcc/3.4.1.95/avrtoolchain/bin/../lib/gcc/avr/4.6.2/avr5\libgcc.a(_exit.o)
 .debug_line    0x000018d2       0x91 c:/program files (x86)/atmel/atmel studio 6.0/extensions/atmel/avrgcc/3.4.1.95/avrtoolchain/bin/../lib/gcc/avr/4.6.2/avr5\libgcc.a(_copy_data.o)
 .debug_line    0x00001963       0x8e c:/program files (x86)/atmel/atmel studio 6.0/extensions/atmel/avrgcc/3.4.1.95/avrtoolchain/bin/../lib/gcc/avr/4.6.2/avr5\libgcc.a(_clear_bss.o)

.debug_frame    0x00000000      0xae8
 *(.debug_frame)
 .debug_frame   0x00000000       0x34 adc.o
 .debug_frame   0x00000034       0x60 assigner.o
 .debug_frame   0x00000094       0x44 dac.o
 .debug_frame   0x000000d8       0x5c display.o
 .debug_frame   0x00000134       0x60 interrupts.o
 .debug_frame   0x00000194       0xbc monapollo-firmware.o
 .debug_frame   0x00000250       0x74 scan_pots_and_update_control_voltages.o
 .debug_frame   0x000002c4       0x44 spi.o
 .debug_frame   0x00000308       0x44 synth.o
 .debug_frame   0x0000034c      0x104 tune.o
 .debug_frame   0x00000450       0x34 utils.o
 .debug_frame   0x00000484       0x90 xnormidi-develop/bytequeue/bytequeue.o
 .debug_frame   0x00000514       0x34 xnormidi-develop/bytequeue/interrupt_setting.o
 .debug_frame   0x00000548      0x378 xnormidi-develop/midi.o
 .debug_frame   0x000008c0      0x12c xnormidi-develop/midi_device.o
 .debug_frame   0x000009ec       0xfc xnormidi-develop/sysex_tools.o

.debug_str      0x00000000     0x12f9
 *(.debug_str)
 .debug_str     0x00000000      0x137 adc.o
                                0x16b (size before relaxing)
 .debug_str     0x00000137       0x6f assigner.o
                                0x156 (size before relaxing)
 .debug_str     0x000001a6      0x1c9 dac.o
                                0x318 (size before relaxing)
 .debug_str     0x0000036f       0x48 display.o
                                0x12d (size before relaxing)
 .debug_str     0x000003b7       0x71 interrupts.o
                                0x14f (size before relaxing)
 .debug_str     0x00000428        0xc midi.o
                                 0xd9 (size before relaxing)
 .debug_str     0x00000434      0x412 monapollo-firmware.o
                                0x542 (size before relaxing)
 .debug_str     0x00000846      0x109 scan_pots_and_update_control_voltages.o
                                0x3ee (size before relaxing)
 .debug_str     0x0000094f       0xa6 spi.o
                                0x1c9 (size before relaxing)
 .debug_str     0x000009f5       0x9a synth.o
                                0x21d (size before relaxing)
 .debug_str     0x00000a8f       0xf5 tune.o
                                0x422 (size before relaxing)
 .debug_str     0x00000b84       0x72 utils.o
                                0x167 (size before relaxing)
 .debug_str     0x00000bf6       0xb9 xnormidi-develop/bytequeue/bytequeue.o
                                0x1d1 (size before relaxing)
 .debug_str     0x00000caf       0x6b xnormidi-develop/bytequeue/interrupt_setting.o
                                0x15c (size before relaxing)
 .debug_str     0x00000d1a      0x425 xnormidi-develop/midi.o
                                0x83f (size before relaxing)
 .debug_str     0x0000113f       0xde xnormidi-develop/midi_device.o
                                0x4ff (size before relaxing)
 .debug_str     0x0000121d       0xdc xnormidi-develop/sysex_tools.o
                                0x1df (size before relaxing)

.debug_loc      0x00000000     0x2734
 *(.debug_loc)
 .debug_loc     0x00000000       0x60 adc.o
 .debug_loc     0x00000060      0x16b assigner.o
 .debug_loc     0x000001cb       0x72 dac.o
 .debug_loc     0x0000023d      0x167 display.o
 .debug_loc     0x000003a4       0x92 interrupts.o
 .debug_loc     0x00000436      0x1e0 monapollo-firmware.o
 .debug_loc     0x00000616      0x22a scan_pots_and_update_control_voltages.o
 .debug_loc     0x00000840       0x1f spi.o
 .debug_loc     0x0000085f       0xbd synth.o
 .debug_loc     0x0000091c      0x60c tune.o
 .debug_loc     0x00000f28       0x4b utils.o
 .debug_loc     0x00000f73      0x229 xnormidi-develop/bytequeue/bytequeue.o
 .debug_loc     0x0000119c      0x963 xnormidi-develop/midi.o
 .debug_loc     0x00001aff      0x668 xnormidi-develop/midi_device.o
 .debug_loc     0x00002167      0x5cd xnormidi-develop/sysex_tools.o

.debug_macinfo
 *(.debug_macinfo)
OUTPUT(monapollo-firmware.elf elf32-avr)
LOAD linker stubs

.debug_ranges   0x00000000       0xc8
 .debug_ranges  0x00000000       0x30 scan_pots_and_update_control_voltages.o
 .debug_ranges  0x00000030       0x50 tune.o
 .debug_ranges  0x00000080       0x48 xnormidi-develop/sysex_tools.o
