Archive member included because of file (symbol)

c:/program files (x86)/atmel/atmel studio 6.0/extensions/atmel/avrgcc/3.4.1.95/avrtoolchain/bin/../lib/gcc/avr/4.6.2/avr5\libgcc.a(_udivmodhi4.o)
                              display.o (__udivmodhi4)
c:/program files (x86)/atmel/atmel studio 6.0/extensions/atmel/avrgcc/3.4.1.95/avrtoolchain/bin/../lib/gcc/avr/4.6.2/avr5\libgcc.a(_divmodhi4.o)
                              xnormidi-develop/bytequeue/bytequeue.o (__divmodhi4)
c:/program files (x86)/atmel/atmel studio 6.0/extensions/atmel/avrgcc/3.4.1.95/avrtoolchain/bin/../lib/gcc/avr/4.6.2/avr5\libgcc.a(_exit.o)
                              c:/program files (x86)/atmel/atmel studio 6.0/extensions/atmel/avrgcc/3.4.1.95/avrtoolchain/bin/../lib/gcc/avr/4.6.2/../../../../avr/lib/avr5/crtm6450a.o (exit)
c:/program files (x86)/atmel/atmel studio 6.0/extensions/atmel/avrgcc/3.4.1.95/avrtoolchain/bin/../lib/gcc/avr/4.6.2/avr5\libgcc.a(_copy_data.o)
                              adc.o (__do_copy_data)
c:/program files (x86)/atmel/atmel studio 6.0/extensions/atmel/avrgcc/3.4.1.95/avrtoolchain/bin/../lib/gcc/avr/4.6.2/avr5\libgcc.a(_clear_bss.o)
                              adc.o (__do_clear_bss)
c:/program files (x86)/atmel/atmel studio 6.0/extensions/atmel/avrgcc/3.4.1.95/avrtoolchain/bin/../lib/gcc/avr/4.6.2/../../../../avr/lib/avr5\libc.a(memcpy.o)
                              xnormidi-develop/midi.o (memcpy)
c:/program files (x86)/atmel/atmel studio 6.0/extensions/atmel/avrgcc/3.4.1.95/avrtoolchain/bin/../lib/gcc/avr/4.6.2/../../../../avr/lib/avr5\libc.a(memmove.o)
                              assigner.o (memmove)

Allocating common symbols
Common symbol       size              file

midi_device         0xed              monapollo-firmware.o

Memory Configuration

Name             Origin             Length             Attributes
text             0x00000000         0x00020000         xr
data             0x00800060         0x0000ffa0         rw !x
eeprom           0x00810000         0x00010000         rw !x
fuse             0x00820000         0x00000400         rw !x
lock             0x00830000         0x00000400         rw !x
signature        0x00840000         0x00000400         rw !x
*default*        0x00000000         0xffffffff

Linker script and memory map

Address of section .data set to 0x800100
LOAD c:/program files (x86)/atmel/atmel studio 6.0/extensions/atmel/avrgcc/3.4.1.95/avrtoolchain/bin/../lib/gcc/avr/4.6.2/../../../../avr/lib/avr5/crtm6450a.o
LOAD adc.o
LOAD assigner.o
LOAD dac.o
LOAD display.o
LOAD interrupts.o
LOAD midi.o
LOAD monapollo-firmware.o
LOAD scan_pots_and_update_control_voltages.o
LOAD spi.o
LOAD tune.o
LOAD xnormidi-develop/bytequeue/bytequeue.o
LOAD xnormidi-develop/bytequeue/interrupt_setting.o
LOAD xnormidi-develop/midi.o
LOAD xnormidi-develop/midi_device.o
LOAD xnormidi-develop/sysex_tools.o
START GROUP
LOAD c:/program files (x86)/atmel/atmel studio 6.0/extensions/atmel/avrgcc/3.4.1.95/avrtoolchain/bin/../lib/gcc/avr/4.6.2/../../../../avr/lib/avr5\libm.a
END GROUP
LOAD c:/program files (x86)/atmel/atmel studio 6.0/extensions/atmel/avrgcc/3.4.1.95/avrtoolchain/bin/../lib/gcc/avr/4.6.2/avr5\libgcc.a
LOAD c:/program files (x86)/atmel/atmel studio 6.0/extensions/atmel/avrgcc/3.4.1.95/avrtoolchain/bin/../lib/gcc/avr/4.6.2/../../../../avr/lib/avr5\libc.a
LOAD c:/program files (x86)/atmel/atmel studio 6.0/extensions/atmel/avrgcc/3.4.1.95/avrtoolchain/bin/../lib/gcc/avr/4.6.2/avr5\libgcc.a

.hash
 *(.hash)

.dynsym
 *(.dynsym)

.dynstr
 *(.dynstr)

.gnu.version
 *(.gnu.version)

.gnu.version_d
 *(.gnu.version_d)

.gnu.version_r
 *(.gnu.version_r)

.rel.init
 *(.rel.init)

.rela.init
 *(.rela.init)

.rel.text
 *(.rel.text)
 *(.rel.text.*)
 *(.rel.gnu.linkonce.t*)

.rela.text
 *(.rela.text)
 *(.rela.text.*)
 *(.rela.gnu.linkonce.t*)

.rel.fini
 *(.rel.fini)

.rela.fini
 *(.rela.fini)

.rel.rodata
 *(.rel.rodata)
 *(.rel.rodata.*)
 *(.rel.gnu.linkonce.r*)

.rela.rodata
 *(.rela.rodata)
 *(.rela.rodata.*)
 *(.rela.gnu.linkonce.r*)

.rel.data
 *(.rel.data)
 *(.rel.data.*)
 *(.rel.gnu.linkonce.d*)

.rela.data
 *(.rela.data)
 *(.rela.data.*)
 *(.rela.gnu.linkonce.d*)

.rel.ctors
 *(.rel.ctors)

.rela.ctors
 *(.rela.ctors)

.rel.dtors
 *(.rel.dtors)

.rela.dtors
 *(.rela.dtors)

.rel.got
 *(.rel.got)

.rela.got
 *(.rela.got)

.rel.bss
 *(.rel.bss)

.rela.bss
 *(.rela.bss)

.rel.plt
 *(.rel.plt)

.rela.plt
 *(.rela.plt)

.text           0x00000000     0x2192
 *(.vectors)
 .vectors       0x00000000       0x64 c:/program files (x86)/atmel/atmel studio 6.0/extensions/atmel/avrgcc/3.4.1.95/avrtoolchain/bin/../lib/gcc/avr/4.6.2/../../../../avr/lib/avr5/crtm6450a.o
                0x00000000                __vector_default
                0x00000000                __vectors
 *(.vectors)
 *(.progmem.gcc*)
 *(.progmem*)
                0x00000064                . = ALIGN (0x2)
                0x00000064                __trampolines_start = .
 *(.trampolines)
 .trampolines   0x00000064        0x0 linker stubs
 *(.trampolines*)
                0x00000064                __trampolines_end = .
 *(.jumptables)
 *(.jumptables*)
 *(.lowtext)
 *(.lowtext*)
                0x00000064                __ctors_start = .
 *(.ctors)
                0x00000064                __ctors_end = .
                0x00000064                __dtors_start = .
 *(.dtors)
                0x00000064                __dtors_end = .
 SORT(*)(.ctors)
 SORT(*)(.dtors)
 *(.init0)
 .init0         0x00000064        0x0 c:/program files (x86)/atmel/atmel studio 6.0/extensions/atmel/avrgcc/3.4.1.95/avrtoolchain/bin/../lib/gcc/avr/4.6.2/../../../../avr/lib/avr5/crtm6450a.o
                0x00000064                __init
 *(.init0)
 *(.init1)
 *(.init1)
 *(.init2)
 .init2         0x00000064        0xc c:/program files (x86)/atmel/atmel studio 6.0/extensions/atmel/avrgcc/3.4.1.95/avrtoolchain/bin/../lib/gcc/avr/4.6.2/../../../../avr/lib/avr5/crtm6450a.o
 *(.init2)
 *(.init3)
 *(.init3)
 *(.init4)
 .init4         0x00000070       0x16 c:/program files (x86)/atmel/atmel studio 6.0/extensions/atmel/avrgcc/3.4.1.95/avrtoolchain/bin/../lib/gcc/avr/4.6.2/avr5\libgcc.a(_copy_data.o)
                0x00000070                __do_copy_data
 .init4         0x00000086       0x10 c:/program files (x86)/atmel/atmel studio 6.0/extensions/atmel/avrgcc/3.4.1.95/avrtoolchain/bin/../lib/gcc/avr/4.6.2/avr5\libgcc.a(_clear_bss.o)
                0x00000086                __do_clear_bss
 *(.init4)
 *(.init5)
 *(.init5)
 *(.init6)
 *(.init6)
 *(.init7)
 *(.init7)
 *(.init8)
 *(.init8)
 *(.init9)
 .init9         0x00000096        0x8 c:/program files (x86)/atmel/atmel studio 6.0/extensions/atmel/avrgcc/3.4.1.95/avrtoolchain/bin/../lib/gcc/avr/4.6.2/../../../../avr/lib/avr5/crtm6450a.o
 *(.init9)
 *(.text)
 .text          0x0000009e        0x4 c:/program files (x86)/atmel/atmel studio 6.0/extensions/atmel/avrgcc/3.4.1.95/avrtoolchain/bin/../lib/gcc/avr/4.6.2/../../../../avr/lib/avr5/crtm6450a.o
                0x0000009e                __vector_22
                0x0000009e                __vector_1
                0x0000009e                __vector_24
                0x0000009e                __vector_12
                0x0000009e                __bad_interrupt
                0x0000009e                __vector_6
                0x0000009e                __vector_3
                0x0000009e                __vector_23
                0x0000009e                __vector_11
                0x0000009e                __vector_17
                0x0000009e                __vector_19
                0x0000009e                __vector_7
                0x0000009e                __vector_5
                0x0000009e                __vector_4
                0x0000009e                __vector_2
                0x0000009e                __vector_21
                0x0000009e                __vector_15
                0x0000009e                __vector_8
                0x0000009e                __vector_14
                0x0000009e                __vector_16
                0x0000009e                __vector_18
                0x0000009e                __vector_20
 .text          0x000000a2       0x7e adc.o
                0x000000a2                setup_adc
                0x000000c8                read_pot
 .text          0x00000120       0x96 assigner.o
                0x00000120                get_current_note
                0x00000126                new_note
                0x00000152                remove_note
 .text          0x000001b6       0xcc dac.o
                0x000001b6                set_control_voltage
                0x0000020e                setup_dac
                0x00000240                set_dac
 .text          0x00000282      0x134 display.o
                0x00000282                display_dec
                0x00000364                update_display
 .text          0x000003b6       0xb4 interrupts.o
                0x000003b6                __vector_10
                0x00000452                __vector_9
 .text          0x0000046a        0x0 midi.o
 .text          0x0000046a      0x1a6 monapollo-firmware.o
                0x0000046a                note_off_event
                0x00000484                note_on_event
                0x000004ca                setup_midi_usart
                0x000004dc                __vector_13
                0x00000546                main
 .text          0x00000610      0x210 scan_pots_and_update_control_voltages.o
                0x00000610                scan_pots_and_update_control_voltages
 .text          0x00000820      0x3e0 spi.o
                0x00000820                setup_spi
                0x0000085e                update_spi
 .text          0x00000c00      0x794 tune.o
                0x00000c00                set_vco_init_cv
                0x00000f52                tune_octave
 .text          0x00001394       0xec xnormidi-develop/bytequeue/bytequeue.o
                0x00001394                bytequeue_init
                0x000013a2                bytequeue_enqueue
                0x00001400                bytequeue_length
                0x0000142a                bytequeue_get
                0x0000144c                bytequeue_remove
 .text          0x00001480        0xa xnormidi-develop/bytequeue/interrupt_setting.o
                0x00001480                store_and_clear_interrupt
                0x00001486                restore_interrupt_setting
 .text          0x0000148a      0x416 xnormidi-develop/midi.o
                0x0000148a                midi_is_statusbyte
                0x00001492                midi_is_realtime
                0x0000149e                midi_packet_length
                0x0000152e                midi_send_cc
                0x00001550                midi_send_noteon
                0x00001572                midi_send_noteoff
                0x00001594                midi_send_aftertouch
                0x000015b6                midi_send_pitchbend
                0x00001604                midi_send_programchange
                0x00001622                midi_send_channelpressure
                0x00001640                midi_send_clock
                0x00001658                midi_send_tick
                0x00001670                midi_send_start
                0x00001688                midi_send_continue
                0x000016a0                midi_send_stop
                0x000016b8                midi_send_activesense
                0x000016d0                midi_send_reset
                0x000016e8                midi_send_tcquarterframe
                0x00001702                midi_send_songposition
                0x0000172c                midi_send_songselect
                0x00001746                midi_send_tunerequest
                0x0000175e                midi_send_byte
                0x00001776                midi_send_data
                0x00001784                midi_send_array
                0x00001828                midi_register_cc_callback
                0x00001830                midi_register_noteon_callback
                0x00001838                midi_register_noteoff_callback
                0x00001840                midi_register_aftertouch_callback
                0x00001848                midi_register_pitchbend_callback
                0x00001850                midi_register_songposition_callback
                0x00001858                midi_register_progchange_callback
                0x00001860                midi_register_chanpressure_callback
                0x00001868                midi_register_songselect_callback
                0x00001870                midi_register_tc_quarterframe_callback
                0x00001878                midi_register_realtime_callback
                0x00001880                midi_register_tunerequest_callback
                0x00001888                midi_register_sysex_callback
                0x00001890                midi_register_fallthrough_callback
                0x00001898                midi_register_catchall_callback
 .text          0x000018a0      0x52c xnormidi-develop/midi_device.o
                0x000018a0                midi_device_init
                0x00001902                midi_device_input
                0x00001948                midi_device_set_send_func
                0x00001950                midi_device_set_pre_input_process_func
                0x00001958                midi_input_callbacks
                0x00001ba0                midi_process_byte
                0x00001d56                midi_device_process
 .text          0x00001dcc      0x33e xnormidi-develop/sysex_tools.o
                0x00001dcc                sysex_encoded_length
                0x00001e16                sysex_decoded_length
                0x00001e66                sysex_encode
                0x00001fe0                sysex_decode
 .text          0x0000210a        0x0 c:/program files (x86)/atmel/atmel studio 6.0/extensions/atmel/avrgcc/3.4.1.95/avrtoolchain/bin/../lib/gcc/avr/4.6.2/avr5\libgcc.a(_udivmodhi4.o)
 .text          0x0000210a        0x0 c:/program files (x86)/atmel/atmel studio 6.0/extensions/atmel/avrgcc/3.4.1.95/avrtoolchain/bin/../lib/gcc/avr/4.6.2/avr5\libgcc.a(_divmodhi4.o)
 .text          0x0000210a        0x0 c:/program files (x86)/atmel/atmel studio 6.0/extensions/atmel/avrgcc/3.4.1.95/avrtoolchain/bin/../lib/gcc/avr/4.6.2/avr5\libgcc.a(_exit.o)
 .text          0x0000210a        0x0 c:/program files (x86)/atmel/atmel studio 6.0/extensions/atmel/avrgcc/3.4.1.95/avrtoolchain/bin/../lib/gcc/avr/4.6.2/avr5\libgcc.a(_copy_data.o)
 .text          0x0000210a        0x0 c:/program files (x86)/atmel/atmel studio 6.0/extensions/atmel/avrgcc/3.4.1.95/avrtoolchain/bin/../lib/gcc/avr/4.6.2/avr5\libgcc.a(_clear_bss.o)
 .text          0x0000210a        0x0 c:/program files (x86)/atmel/atmel studio 6.0/extensions/atmel/avrgcc/3.4.1.95/avrtoolchain/bin/../lib/gcc/avr/4.6.2/../../../../avr/lib/avr5\libc.a(memcpy.o)
 .text          0x0000210a        0x0 c:/program files (x86)/atmel/atmel studio 6.0/extensions/atmel/avrgcc/3.4.1.95/avrtoolchain/bin/../lib/gcc/avr/4.6.2/../../../../avr/lib/avr5\libc.a(memmove.o)
                0x0000210a                . = ALIGN (0x2)
 *(.text.*)
 .text.libgcc   0x0000210a       0x28 c:/program files (x86)/atmel/atmel studio 6.0/extensions/atmel/avrgcc/3.4.1.95/avrtoolchain/bin/../lib/gcc/avr/4.6.2/avr5\libgcc.a(_udivmodhi4.o)
                0x0000210a                __udivmodhi4
 .text.libgcc   0x00002132       0x26 c:/program files (x86)/atmel/atmel studio 6.0/extensions/atmel/avrgcc/3.4.1.95/avrtoolchain/bin/../lib/gcc/avr/4.6.2/avr5\libgcc.a(_divmodhi4.o)
                0x00002132                _div
                0x00002132                __divmodhi4
 .text.libgcc   0x00002158        0x0 c:/program files (x86)/atmel/atmel studio 6.0/extensions/atmel/avrgcc/3.4.1.95/avrtoolchain/bin/../lib/gcc/avr/4.6.2/avr5\libgcc.a(_exit.o)
 .text.libgcc   0x00002158        0x0 c:/program files (x86)/atmel/atmel studio 6.0/extensions/atmel/avrgcc/3.4.1.95/avrtoolchain/bin/../lib/gcc/avr/4.6.2/avr5\libgcc.a(_copy_data.o)
 .text.libgcc   0x00002158        0x0 c:/program files (x86)/atmel/atmel studio 6.0/extensions/atmel/avrgcc/3.4.1.95/avrtoolchain/bin/../lib/gcc/avr/4.6.2/avr5\libgcc.a(_clear_bss.o)
 .text.avr-libc
                0x00002158       0x12 c:/program files (x86)/atmel/atmel studio 6.0/extensions/atmel/avrgcc/3.4.1.95/avrtoolchain/bin/../lib/gcc/avr/4.6.2/../../../../avr/lib/avr5\libc.a(memcpy.o)
                0x00002158                memcpy
 .text.avr-libc
                0x0000216a       0x24 c:/program files (x86)/atmel/atmel studio 6.0/extensions/atmel/avrgcc/3.4.1.95/avrtoolchain/bin/../lib/gcc/avr/4.6.2/../../../../avr/lib/avr5\libc.a(memmove.o)
                0x0000216a                memmove
                0x0000218e                . = ALIGN (0x2)
 *(.fini9)
 .fini9         0x0000218e        0x0 c:/program files (x86)/atmel/atmel studio 6.0/extensions/atmel/avrgcc/3.4.1.95/avrtoolchain/bin/../lib/gcc/avr/4.6.2/avr5\libgcc.a(_exit.o)
                0x0000218e                _exit
                0x0000218e                exit
 *(.fini9)
 *(.fini8)
 *(.fini8)
 *(.fini7)
 *(.fini7)
 *(.fini6)
 *(.fini6)
 *(.fini5)
 *(.fini5)
 *(.fini4)
 *(.fini4)
 *(.fini3)
 *(.fini3)
 *(.fini2)
 *(.fini2)
 *(.fini1)
 *(.fini1)
 *(.fini0)
 .fini0         0x0000218e        0x4 c:/program files (x86)/atmel/atmel studio 6.0/extensions/atmel/avrgcc/3.4.1.95/avrtoolchain/bin/../lib/gcc/avr/4.6.2/avr5\libgcc.a(_exit.o)
 *(.fini0)
                0x00002192                _etext = .

.data           0x00800100       0xbc load address 0x00002192
                0x00800100                PROVIDE (__data_start, .)
 *(.data)
 .data          0x00800100        0x0 c:/program files (x86)/atmel/atmel studio 6.0/extensions/atmel/avrgcc/3.4.1.95/avrtoolchain/bin/../lib/gcc/avr/4.6.2/../../../../avr/lib/avr5/crtm6450a.o
 .data          0x00800100        0x0 adc.o
 .data          0x00800100       0x10 assigner.o
 .data          0x00800110       0x3e dac.o
                0x00800110                release_1_cv
                0x00800112                release_2_cv
                0x00800114                sustain_1_cv
                0x00800116                sustain_2_cv
                0x00800118                decay_1_cv
                0x0080011a                decay_2_cv
                0x0080011c                attack_1_cv
                0x0080011e                attack_2_cv
                0x00800120                noise_mix_cv
                0x00800122                fil_lfo_cv
                0x00800124                fil_vco2_cv
                0x00800126                key_track_cv
                0x00800128                cutoff_cv
                0x0080012a                res_cv
                0x0080012c                fil_eg2_cv
                0x0080012e                vco2_pw_cv
                0x00800130                volume_cv
                0x00800132                amp_lfo_cv
                0x00800134                glide_cv
                0x00800136                lfo_rate_cv
                0x00800138                tune_cv
                0x0080013a                fine_cv
                0x0080013c                vco1_pw_cv
                0x0080013e                pwm_eg2_cv
                0x00800140                pwm_lfo_cv
                0x00800142                pitch_lfo_cv
                0x00800144                pitch_eg2_cv
                0x00800146                vco1_mix_cv
                0x00800148                vco2_mix_cv
                0x0080014a                vco2_pitch_cv
                0x0080014c                vco1_pitch_cv
 .data          0x0080014e        0xa display.o
 .data          0x00800158        0x0 interrupts.o
 .data          0x00800158        0x0 midi.o
 .data          0x00800158        0x0 monapollo-firmware.o
 .data          0x00800158       0x40 scan_pots_and_update_control_voltages.o
                0x00800158                pot_decoder_1
                0x00800176                pot_decoder_0
                0x00800196                value_to_display
 .data          0x00800198        0x0 spi.o
 .data          0x00800198       0x23 tune.o
                0x008001ba                no_overflow
 .data          0x008001bb        0x0 xnormidi-develop/bytequeue/bytequeue.o
 .data          0x008001bb        0x0 xnormidi-develop/bytequeue/interrupt_setting.o
 .data          0x008001bb        0x0 xnormidi-develop/midi.o
 .data          0x008001bb        0x0 xnormidi-develop/midi_device.o
 .data          0x008001bb        0x0 xnormidi-develop/sysex_tools.o
 .data          0x008001bb        0x0 c:/program files (x86)/atmel/atmel studio 6.0/extensions/atmel/avrgcc/3.4.1.95/avrtoolchain/bin/../lib/gcc/avr/4.6.2/avr5\libgcc.a(_udivmodhi4.o)
 .data          0x008001bb        0x0 c:/program files (x86)/atmel/atmel studio 6.0/extensions/atmel/avrgcc/3.4.1.95/avrtoolchain/bin/../lib/gcc/avr/4.6.2/avr5\libgcc.a(_divmodhi4.o)
 .data          0x008001bb        0x0 c:/program files (x86)/atmel/atmel studio 6.0/extensions/atmel/avrgcc/3.4.1.95/avrtoolchain/bin/../lib/gcc/avr/4.6.2/avr5\libgcc.a(_exit.o)
 .data          0x008001bb        0x0 c:/program files (x86)/atmel/atmel studio 6.0/extensions/atmel/avrgcc/3.4.1.95/avrtoolchain/bin/../lib/gcc/avr/4.6.2/avr5\libgcc.a(_copy_data.o)
 .data          0x008001bb        0x0 c:/program files (x86)/atmel/atmel studio 6.0/extensions/atmel/avrgcc/3.4.1.95/avrtoolchain/bin/../lib/gcc/avr/4.6.2/avr5\libgcc.a(_clear_bss.o)
 .data          0x008001bb        0x0 c:/program files (x86)/atmel/atmel studio 6.0/extensions/atmel/avrgcc/3.4.1.95/avrtoolchain/bin/../lib/gcc/avr/4.6.2/../../../../avr/lib/avr5\libc.a(memcpy.o)
 .data          0x008001bb        0x0 c:/program files (x86)/atmel/atmel studio 6.0/extensions/atmel/avrgcc/3.4.1.95/avrtoolchain/bin/../lib/gcc/avr/4.6.2/../../../../avr/lib/avr5\libc.a(memmove.o)
 *(.data*)
 *(.rodata)
 *(.rodata*)
 *(.gnu.linkonce.d*)
                0x008001bc                . = ALIGN (0x2)
 *fill*         0x008001bb        0x1 00
                0x008001bc                _edata = .
                0x008001bc                PROVIDE (__data_end, .)

.bss            0x008001bc      0x355
                0x008001bc                PROVIDE (__bss_start, .)
 *(.bss)
 .bss           0x008001bc        0x0 c:/program files (x86)/atmel/atmel studio 6.0/extensions/atmel/avrgcc/3.4.1.95/avrtoolchain/bin/../lib/gcc/avr/4.6.2/../../../../avr/lib/avr5/crtm6450a.o
 .bss           0x008001bc        0x0 adc.o
 .bss           0x008001bc        0x0 assigner.o
 .bss           0x008001bc        0x4 dac.o
                0x008001bc                arp_rate_null
                0x008001be                pitch_vco2_cv
 .bss           0x008001c0        0x1 display.o
 .bss           0x008001c1        0x0 interrupts.o
 .bss           0x008001c1        0x0 midi.o
 .bss           0x008001c1        0x2 monapollo-firmware.o
                0x008001c1                switch_timer
 .bss           0x008001c3       0x47 scan_pots_and_update_control_voltages.o
                0x008001c3                pot_group_1
                0x008001e1                pot_group_0
                0x00800201                midi_note_number
                0x00800202                tune_offset
                0x00800204                adc_difference
                0x00800206                adc_value
                0x00800208                adc_previous
 .bss           0x0080020a        0xf spi.o
                0x0080020a                sw_latch_one
                0x0080020b                sw_latch_two
                0x0080020c                sw_latch_three
                0x0080020d                sw_latch_four
                0x0080020e                sw_latch_five
                0x0080020f                spi_sw_previous_state
                0x00800210                spi_sw_current_state
                0x00800211                current_sw_state
                0x00800212                previous_sw_state
                0x00800213                ISW8_SW_ON
                0x00800214                ISW4_SW_ON
                0x00800215                ISW13_SW_ON
                0x00800216                ISW12_SW_ON
                0x00800217                ISW11_SW_ON
                0x00800218                ISW9_SW_ON
 .bss           0x00800219      0x20b tune.o
                0x00800219                vco2_pitch_table
                0x00800319                vco1_pitch_table
                0x00800419                vco2_init_cv
                0x0080041b                vco1_init_cv
                0x0080041d                compare_match_counter
                0x0080041e                osc_count
                0x00800420                count_finished
                0x00800421                timer1_clock
                0x00800422                period
                0x00800423                period_counter
 .bss           0x00800424        0x0 xnormidi-develop/bytequeue/bytequeue.o
 .bss           0x00800424        0x0 xnormidi-develop/bytequeue/interrupt_setting.o
 .bss           0x00800424        0x0 xnormidi-develop/midi.o
 .bss           0x00800424        0x0 xnormidi-develop/midi_device.o
 .bss           0x00800424        0x0 xnormidi-develop/sysex_tools.o
 .bss           0x00800424        0x0 c:/program files (x86)/atmel/atmel studio 6.0/extensions/atmel/avrgcc/3.4.1.95/avrtoolchain/bin/../lib/gcc/avr/4.6.2/avr5\libgcc.a(_udivmodhi4.o)
 .bss           0x00800424        0x0 c:/program files (x86)/atmel/atmel studio 6.0/extensions/atmel/avrgcc/3.4.1.95/avrtoolchain/bin/../lib/gcc/avr/4.6.2/avr5\libgcc.a(_divmodhi4.o)
 .bss           0x00800424        0x0 c:/program files (x86)/atmel/atmel studio 6.0/extensions/atmel/avrgcc/3.4.1.95/avrtoolchain/bin/../lib/gcc/avr/4.6.2/avr5\libgcc.a(_exit.o)
 .bss           0x00800424        0x0 c:/program files (x86)/atmel/atmel studio 6.0/extensions/atmel/avrgcc/3.4.1.95/avrtoolchain/bin/../lib/gcc/avr/4.6.2/avr5\libgcc.a(_copy_data.o)
 .bss           0x00800424        0x0 c:/program files (x86)/atmel/atmel studio 6.0/extensions/atmel/avrgcc/3.4.1.95/avrtoolchain/bin/../lib/gcc/avr/4.6.2/avr5\libgcc.a(_clear_bss.o)
 .bss           0x00800424        0x0 c:/program files (x86)/atmel/atmel studio 6.0/extensions/atmel/avrgcc/3.4.1.95/avrtoolchain/bin/../lib/gcc/avr/4.6.2/../../../../avr/lib/avr5\libc.a(memcpy.o)
 .bss           0x00800424        0x0 c:/program files (x86)/atmel/atmel studio 6.0/extensions/atmel/avrgcc/3.4.1.95/avrtoolchain/bin/../lib/gcc/avr/4.6.2/../../../../avr/lib/avr5\libc.a(memmove.o)
 *(.bss*)
 *(COMMON)
 COMMON         0x00800424       0xed monapollo-firmware.o
                0x00800424                midi_device
                0x00800511                PROVIDE (__bss_end, .)
                0x00002192                __data_load_start = LOADADDR (.data)
                0x0000224e                __data_load_end = (__data_load_start + SIZEOF (.data))

.noinit         0x00800511        0x0
                0x00800511                PROVIDE (__noinit_start, .)
 *(.noinit*)
                0x00800511                PROVIDE (__noinit_end, .)
                0x00800511                _end = .
                0x00800511                PROVIDE (__heap_start, .)

.eeprom         0x00810000        0x0
 *(.eeprom*)
                0x00810000                __eeprom_end = .

.fuse
 *(.fuse)
 *(.lfuse)
 *(.hfuse)
 *(.efuse)

.lock
 *(.lock*)

.signature
 *(.signature*)

.stab           0x00000000      0x834
 *(.stab)
 .stab          0x00000000      0x6cc c:/program files (x86)/atmel/atmel studio 6.0/extensions/atmel/avrgcc/3.4.1.95/avrtoolchain/bin/../lib/gcc/avr/4.6.2/../../../../avr/lib/avr5/crtm6450a.o
 .stab          0x000006cc       0x84 c:/program files (x86)/atmel/atmel studio 6.0/extensions/atmel/avrgcc/3.4.1.95/avrtoolchain/bin/../lib/gcc/avr/4.6.2/../../../../avr/lib/avr5\libc.a(memcpy.o)
                                 0x90 (size before relaxing)
 .stab          0x00000750       0xe4 c:/program files (x86)/atmel/atmel studio 6.0/extensions/atmel/avrgcc/3.4.1.95/avrtoolchain/bin/../lib/gcc/avr/4.6.2/../../../../avr/lib/avr5\libc.a(memmove.o)
                                 0xf0 (size before relaxing)

.stabstr        0x00000000      0x14a
 *(.stabstr)
 .stabstr       0x00000000      0x14a c:/program files (x86)/atmel/atmel studio 6.0/extensions/atmel/avrgcc/3.4.1.95/avrtoolchain/bin/../lib/gcc/avr/4.6.2/../../../../avr/lib/avr5/crtm6450a.o

.stab.excl
 *(.stab.excl)

.stab.exclstr
 *(.stab.exclstr)

.stab.index
 *(.stab.index)

.stab.indexstr
 *(.stab.indexstr)

.comment
 *(.comment)

.debug
 *(.debug)

.line
 *(.line)

.debug_srcinfo
 *(.debug_srcinfo)

.debug_sfnames
 *(.debug_sfnames)

.debug_aranges  0x00000000      0x260
 *(.debug_aranges)
 .debug_aranges
                0x00000000       0x20 adc.o
 .debug_aranges
                0x00000020       0x20 assigner.o
 .debug_aranges
                0x00000040       0x20 dac.o
 .debug_aranges
                0x00000060       0x20 display.o
 .debug_aranges
                0x00000080       0x20 interrupts.o
 .debug_aranges
                0x000000a0       0x20 monapollo-firmware.o
 .debug_aranges
                0x000000c0       0x20 scan_pots_and_update_control_voltages.o
 .debug_aranges
                0x000000e0       0x20 spi.o
 .debug_aranges
                0x00000100       0x20 tune.o
 .debug_aranges
                0x00000120       0x20 xnormidi-develop/bytequeue/bytequeue.o
 .debug_aranges
                0x00000140       0x20 xnormidi-develop/bytequeue/interrupt_setting.o
 .debug_aranges
                0x00000160       0x20 xnormidi-develop/midi.o
 .debug_aranges
                0x00000180       0x20 xnormidi-develop/midi_device.o
 .debug_aranges
                0x000001a0       0x20 xnormidi-develop/sysex_tools.o
 .debug_aranges
                0x000001c0       0x20 c:/program files (x86)/atmel/atmel studio 6.0/extensions/atmel/avrgcc/3.4.1.95/avrtoolchain/bin/../lib/gcc/avr/4.6.2/avr5\libgcc.a(_udivmodhi4.o)
 .debug_aranges
                0x000001e0       0x20 c:/program files (x86)/atmel/atmel studio 6.0/extensions/atmel/avrgcc/3.4.1.95/avrtoolchain/bin/../lib/gcc/avr/4.6.2/avr5\libgcc.a(_divmodhi4.o)
 .debug_aranges
                0x00000200       0x20 c:/program files (x86)/atmel/atmel studio 6.0/extensions/atmel/avrgcc/3.4.1.95/avrtoolchain/bin/../lib/gcc/avr/4.6.2/avr5\libgcc.a(_exit.o)
 .debug_aranges
                0x00000220       0x20 c:/program files (x86)/atmel/atmel studio 6.0/extensions/atmel/avrgcc/3.4.1.95/avrtoolchain/bin/../lib/gcc/avr/4.6.2/avr5\libgcc.a(_copy_data.o)
 .debug_aranges
                0x00000240       0x20 c:/program files (x86)/atmel/atmel studio 6.0/extensions/atmel/avrgcc/3.4.1.95/avrtoolchain/bin/../lib/gcc/avr/4.6.2/avr5\libgcc.a(_clear_bss.o)

.debug_pubnames
 *(.debug_pubnames)

.debug_info     0x00000000     0x3e7f
 *(.debug_info)
 .debug_info    0x00000000      0x165 adc.o
 .debug_info    0x00000165      0x19b assigner.o
 .debug_info    0x00000300      0x4d3 dac.o
 .debug_info    0x000007d3      0x13c display.o
 .debug_info    0x0000090f      0x178 interrupts.o
 .debug_info    0x00000a87       0x5e midi.o
 .debug_info    0x00000ae5      0x5b7 monapollo-firmware.o
 .debug_info    0x0000109c      0x642 scan_pots_and_update_control_voltages.o
 .debug_info    0x000016de      0x313 spi.o
 .debug_info    0x000019f1      0x6fd tune.o
 .debug_info    0x000020ee      0x23e xnormidi-develop/bytequeue/bytequeue.o
 .debug_info    0x0000232c       0xc2 xnormidi-develop/bytequeue/interrupt_setting.o
 .debug_info    0x000023ee      0xd19 xnormidi-develop/midi.o
 .debug_info    0x00003107      0x657 xnormidi-develop/midi_device.o
 .debug_info    0x0000375e      0x2d0 xnormidi-develop/sysex_tools.o
 .debug_info    0x00003a2e       0xdd c:/program files (x86)/atmel/atmel studio 6.0/extensions/atmel/avrgcc/3.4.1.95/avrtoolchain/bin/../lib/gcc/avr/4.6.2/avr5\libgcc.a(_udivmodhi4.o)
 .debug_info    0x00003b0b       0xdd c:/program files (x86)/atmel/atmel studio 6.0/extensions/atmel/avrgcc/3.4.1.95/avrtoolchain/bin/../lib/gcc/avr/4.6.2/avr5\libgcc.a(_divmodhi4.o)
 .debug_info    0x00003be8       0xdd c:/program files (x86)/atmel/atmel studio 6.0/extensions/atmel/avrgcc/3.4.1.95/avrtoolchain/bin/../lib/gcc/avr/4.6.2/avr5\libgcc.a(_exit.o)
 .debug_info    0x00003cc5       0xdd c:/program files (x86)/atmel/atmel studio 6.0/extensions/atmel/avrgcc/3.4.1.95/avrtoolchain/bin/../lib/gcc/avr/4.6.2/avr5\libgcc.a(_copy_data.o)
 .debug_info    0x00003da2       0xdd c:/program files (x86)/atmel/atmel studio 6.0/extensions/atmel/avrgcc/3.4.1.95/avrtoolchain/bin/../lib/gcc/avr/4.6.2/avr5\libgcc.a(_clear_bss.o)
 *(.gnu.linkonce.wi.*)

.debug_abbrev   0x00000000      0xf81
 *(.debug_abbrev)
 .debug_abbrev  0x00000000       0xfe adc.o
 .debug_abbrev  0x000000fe      0x133 assigner.o
 .debug_abbrev  0x00000231      0x156 dac.o
 .debug_abbrev  0x00000387       0xa3 display.o
 .debug_abbrev  0x0000042a       0x64 interrupts.o
 .debug_abbrev  0x0000048e       0x2a midi.o
 .debug_abbrev  0x000004b8      0x188 monapollo-firmware.o
 .debug_abbrev  0x00000640       0xf4 scan_pots_and_update_control_voltages.o
 .debug_abbrev  0x00000734      0x109 spi.o
 .debug_abbrev  0x0000083d      0x124 tune.o
 .debug_abbrev  0x00000961      0x105 xnormidi-develop/bytequeue/bytequeue.o
 .debug_abbrev  0x00000a66       0x83 xnormidi-develop/bytequeue/interrupt_setting.o
 .debug_abbrev  0x00000ae9      0x1b1 xnormidi-develop/midi.o
 .debug_abbrev  0x00000c9a      0x193 xnormidi-develop/midi_device.o
 .debug_abbrev  0x00000e2d       0xf0 xnormidi-develop/sysex_tools.o
 .debug_abbrev  0x00000f1d       0x14 c:/program files (x86)/atmel/atmel studio 6.0/extensions/atmel/avrgcc/3.4.1.95/avrtoolchain/bin/../lib/gcc/avr/4.6.2/avr5\libgcc.a(_udivmodhi4.o)
 .debug_abbrev  0x00000f31       0x14 c:/program files (x86)/atmel/atmel studio 6.0/extensions/atmel/avrgcc/3.4.1.95/avrtoolchain/bin/../lib/gcc/avr/4.6.2/avr5\libgcc.a(_divmodhi4.o)
 .debug_abbrev  0x00000f45       0x14 c:/program files (x86)/atmel/atmel studio 6.0/extensions/atmel/avrgcc/3.4.1.95/avrtoolchain/bin/../lib/gcc/avr/4.6.2/avr5\libgcc.a(_exit.o)
 .debug_abbrev  0x00000f59       0x14 c:/program files (x86)/atmel/atmel studio 6.0/extensions/atmel/avrgcc/3.4.1.95/avrtoolchain/bin/../lib/gcc/avr/4.6.2/avr5\libgcc.a(_copy_data.o)
 .debug_abbrev  0x00000f6d       0x14 c:/program files (x86)/atmel/atmel studio 6.0/extensions/atmel/avrgcc/3.4.1.95/avrtoolchain/bin/../lib/gcc/avr/4.6.2/avr5\libgcc.a(_clear_bss.o)

.debug_line     0x00000000     0x1802
 *(.debug_line)
 .debug_line    0x00000000      0x188 adc.o
 .debug_line    0x00000188      0x107 assigner.o
 .debug_line    0x0000028f      0x1bf dac.o
 .debug_line    0x0000044e       0xf2 display.o
 .debug_line    0x00000540       0xff interrupts.o
 .debug_line    0x0000063f       0x1a midi.o
 .debug_line    0x00000659      0x1bb monapollo-firmware.o
 .debug_line    0x00000814      0x149 scan_pots_and_update_control_voltages.o
 .debug_line    0x0000095d      0x219 spi.o
 .debug_line    0x00000b76      0x1de tune.o
 .debug_line    0x00000d54      0x132 xnormidi-develop/bytequeue/bytequeue.o
 .debug_line    0x00000e86      0x114 xnormidi-develop/bytequeue/interrupt_setting.o
 .debug_line    0x00000f9a      0x1f5 xnormidi-develop/midi.o
 .debug_line    0x0000118f      0x211 xnormidi-develop/midi_device.o
 .debug_line    0x000013a0      0x188 xnormidi-develop/sysex_tools.o
 .debug_line    0x00001528       0x9a c:/program files (x86)/atmel/atmel studio 6.0/extensions/atmel/avrgcc/3.4.1.95/avrtoolchain/bin/../lib/gcc/avr/4.6.2/avr5\libgcc.a(_udivmodhi4.o)
 .debug_line    0x000015c2       0x99 c:/program files (x86)/atmel/atmel studio 6.0/extensions/atmel/avrgcc/3.4.1.95/avrtoolchain/bin/../lib/gcc/avr/4.6.2/avr5\libgcc.a(_divmodhi4.o)
 .debug_line    0x0000165b       0x88 c:/program files (x86)/atmel/atmel studio 6.0/extensions/atmel/avrgcc/3.4.1.95/avrtoolchain/bin/../lib/gcc/avr/4.6.2/avr5\libgcc.a(_exit.o)
 .debug_line    0x000016e3       0x91 c:/program files (x86)/atmel/atmel studio 6.0/extensions/atmel/avrgcc/3.4.1.95/avrtoolchain/bin/../lib/gcc/avr/4.6.2/avr5\libgcc.a(_copy_data.o)
 .debug_line    0x00001774       0x8e c:/program files (x86)/atmel/atmel studio 6.0/extensions/atmel/avrgcc/3.4.1.95/avrtoolchain/bin/../lib/gcc/avr/4.6.2/avr5\libgcc.a(_clear_bss.o)

.debug_frame    0x00000000      0xa5c
 *(.debug_frame)
 .debug_frame   0x00000000       0x34 adc.o
 .debug_frame   0x00000034       0x58 assigner.o
 .debug_frame   0x0000008c       0x44 dac.o
 .debug_frame   0x000000d0       0x5c display.o
 .debug_frame   0x0000012c       0x60 interrupts.o
 .debug_frame   0x0000018c       0xbc monapollo-firmware.o
 .debug_frame   0x00000248       0x74 scan_pots_and_update_control_voltages.o
 .debug_frame   0x000002bc       0x48 spi.o
 .debug_frame   0x00000304       0xf4 tune.o
 .debug_frame   0x000003f8       0x90 xnormidi-develop/bytequeue/bytequeue.o
 .debug_frame   0x00000488       0x34 xnormidi-develop/bytequeue/interrupt_setting.o
 .debug_frame   0x000004bc      0x378 xnormidi-develop/midi.o
 .debug_frame   0x00000834      0x12c xnormidi-develop/midi_device.o
 .debug_frame   0x00000960       0xfc xnormidi-develop/sysex_tools.o

.debug_str      0x00000000     0x1195
 *(.debug_str)
 .debug_str     0x00000000      0x137 adc.o
                                0x16b (size before relaxing)
 .debug_str     0x00000137       0x65 assigner.o
                                0x13f (size before relaxing)
 .debug_str     0x0000019c      0x1c9 dac.o
                                0x318 (size before relaxing)
 .debug_str     0x00000365       0x48 display.o
                                0x12d (size before relaxing)
 .debug_str     0x000003ad       0x98 interrupts.o
                                0x176 (size before relaxing)
 .debug_str     0x00000445        0xc midi.o
                                 0xd9 (size before relaxing)
 .debug_str     0x00000451      0x3b8 monapollo-firmware.o
                                0x50f (size before relaxing)
 .debug_str     0x00000809       0xcc scan_pots_and_update_control_voltages.o
                                0x3ac (size before relaxing)
 .debug_str     0x000008d5       0xf8 spi.o
                                0x243 (size before relaxing)
 .debug_str     0x000009cd       0xb3 tune.o
                                0x3c6 (size before relaxing)
 .debug_str     0x00000a80       0xb9 xnormidi-develop/bytequeue/bytequeue.o
                                0x1d1 (size before relaxing)
 .debug_str     0x00000b39       0x6b xnormidi-develop/bytequeue/interrupt_setting.o
                                0x15c (size before relaxing)
 .debug_str     0x00000ba4      0x437 xnormidi-develop/midi.o
                                0x83f (size before relaxing)
 .debug_str     0x00000fdb       0xde xnormidi-develop/midi_device.o
                                0x4ff (size before relaxing)
 .debug_str     0x000010b9       0xdc xnormidi-develop/sysex_tools.o
                                0x1df (size before relaxing)

.debug_loc      0x00000000     0x24d1
 *(.debug_loc)
 .debug_loc     0x00000000       0x60 adc.o
 .debug_loc     0x00000060      0x127 assigner.o
 .debug_loc     0x00000187       0x72 dac.o
 .debug_loc     0x000001f9      0x167 display.o
 .debug_loc     0x00000360       0x92 interrupts.o
 .debug_loc     0x000003f2      0x1e0 monapollo-firmware.o
 .debug_loc     0x000005d2      0x19e scan_pots_and_update_control_voltages.o
 .debug_loc     0x00000770       0x49 spi.o
 .debug_loc     0x000007b9      0x557 tune.o
 .debug_loc     0x00000d10      0x229 xnormidi-develop/bytequeue/bytequeue.o
 .debug_loc     0x00000f39      0x963 xnormidi-develop/midi.o
 .debug_loc     0x0000189c      0x668 xnormidi-develop/midi_device.o
 .debug_loc     0x00001f04      0x5cd xnormidi-develop/sysex_tools.o

.debug_macinfo
 *(.debug_macinfo)
OUTPUT(monapollo-firmware.elf elf32-avr)
LOAD linker stubs

.debug_ranges   0x00000000       0xc0
 .debug_ranges  0x00000000       0x30 scan_pots_and_update_control_voltages.o
 .debug_ranges  0x00000030       0x48 tune.o
 .debug_ranges  0x00000078       0x48 xnormidi-develop/sysex_tools.o
