Archive member included because of file (symbol)

c:/program files (x86)/atmel/atmel studio 6.0/extensions/atmel/avrgcc/3.4.1.95/avrtoolchain/bin/../lib/gcc/avr/4.6.2/avr5\libgcc.a(_udivmodhi4.o)
                              display.o (__udivmodhi4)
c:/program files (x86)/atmel/atmel studio 6.0/extensions/atmel/avrgcc/3.4.1.95/avrtoolchain/bin/../lib/gcc/avr/4.6.2/avr5\libgcc.a(_divmodhi4.o)
                              xnormidi-develop/bytequeue/bytequeue.o (__divmodhi4)
c:/program files (x86)/atmel/atmel studio 6.0/extensions/atmel/avrgcc/3.4.1.95/avrtoolchain/bin/../lib/gcc/avr/4.6.2/avr5\libgcc.a(_exit.o)
                              c:/program files (x86)/atmel/atmel studio 6.0/extensions/atmel/avrgcc/3.4.1.95/avrtoolchain/bin/../lib/gcc/avr/4.6.2/../../../../avr/lib/avr5/crtm6450a.o (exit)
c:/program files (x86)/atmel/atmel studio 6.0/extensions/atmel/avrgcc/3.4.1.95/avrtoolchain/bin/../lib/gcc/avr/4.6.2/avr5\libgcc.a(_copy_data.o)
                              adc.o (__do_copy_data)
c:/program files (x86)/atmel/atmel studio 6.0/extensions/atmel/avrgcc/3.4.1.95/avrtoolchain/bin/../lib/gcc/avr/4.6.2/avr5\libgcc.a(_clear_bss.o)
                              adc.o (__do_clear_bss)
c:/program files (x86)/atmel/atmel studio 6.0/extensions/atmel/avrgcc/3.4.1.95/avrtoolchain/bin/../lib/gcc/avr/4.6.2/../../../../avr/lib/avr5\libc.a(memcpy.o)
                              xnormidi-develop/midi.o (memcpy)

Allocating common symbols
Common symbol       size              file

midi_device         0xed              monapollo-firmware.o

Memory Configuration

Name             Origin             Length             Attributes
text             0x00000000         0x00020000         xr
data             0x00800060         0x0000ffa0         rw !x
eeprom           0x00810000         0x00010000         rw !x
fuse             0x00820000         0x00000400         rw !x
lock             0x00830000         0x00000400         rw !x
signature        0x00840000         0x00000400         rw !x
*default*        0x00000000         0xffffffff

Linker script and memory map

Address of section .data set to 0x800100
LOAD c:/program files (x86)/atmel/atmel studio 6.0/extensions/atmel/avrgcc/3.4.1.95/avrtoolchain/bin/../lib/gcc/avr/4.6.2/../../../../avr/lib/avr5/crtm6450a.o
LOAD adc.o
LOAD dac.o
LOAD display.o
LOAD interrupts.o
LOAD midi.o
LOAD monapollo-firmware.o
LOAD scan_pots_and_update_control_voltages.o
LOAD spi.o
LOAD tune.o
LOAD xnormidi-develop/bytequeue/bytequeue.o
LOAD xnormidi-develop/bytequeue/interrupt_setting.o
LOAD xnormidi-develop/midi.o
LOAD xnormidi-develop/midi_device.o
LOAD xnormidi-develop/sysex_tools.o
START GROUP
LOAD c:/program files (x86)/atmel/atmel studio 6.0/extensions/atmel/avrgcc/3.4.1.95/avrtoolchain/bin/../lib/gcc/avr/4.6.2/../../../../avr/lib/avr5\libm.a
END GROUP
LOAD c:/program files (x86)/atmel/atmel studio 6.0/extensions/atmel/avrgcc/3.4.1.95/avrtoolchain/bin/../lib/gcc/avr/4.6.2/avr5\libgcc.a
LOAD c:/program files (x86)/atmel/atmel studio 6.0/extensions/atmel/avrgcc/3.4.1.95/avrtoolchain/bin/../lib/gcc/avr/4.6.2/../../../../avr/lib/avr5\libc.a
LOAD c:/program files (x86)/atmel/atmel studio 6.0/extensions/atmel/avrgcc/3.4.1.95/avrtoolchain/bin/../lib/gcc/avr/4.6.2/avr5\libgcc.a

.hash
 *(.hash)

.dynsym
 *(.dynsym)

.dynstr
 *(.dynstr)

.gnu.version
 *(.gnu.version)

.gnu.version_d
 *(.gnu.version_d)

.gnu.version_r
 *(.gnu.version_r)

.rel.init
 *(.rel.init)

.rela.init
 *(.rela.init)

.rel.text
 *(.rel.text)
 *(.rel.text.*)
 *(.rel.gnu.linkonce.t*)

.rela.text
 *(.rela.text)
 *(.rela.text.*)
 *(.rela.gnu.linkonce.t*)

.rel.fini
 *(.rel.fini)

.rela.fini
 *(.rela.fini)

.rel.rodata
 *(.rel.rodata)
 *(.rel.rodata.*)
 *(.rel.gnu.linkonce.r*)

.rela.rodata
 *(.rela.rodata)
 *(.rela.rodata.*)
 *(.rela.gnu.linkonce.r*)

.rel.data
 *(.rel.data)
 *(.rel.data.*)
 *(.rel.gnu.linkonce.d*)

.rela.data
 *(.rela.data)
 *(.rela.data.*)
 *(.rela.gnu.linkonce.d*)

.rel.ctors
 *(.rel.ctors)

.rela.ctors
 *(.rela.ctors)

.rel.dtors
 *(.rel.dtors)

.rela.dtors
 *(.rela.dtors)

.rel.got
 *(.rel.got)

.rela.got
 *(.rela.got)

.rel.bss
 *(.rel.bss)

.rela.bss
 *(.rela.bss)

.rel.plt
 *(.rel.plt)

.rela.plt
 *(.rela.plt)

.text           0x00000000     0x20b8
 *(.vectors)
 .vectors       0x00000000       0x64 c:/program files (x86)/atmel/atmel studio 6.0/extensions/atmel/avrgcc/3.4.1.95/avrtoolchain/bin/../lib/gcc/avr/4.6.2/../../../../avr/lib/avr5/crtm6450a.o
                0x00000000                __vector_default
                0x00000000                __vectors
 *(.vectors)
 *(.progmem.gcc*)
 *(.progmem*)
                0x00000064                . = ALIGN (0x2)
                0x00000064                __trampolines_start = .
 *(.trampolines)
 .trampolines   0x00000064        0x0 linker stubs
 *(.trampolines*)
                0x00000064                __trampolines_end = .
 *(.jumptables)
 *(.jumptables*)
 *(.lowtext)
 *(.lowtext*)
                0x00000064                __ctors_start = .
 *(.ctors)
                0x00000064                __ctors_end = .
                0x00000064                __dtors_start = .
 *(.dtors)
                0x00000064                __dtors_end = .
 SORT(*)(.ctors)
 SORT(*)(.dtors)
 *(.init0)
 .init0         0x00000064        0x0 c:/program files (x86)/atmel/atmel studio 6.0/extensions/atmel/avrgcc/3.4.1.95/avrtoolchain/bin/../lib/gcc/avr/4.6.2/../../../../avr/lib/avr5/crtm6450a.o
                0x00000064                __init
 *(.init0)
 *(.init1)
 *(.init1)
 *(.init2)
 .init2         0x00000064        0xc c:/program files (x86)/atmel/atmel studio 6.0/extensions/atmel/avrgcc/3.4.1.95/avrtoolchain/bin/../lib/gcc/avr/4.6.2/../../../../avr/lib/avr5/crtm6450a.o
 *(.init2)
 *(.init3)
 *(.init3)
 *(.init4)
 .init4         0x00000070       0x16 c:/program files (x86)/atmel/atmel studio 6.0/extensions/atmel/avrgcc/3.4.1.95/avrtoolchain/bin/../lib/gcc/avr/4.6.2/avr5\libgcc.a(_copy_data.o)
                0x00000070                __do_copy_data
 .init4         0x00000086       0x10 c:/program files (x86)/atmel/atmel studio 6.0/extensions/atmel/avrgcc/3.4.1.95/avrtoolchain/bin/../lib/gcc/avr/4.6.2/avr5\libgcc.a(_clear_bss.o)
                0x00000086                __do_clear_bss
 *(.init4)
 *(.init5)
 *(.init5)
 *(.init6)
 *(.init6)
 *(.init7)
 *(.init7)
 *(.init8)
 *(.init8)
 *(.init9)
 .init9         0x00000096        0x8 c:/program files (x86)/atmel/atmel studio 6.0/extensions/atmel/avrgcc/3.4.1.95/avrtoolchain/bin/../lib/gcc/avr/4.6.2/../../../../avr/lib/avr5/crtm6450a.o
 *(.init9)
 *(.text)
 .text          0x0000009e        0x4 c:/program files (x86)/atmel/atmel studio 6.0/extensions/atmel/avrgcc/3.4.1.95/avrtoolchain/bin/../lib/gcc/avr/4.6.2/../../../../avr/lib/avr5/crtm6450a.o
                0x0000009e                __vector_22
                0x0000009e                __vector_1
                0x0000009e                __vector_24
                0x0000009e                __vector_12
                0x0000009e                __bad_interrupt
                0x0000009e                __vector_6
                0x0000009e                __vector_3
                0x0000009e                __vector_23
                0x0000009e                __vector_11
                0x0000009e                __vector_17
                0x0000009e                __vector_19
                0x0000009e                __vector_7
                0x0000009e                __vector_5
                0x0000009e                __vector_4
                0x0000009e                __vector_2
                0x0000009e                __vector_21
                0x0000009e                __vector_15
                0x0000009e                __vector_8
                0x0000009e                __vector_14
                0x0000009e                __vector_16
                0x0000009e                __vector_18
                0x0000009e                __vector_20
 .text          0x000000a2       0x7e adc.o
                0x000000a2                setup_adc
                0x000000c8                read_pot
 .text          0x00000120       0xcc dac.o
                0x00000120                set_control_voltage
                0x00000178                setup_dac
                0x000001aa                set_dac
 .text          0x000001ec      0x134 display.o
                0x000001ec                display_dec
                0x000002ce                update_display
 .text          0x00000320       0xb4 interrupts.o
                0x00000320                __vector_10
                0x000003bc                __vector_9
 .text          0x000003d4        0x0 midi.o
 .text          0x000003d4      0x18a monapollo-firmware.o
                0x000003d4                note_on_event
                0x00000402                note_off_event
                0x00000418                setup_midi_usart
                0x0000042a                __vector_13
                0x00000494                main
 .text          0x0000055e      0x20c scan_pots_and_update_control_voltages.o
                0x0000055e                scan_pots_and_update_control_voltages
 .text          0x0000076a      0x3e0 spi.o
                0x0000076a                setup_spi
                0x000007a8                update_spi
 .text          0x00000b4a      0x794 tune.o
                0x00000b4a                set_vco_init_cv
                0x00000e9c                tune_octave
 .text          0x000012de       0xec xnormidi-develop/bytequeue/bytequeue.o
                0x000012de                bytequeue_init
                0x000012ec                bytequeue_enqueue
                0x0000134a                bytequeue_length
                0x00001374                bytequeue_get
                0x00001396                bytequeue_remove
 .text          0x000013ca        0xa xnormidi-develop/bytequeue/interrupt_setting.o
                0x000013ca                store_and_clear_interrupt
                0x000013d0                restore_interrupt_setting
 .text          0x000013d4      0x416 xnormidi-develop/midi.o
                0x000013d4                midi_is_statusbyte
                0x000013dc                midi_is_realtime
                0x000013e8                midi_packet_length
                0x00001478                midi_send_cc
                0x0000149a                midi_send_noteon
                0x000014bc                midi_send_noteoff
                0x000014de                midi_send_aftertouch
                0x00001500                midi_send_pitchbend
                0x0000154e                midi_send_programchange
                0x0000156c                midi_send_channelpressure
                0x0000158a                midi_send_clock
                0x000015a2                midi_send_tick
                0x000015ba                midi_send_start
                0x000015d2                midi_send_continue
                0x000015ea                midi_send_stop
                0x00001602                midi_send_activesense
                0x0000161a                midi_send_reset
                0x00001632                midi_send_tcquarterframe
                0x0000164c                midi_send_songposition
                0x00001676                midi_send_songselect
                0x00001690                midi_send_tunerequest
                0x000016a8                midi_send_byte
                0x000016c0                midi_send_data
                0x000016ce                midi_send_array
                0x00001772                midi_register_cc_callback
                0x0000177a                midi_register_noteon_callback
                0x00001782                midi_register_noteoff_callback
                0x0000178a                midi_register_aftertouch_callback
                0x00001792                midi_register_pitchbend_callback
                0x0000179a                midi_register_songposition_callback
                0x000017a2                midi_register_progchange_callback
                0x000017aa                midi_register_chanpressure_callback
                0x000017b2                midi_register_songselect_callback
                0x000017ba                midi_register_tc_quarterframe_callback
                0x000017c2                midi_register_realtime_callback
                0x000017ca                midi_register_tunerequest_callback
                0x000017d2                midi_register_sysex_callback
                0x000017da                midi_register_fallthrough_callback
                0x000017e2                midi_register_catchall_callback
 .text          0x000017ea      0x52c xnormidi-develop/midi_device.o
                0x000017ea                midi_device_init
                0x0000184c                midi_device_input
                0x00001892                midi_device_set_send_func
                0x0000189a                midi_device_set_pre_input_process_func
                0x000018a2                midi_input_callbacks
                0x00001aea                midi_process_byte
                0x00001ca0                midi_device_process
 .text          0x00001d16      0x33e xnormidi-develop/sysex_tools.o
                0x00001d16                sysex_encoded_length
                0x00001d60                sysex_decoded_length
                0x00001db0                sysex_encode
                0x00001f2a                sysex_decode
 .text          0x00002054        0x0 c:/program files (x86)/atmel/atmel studio 6.0/extensions/atmel/avrgcc/3.4.1.95/avrtoolchain/bin/../lib/gcc/avr/4.6.2/avr5\libgcc.a(_udivmodhi4.o)
 .text          0x00002054        0x0 c:/program files (x86)/atmel/atmel studio 6.0/extensions/atmel/avrgcc/3.4.1.95/avrtoolchain/bin/../lib/gcc/avr/4.6.2/avr5\libgcc.a(_divmodhi4.o)
 .text          0x00002054        0x0 c:/program files (x86)/atmel/atmel studio 6.0/extensions/atmel/avrgcc/3.4.1.95/avrtoolchain/bin/../lib/gcc/avr/4.6.2/avr5\libgcc.a(_exit.o)
 .text          0x00002054        0x0 c:/program files (x86)/atmel/atmel studio 6.0/extensions/atmel/avrgcc/3.4.1.95/avrtoolchain/bin/../lib/gcc/avr/4.6.2/avr5\libgcc.a(_copy_data.o)
 .text          0x00002054        0x0 c:/program files (x86)/atmel/atmel studio 6.0/extensions/atmel/avrgcc/3.4.1.95/avrtoolchain/bin/../lib/gcc/avr/4.6.2/avr5\libgcc.a(_clear_bss.o)
 .text          0x00002054        0x0 c:/program files (x86)/atmel/atmel studio 6.0/extensions/atmel/avrgcc/3.4.1.95/avrtoolchain/bin/../lib/gcc/avr/4.6.2/../../../../avr/lib/avr5\libc.a(memcpy.o)
                0x00002054                . = ALIGN (0x2)
 *(.text.*)
 .text.libgcc   0x00002054       0x28 c:/program files (x86)/atmel/atmel studio 6.0/extensions/atmel/avrgcc/3.4.1.95/avrtoolchain/bin/../lib/gcc/avr/4.6.2/avr5\libgcc.a(_udivmodhi4.o)
                0x00002054                __udivmodhi4
 .text.libgcc   0x0000207c       0x26 c:/program files (x86)/atmel/atmel studio 6.0/extensions/atmel/avrgcc/3.4.1.95/avrtoolchain/bin/../lib/gcc/avr/4.6.2/avr5\libgcc.a(_divmodhi4.o)
                0x0000207c                _div
                0x0000207c                __divmodhi4
 .text.libgcc   0x000020a2        0x0 c:/program files (x86)/atmel/atmel studio 6.0/extensions/atmel/avrgcc/3.4.1.95/avrtoolchain/bin/../lib/gcc/avr/4.6.2/avr5\libgcc.a(_exit.o)
 .text.libgcc   0x000020a2        0x0 c:/program files (x86)/atmel/atmel studio 6.0/extensions/atmel/avrgcc/3.4.1.95/avrtoolchain/bin/../lib/gcc/avr/4.6.2/avr5\libgcc.a(_copy_data.o)
 .text.libgcc   0x000020a2        0x0 c:/program files (x86)/atmel/atmel studio 6.0/extensions/atmel/avrgcc/3.4.1.95/avrtoolchain/bin/../lib/gcc/avr/4.6.2/avr5\libgcc.a(_clear_bss.o)
 .text.avr-libc
                0x000020a2       0x12 c:/program files (x86)/atmel/atmel studio 6.0/extensions/atmel/avrgcc/3.4.1.95/avrtoolchain/bin/../lib/gcc/avr/4.6.2/../../../../avr/lib/avr5\libc.a(memcpy.o)
                0x000020a2                memcpy
                0x000020b4                . = ALIGN (0x2)
 *(.fini9)
 .fini9         0x000020b4        0x0 c:/program files (x86)/atmel/atmel studio 6.0/extensions/atmel/avrgcc/3.4.1.95/avrtoolchain/bin/../lib/gcc/avr/4.6.2/avr5\libgcc.a(_exit.o)
                0x000020b4                _exit
                0x000020b4                exit
 *(.fini9)
 *(.fini8)
 *(.fini8)
 *(.fini7)
 *(.fini7)
 *(.fini6)
 *(.fini6)
 *(.fini5)
 *(.fini5)
 *(.fini4)
 *(.fini4)
 *(.fini3)
 *(.fini3)
 *(.fini2)
 *(.fini2)
 *(.fini1)
 *(.fini1)
 *(.fini0)
 .fini0         0x000020b4        0x4 c:/program files (x86)/atmel/atmel studio 6.0/extensions/atmel/avrgcc/3.4.1.95/avrtoolchain/bin/../lib/gcc/avr/4.6.2/avr5\libgcc.a(_exit.o)
 *(.fini0)
                0x000020b8                _etext = .

.data           0x00800100       0xac load address 0x000020b8
                0x00800100                PROVIDE (__data_start, .)
 *(.data)
 .data          0x00800100        0x0 c:/program files (x86)/atmel/atmel studio 6.0/extensions/atmel/avrgcc/3.4.1.95/avrtoolchain/bin/../lib/gcc/avr/4.6.2/../../../../avr/lib/avr5/crtm6450a.o
 .data          0x00800100        0x0 adc.o
 .data          0x00800100       0x3e dac.o
                0x00800100                release_1_cv
                0x00800102                release_2_cv
                0x00800104                sustain_1_cv
                0x00800106                sustain_2_cv
                0x00800108                decay_1_cv
                0x0080010a                decay_2_cv
                0x0080010c                attack_1_cv
                0x0080010e                attack_2_cv
                0x00800110                noise_mix_cv
                0x00800112                fil_lfo_cv
                0x00800114                fil_vco2_cv
                0x00800116                key_track_cv
                0x00800118                cutoff_cv
                0x0080011a                res_cv
                0x0080011c                fil_eg2_cv
                0x0080011e                vco2_pw_cv
                0x00800120                volume_cv
                0x00800122                amp_lfo_cv
                0x00800124                glide_cv
                0x00800126                lfo_rate_cv
                0x00800128                tune_cv
                0x0080012a                fine_cv
                0x0080012c                vco1_pw_cv
                0x0080012e                pwm_eg2_cv
                0x00800130                pwm_lfo_cv
                0x00800132                pitch_lfo_cv
                0x00800134                pitch_eg2_cv
                0x00800136                vco1_mix_cv
                0x00800138                vco2_mix_cv
                0x0080013a                vco2_pitch_cv
                0x0080013c                vco1_pitch_cv
 .data          0x0080013e        0xa display.o
 .data          0x00800148        0x0 interrupts.o
 .data          0x00800148        0x0 midi.o
 .data          0x00800148        0x0 monapollo-firmware.o
 .data          0x00800148       0x40 scan_pots_and_update_control_voltages.o
                0x00800148                pot_decoder_1
                0x00800166                pot_decoder_0
                0x00800186                value_to_display
 .data          0x00800188        0x0 spi.o
 .data          0x00800188       0x23 tune.o
                0x008001aa                no_overflow
 .data          0x008001ab        0x0 xnormidi-develop/bytequeue/bytequeue.o
 .data          0x008001ab        0x0 xnormidi-develop/bytequeue/interrupt_setting.o
 .data          0x008001ab        0x0 xnormidi-develop/midi.o
 .data          0x008001ab        0x0 xnormidi-develop/midi_device.o
 .data          0x008001ab        0x0 xnormidi-develop/sysex_tools.o
 .data          0x008001ab        0x0 c:/program files (x86)/atmel/atmel studio 6.0/extensions/atmel/avrgcc/3.4.1.95/avrtoolchain/bin/../lib/gcc/avr/4.6.2/avr5\libgcc.a(_udivmodhi4.o)
 .data          0x008001ab        0x0 c:/program files (x86)/atmel/atmel studio 6.0/extensions/atmel/avrgcc/3.4.1.95/avrtoolchain/bin/../lib/gcc/avr/4.6.2/avr5\libgcc.a(_divmodhi4.o)
 .data          0x008001ab        0x0 c:/program files (x86)/atmel/atmel studio 6.0/extensions/atmel/avrgcc/3.4.1.95/avrtoolchain/bin/../lib/gcc/avr/4.6.2/avr5\libgcc.a(_exit.o)
 .data          0x008001ab        0x0 c:/program files (x86)/atmel/atmel studio 6.0/extensions/atmel/avrgcc/3.4.1.95/avrtoolchain/bin/../lib/gcc/avr/4.6.2/avr5\libgcc.a(_copy_data.o)
 .data          0x008001ab        0x0 c:/program files (x86)/atmel/atmel studio 6.0/extensions/atmel/avrgcc/3.4.1.95/avrtoolchain/bin/../lib/gcc/avr/4.6.2/avr5\libgcc.a(_clear_bss.o)
 .data          0x008001ab        0x0 c:/program files (x86)/atmel/atmel studio 6.0/extensions/atmel/avrgcc/3.4.1.95/avrtoolchain/bin/../lib/gcc/avr/4.6.2/../../../../avr/lib/avr5\libc.a(memcpy.o)
 *(.data*)
 *(.rodata)
 *(.rodata*)
 *(.gnu.linkonce.d*)
                0x008001ac                . = ALIGN (0x2)
 *fill*         0x008001ab        0x1 00
                0x008001ac                _edata = .
                0x008001ac                PROVIDE (__data_end, .)

.bss            0x008001ac      0x355
                0x008001ac                PROVIDE (__bss_start, .)
 *(.bss)
 .bss           0x008001ac        0x0 c:/program files (x86)/atmel/atmel studio 6.0/extensions/atmel/avrgcc/3.4.1.95/avrtoolchain/bin/../lib/gcc/avr/4.6.2/../../../../avr/lib/avr5/crtm6450a.o
 .bss           0x008001ac        0x0 adc.o
 .bss           0x008001ac        0x4 dac.o
                0x008001ac                arp_rate_null
                0x008001ae                pitch_vco2_cv
 .bss           0x008001b0        0x1 display.o
                0x008001b0                place
 .bss           0x008001b1        0x0 interrupts.o
 .bss           0x008001b1        0x0 midi.o
 .bss           0x008001b1        0x2 monapollo-firmware.o
                0x008001b1                gate_buffer
                0x008001b2                switch_timer
 .bss           0x008001b3       0x47 scan_pots_and_update_control_voltages.o
                0x008001b3                pot_group_1
                0x008001d1                pot_group_0
                0x008001f1                midi_note_number
                0x008001f2                tune_offset
                0x008001f4                adc_difference
                0x008001f6                adc_value
                0x008001f8                adc_previous
 .bss           0x008001fa        0xf spi.o
                0x008001fa                sw_latch_one
                0x008001fb                sw_latch_two
                0x008001fc                sw_latch_three
                0x008001fd                sw_latch_four
                0x008001fe                sw_latch_five
                0x008001ff                spi_sw_previous_state
                0x00800200                spi_sw_current_state
                0x00800201                current_sw_state
                0x00800202                previous_sw_state
                0x00800203                ISW8_SW_ON
                0x00800204                ISW4_SW_ON
                0x00800205                ISW13_SW_ON
                0x00800206                ISW12_SW_ON
                0x00800207                ISW11_SW_ON
                0x00800208                ISW9_SW_ON
 .bss           0x00800209      0x20b tune.o
                0x00800209                vco2_pitch_table
                0x00800309                vco1_pitch_table
                0x00800409                vco2_init_cv
                0x0080040b                vco1_init_cv
                0x0080040d                compare_match_counter
                0x0080040e                osc_count
                0x00800410                count_finished
                0x00800411                timer1_clock
                0x00800412                period
                0x00800413                period_counter
 .bss           0x00800414        0x0 xnormidi-develop/bytequeue/bytequeue.o
 .bss           0x00800414        0x0 xnormidi-develop/bytequeue/interrupt_setting.o
 .bss           0x00800414        0x0 xnormidi-develop/midi.o
 .bss           0x00800414        0x0 xnormidi-develop/midi_device.o
 .bss           0x00800414        0x0 xnormidi-develop/sysex_tools.o
 .bss           0x00800414        0x0 c:/program files (x86)/atmel/atmel studio 6.0/extensions/atmel/avrgcc/3.4.1.95/avrtoolchain/bin/../lib/gcc/avr/4.6.2/avr5\libgcc.a(_udivmodhi4.o)
 .bss           0x00800414        0x0 c:/program files (x86)/atmel/atmel studio 6.0/extensions/atmel/avrgcc/3.4.1.95/avrtoolchain/bin/../lib/gcc/avr/4.6.2/avr5\libgcc.a(_divmodhi4.o)
 .bss           0x00800414        0x0 c:/program files (x86)/atmel/atmel studio 6.0/extensions/atmel/avrgcc/3.4.1.95/avrtoolchain/bin/../lib/gcc/avr/4.6.2/avr5\libgcc.a(_exit.o)
 .bss           0x00800414        0x0 c:/program files (x86)/atmel/atmel studio 6.0/extensions/atmel/avrgcc/3.4.1.95/avrtoolchain/bin/../lib/gcc/avr/4.6.2/avr5\libgcc.a(_copy_data.o)
 .bss           0x00800414        0x0 c:/program files (x86)/atmel/atmel studio 6.0/extensions/atmel/avrgcc/3.4.1.95/avrtoolchain/bin/../lib/gcc/avr/4.6.2/avr5\libgcc.a(_clear_bss.o)
 .bss           0x00800414        0x0 c:/program files (x86)/atmel/atmel studio 6.0/extensions/atmel/avrgcc/3.4.1.95/avrtoolchain/bin/../lib/gcc/avr/4.6.2/../../../../avr/lib/avr5\libc.a(memcpy.o)
 *(.bss*)
 *(COMMON)
 COMMON         0x00800414       0xed monapollo-firmware.o
                0x00800414                midi_device
                0x00800501                PROVIDE (__bss_end, .)
                0x000020b8                __data_load_start = LOADADDR (.data)
                0x00002164                __data_load_end = (__data_load_start + SIZEOF (.data))

.noinit         0x00800501        0x0
                0x00800501                PROVIDE (__noinit_start, .)
 *(.noinit*)
                0x00800501                PROVIDE (__noinit_end, .)
                0x00800501                _end = .
                0x00800501                PROVIDE (__heap_start, .)

.eeprom         0x00810000        0x0
 *(.eeprom*)
                0x00810000                __eeprom_end = .

.fuse
 *(.fuse)
 *(.lfuse)
 *(.hfuse)
 *(.efuse)

.lock
 *(.lock*)

.signature
 *(.signature*)

.stab           0x00000000      0x750
 *(.stab)
 .stab          0x00000000      0x6cc c:/program files (x86)/atmel/atmel studio 6.0/extensions/atmel/avrgcc/3.4.1.95/avrtoolchain/bin/../lib/gcc/avr/4.6.2/../../../../avr/lib/avr5/crtm6450a.o
 .stab          0x000006cc       0x84 c:/program files (x86)/atmel/atmel studio 6.0/extensions/atmel/avrgcc/3.4.1.95/avrtoolchain/bin/../lib/gcc/avr/4.6.2/../../../../avr/lib/avr5\libc.a(memcpy.o)
                                 0x90 (size before relaxing)

.stabstr        0x00000000       0xe7
 *(.stabstr)
 .stabstr       0x00000000       0xe7 c:/program files (x86)/atmel/atmel studio 6.0/extensions/atmel/avrgcc/3.4.1.95/avrtoolchain/bin/../lib/gcc/avr/4.6.2/../../../../avr/lib/avr5/crtm6450a.o

.stab.excl
 *(.stab.excl)

.stab.exclstr
 *(.stab.exclstr)

.stab.index
 *(.stab.index)

.stab.indexstr
 *(.stab.indexstr)

.comment
 *(.comment)

.debug
 *(.debug)

.line
 *(.line)

.debug_srcinfo
 *(.debug_srcinfo)

.debug_sfnames
 *(.debug_sfnames)

.debug_aranges  0x00000000      0x240
 *(.debug_aranges)
 .debug_aranges
                0x00000000       0x20 adc.o
 .debug_aranges
                0x00000020       0x20 dac.o
 .debug_aranges
                0x00000040       0x20 display.o
 .debug_aranges
                0x00000060       0x20 interrupts.o
 .debug_aranges
                0x00000080       0x20 monapollo-firmware.o
 .debug_aranges
                0x000000a0       0x20 scan_pots_and_update_control_voltages.o
 .debug_aranges
                0x000000c0       0x20 spi.o
 .debug_aranges
                0x000000e0       0x20 tune.o
 .debug_aranges
                0x00000100       0x20 xnormidi-develop/bytequeue/bytequeue.o
 .debug_aranges
                0x00000120       0x20 xnormidi-develop/bytequeue/interrupt_setting.o
 .debug_aranges
                0x00000140       0x20 xnormidi-develop/midi.o
 .debug_aranges
                0x00000160       0x20 xnormidi-develop/midi_device.o
 .debug_aranges
                0x00000180       0x20 xnormidi-develop/sysex_tools.o
 .debug_aranges
                0x000001a0       0x20 c:/program files (x86)/atmel/atmel studio 6.0/extensions/atmel/avrgcc/3.4.1.95/avrtoolchain/bin/../lib/gcc/avr/4.6.2/avr5\libgcc.a(_udivmodhi4.o)
 .debug_aranges
                0x000001c0       0x20 c:/program files (x86)/atmel/atmel studio 6.0/extensions/atmel/avrgcc/3.4.1.95/avrtoolchain/bin/../lib/gcc/avr/4.6.2/avr5\libgcc.a(_divmodhi4.o)
 .debug_aranges
                0x000001e0       0x20 c:/program files (x86)/atmel/atmel studio 6.0/extensions/atmel/avrgcc/3.4.1.95/avrtoolchain/bin/../lib/gcc/avr/4.6.2/avr5\libgcc.a(_exit.o)
 .debug_aranges
                0x00000200       0x20 c:/program files (x86)/atmel/atmel studio 6.0/extensions/atmel/avrgcc/3.4.1.95/avrtoolchain/bin/../lib/gcc/avr/4.6.2/avr5\libgcc.a(_copy_data.o)
 .debug_aranges
                0x00000220       0x20 c:/program files (x86)/atmel/atmel studio 6.0/extensions/atmel/avrgcc/3.4.1.95/avrtoolchain/bin/../lib/gcc/avr/4.6.2/avr5\libgcc.a(_clear_bss.o)

.debug_pubnames
 *(.debug_pubnames)

.debug_info     0x00000000     0x3cc5
 *(.debug_info)
 .debug_info    0x00000000      0x165 adc.o
 .debug_info    0x00000165      0x4d3 dac.o
 .debug_info    0x00000638      0x153 display.o
 .debug_info    0x0000078b      0x178 interrupts.o
 .debug_info    0x00000903       0x5e midi.o
 .debug_info    0x00000961      0x574 monapollo-firmware.o
 .debug_info    0x00000ed5      0x64f scan_pots_and_update_control_voltages.o
 .debug_info    0x00001524      0x313 spi.o
 .debug_info    0x00001837      0x6fd tune.o
 .debug_info    0x00001f34      0x23e xnormidi-develop/bytequeue/bytequeue.o
 .debug_info    0x00002172       0xc2 xnormidi-develop/bytequeue/interrupt_setting.o
 .debug_info    0x00002234      0xd19 xnormidi-develop/midi.o
 .debug_info    0x00002f4d      0x657 xnormidi-develop/midi_device.o
 .debug_info    0x000035a4      0x2d0 xnormidi-develop/sysex_tools.o
 .debug_info    0x00003874       0xdd c:/program files (x86)/atmel/atmel studio 6.0/extensions/atmel/avrgcc/3.4.1.95/avrtoolchain/bin/../lib/gcc/avr/4.6.2/avr5\libgcc.a(_udivmodhi4.o)
 .debug_info    0x00003951       0xdd c:/program files (x86)/atmel/atmel studio 6.0/extensions/atmel/avrgcc/3.4.1.95/avrtoolchain/bin/../lib/gcc/avr/4.6.2/avr5\libgcc.a(_divmodhi4.o)
 .debug_info    0x00003a2e       0xdd c:/program files (x86)/atmel/atmel studio 6.0/extensions/atmel/avrgcc/3.4.1.95/avrtoolchain/bin/../lib/gcc/avr/4.6.2/avr5\libgcc.a(_exit.o)
 .debug_info    0x00003b0b       0xdd c:/program files (x86)/atmel/atmel studio 6.0/extensions/atmel/avrgcc/3.4.1.95/avrtoolchain/bin/../lib/gcc/avr/4.6.2/avr5\libgcc.a(_copy_data.o)
 .debug_info    0x00003be8       0xdd c:/program files (x86)/atmel/atmel studio 6.0/extensions/atmel/avrgcc/3.4.1.95/avrtoolchain/bin/../lib/gcc/avr/4.6.2/avr5\libgcc.a(_clear_bss.o)
 *(.gnu.linkonce.wi.*)

.debug_abbrev   0x00000000      0xe65
 *(.debug_abbrev)
 .debug_abbrev  0x00000000       0xfe adc.o
 .debug_abbrev  0x000000fe      0x156 dac.o
 .debug_abbrev  0x00000254       0xc5 display.o
 .debug_abbrev  0x00000319       0x64 interrupts.o
 .debug_abbrev  0x0000037d       0x2a midi.o
 .debug_abbrev  0x000003a7      0x17d monapollo-firmware.o
 .debug_abbrev  0x00000524       0xf4 scan_pots_and_update_control_voltages.o
 .debug_abbrev  0x00000618      0x109 spi.o
 .debug_abbrev  0x00000721      0x124 tune.o
 .debug_abbrev  0x00000845      0x105 xnormidi-develop/bytequeue/bytequeue.o
 .debug_abbrev  0x0000094a       0x83 xnormidi-develop/bytequeue/interrupt_setting.o
 .debug_abbrev  0x000009cd      0x1b1 xnormidi-develop/midi.o
 .debug_abbrev  0x00000b7e      0x193 xnormidi-develop/midi_device.o
 .debug_abbrev  0x00000d11       0xf0 xnormidi-develop/sysex_tools.o
 .debug_abbrev  0x00000e01       0x14 c:/program files (x86)/atmel/atmel studio 6.0/extensions/atmel/avrgcc/3.4.1.95/avrtoolchain/bin/../lib/gcc/avr/4.6.2/avr5\libgcc.a(_udivmodhi4.o)
 .debug_abbrev  0x00000e15       0x14 c:/program files (x86)/atmel/atmel studio 6.0/extensions/atmel/avrgcc/3.4.1.95/avrtoolchain/bin/../lib/gcc/avr/4.6.2/avr5\libgcc.a(_divmodhi4.o)
 .debug_abbrev  0x00000e29       0x14 c:/program files (x86)/atmel/atmel studio 6.0/extensions/atmel/avrgcc/3.4.1.95/avrtoolchain/bin/../lib/gcc/avr/4.6.2/avr5\libgcc.a(_exit.o)
 .debug_abbrev  0x00000e3d       0x14 c:/program files (x86)/atmel/atmel studio 6.0/extensions/atmel/avrgcc/3.4.1.95/avrtoolchain/bin/../lib/gcc/avr/4.6.2/avr5\libgcc.a(_copy_data.o)
 .debug_abbrev  0x00000e51       0x14 c:/program files (x86)/atmel/atmel studio 6.0/extensions/atmel/avrgcc/3.4.1.95/avrtoolchain/bin/../lib/gcc/avr/4.6.2/avr5\libgcc.a(_clear_bss.o)

.debug_line     0x00000000     0x16f4
 *(.debug_line)
 .debug_line    0x00000000      0x188 adc.o
 .debug_line    0x00000188      0x1bf dac.o
 .debug_line    0x00000347       0xf2 display.o
 .debug_line    0x00000439       0xff interrupts.o
 .debug_line    0x00000538       0x1a midi.o
 .debug_line    0x00000552      0x1b4 monapollo-firmware.o
 .debug_line    0x00000706      0x149 scan_pots_and_update_control_voltages.o
 .debug_line    0x0000084f      0x219 spi.o
 .debug_line    0x00000a68      0x1de tune.o
 .debug_line    0x00000c46      0x132 xnormidi-develop/bytequeue/bytequeue.o
 .debug_line    0x00000d78      0x114 xnormidi-develop/bytequeue/interrupt_setting.o
 .debug_line    0x00000e8c      0x1f5 xnormidi-develop/midi.o
 .debug_line    0x00001081      0x211 xnormidi-develop/midi_device.o
 .debug_line    0x00001292      0x188 xnormidi-develop/sysex_tools.o
 .debug_line    0x0000141a       0x9a c:/program files (x86)/atmel/atmel studio 6.0/extensions/atmel/avrgcc/3.4.1.95/avrtoolchain/bin/../lib/gcc/avr/4.6.2/avr5\libgcc.a(_udivmodhi4.o)
 .debug_line    0x000014b4       0x99 c:/program files (x86)/atmel/atmel studio 6.0/extensions/atmel/avrgcc/3.4.1.95/avrtoolchain/bin/../lib/gcc/avr/4.6.2/avr5\libgcc.a(_divmodhi4.o)
 .debug_line    0x0000154d       0x88 c:/program files (x86)/atmel/atmel studio 6.0/extensions/atmel/avrgcc/3.4.1.95/avrtoolchain/bin/../lib/gcc/avr/4.6.2/avr5\libgcc.a(_exit.o)
 .debug_line    0x000015d5       0x91 c:/program files (x86)/atmel/atmel studio 6.0/extensions/atmel/avrgcc/3.4.1.95/avrtoolchain/bin/../lib/gcc/avr/4.6.2/avr5\libgcc.a(_copy_data.o)
 .debug_line    0x00001666       0x8e c:/program files (x86)/atmel/atmel studio 6.0/extensions/atmel/avrgcc/3.4.1.95/avrtoolchain/bin/../lib/gcc/avr/4.6.2/avr5\libgcc.a(_clear_bss.o)

.debug_frame    0x00000000      0x9fc
 *(.debug_frame)
 .debug_frame   0x00000000       0x34 adc.o
 .debug_frame   0x00000034       0x44 dac.o
 .debug_frame   0x00000078       0x54 display.o
 .debug_frame   0x000000cc       0x60 interrupts.o
 .debug_frame   0x0000012c       0xbc monapollo-firmware.o
 .debug_frame   0x000001e8       0x74 scan_pots_and_update_control_voltages.o
 .debug_frame   0x0000025c       0x48 spi.o
 .debug_frame   0x000002a4       0xf4 tune.o
 .debug_frame   0x00000398       0x90 xnormidi-develop/bytequeue/bytequeue.o
 .debug_frame   0x00000428       0x34 xnormidi-develop/bytequeue/interrupt_setting.o
 .debug_frame   0x0000045c      0x378 xnormidi-develop/midi.o
 .debug_frame   0x000007d4      0x12c xnormidi-develop/midi_device.o
 .debug_frame   0x00000900       0xfc xnormidi-develop/sysex_tools.o

.debug_str      0x00000000     0x113e
 *(.debug_str)
 .debug_str     0x00000000      0x137 adc.o
                                0x16b (size before relaxing)
 .debug_str     0x00000137      0x1c9 dac.o
                                0x318 (size before relaxing)
 .debug_str     0x00000300       0x48 display.o
                                0x12d (size before relaxing)
 .debug_str     0x00000348       0x98 interrupts.o
                                0x176 (size before relaxing)
 .debug_str     0x000003e0        0xc midi.o
                                 0xd9 (size before relaxing)
 .debug_str     0x000003ec      0x3c6 monapollo-firmware.o
                                0x4fa (size before relaxing)
 .debug_str     0x000007b2       0xcc scan_pots_and_update_control_voltages.o
                                0x3ac (size before relaxing)
 .debug_str     0x0000087e       0xf8 spi.o
                                0x243 (size before relaxing)
 .debug_str     0x00000976       0xb3 tune.o
                                0x3c6 (size before relaxing)
 .debug_str     0x00000a29       0xb9 xnormidi-develop/bytequeue/bytequeue.o
                                0x1d1 (size before relaxing)
 .debug_str     0x00000ae2       0x6b xnormidi-develop/bytequeue/interrupt_setting.o
                                0x15c (size before relaxing)
 .debug_str     0x00000b4d      0x437 xnormidi-develop/midi.o
                                0x83f (size before relaxing)
 .debug_str     0x00000f84       0xde xnormidi-develop/midi_device.o
                                0x4ff (size before relaxing)
 .debug_str     0x00001062       0xdc xnormidi-develop/sysex_tools.o
                                0x1df (size before relaxing)

.debug_loc      0x00000000     0x231a
 *(.debug_loc)
 .debug_loc     0x00000000       0x60 adc.o
 .debug_loc     0x00000060       0x72 dac.o
 .debug_loc     0x000000d2      0x15a display.o
 .debug_loc     0x0000022c       0x92 interrupts.o
 .debug_loc     0x000002be      0x15d monapollo-firmware.o
 .debug_loc     0x0000041b      0x19e scan_pots_and_update_control_voltages.o
 .debug_loc     0x000005b9       0x49 spi.o
 .debug_loc     0x00000602      0x557 tune.o
 .debug_loc     0x00000b59      0x229 xnormidi-develop/bytequeue/bytequeue.o
 .debug_loc     0x00000d82      0x963 xnormidi-develop/midi.o
 .debug_loc     0x000016e5      0x668 xnormidi-develop/midi_device.o
 .debug_loc     0x00001d4d      0x5cd xnormidi-develop/sysex_tools.o

.debug_macinfo
 *(.debug_macinfo)
OUTPUT(monapollo-firmware.elf elf32-avr)
LOAD linker stubs

.debug_ranges   0x00000000       0xc0
 .debug_ranges  0x00000000       0x30 scan_pots_and_update_control_voltages.o
 .debug_ranges  0x00000030       0x48 tune.o
 .debug_ranges  0x00000078       0x48 xnormidi-develop/sysex_tools.o
