Archive member included because of file (symbol)

c:/program files (x86)/atmel/atmel studio 6.0/extensions/atmel/avrgcc/3.4.1.95/avrtoolchain/bin/../lib/gcc/avr/4.6.2/avr5\libgcc.a(_udivmodhi4.o)
                              display.o (__udivmodhi4)
c:/program files (x86)/atmel/atmel studio 6.0/extensions/atmel/avrgcc/3.4.1.95/avrtoolchain/bin/../lib/gcc/avr/4.6.2/avr5\libgcc.a(_divmodhi4.o)
                              xnormidi-develop/bytequeue/bytequeue.o (__divmodhi4)
c:/program files (x86)/atmel/atmel studio 6.0/extensions/atmel/avrgcc/3.4.1.95/avrtoolchain/bin/../lib/gcc/avr/4.6.2/avr5\libgcc.a(_exit.o)
                              c:/program files (x86)/atmel/atmel studio 6.0/extensions/atmel/avrgcc/3.4.1.95/avrtoolchain/bin/../lib/gcc/avr/4.6.2/../../../../avr/lib/avr5/crtm6450a.o (exit)
c:/program files (x86)/atmel/atmel studio 6.0/extensions/atmel/avrgcc/3.4.1.95/avrtoolchain/bin/../lib/gcc/avr/4.6.2/avr5\libgcc.a(_copy_data.o)
                              adc.o (__do_copy_data)
c:/program files (x86)/atmel/atmel studio 6.0/extensions/atmel/avrgcc/3.4.1.95/avrtoolchain/bin/../lib/gcc/avr/4.6.2/avr5\libgcc.a(_clear_bss.o)
                              adc.o (__do_clear_bss)
c:/program files (x86)/atmel/atmel studio 6.0/extensions/atmel/avrgcc/3.4.1.95/avrtoolchain/bin/../lib/gcc/avr/4.6.2/../../../../avr/lib/avr5\libc.a(memcpy.o)
                              xnormidi-develop/midi.o (memcpy)

Allocating common symbols
Common symbol       size              file

midi_device         0xed              monapollo-firmware.o

Memory Configuration

Name             Origin             Length             Attributes
text             0x00000000         0x00020000         xr
data             0x00800060         0x0000ffa0         rw !x
eeprom           0x00810000         0x00010000         rw !x
fuse             0x00820000         0x00000400         rw !x
lock             0x00830000         0x00000400         rw !x
signature        0x00840000         0x00000400         rw !x
*default*        0x00000000         0xffffffff

Linker script and memory map

Address of section .data set to 0x800100
LOAD c:/program files (x86)/atmel/atmel studio 6.0/extensions/atmel/avrgcc/3.4.1.95/avrtoolchain/bin/../lib/gcc/avr/4.6.2/../../../../avr/lib/avr5/crtm6450a.o
LOAD adc.o
LOAD dac.o
LOAD display.o
LOAD midi.o
LOAD monapollo-firmware.o
LOAD scan_pots_and_update_control_voltages.o
LOAD spi.o
LOAD xnormidi-develop/bytequeue/bytequeue.o
LOAD xnormidi-develop/bytequeue/interrupt_setting.o
LOAD xnormidi-develop/midi.o
LOAD xnormidi-develop/midi_device.o
LOAD xnormidi-develop/sysex_tools.o
START GROUP
LOAD c:/program files (x86)/atmel/atmel studio 6.0/extensions/atmel/avrgcc/3.4.1.95/avrtoolchain/bin/../lib/gcc/avr/4.6.2/../../../../avr/lib/avr5\libm.a
END GROUP
LOAD c:/program files (x86)/atmel/atmel studio 6.0/extensions/atmel/avrgcc/3.4.1.95/avrtoolchain/bin/../lib/gcc/avr/4.6.2/avr5\libgcc.a
LOAD c:/program files (x86)/atmel/atmel studio 6.0/extensions/atmel/avrgcc/3.4.1.95/avrtoolchain/bin/../lib/gcc/avr/4.6.2/../../../../avr/lib/avr5\libc.a
LOAD c:/program files (x86)/atmel/atmel studio 6.0/extensions/atmel/avrgcc/3.4.1.95/avrtoolchain/bin/../lib/gcc/avr/4.6.2/avr5\libgcc.a

.hash
 *(.hash)

.dynsym
 *(.dynsym)

.dynstr
 *(.dynstr)

.gnu.version
 *(.gnu.version)

.gnu.version_d
 *(.gnu.version_d)

.gnu.version_r
 *(.gnu.version_r)

.rel.init
 *(.rel.init)

.rela.init
 *(.rela.init)

.rel.text
 *(.rel.text)
 *(.rel.text.*)
 *(.rel.gnu.linkonce.t*)

.rela.text
 *(.rela.text)
 *(.rela.text.*)
 *(.rela.gnu.linkonce.t*)

.rel.fini
 *(.rel.fini)

.rela.fini
 *(.rela.fini)

.rel.rodata
 *(.rel.rodata)
 *(.rel.rodata.*)
 *(.rel.gnu.linkonce.r*)

.rela.rodata
 *(.rela.rodata)
 *(.rela.rodata.*)
 *(.rela.gnu.linkonce.r*)

.rel.data
 *(.rel.data)
 *(.rel.data.*)
 *(.rel.gnu.linkonce.d*)

.rela.data
 *(.rela.data)
 *(.rela.data.*)
 *(.rela.gnu.linkonce.d*)

.rel.ctors
 *(.rel.ctors)

.rela.ctors
 *(.rela.ctors)

.rel.dtors
 *(.rel.dtors)

.rela.dtors
 *(.rela.dtors)

.rel.got
 *(.rel.got)

.rela.got
 *(.rela.got)

.rel.bss
 *(.rel.bss)

.rela.bss
 *(.rela.bss)

.rel.plt
 *(.rel.plt)

.rela.plt
 *(.rela.plt)

.text           0x00000000     0x16a2
 *(.vectors)
 .vectors       0x00000000       0x64 c:/program files (x86)/atmel/atmel studio 6.0/extensions/atmel/avrgcc/3.4.1.95/avrtoolchain/bin/../lib/gcc/avr/4.6.2/../../../../avr/lib/avr5/crtm6450a.o
                0x00000000                __vector_default
                0x00000000                __vectors
 *(.vectors)
 *(.progmem.gcc*)
 *(.progmem*)
                0x00000064                . = ALIGN (0x2)
                0x00000064                __trampolines_start = .
 *(.trampolines)
 .trampolines   0x00000064        0x0 linker stubs
 *(.trampolines*)
                0x00000064                __trampolines_end = .
 *(.jumptables)
 *(.jumptables*)
 *(.lowtext)
 *(.lowtext*)
                0x00000064                __ctors_start = .
 *(.ctors)
                0x00000064                __ctors_end = .
                0x00000064                __dtors_start = .
 *(.dtors)
                0x00000064                __dtors_end = .
 SORT(*)(.ctors)
 SORT(*)(.dtors)
 *(.init0)
 .init0         0x00000064        0x0 c:/program files (x86)/atmel/atmel studio 6.0/extensions/atmel/avrgcc/3.4.1.95/avrtoolchain/bin/../lib/gcc/avr/4.6.2/../../../../avr/lib/avr5/crtm6450a.o
                0x00000064                __init
 *(.init0)
 *(.init1)
 *(.init1)
 *(.init2)
 .init2         0x00000064        0xc c:/program files (x86)/atmel/atmel studio 6.0/extensions/atmel/avrgcc/3.4.1.95/avrtoolchain/bin/../lib/gcc/avr/4.6.2/../../../../avr/lib/avr5/crtm6450a.o
 *(.init2)
 *(.init3)
 *(.init3)
 *(.init4)
 .init4         0x00000070       0x16 c:/program files (x86)/atmel/atmel studio 6.0/extensions/atmel/avrgcc/3.4.1.95/avrtoolchain/bin/../lib/gcc/avr/4.6.2/avr5\libgcc.a(_copy_data.o)
                0x00000070                __do_copy_data
 .init4         0x00000086       0x10 c:/program files (x86)/atmel/atmel studio 6.0/extensions/atmel/avrgcc/3.4.1.95/avrtoolchain/bin/../lib/gcc/avr/4.6.2/avr5\libgcc.a(_clear_bss.o)
                0x00000086                __do_clear_bss
 *(.init4)
 *(.init5)
 *(.init5)
 *(.init6)
 *(.init6)
 *(.init7)
 *(.init7)
 *(.init8)
 *(.init8)
 *(.init9)
 .init9         0x00000096        0x8 c:/program files (x86)/atmel/atmel studio 6.0/extensions/atmel/avrgcc/3.4.1.95/avrtoolchain/bin/../lib/gcc/avr/4.6.2/../../../../avr/lib/avr5/crtm6450a.o
 *(.init9)
 *(.text)
 .text          0x0000009e        0x4 c:/program files (x86)/atmel/atmel studio 6.0/extensions/atmel/avrgcc/3.4.1.95/avrtoolchain/bin/../lib/gcc/avr/4.6.2/../../../../avr/lib/avr5/crtm6450a.o
                0x0000009e                __vector_22
                0x0000009e                __vector_1
                0x0000009e                __vector_24
                0x0000009e                __vector_12
                0x0000009e                __bad_interrupt
                0x0000009e                __vector_6
                0x0000009e                __vector_3
                0x0000009e                __vector_23
                0x0000009e                __vector_11
                0x0000009e                __vector_17
                0x0000009e                __vector_19
                0x0000009e                __vector_7
                0x0000009e                __vector_4
                0x0000009e                __vector_9
                0x0000009e                __vector_2
                0x0000009e                __vector_21
                0x0000009e                __vector_15
                0x0000009e                __vector_8
                0x0000009e                __vector_14
                0x0000009e                __vector_10
                0x0000009e                __vector_16
                0x0000009e                __vector_18
                0x0000009e                __vector_20
 .text          0x000000a2       0x7e adc.o
                0x000000a2                setup_adc
                0x000000c8                read_pot
 .text          0x00000120       0x74 dac.o
                0x00000120                setup_dac
                0x00000152                set_dac
 .text          0x00000194       0xe2 display.o
                0x00000194                display_dec
 .text          0x00000276        0x0 midi.o
 .text          0x00000276      0x1aa monapollo-firmware.o
                0x00000276                note_on_event
                0x0000028c                note_off_event
                0x00000290                setup_midi_usart
                0x000002a2                __vector_13
                0x0000030c                __vector_5
                0x0000039a                main
 .text          0x00000420      0x196 scan_pots_and_update_control_voltages.o
                0x00000420                scan_pots_and_update_control_voltages
 .text          0x000005b6      0x312 spi.o
                0x000005b6                setup_spi
                0x000005f4                update_spi
 .text          0x000008c8       0xec xnormidi-develop/bytequeue/bytequeue.o
                0x000008c8                bytequeue_init
                0x000008d6                bytequeue_enqueue
                0x00000934                bytequeue_length
                0x0000095e                bytequeue_get
                0x00000980                bytequeue_remove
 .text          0x000009b4        0xa xnormidi-develop/bytequeue/interrupt_setting.o
                0x000009b4                store_and_clear_interrupt
                0x000009ba                restore_interrupt_setting
 .text          0x000009be      0x416 xnormidi-develop/midi.o
                0x000009be                midi_is_statusbyte
                0x000009c6                midi_is_realtime
                0x000009d2                midi_packet_length
                0x00000a62                midi_send_cc
                0x00000a84                midi_send_noteon
                0x00000aa6                midi_send_noteoff
                0x00000ac8                midi_send_aftertouch
                0x00000aea                midi_send_pitchbend
                0x00000b38                midi_send_programchange
                0x00000b56                midi_send_channelpressure
                0x00000b74                midi_send_clock
                0x00000b8c                midi_send_tick
                0x00000ba4                midi_send_start
                0x00000bbc                midi_send_continue
                0x00000bd4                midi_send_stop
                0x00000bec                midi_send_activesense
                0x00000c04                midi_send_reset
                0x00000c1c                midi_send_tcquarterframe
                0x00000c36                midi_send_songposition
                0x00000c60                midi_send_songselect
                0x00000c7a                midi_send_tunerequest
                0x00000c92                midi_send_byte
                0x00000caa                midi_send_data
                0x00000cb8                midi_send_array
                0x00000d5c                midi_register_cc_callback
                0x00000d64                midi_register_noteon_callback
                0x00000d6c                midi_register_noteoff_callback
                0x00000d74                midi_register_aftertouch_callback
                0x00000d7c                midi_register_pitchbend_callback
                0x00000d84                midi_register_songposition_callback
                0x00000d8c                midi_register_progchange_callback
                0x00000d94                midi_register_chanpressure_callback
                0x00000d9c                midi_register_songselect_callback
                0x00000da4                midi_register_tc_quarterframe_callback
                0x00000dac                midi_register_realtime_callback
                0x00000db4                midi_register_tunerequest_callback
                0x00000dbc                midi_register_sysex_callback
                0x00000dc4                midi_register_fallthrough_callback
                0x00000dcc                midi_register_catchall_callback
 .text          0x00000dd4      0x52c xnormidi-develop/midi_device.o
                0x00000dd4                midi_device_init
                0x00000e36                midi_device_input
                0x00000e7c                midi_device_set_send_func
                0x00000e84                midi_device_set_pre_input_process_func
                0x00000e8c                midi_input_callbacks
                0x000010d4                midi_process_byte
                0x0000128a                midi_device_process
 .text          0x00001300      0x33e xnormidi-develop/sysex_tools.o
                0x00001300                sysex_encoded_length
                0x0000134a                sysex_decoded_length
                0x0000139a                sysex_encode
                0x00001514                sysex_decode
 .text          0x0000163e        0x0 c:/program files (x86)/atmel/atmel studio 6.0/extensions/atmel/avrgcc/3.4.1.95/avrtoolchain/bin/../lib/gcc/avr/4.6.2/avr5\libgcc.a(_udivmodhi4.o)
 .text          0x0000163e        0x0 c:/program files (x86)/atmel/atmel studio 6.0/extensions/atmel/avrgcc/3.4.1.95/avrtoolchain/bin/../lib/gcc/avr/4.6.2/avr5\libgcc.a(_divmodhi4.o)
 .text          0x0000163e        0x0 c:/program files (x86)/atmel/atmel studio 6.0/extensions/atmel/avrgcc/3.4.1.95/avrtoolchain/bin/../lib/gcc/avr/4.6.2/avr5\libgcc.a(_exit.o)
 .text          0x0000163e        0x0 c:/program files (x86)/atmel/atmel studio 6.0/extensions/atmel/avrgcc/3.4.1.95/avrtoolchain/bin/../lib/gcc/avr/4.6.2/avr5\libgcc.a(_copy_data.o)
 .text          0x0000163e        0x0 c:/program files (x86)/atmel/atmel studio 6.0/extensions/atmel/avrgcc/3.4.1.95/avrtoolchain/bin/../lib/gcc/avr/4.6.2/avr5\libgcc.a(_clear_bss.o)
 .text          0x0000163e        0x0 c:/program files (x86)/atmel/atmel studio 6.0/extensions/atmel/avrgcc/3.4.1.95/avrtoolchain/bin/../lib/gcc/avr/4.6.2/../../../../avr/lib/avr5\libc.a(memcpy.o)
                0x0000163e                . = ALIGN (0x2)
 *(.text.*)
 .text.libgcc   0x0000163e       0x28 c:/program files (x86)/atmel/atmel studio 6.0/extensions/atmel/avrgcc/3.4.1.95/avrtoolchain/bin/../lib/gcc/avr/4.6.2/avr5\libgcc.a(_udivmodhi4.o)
                0x0000163e                __udivmodhi4
 .text.libgcc   0x00001666       0x26 c:/program files (x86)/atmel/atmel studio 6.0/extensions/atmel/avrgcc/3.4.1.95/avrtoolchain/bin/../lib/gcc/avr/4.6.2/avr5\libgcc.a(_divmodhi4.o)
                0x00001666                _div
                0x00001666                __divmodhi4
 .text.libgcc   0x0000168c        0x0 c:/program files (x86)/atmel/atmel studio 6.0/extensions/atmel/avrgcc/3.4.1.95/avrtoolchain/bin/../lib/gcc/avr/4.6.2/avr5\libgcc.a(_exit.o)
 .text.libgcc   0x0000168c        0x0 c:/program files (x86)/atmel/atmel studio 6.0/extensions/atmel/avrgcc/3.4.1.95/avrtoolchain/bin/../lib/gcc/avr/4.6.2/avr5\libgcc.a(_copy_data.o)
 .text.libgcc   0x0000168c        0x0 c:/program files (x86)/atmel/atmel studio 6.0/extensions/atmel/avrgcc/3.4.1.95/avrtoolchain/bin/../lib/gcc/avr/4.6.2/avr5\libgcc.a(_clear_bss.o)
 .text.avr-libc
                0x0000168c       0x12 c:/program files (x86)/atmel/atmel studio 6.0/extensions/atmel/avrgcc/3.4.1.95/avrtoolchain/bin/../lib/gcc/avr/4.6.2/../../../../avr/lib/avr5\libc.a(memcpy.o)
                0x0000168c                memcpy
                0x0000169e                . = ALIGN (0x2)
 *(.fini9)
 .fini9         0x0000169e        0x0 c:/program files (x86)/atmel/atmel studio 6.0/extensions/atmel/avrgcc/3.4.1.95/avrtoolchain/bin/../lib/gcc/avr/4.6.2/avr5\libgcc.a(_exit.o)
                0x0000169e                _exit
                0x0000169e                exit
 *(.fini9)
 *(.fini8)
 *(.fini8)
 *(.fini7)
 *(.fini7)
 *(.fini6)
 *(.fini6)
 *(.fini5)
 *(.fini5)
 *(.fini4)
 *(.fini4)
 *(.fini3)
 *(.fini3)
 *(.fini2)
 *(.fini2)
 *(.fini1)
 *(.fini1)
 *(.fini0)
 .fini0         0x0000169e        0x4 c:/program files (x86)/atmel/atmel studio 6.0/extensions/atmel/avrgcc/3.4.1.95/avrtoolchain/bin/../lib/gcc/avr/4.6.2/avr5\libgcc.a(_exit.o)
 *(.fini0)
                0x000016a2                _etext = .

.data           0x00800100       0x4e load address 0x000016a2
                0x00800100                PROVIDE (__data_start, .)
 *(.data)
 .data          0x00800100        0x0 c:/program files (x86)/atmel/atmel studio 6.0/extensions/atmel/avrgcc/3.4.1.95/avrtoolchain/bin/../lib/gcc/avr/4.6.2/../../../../avr/lib/avr5/crtm6450a.o
 .data          0x00800100        0x0 adc.o
 .data          0x00800100        0x0 dac.o
 .data          0x00800100        0xa display.o
 .data          0x0080010a        0x0 midi.o
 .data          0x0080010a        0x6 monapollo-firmware.o
                0x0080010a                digit
                0x0080010e                value_to_display
 .data          0x00800110       0x3e scan_pots_and_update_control_voltages.o
                0x00800110                dac_pot_decoder_1
                0x0080012e                dac_pot_decoder_0
 .data          0x0080014e        0x0 spi.o
 .data          0x0080014e        0x0 xnormidi-develop/bytequeue/bytequeue.o
 .data          0x0080014e        0x0 xnormidi-develop/bytequeue/interrupt_setting.o
 .data          0x0080014e        0x0 xnormidi-develop/midi.o
 .data          0x0080014e        0x0 xnormidi-develop/midi_device.o
 .data          0x0080014e        0x0 xnormidi-develop/sysex_tools.o
 .data          0x0080014e        0x0 c:/program files (x86)/atmel/atmel studio 6.0/extensions/atmel/avrgcc/3.4.1.95/avrtoolchain/bin/../lib/gcc/avr/4.6.2/avr5\libgcc.a(_udivmodhi4.o)
 .data          0x0080014e        0x0 c:/program files (x86)/atmel/atmel studio 6.0/extensions/atmel/avrgcc/3.4.1.95/avrtoolchain/bin/../lib/gcc/avr/4.6.2/avr5\libgcc.a(_divmodhi4.o)
 .data          0x0080014e        0x0 c:/program files (x86)/atmel/atmel studio 6.0/extensions/atmel/avrgcc/3.4.1.95/avrtoolchain/bin/../lib/gcc/avr/4.6.2/avr5\libgcc.a(_exit.o)
 .data          0x0080014e        0x0 c:/program files (x86)/atmel/atmel studio 6.0/extensions/atmel/avrgcc/3.4.1.95/avrtoolchain/bin/../lib/gcc/avr/4.6.2/avr5\libgcc.a(_copy_data.o)
 .data          0x0080014e        0x0 c:/program files (x86)/atmel/atmel studio 6.0/extensions/atmel/avrgcc/3.4.1.95/avrtoolchain/bin/../lib/gcc/avr/4.6.2/avr5\libgcc.a(_clear_bss.o)
 .data          0x0080014e        0x0 c:/program files (x86)/atmel/atmel studio 6.0/extensions/atmel/avrgcc/3.4.1.95/avrtoolchain/bin/../lib/gcc/avr/4.6.2/../../../../avr/lib/avr5\libc.a(memcpy.o)
 *(.data*)
 *(.rodata)
 *(.rodata*)
 *(.gnu.linkonce.d*)
                0x0080014e                . = ALIGN (0x2)
                0x0080014e                _edata = .
                0x0080014e                PROVIDE (__data_end, .)

.bss            0x0080014e      0x104
                0x0080014e                PROVIDE (__bss_start, .)
 *(.bss)
 .bss           0x0080014e        0x0 c:/program files (x86)/atmel/atmel studio 6.0/extensions/atmel/avrgcc/3.4.1.95/avrtoolchain/bin/../lib/gcc/avr/4.6.2/../../../../avr/lib/avr5/crtm6450a.o
 .bss           0x0080014e        0x0 adc.o
 .bss           0x0080014e        0x0 dac.o
 .bss           0x0080014e        0x0 display.o
 .bss           0x0080014e        0x0 midi.o
 .bss           0x0080014e        0x2 monapollo-firmware.o
                0x0080014e                place
                0x0080014f                switch_timer
 .bss           0x00800150        0x6 scan_pots_and_update_control_voltages.o
                0x00800150                tune_offset
                0x00800152                adc_value
                0x00800154                adc_previous
 .bss           0x00800156        0xf spi.o
                0x00800156                sw_latch_one
                0x00800157                sw_latch_two
                0x00800158                sw_latch_three
                0x00800159                sw_latch_four
                0x0080015a                sw_latch_five
                0x0080015b                spi_sw_previous_state
                0x0080015c                spi_sw_current_state
                0x0080015d                current_sw_state
                0x0080015e                previous_sw_state
                0x0080015f                ISW8_SW_ON
                0x00800160                ISW4_SW_ON
                0x00800161                ISW13_SW_ON
                0x00800162                ISW12_SW_ON
                0x00800163                ISW11_SW_ON
                0x00800164                ISW9_SW_ON
 .bss           0x00800165        0x0 xnormidi-develop/bytequeue/bytequeue.o
 .bss           0x00800165        0x0 xnormidi-develop/bytequeue/interrupt_setting.o
 .bss           0x00800165        0x0 xnormidi-develop/midi.o
 .bss           0x00800165        0x0 xnormidi-develop/midi_device.o
 .bss           0x00800165        0x0 xnormidi-develop/sysex_tools.o
 .bss           0x00800165        0x0 c:/program files (x86)/atmel/atmel studio 6.0/extensions/atmel/avrgcc/3.4.1.95/avrtoolchain/bin/../lib/gcc/avr/4.6.2/avr5\libgcc.a(_udivmodhi4.o)
 .bss           0x00800165        0x0 c:/program files (x86)/atmel/atmel studio 6.0/extensions/atmel/avrgcc/3.4.1.95/avrtoolchain/bin/../lib/gcc/avr/4.6.2/avr5\libgcc.a(_divmodhi4.o)
 .bss           0x00800165        0x0 c:/program files (x86)/atmel/atmel studio 6.0/extensions/atmel/avrgcc/3.4.1.95/avrtoolchain/bin/../lib/gcc/avr/4.6.2/avr5\libgcc.a(_exit.o)
 .bss           0x00800165        0x0 c:/program files (x86)/atmel/atmel studio 6.0/extensions/atmel/avrgcc/3.4.1.95/avrtoolchain/bin/../lib/gcc/avr/4.6.2/avr5\libgcc.a(_copy_data.o)
 .bss           0x00800165        0x0 c:/program files (x86)/atmel/atmel studio 6.0/extensions/atmel/avrgcc/3.4.1.95/avrtoolchain/bin/../lib/gcc/avr/4.6.2/avr5\libgcc.a(_clear_bss.o)
 .bss           0x00800165        0x0 c:/program files (x86)/atmel/atmel studio 6.0/extensions/atmel/avrgcc/3.4.1.95/avrtoolchain/bin/../lib/gcc/avr/4.6.2/../../../../avr/lib/avr5\libc.a(memcpy.o)
 *(.bss*)
 *(COMMON)
 COMMON         0x00800165       0xed monapollo-firmware.o
                0x00800165                midi_device
                0x00800252                PROVIDE (__bss_end, .)
                0x000016a2                __data_load_start = LOADADDR (.data)
                0x000016f0                __data_load_end = (__data_load_start + SIZEOF (.data))

.noinit         0x00800252        0x0
                0x00800252                PROVIDE (__noinit_start, .)
 *(.noinit*)
                0x00800252                PROVIDE (__noinit_end, .)
                0x00800252                _end = .
                0x00800252                PROVIDE (__heap_start, .)

.eeprom         0x00810000        0x0
 *(.eeprom*)
                0x00810000                __eeprom_end = .

.fuse
 *(.fuse)
 *(.lfuse)
 *(.hfuse)
 *(.efuse)

.lock
 *(.lock*)

.signature
 *(.signature*)

.stab           0x00000000      0x750
 *(.stab)
 .stab          0x00000000      0x6cc c:/program files (x86)/atmel/atmel studio 6.0/extensions/atmel/avrgcc/3.4.1.95/avrtoolchain/bin/../lib/gcc/avr/4.6.2/../../../../avr/lib/avr5/crtm6450a.o
 .stab          0x000006cc       0x84 c:/program files (x86)/atmel/atmel studio 6.0/extensions/atmel/avrgcc/3.4.1.95/avrtoolchain/bin/../lib/gcc/avr/4.6.2/../../../../avr/lib/avr5\libc.a(memcpy.o)
                                 0x90 (size before relaxing)

.stabstr        0x00000000       0xe7
 *(.stabstr)
 .stabstr       0x00000000       0xe7 c:/program files (x86)/atmel/atmel studio 6.0/extensions/atmel/avrgcc/3.4.1.95/avrtoolchain/bin/../lib/gcc/avr/4.6.2/../../../../avr/lib/avr5/crtm6450a.o

.stab.excl
 *(.stab.excl)

.stab.exclstr
 *(.stab.exclstr)

.stab.index
 *(.stab.index)

.stab.indexstr
 *(.stab.indexstr)

.comment
 *(.comment)

.debug
 *(.debug)

.line
 *(.line)

.debug_srcinfo
 *(.debug_srcinfo)

.debug_sfnames
 *(.debug_sfnames)

.debug_aranges  0x00000000      0x200
 *(.debug_aranges)
 .debug_aranges
                0x00000000       0x20 adc.o
 .debug_aranges
                0x00000020       0x20 dac.o
 .debug_aranges
                0x00000040       0x20 display.o
 .debug_aranges
                0x00000060       0x20 monapollo-firmware.o
 .debug_aranges
                0x00000080       0x20 scan_pots_and_update_control_voltages.o
 .debug_aranges
                0x000000a0       0x20 spi.o
 .debug_aranges
                0x000000c0       0x20 xnormidi-develop/bytequeue/bytequeue.o
 .debug_aranges
                0x000000e0       0x20 xnormidi-develop/bytequeue/interrupt_setting.o
 .debug_aranges
                0x00000100       0x20 xnormidi-develop/midi.o
 .debug_aranges
                0x00000120       0x20 xnormidi-develop/midi_device.o
 .debug_aranges
                0x00000140       0x20 xnormidi-develop/sysex_tools.o
 .debug_aranges
                0x00000160       0x20 c:/program files (x86)/atmel/atmel studio 6.0/extensions/atmel/avrgcc/3.4.1.95/avrtoolchain/bin/../lib/gcc/avr/4.6.2/avr5\libgcc.a(_udivmodhi4.o)
 .debug_aranges
                0x00000180       0x20 c:/program files (x86)/atmel/atmel studio 6.0/extensions/atmel/avrgcc/3.4.1.95/avrtoolchain/bin/../lib/gcc/avr/4.6.2/avr5\libgcc.a(_divmodhi4.o)
 .debug_aranges
                0x000001a0       0x20 c:/program files (x86)/atmel/atmel studio 6.0/extensions/atmel/avrgcc/3.4.1.95/avrtoolchain/bin/../lib/gcc/avr/4.6.2/avr5\libgcc.a(_exit.o)
 .debug_aranges
                0x000001c0       0x20 c:/program files (x86)/atmel/atmel studio 6.0/extensions/atmel/avrgcc/3.4.1.95/avrtoolchain/bin/../lib/gcc/avr/4.6.2/avr5\libgcc.a(_copy_data.o)
 .debug_aranges
                0x000001e0       0x20 c:/program files (x86)/atmel/atmel studio 6.0/extensions/atmel/avrgcc/3.4.1.95/avrtoolchain/bin/../lib/gcc/avr/4.6.2/avr5\libgcc.a(_clear_bss.o)

.debug_pubnames
 *(.debug_pubnames)

.debug_info     0x00000000     0x2b99
 *(.debug_info)
 .debug_info    0x00000000      0x165 adc.o
 .debug_info    0x00000165      0x19e dac.o
 .debug_info    0x00000303       0xd5 display.o
 .debug_info    0x000003d8       0x5e midi.o
 .debug_info    0x00000436      0x55b monapollo-firmware.o
 .debug_info    0x00000991      0x1a8 scan_pots_and_update_control_voltages.o
 .debug_info    0x00000b39      0x2cf spi.o
 .debug_info    0x00000e08      0x23e xnormidi-develop/bytequeue/bytequeue.o
 .debug_info    0x00001046       0xc2 xnormidi-develop/bytequeue/interrupt_setting.o
 .debug_info    0x00001108      0xd19 xnormidi-develop/midi.o
 .debug_info    0x00001e21      0x657 xnormidi-develop/midi_device.o
 .debug_info    0x00002478      0x2d0 xnormidi-develop/sysex_tools.o
 .debug_info    0x00002748       0xdd c:/program files (x86)/atmel/atmel studio 6.0/extensions/atmel/avrgcc/3.4.1.95/avrtoolchain/bin/../lib/gcc/avr/4.6.2/avr5\libgcc.a(_udivmodhi4.o)
 .debug_info    0x00002825       0xdd c:/program files (x86)/atmel/atmel studio 6.0/extensions/atmel/avrgcc/3.4.1.95/avrtoolchain/bin/../lib/gcc/avr/4.6.2/avr5\libgcc.a(_divmodhi4.o)
 .debug_info    0x00002902       0xdd c:/program files (x86)/atmel/atmel studio 6.0/extensions/atmel/avrgcc/3.4.1.95/avrtoolchain/bin/../lib/gcc/avr/4.6.2/avr5\libgcc.a(_exit.o)
 .debug_info    0x000029df       0xdd c:/program files (x86)/atmel/atmel studio 6.0/extensions/atmel/avrgcc/3.4.1.95/avrtoolchain/bin/../lib/gcc/avr/4.6.2/avr5\libgcc.a(_copy_data.o)
 .debug_info    0x00002abc       0xdd c:/program files (x86)/atmel/atmel studio 6.0/extensions/atmel/avrgcc/3.4.1.95/avrtoolchain/bin/../lib/gcc/avr/4.6.2/avr5\libgcc.a(_clear_bss.o)
 *(.gnu.linkonce.wi.*)

.debug_abbrev   0x00000000      0xbff
 *(.debug_abbrev)
 .debug_abbrev  0x00000000       0xfe adc.o
 .debug_abbrev  0x000000fe       0xfe dac.o
 .debug_abbrev  0x000001fc       0x8b display.o
 .debug_abbrev  0x00000287       0x2a midi.o
 .debug_abbrev  0x000002b1      0x163 monapollo-firmware.o
 .debug_abbrev  0x00000414       0xc2 scan_pots_and_update_control_voltages.o
 .debug_abbrev  0x000004d6      0x109 spi.o
 .debug_abbrev  0x000005df      0x105 xnormidi-develop/bytequeue/bytequeue.o
 .debug_abbrev  0x000006e4       0x83 xnormidi-develop/bytequeue/interrupt_setting.o
 .debug_abbrev  0x00000767      0x1b1 xnormidi-develop/midi.o
 .debug_abbrev  0x00000918      0x193 xnormidi-develop/midi_device.o
 .debug_abbrev  0x00000aab       0xf0 xnormidi-develop/sysex_tools.o
 .debug_abbrev  0x00000b9b       0x14 c:/program files (x86)/atmel/atmel studio 6.0/extensions/atmel/avrgcc/3.4.1.95/avrtoolchain/bin/../lib/gcc/avr/4.6.2/avr5\libgcc.a(_udivmodhi4.o)
 .debug_abbrev  0x00000baf       0x14 c:/program files (x86)/atmel/atmel studio 6.0/extensions/atmel/avrgcc/3.4.1.95/avrtoolchain/bin/../lib/gcc/avr/4.6.2/avr5\libgcc.a(_divmodhi4.o)
 .debug_abbrev  0x00000bc3       0x14 c:/program files (x86)/atmel/atmel studio 6.0/extensions/atmel/avrgcc/3.4.1.95/avrtoolchain/bin/../lib/gcc/avr/4.6.2/avr5\libgcc.a(_exit.o)
 .debug_abbrev  0x00000bd7       0x14 c:/program files (x86)/atmel/atmel studio 6.0/extensions/atmel/avrgcc/3.4.1.95/avrtoolchain/bin/../lib/gcc/avr/4.6.2/avr5\libgcc.a(_copy_data.o)
 .debug_abbrev  0x00000beb       0x14 c:/program files (x86)/atmel/atmel studio 6.0/extensions/atmel/avrgcc/3.4.1.95/avrtoolchain/bin/../lib/gcc/avr/4.6.2/avr5\libgcc.a(_clear_bss.o)

.debug_line     0x00000000     0x137d
 *(.debug_line)
 .debug_line    0x00000000      0x188 adc.o
 .debug_line    0x00000188      0x197 dac.o
 .debug_line    0x0000031f       0xe7 display.o
 .debug_line    0x00000406       0x1a midi.o
 .debug_line    0x00000420      0x189 monapollo-firmware.o
 .debug_line    0x000005a9      0x130 scan_pots_and_update_control_voltages.o
 .debug_line    0x000006d9      0x1f6 spi.o
 .debug_line    0x000008cf      0x132 xnormidi-develop/bytequeue/bytequeue.o
 .debug_line    0x00000a01      0x114 xnormidi-develop/bytequeue/interrupt_setting.o
 .debug_line    0x00000b15      0x1f5 xnormidi-develop/midi.o
 .debug_line    0x00000d0a      0x211 xnormidi-develop/midi_device.o
 .debug_line    0x00000f1b      0x188 xnormidi-develop/sysex_tools.o
 .debug_line    0x000010a3       0x9a c:/program files (x86)/atmel/atmel studio 6.0/extensions/atmel/avrgcc/3.4.1.95/avrtoolchain/bin/../lib/gcc/avr/4.6.2/avr5\libgcc.a(_udivmodhi4.o)
 .debug_line    0x0000113d       0x99 c:/program files (x86)/atmel/atmel studio 6.0/extensions/atmel/avrgcc/3.4.1.95/avrtoolchain/bin/../lib/gcc/avr/4.6.2/avr5\libgcc.a(_divmodhi4.o)
 .debug_line    0x000011d6       0x88 c:/program files (x86)/atmel/atmel studio 6.0/extensions/atmel/avrgcc/3.4.1.95/avrtoolchain/bin/../lib/gcc/avr/4.6.2/avr5\libgcc.a(_exit.o)
 .debug_line    0x0000125e       0x91 c:/program files (x86)/atmel/atmel studio 6.0/extensions/atmel/avrgcc/3.4.1.95/avrtoolchain/bin/../lib/gcc/avr/4.6.2/avr5\libgcc.a(_copy_data.o)
 .debug_line    0x000012ef       0x8e c:/program files (x86)/atmel/atmel studio 6.0/extensions/atmel/avrgcc/3.4.1.95/avrtoolchain/bin/../lib/gcc/avr/4.6.2/avr5\libgcc.a(_clear_bss.o)

.debug_frame    0x00000000      0x8bc
 *(.debug_frame)
 .debug_frame   0x00000000       0x34 adc.o
 .debug_frame   0x00000034       0x34 dac.o
 .debug_frame   0x00000068       0x34 display.o
 .debug_frame   0x0000009c      0x114 monapollo-firmware.o
 .debug_frame   0x000001b0       0x60 scan_pots_and_update_control_voltages.o
 .debug_frame   0x00000210       0x48 spi.o
 .debug_frame   0x00000258       0x90 xnormidi-develop/bytequeue/bytequeue.o
 .debug_frame   0x000002e8       0x34 xnormidi-develop/bytequeue/interrupt_setting.o
 .debug_frame   0x0000031c      0x378 xnormidi-develop/midi.o
 .debug_frame   0x00000694      0x12c xnormidi-develop/midi_device.o
 .debug_frame   0x000007c0       0xfc xnormidi-develop/sysex_tools.o

.debug_str      0x00000000      0xde2
 *(.debug_str)
 .debug_str     0x00000000      0x137 adc.o
                                0x16b (size before relaxing)
 .debug_str     0x00000137       0x2d dac.o
                                0x16c (size before relaxing)
 .debug_str     0x00000164       0x35 display.o
                                0x113 (size before relaxing)
 .debug_str     0x00000199        0xc midi.o
                                 0xd9 (size before relaxing)
 .debug_str     0x000001a5      0x3b1 monapollo-firmware.o
                                0x4c4 (size before relaxing)
 .debug_str     0x00000556       0x7f scan_pots_and_update_control_voltages.o
                                0x183 (size before relaxing)
 .debug_str     0x000005d5       0xf8 spi.o
                                0x220 (size before relaxing)
 .debug_str     0x000006cd       0xb9 xnormidi-develop/bytequeue/bytequeue.o
                                0x1d1 (size before relaxing)
 .debug_str     0x00000786       0x6b xnormidi-develop/bytequeue/interrupt_setting.o
                                0x15c (size before relaxing)
 .debug_str     0x000007f1      0x437 xnormidi-develop/midi.o
                                0x83f (size before relaxing)
 .debug_str     0x00000c28       0xde xnormidi-develop/midi_device.o
                                0x4ff (size before relaxing)
 .debug_str     0x00000d06       0xdc xnormidi-develop/sysex_tools.o
                                0x1df (size before relaxing)

.debug_loc      0x00000000     0x1ca6
 *(.debug_loc)
 .debug_loc     0x00000000       0x60 adc.o
 .debug_loc     0x00000060       0x4a dac.o
 .debug_loc     0x000000aa       0xe7 display.o
 .debug_loc     0x00000191      0x1e8 monapollo-firmware.o
 .debug_loc     0x00000379      0x123 scan_pots_and_update_control_voltages.o
 .debug_loc     0x0000049c       0x49 spi.o
 .debug_loc     0x000004e5      0x229 xnormidi-develop/bytequeue/bytequeue.o
 .debug_loc     0x0000070e      0x963 xnormidi-develop/midi.o
 .debug_loc     0x00001071      0x668 xnormidi-develop/midi_device.o
 .debug_loc     0x000016d9      0x5cd xnormidi-develop/sysex_tools.o

.debug_macinfo
 *(.debug_macinfo)
OUTPUT(monapollo-firmware.elf elf32-avr)
LOAD linker stubs

.debug_ranges   0x00000000       0x60
 .debug_ranges  0x00000000       0x18 scan_pots_and_update_control_voltages.o
 .debug_ranges  0x00000018       0x48 xnormidi-develop/sysex_tools.o
