Archive member included because of file (symbol)

c:/program files (x86)/atmel/atmel studio 6.0/extensions/atmel/avrgcc/3.4.1.95/avrtoolchain/bin/../lib/gcc/avr/4.6.2/avr5\libgcc.a(_mulsi3.o)
                              scan_pots_and_update_control_voltages.o (__mulsi3)
c:/program files (x86)/atmel/atmel studio 6.0/extensions/atmel/avrgcc/3.4.1.95/avrtoolchain/bin/../lib/gcc/avr/4.6.2/avr5\libgcc.a(_udivmodhi4.o)
                              display.o (__udivmodhi4)
c:/program files (x86)/atmel/atmel studio 6.0/extensions/atmel/avrgcc/3.4.1.95/avrtoolchain/bin/../lib/gcc/avr/4.6.2/avr5\libgcc.a(_divmodhi4.o)
                              xnormidi-develop/bytequeue/bytequeue.o (__divmodhi4)
c:/program files (x86)/atmel/atmel studio 6.0/extensions/atmel/avrgcc/3.4.1.95/avrtoolchain/bin/../lib/gcc/avr/4.6.2/avr5\libgcc.a(_exit.o)
                              c:/program files (x86)/atmel/atmel studio 6.0/extensions/atmel/avrgcc/3.4.1.95/avrtoolchain/bin/../lib/gcc/avr/4.6.2/../../../../avr/lib/avr5/crtm6450a.o (exit)
c:/program files (x86)/atmel/atmel studio 6.0/extensions/atmel/avrgcc/3.4.1.95/avrtoolchain/bin/../lib/gcc/avr/4.6.2/avr5\libgcc.a(_copy_data.o)
                              adc.o (__do_copy_data)
c:/program files (x86)/atmel/atmel studio 6.0/extensions/atmel/avrgcc/3.4.1.95/avrtoolchain/bin/../lib/gcc/avr/4.6.2/avr5\libgcc.a(_clear_bss.o)
                              adc.o (__do_clear_bss)
c:/program files (x86)/atmel/atmel studio 6.0/extensions/atmel/avrgcc/3.4.1.95/avrtoolchain/bin/../lib/gcc/avr/4.6.2/../../../../avr/lib/avr5\libc.a(memcpy.o)
                              xnormidi-develop/midi.o (memcpy)
c:/program files (x86)/atmel/atmel studio 6.0/extensions/atmel/avrgcc/3.4.1.95/avrtoolchain/bin/../lib/gcc/avr/4.6.2/../../../../avr/lib/avr5\libc.a(memmove.o)
                              assigner.o (memmove)
c:/program files (x86)/atmel/atmel studio 6.0/extensions/atmel/avrgcc/3.4.1.95/avrtoolchain/bin/../lib/gcc/avr/4.6.2/../../../../avr/lib/avr5\libc.a(eerd_block_atmega6450a.o)
                              tune.o (__eerd_block_m6450a)
c:/program files (x86)/atmel/atmel studio 6.0/extensions/atmel/avrgcc/3.4.1.95/avrtoolchain/bin/../lib/gcc/avr/4.6.2/../../../../avr/lib/avr5\libc.a(eerd_word_atmega6450a.o)
                              tune.o (__eerd_word_m6450a)
c:/program files (x86)/atmel/atmel studio 6.0/extensions/atmel/avrgcc/3.4.1.95/avrtoolchain/bin/../lib/gcc/avr/4.6.2/../../../../avr/lib/avr5\libc.a(eeupd_block_atmega6450a.o)
                              tune.o (__eeupd_block_m6450a)
c:/program files (x86)/atmel/atmel studio 6.0/extensions/atmel/avrgcc/3.4.1.95/avrtoolchain/bin/../lib/gcc/avr/4.6.2/../../../../avr/lib/avr5\libc.a(eeupd_byte_atmega6450a.o)
                              c:/program files (x86)/atmel/atmel studio 6.0/extensions/atmel/avrgcc/3.4.1.95/avrtoolchain/bin/../lib/gcc/avr/4.6.2/../../../../avr/lib/avr5\libc.a(eeupd_block_atmega6450a.o) (__eeupd_r18_m6450a)
c:/program files (x86)/atmel/atmel studio 6.0/extensions/atmel/avrgcc/3.4.1.95/avrtoolchain/bin/../lib/gcc/avr/4.6.2/../../../../avr/lib/avr5\libc.a(eeupd_word_atmega6450a.o)
                              tune.o (__eeupd_word_m6450a)

Allocating common symbols
Common symbol       size              file

midi_device         0xed              monapollo-firmware.o

Memory Configuration

Name             Origin             Length             Attributes
text             0x00000000         0x00020000         xr
data             0x00800060         0x0000ffa0         rw !x
eeprom           0x00810000         0x00010000         rw !x
fuse             0x00820000         0x00000400         rw !x
lock             0x00830000         0x00000400         rw !x
signature        0x00840000         0x00000400         rw !x
*default*        0x00000000         0xffffffff

Linker script and memory map

Address of section .data set to 0x800100
LOAD c:/program files (x86)/atmel/atmel studio 6.0/extensions/atmel/avrgcc/3.4.1.95/avrtoolchain/bin/../lib/gcc/avr/4.6.2/../../../../avr/lib/avr5/crtm6450a.o
LOAD adc.o
LOAD assigner.o
LOAD dac.o
LOAD display.o
LOAD interrupts.o
LOAD midi.o
LOAD monapollo-firmware.o
LOAD scan_pots_and_update_control_voltages.o
LOAD spi.o
LOAD synth.o
LOAD tune.o
LOAD utils.o
LOAD xnormidi-develop/bytequeue/bytequeue.o
LOAD xnormidi-develop/bytequeue/interrupt_setting.o
LOAD xnormidi-develop/midi.o
LOAD xnormidi-develop/midi_device.o
LOAD xnormidi-develop/sysex_tools.o
START GROUP
LOAD c:/program files (x86)/atmel/atmel studio 6.0/extensions/atmel/avrgcc/3.4.1.95/avrtoolchain/bin/../lib/gcc/avr/4.6.2/../../../../avr/lib/avr5\libm.a
END GROUP
LOAD c:/program files (x86)/atmel/atmel studio 6.0/extensions/atmel/avrgcc/3.4.1.95/avrtoolchain/bin/../lib/gcc/avr/4.6.2/avr5\libgcc.a
LOAD c:/program files (x86)/atmel/atmel studio 6.0/extensions/atmel/avrgcc/3.4.1.95/avrtoolchain/bin/../lib/gcc/avr/4.6.2/../../../../avr/lib/avr5\libc.a
LOAD c:/program files (x86)/atmel/atmel studio 6.0/extensions/atmel/avrgcc/3.4.1.95/avrtoolchain/bin/../lib/gcc/avr/4.6.2/avr5\libgcc.a

.hash
 *(.hash)

.dynsym
 *(.dynsym)

.dynstr
 *(.dynstr)

.gnu.version
 *(.gnu.version)

.gnu.version_d
 *(.gnu.version_d)

.gnu.version_r
 *(.gnu.version_r)

.rel.init
 *(.rel.init)

.rela.init
 *(.rela.init)

.rel.text
 *(.rel.text)
 *(.rel.text.*)
 *(.rel.gnu.linkonce.t*)

.rela.text
 *(.rela.text)
 *(.rela.text.*)
 *(.rela.gnu.linkonce.t*)

.rel.fini
 *(.rel.fini)

.rela.fini
 *(.rela.fini)

.rel.rodata
 *(.rel.rodata)
 *(.rel.rodata.*)
 *(.rel.gnu.linkonce.r*)

.rela.rodata
 *(.rela.rodata)
 *(.rela.rodata.*)
 *(.rela.gnu.linkonce.r*)

.rel.data
 *(.rel.data)
 *(.rel.data.*)
 *(.rel.gnu.linkonce.d*)

.rela.data
 *(.rela.data)
 *(.rela.data.*)
 *(.rela.gnu.linkonce.d*)

.rel.ctors
 *(.rel.ctors)

.rela.ctors
 *(.rela.ctors)

.rel.dtors
 *(.rel.dtors)

.rela.dtors
 *(.rela.dtors)

.rel.got
 *(.rel.got)

.rela.got
 *(.rela.got)

.rel.bss
 *(.rel.bss)

.rela.bss
 *(.rela.bss)

.rel.plt
 *(.rel.plt)

.rela.plt
 *(.rela.plt)

.text           0x00000000     0x28a2
 *(.vectors)
 .vectors       0x00000000       0x64 c:/program files (x86)/atmel/atmel studio 6.0/extensions/atmel/avrgcc/3.4.1.95/avrtoolchain/bin/../lib/gcc/avr/4.6.2/../../../../avr/lib/avr5/crtm6450a.o
                0x00000000                __vector_default
                0x00000000                __vectors
 *(.vectors)
 *(.progmem.gcc*)
 *(.progmem*)
                0x00000064                . = ALIGN (0x2)
                0x00000064                __trampolines_start = .
 *(.trampolines)
 .trampolines   0x00000064        0x0 linker stubs
 *(.trampolines*)
                0x00000064                __trampolines_end = .
 *(.jumptables)
 *(.jumptables*)
 *(.lowtext)
 *(.lowtext*)
                0x00000064                __ctors_start = .
 *(.ctors)
                0x00000064                __ctors_end = .
                0x00000064                __dtors_start = .
 *(.dtors)
                0x00000064                __dtors_end = .
 SORT(*)(.ctors)
 SORT(*)(.dtors)
 *(.init0)
 .init0         0x00000064        0x0 c:/program files (x86)/atmel/atmel studio 6.0/extensions/atmel/avrgcc/3.4.1.95/avrtoolchain/bin/../lib/gcc/avr/4.6.2/../../../../avr/lib/avr5/crtm6450a.o
                0x00000064                __init
 *(.init0)
 *(.init1)
 *(.init1)
 *(.init2)
 .init2         0x00000064        0xc c:/program files (x86)/atmel/atmel studio 6.0/extensions/atmel/avrgcc/3.4.1.95/avrtoolchain/bin/../lib/gcc/avr/4.6.2/../../../../avr/lib/avr5/crtm6450a.o
 *(.init2)
 *(.init3)
 *(.init3)
 *(.init4)
 .init4         0x00000070       0x16 c:/program files (x86)/atmel/atmel studio 6.0/extensions/atmel/avrgcc/3.4.1.95/avrtoolchain/bin/../lib/gcc/avr/4.6.2/avr5\libgcc.a(_copy_data.o)
                0x00000070                __do_copy_data
 .init4         0x00000086       0x10 c:/program files (x86)/atmel/atmel studio 6.0/extensions/atmel/avrgcc/3.4.1.95/avrtoolchain/bin/../lib/gcc/avr/4.6.2/avr5\libgcc.a(_clear_bss.o)
                0x00000086                __do_clear_bss
 *(.init4)
 *(.init5)
 *(.init5)
 *(.init6)
 *(.init6)
 *(.init7)
 *(.init7)
 *(.init8)
 *(.init8)
 *(.init9)
 .init9         0x00000096        0x8 c:/program files (x86)/atmel/atmel studio 6.0/extensions/atmel/avrgcc/3.4.1.95/avrtoolchain/bin/../lib/gcc/avr/4.6.2/../../../../avr/lib/avr5/crtm6450a.o
 *(.init9)
 *(.text)
 .text          0x0000009e        0x4 c:/program files (x86)/atmel/atmel studio 6.0/extensions/atmel/avrgcc/3.4.1.95/avrtoolchain/bin/../lib/gcc/avr/4.6.2/../../../../avr/lib/avr5/crtm6450a.o
                0x0000009e                __vector_22
                0x0000009e                __vector_1
                0x0000009e                __vector_24
                0x0000009e                __vector_12
                0x0000009e                __bad_interrupt
                0x0000009e                __vector_6
                0x0000009e                __vector_3
                0x0000009e                __vector_23
                0x0000009e                __vector_11
                0x0000009e                __vector_17
                0x0000009e                __vector_19
                0x0000009e                __vector_7
                0x0000009e                __vector_5
                0x0000009e                __vector_4
                0x0000009e                __vector_2
                0x0000009e                __vector_21
                0x0000009e                __vector_15
                0x0000009e                __vector_8
                0x0000009e                __vector_14
                0x0000009e                __vector_16
                0x0000009e                __vector_18
                0x0000009e                __vector_20
 .text          0x000000a2       0x7e adc.o
                0x000000a2                setup_adc
                0x000000c8                read_pot
 .text          0x00000120       0xb0 assigner.o
                0x00000120                get_current_note
                0x00000126                new_note
                0x00000156                remove_note
 .text          0x000001d0       0xcc dac.o
                0x000001d0                set_control_voltage
                0x00000228                setup_dac
                0x0000025a                set_dac
 .text          0x0000029c      0x134 display.o
                0x0000029c                display_dec
                0x0000037e                update_display
 .text          0x000003d0       0x96 interrupts.o
                0x000003d0                __vector_10
                0x0000044e                __vector_9
 .text          0x00000466        0x0 midi.o
 .text          0x00000466      0x1c0 monapollo-firmware.o
                0x00000466                note_off_event
                0x0000047e                note_on_event
                0x000004b2                setup_midi_usart
                0x000004c4                __vector_13
                0x00000534                main
 .text          0x00000626      0x2d8 scan_pots_and_update_control_voltages.o
                0x00000626                scan_pots_and_update_control_voltages
 .text          0x000008fe      0x106 spi.o
                0x000008fe                setup_spi
                0x0000093c                spi_shift_byte
                0x00000948                update_spi
 .text          0x00000a04      0x388 synth.o
                0x00000a04                transpose_note
                0x00000a2e                update_octave_range
                0x00000b98                refresh_synth
 .text          0x00000d8c      0xb7e tune.o
                0x00000d8c                initialize_voice_for_tuning
                0x00000e8a                set_vco_init_cv
                0x00001152                tune_8ths
                0x00001464                tune_filter
                0x000017ca                save_tuning_tables
                0x000017fc                load_tuning_tables
                0x0000184e                interpolate_pitch_cv
                0x000018ae                set_one_volt_per_octave
 .text          0x0000190a       0xe2 utils.o
                0x0000190a                read_switch_port
                0x0000191c                update_analog_switch_latch
 .text          0x000019ec       0xec xnormidi-develop/bytequeue/bytequeue.o
                0x000019ec                bytequeue_init
                0x000019fa                bytequeue_enqueue
                0x00001a58                bytequeue_length
                0x00001a82                bytequeue_get
                0x00001aa4                bytequeue_remove
 .text          0x00001ad8        0xa xnormidi-develop/bytequeue/interrupt_setting.o
                0x00001ad8                store_and_clear_interrupt
                0x00001ade                restore_interrupt_setting
 .text          0x00001ae2      0x416 xnormidi-develop/midi.o
                0x00001ae2                midi_is_statusbyte
                0x00001aea                midi_is_realtime
                0x00001af6                midi_packet_length
                0x00001b86                midi_send_cc
                0x00001ba8                midi_send_noteon
                0x00001bca                midi_send_noteoff
                0x00001bec                midi_send_aftertouch
                0x00001c0e                midi_send_pitchbend
                0x00001c5c                midi_send_programchange
                0x00001c7a                midi_send_channelpressure
                0x00001c98                midi_send_clock
                0x00001cb0                midi_send_tick
                0x00001cc8                midi_send_start
                0x00001ce0                midi_send_continue
                0x00001cf8                midi_send_stop
                0x00001d10                midi_send_activesense
                0x00001d28                midi_send_reset
                0x00001d40                midi_send_tcquarterframe
                0x00001d5a                midi_send_songposition
                0x00001d84                midi_send_songselect
                0x00001d9e                midi_send_tunerequest
                0x00001db6                midi_send_byte
                0x00001dce                midi_send_data
                0x00001ddc                midi_send_array
                0x00001e80                midi_register_cc_callback
                0x00001e88                midi_register_noteon_callback
                0x00001e90                midi_register_noteoff_callback
                0x00001e98                midi_register_aftertouch_callback
                0x00001ea0                midi_register_pitchbend_callback
                0x00001ea8                midi_register_songposition_callback
                0x00001eb0                midi_register_progchange_callback
                0x00001eb8                midi_register_chanpressure_callback
                0x00001ec0                midi_register_songselect_callback
                0x00001ec8                midi_register_tc_quarterframe_callback
                0x00001ed0                midi_register_realtime_callback
                0x00001ed8                midi_register_tunerequest_callback
                0x00001ee0                midi_register_sysex_callback
                0x00001ee8                midi_register_fallthrough_callback
                0x00001ef0                midi_register_catchall_callback
 .text          0x00001ef8      0x52c xnormidi-develop/midi_device.o
                0x00001ef8                midi_device_init
                0x00001f5a                midi_device_input
                0x00001fa0                midi_device_set_send_func
                0x00001fa8                midi_device_set_pre_input_process_func
                0x00001fb0                midi_input_callbacks
                0x000021f8                midi_process_byte
                0x000023ae                midi_device_process
 .text          0x00002424      0x33e xnormidi-develop/sysex_tools.o
                0x00002424                sysex_encoded_length
                0x0000246e                sysex_decoded_length
                0x000024be                sysex_encode
                0x00002638                sysex_decode
 .text          0x00002762        0x0 c:/program files (x86)/atmel/atmel studio 6.0/extensions/atmel/avrgcc/3.4.1.95/avrtoolchain/bin/../lib/gcc/avr/4.6.2/avr5\libgcc.a(_mulsi3.o)
 .text          0x00002762        0x0 c:/program files (x86)/atmel/atmel studio 6.0/extensions/atmel/avrgcc/3.4.1.95/avrtoolchain/bin/../lib/gcc/avr/4.6.2/avr5\libgcc.a(_udivmodhi4.o)
 .text          0x00002762        0x0 c:/program files (x86)/atmel/atmel studio 6.0/extensions/atmel/avrgcc/3.4.1.95/avrtoolchain/bin/../lib/gcc/avr/4.6.2/avr5\libgcc.a(_divmodhi4.o)
 .text          0x00002762        0x0 c:/program files (x86)/atmel/atmel studio 6.0/extensions/atmel/avrgcc/3.4.1.95/avrtoolchain/bin/../lib/gcc/avr/4.6.2/avr5\libgcc.a(_exit.o)
 .text          0x00002762        0x0 c:/program files (x86)/atmel/atmel studio 6.0/extensions/atmel/avrgcc/3.4.1.95/avrtoolchain/bin/../lib/gcc/avr/4.6.2/avr5\libgcc.a(_copy_data.o)
 .text          0x00002762        0x0 c:/program files (x86)/atmel/atmel studio 6.0/extensions/atmel/avrgcc/3.4.1.95/avrtoolchain/bin/../lib/gcc/avr/4.6.2/avr5\libgcc.a(_clear_bss.o)
 .text          0x00002762        0x0 c:/program files (x86)/atmel/atmel studio 6.0/extensions/atmel/avrgcc/3.4.1.95/avrtoolchain/bin/../lib/gcc/avr/4.6.2/../../../../avr/lib/avr5\libc.a(memcpy.o)
 .text          0x00002762        0x0 c:/program files (x86)/atmel/atmel studio 6.0/extensions/atmel/avrgcc/3.4.1.95/avrtoolchain/bin/../lib/gcc/avr/4.6.2/../../../../avr/lib/avr5\libc.a(memmove.o)
 .text          0x00002762        0x0 c:/program files (x86)/atmel/atmel studio 6.0/extensions/atmel/avrgcc/3.4.1.95/avrtoolchain/bin/../lib/gcc/avr/4.6.2/../../../../avr/lib/avr5\libc.a(eerd_block_atmega6450a.o)
 .text          0x00002762        0x0 c:/program files (x86)/atmel/atmel studio 6.0/extensions/atmel/avrgcc/3.4.1.95/avrtoolchain/bin/../lib/gcc/avr/4.6.2/../../../../avr/lib/avr5\libc.a(eerd_word_atmega6450a.o)
 .text          0x00002762        0x0 c:/program files (x86)/atmel/atmel studio 6.0/extensions/atmel/avrgcc/3.4.1.95/avrtoolchain/bin/../lib/gcc/avr/4.6.2/../../../../avr/lib/avr5\libc.a(eeupd_block_atmega6450a.o)
 .text          0x00002762        0x0 c:/program files (x86)/atmel/atmel studio 6.0/extensions/atmel/avrgcc/3.4.1.95/avrtoolchain/bin/../lib/gcc/avr/4.6.2/../../../../avr/lib/avr5\libc.a(eeupd_byte_atmega6450a.o)
 .text          0x00002762        0x0 c:/program files (x86)/atmel/atmel studio 6.0/extensions/atmel/avrgcc/3.4.1.95/avrtoolchain/bin/../lib/gcc/avr/4.6.2/../../../../avr/lib/avr5\libc.a(eeupd_word_atmega6450a.o)
                0x00002762                . = ALIGN (0x2)
 *(.text.*)
 .text.libgcc   0x00002762       0x3e c:/program files (x86)/atmel/atmel studio 6.0/extensions/atmel/avrgcc/3.4.1.95/avrtoolchain/bin/../lib/gcc/avr/4.6.2/avr5\libgcc.a(_mulsi3.o)
                0x00002762                __mulsi3
 .text.libgcc   0x000027a0       0x28 c:/program files (x86)/atmel/atmel studio 6.0/extensions/atmel/avrgcc/3.4.1.95/avrtoolchain/bin/../lib/gcc/avr/4.6.2/avr5\libgcc.a(_udivmodhi4.o)
                0x000027a0                __udivmodhi4
 .text.libgcc   0x000027c8       0x26 c:/program files (x86)/atmel/atmel studio 6.0/extensions/atmel/avrgcc/3.4.1.95/avrtoolchain/bin/../lib/gcc/avr/4.6.2/avr5\libgcc.a(_divmodhi4.o)
                0x000027c8                _div
                0x000027c8                __divmodhi4
 .text.libgcc   0x000027ee        0x0 c:/program files (x86)/atmel/atmel studio 6.0/extensions/atmel/avrgcc/3.4.1.95/avrtoolchain/bin/../lib/gcc/avr/4.6.2/avr5\libgcc.a(_exit.o)
 .text.libgcc   0x000027ee        0x0 c:/program files (x86)/atmel/atmel studio 6.0/extensions/atmel/avrgcc/3.4.1.95/avrtoolchain/bin/../lib/gcc/avr/4.6.2/avr5\libgcc.a(_copy_data.o)
 .text.libgcc   0x000027ee        0x0 c:/program files (x86)/atmel/atmel studio 6.0/extensions/atmel/avrgcc/3.4.1.95/avrtoolchain/bin/../lib/gcc/avr/4.6.2/avr5\libgcc.a(_clear_bss.o)
 .text.avr-libc
                0x000027ee       0x12 c:/program files (x86)/atmel/atmel studio 6.0/extensions/atmel/avrgcc/3.4.1.95/avrtoolchain/bin/../lib/gcc/avr/4.6.2/../../../../avr/lib/avr5\libc.a(memcpy.o)
                0x000027ee                memcpy
 .text.avr-libc
                0x00002800       0x24 c:/program files (x86)/atmel/atmel studio 6.0/extensions/atmel/avrgcc/3.4.1.95/avrtoolchain/bin/../lib/gcc/avr/4.6.2/../../../../avr/lib/avr5\libc.a(memmove.o)
                0x00002800                memmove
 .text.avr-libc
                0x00002824       0x20 c:/program files (x86)/atmel/atmel studio 6.0/extensions/atmel/avrgcc/3.4.1.95/avrtoolchain/bin/../lib/gcc/avr/4.6.2/../../../../avr/lib/avr5\libc.a(eerd_block_atmega6450a.o)
                0x00002824                __eerd_block_m6450a
                0x00002828                __eerd_blraw_m6450a
 .text.avr-libc
                0x00002844        0xc c:/program files (x86)/atmel/atmel studio 6.0/extensions/atmel/avrgcc/3.4.1.95/avrtoolchain/bin/../lib/gcc/avr/4.6.2/../../../../avr/lib/avr5\libc.a(eerd_word_atmega6450a.o)
                0x00002844                __eerd_word_m6450a
 .text.avr-libc
                0x00002850       0x20 c:/program files (x86)/atmel/atmel studio 6.0/extensions/atmel/avrgcc/3.4.1.95/avrtoolchain/bin/../lib/gcc/avr/4.6.2/../../../../avr/lib/avr5\libc.a(eeupd_block_atmega6450a.o)
                0x00002850                __eeupd_block_m6450a
 .text.avr-libc
                0x00002870       0x22 c:/program files (x86)/atmel/atmel studio 6.0/extensions/atmel/avrgcc/3.4.1.95/avrtoolchain/bin/../lib/gcc/avr/4.6.2/../../../../avr/lib/avr5\libc.a(eeupd_byte_atmega6450a.o)
                0x00002870                __eeupd_byte_m6450a
                0x00002872                __eeupd_r18_m6450a
 .text.avr-libc
                0x00002892        0xc c:/program files (x86)/atmel/atmel studio 6.0/extensions/atmel/avrgcc/3.4.1.95/avrtoolchain/bin/../lib/gcc/avr/4.6.2/../../../../avr/lib/avr5\libc.a(eeupd_word_atmega6450a.o)
                0x00002892                __eeupd_word_m6450a
                0x0000289e                . = ALIGN (0x2)
 *(.fini9)
 .fini9         0x0000289e        0x0 c:/program files (x86)/atmel/atmel studio 6.0/extensions/atmel/avrgcc/3.4.1.95/avrtoolchain/bin/../lib/gcc/avr/4.6.2/avr5\libgcc.a(_exit.o)
                0x0000289e                _exit
                0x0000289e                exit
 *(.fini9)
 *(.fini8)
 *(.fini8)
 *(.fini7)
 *(.fini7)
 *(.fini6)
 *(.fini6)
 *(.fini5)
 *(.fini5)
 *(.fini4)
 *(.fini4)
 *(.fini3)
 *(.fini3)
 *(.fini2)
 *(.fini2)
 *(.fini1)
 *(.fini1)
 *(.fini0)
 .fini0         0x0000289e        0x4 c:/program files (x86)/atmel/atmel studio 6.0/extensions/atmel/avrgcc/3.4.1.95/avrtoolchain/bin/../lib/gcc/avr/4.6.2/avr5\libgcc.a(_exit.o)
 *(.fini0)
                0x000028a2                _etext = .

.data           0x00800100      0x12c load address 0x000028a2
                0x00800100                PROVIDE (__data_start, .)
 *(.data)
 .data          0x00800100        0x0 c:/program files (x86)/atmel/atmel studio 6.0/extensions/atmel/avrgcc/3.4.1.95/avrtoolchain/bin/../lib/gcc/avr/4.6.2/../../../../avr/lib/avr5/crtm6450a.o
 .data          0x00800100        0x0 adc.o
 .data          0x00800100       0x10 assigner.o
 .data          0x00800110       0x3e dac.o
                0x00800110                release_1_cv
                0x00800112                release_2_cv
                0x00800114                sustain_1_cv
                0x00800116                sustain_2_cv
                0x00800118                decay_1_cv
                0x0080011a                decay_2_cv
                0x0080011c                attack_1_cv
                0x0080011e                attack_2_cv
                0x00800120                noise_mix_cv
                0x00800122                fil_lfo_cv
                0x00800124                fil_vco2_cv
                0x00800126                key_track_cv
                0x00800128                cutoff_cv
                0x0080012a                res_cv
                0x0080012c                fil_eg2_cv
                0x0080012e                vco2_pw_cv
                0x00800130                volume_cv
                0x00800132                amp_lfo_cv
                0x00800134                glide_cv
                0x00800136                lfo_rate_cv
                0x00800138                tune_cv
                0x0080013a                fine_cv
                0x0080013c                vco1_pw_cv
                0x0080013e                pwm_eg2_cv
                0x00800140                pwm_lfo_cv
                0x00800142                pitch_lfo_cv
                0x00800144                pitch_eg2_cv
                0x00800146                vco1_mix_cv
                0x00800148                vco2_mix_cv
                0x0080014a                vco2_pitch_cv
                0x0080014c                vco1_pitch_cv
 .data          0x0080014e        0xa display.o
 .data          0x00800158        0x0 interrupts.o
 .data          0x00800158        0x0 midi.o
 .data          0x00800158        0x0 monapollo-firmware.o
 .data          0x00800158       0x40 scan_pots_and_update_control_voltages.o
                0x00800158                pot_decoder_1
                0x00800176                pot_decoder_0
                0x00800196                value_to_display
 .data          0x00800198        0x0 spi.o
 .data          0x00800198       0x14 synth.o
                0x00800198                lfo_shape
                0x0080019d                vco2_octave
                0x008001a2                vco1_octave
                0x008001a7                lfo
 .data          0x008001ac       0x80 tune.o
                0x0080022b                no_overflow
 .data          0x0080022c        0x0 utils.o
 .data          0x0080022c        0x0 xnormidi-develop/bytequeue/bytequeue.o
 .data          0x0080022c        0x0 xnormidi-develop/bytequeue/interrupt_setting.o
 .data          0x0080022c        0x0 xnormidi-develop/midi.o
 .data          0x0080022c        0x0 xnormidi-develop/midi_device.o
 .data          0x0080022c        0x0 xnormidi-develop/sysex_tools.o
 .data          0x0080022c        0x0 c:/program files (x86)/atmel/atmel studio 6.0/extensions/atmel/avrgcc/3.4.1.95/avrtoolchain/bin/../lib/gcc/avr/4.6.2/avr5\libgcc.a(_mulsi3.o)
 .data          0x0080022c        0x0 c:/program files (x86)/atmel/atmel studio 6.0/extensions/atmel/avrgcc/3.4.1.95/avrtoolchain/bin/../lib/gcc/avr/4.6.2/avr5\libgcc.a(_udivmodhi4.o)
 .data          0x0080022c        0x0 c:/program files (x86)/atmel/atmel studio 6.0/extensions/atmel/avrgcc/3.4.1.95/avrtoolchain/bin/../lib/gcc/avr/4.6.2/avr5\libgcc.a(_divmodhi4.o)
 .data          0x0080022c        0x0 c:/program files (x86)/atmel/atmel studio 6.0/extensions/atmel/avrgcc/3.4.1.95/avrtoolchain/bin/../lib/gcc/avr/4.6.2/avr5\libgcc.a(_exit.o)
 .data          0x0080022c        0x0 c:/program files (x86)/atmel/atmel studio 6.0/extensions/atmel/avrgcc/3.4.1.95/avrtoolchain/bin/../lib/gcc/avr/4.6.2/avr5\libgcc.a(_copy_data.o)
 .data          0x0080022c        0x0 c:/program files (x86)/atmel/atmel studio 6.0/extensions/atmel/avrgcc/3.4.1.95/avrtoolchain/bin/../lib/gcc/avr/4.6.2/avr5\libgcc.a(_clear_bss.o)
 .data          0x0080022c        0x0 c:/program files (x86)/atmel/atmel studio 6.0/extensions/atmel/avrgcc/3.4.1.95/avrtoolchain/bin/../lib/gcc/avr/4.6.2/../../../../avr/lib/avr5\libc.a(memcpy.o)
 .data          0x0080022c        0x0 c:/program files (x86)/atmel/atmel studio 6.0/extensions/atmel/avrgcc/3.4.1.95/avrtoolchain/bin/../lib/gcc/avr/4.6.2/../../../../avr/lib/avr5\libc.a(memmove.o)
 .data          0x0080022c        0x0 c:/program files (x86)/atmel/atmel studio 6.0/extensions/atmel/avrgcc/3.4.1.95/avrtoolchain/bin/../lib/gcc/avr/4.6.2/../../../../avr/lib/avr5\libc.a(eerd_block_atmega6450a.o)
 .data          0x0080022c        0x0 c:/program files (x86)/atmel/atmel studio 6.0/extensions/atmel/avrgcc/3.4.1.95/avrtoolchain/bin/../lib/gcc/avr/4.6.2/../../../../avr/lib/avr5\libc.a(eerd_word_atmega6450a.o)
 .data          0x0080022c        0x0 c:/program files (x86)/atmel/atmel studio 6.0/extensions/atmel/avrgcc/3.4.1.95/avrtoolchain/bin/../lib/gcc/avr/4.6.2/../../../../avr/lib/avr5\libc.a(eeupd_block_atmega6450a.o)
 .data          0x0080022c        0x0 c:/program files (x86)/atmel/atmel studio 6.0/extensions/atmel/avrgcc/3.4.1.95/avrtoolchain/bin/../lib/gcc/avr/4.6.2/../../../../avr/lib/avr5\libc.a(eeupd_byte_atmega6450a.o)
 .data          0x0080022c        0x0 c:/program files (x86)/atmel/atmel studio 6.0/extensions/atmel/avrgcc/3.4.1.95/avrtoolchain/bin/../lib/gcc/avr/4.6.2/../../../../avr/lib/avr5\libc.a(eeupd_word_atmega6450a.o)
 *(.data*)
 *(.rodata)
 *(.rodata*)
 *(.gnu.linkonce.d*)
                0x0080022c                . = ALIGN (0x2)
                0x0080022c                _edata = .
                0x0080022c                PROVIDE (__data_end, .)

.bss            0x0080022c      0x1b6
                0x0080022c                PROVIDE (__bss_start, .)
 *(.bss)
 .bss           0x0080022c        0x0 c:/program files (x86)/atmel/atmel studio 6.0/extensions/atmel/avrgcc/3.4.1.95/avrtoolchain/bin/../lib/gcc/avr/4.6.2/../../../../avr/lib/avr5/crtm6450a.o
 .bss           0x0080022c        0x0 adc.o
 .bss           0x0080022c        0x1 assigner.o
 .bss           0x0080022d        0x4 dac.o
                0x0080022d                arp_rate_null
                0x0080022f                pitch_vco2_cv
 .bss           0x00800231        0x1 display.o
 .bss           0x00800232        0x0 interrupts.o
 .bss           0x00800232        0x0 midi.o
 .bss           0x00800232        0x2 monapollo-firmware.o
                0x00800232                switch_timer
 .bss           0x00800234       0x43 scan_pots_and_update_control_voltages.o
                0x00800234                pot_group_1
                0x00800252                pot_group_0
                0x00800272                midi_note_number
                0x00800273                tune_offset
 .bss           0x00800277        0x4 spi.o
 .bss           0x0080027b        0x7 synth.o
                0x0080027b                patch
 .bss           0x00800282       0x6f tune.o
                0x00800282                filter_pitch_table
                0x008002a2                vco2_pitch_table
                0x008002c4                vco1_pitch_table
                0x008002e6                vco2_init_cv
                0x008002e8                vco1_init_cv
                0x008002ea                compare_match_counter
                0x008002eb                osc_count
                0x008002ed                count_finished
                0x008002ee                timer1_clock
                0x008002ef                period
                0x008002f0                period_counter
 .bss           0x008002f1        0x4 utils.o
                0x008002f1                switch_states
 .bss           0x008002f5        0x0 xnormidi-develop/bytequeue/bytequeue.o
 .bss           0x008002f5        0x0 xnormidi-develop/bytequeue/interrupt_setting.o
 .bss           0x008002f5        0x0 xnormidi-develop/midi.o
 .bss           0x008002f5        0x0 xnormidi-develop/midi_device.o
 .bss           0x008002f5        0x0 xnormidi-develop/sysex_tools.o
 .bss           0x008002f5        0x0 c:/program files (x86)/atmel/atmel studio 6.0/extensions/atmel/avrgcc/3.4.1.95/avrtoolchain/bin/../lib/gcc/avr/4.6.2/avr5\libgcc.a(_mulsi3.o)
 .bss           0x008002f5        0x0 c:/program files (x86)/atmel/atmel studio 6.0/extensions/atmel/avrgcc/3.4.1.95/avrtoolchain/bin/../lib/gcc/avr/4.6.2/avr5\libgcc.a(_udivmodhi4.o)
 .bss           0x008002f5        0x0 c:/program files (x86)/atmel/atmel studio 6.0/extensions/atmel/avrgcc/3.4.1.95/avrtoolchain/bin/../lib/gcc/avr/4.6.2/avr5\libgcc.a(_divmodhi4.o)
 .bss           0x008002f5        0x0 c:/program files (x86)/atmel/atmel studio 6.0/extensions/atmel/avrgcc/3.4.1.95/avrtoolchain/bin/../lib/gcc/avr/4.6.2/avr5\libgcc.a(_exit.o)
 .bss           0x008002f5        0x0 c:/program files (x86)/atmel/atmel studio 6.0/extensions/atmel/avrgcc/3.4.1.95/avrtoolchain/bin/../lib/gcc/avr/4.6.2/avr5\libgcc.a(_copy_data.o)
 .bss           0x008002f5        0x0 c:/program files (x86)/atmel/atmel studio 6.0/extensions/atmel/avrgcc/3.4.1.95/avrtoolchain/bin/../lib/gcc/avr/4.6.2/avr5\libgcc.a(_clear_bss.o)
 .bss           0x008002f5        0x0 c:/program files (x86)/atmel/atmel studio 6.0/extensions/atmel/avrgcc/3.4.1.95/avrtoolchain/bin/../lib/gcc/avr/4.6.2/../../../../avr/lib/avr5\libc.a(memcpy.o)
 .bss           0x008002f5        0x0 c:/program files (x86)/atmel/atmel studio 6.0/extensions/atmel/avrgcc/3.4.1.95/avrtoolchain/bin/../lib/gcc/avr/4.6.2/../../../../avr/lib/avr5\libc.a(memmove.o)
 .bss           0x008002f5        0x0 c:/program files (x86)/atmel/atmel studio 6.0/extensions/atmel/avrgcc/3.4.1.95/avrtoolchain/bin/../lib/gcc/avr/4.6.2/../../../../avr/lib/avr5\libc.a(eerd_block_atmega6450a.o)
 .bss           0x008002f5        0x0 c:/program files (x86)/atmel/atmel studio 6.0/extensions/atmel/avrgcc/3.4.1.95/avrtoolchain/bin/../lib/gcc/avr/4.6.2/../../../../avr/lib/avr5\libc.a(eerd_word_atmega6450a.o)
 .bss           0x008002f5        0x0 c:/program files (x86)/atmel/atmel studio 6.0/extensions/atmel/avrgcc/3.4.1.95/avrtoolchain/bin/../lib/gcc/avr/4.6.2/../../../../avr/lib/avr5\libc.a(eeupd_block_atmega6450a.o)
 .bss           0x008002f5        0x0 c:/program files (x86)/atmel/atmel studio 6.0/extensions/atmel/avrgcc/3.4.1.95/avrtoolchain/bin/../lib/gcc/avr/4.6.2/../../../../avr/lib/avr5\libc.a(eeupd_byte_atmega6450a.o)
 .bss           0x008002f5        0x0 c:/program files (x86)/atmel/atmel studio 6.0/extensions/atmel/avrgcc/3.4.1.95/avrtoolchain/bin/../lib/gcc/avr/4.6.2/../../../../avr/lib/avr5\libc.a(eeupd_word_atmega6450a.o)
 *(.bss*)
 *(COMMON)
 COMMON         0x008002f5       0xed monapollo-firmware.o
                0x008002f5                midi_device
                0x008003e2                PROVIDE (__bss_end, .)
                0x000028a2                __data_load_start = LOADADDR (.data)
                0x000029ce                __data_load_end = (__data_load_start + SIZEOF (.data))

.noinit         0x008003e2        0x0
                0x008003e2                PROVIDE (__noinit_start, .)
 *(.noinit*)
                0x008003e2                PROVIDE (__noinit_end, .)
                0x008003e2                _end = .
                0x008003e2                PROVIDE (__heap_start, .)

.eeprom         0x00810000       0x68
 *(.eeprom*)
 .eeprom        0x00810000       0x68 tune.o
                0x00810000                filter_pitch_table_eeprom
                0x00810020                vco2_pitch_table_eeprom
                0x00810042                vco1_pitch_table_eeprom
                0x00810064                vco2_init_cv_eeprom
                0x00810066                vco1_init_cv_eeprom
                0x00810068                __eeprom_end = .

.fuse
 *(.fuse)
 *(.lfuse)
 *(.hfuse)
 *(.efuse)

.lock
 *(.lock*)

.signature
 *(.signature*)

.stab           0x00000000      0xbf4
 *(.stab)
 .stab          0x00000000      0x6cc c:/program files (x86)/atmel/atmel studio 6.0/extensions/atmel/avrgcc/3.4.1.95/avrtoolchain/bin/../lib/gcc/avr/4.6.2/../../../../avr/lib/avr5/crtm6450a.o
 .stab          0x000006cc       0x84 c:/program files (x86)/atmel/atmel studio 6.0/extensions/atmel/avrgcc/3.4.1.95/avrtoolchain/bin/../lib/gcc/avr/4.6.2/../../../../avr/lib/avr5\libc.a(memcpy.o)
                                 0x90 (size before relaxing)
 .stab          0x00000750       0xe4 c:/program files (x86)/atmel/atmel studio 6.0/extensions/atmel/avrgcc/3.4.1.95/avrtoolchain/bin/../lib/gcc/avr/4.6.2/../../../../avr/lib/avr5\libc.a(memmove.o)
                                 0xf0 (size before relaxing)
 .stab          0x00000834      0x108 c:/program files (x86)/atmel/atmel studio 6.0/extensions/atmel/avrgcc/3.4.1.95/avrtoolchain/bin/../lib/gcc/avr/4.6.2/../../../../avr/lib/avr5\libc.a(eerd_block_atmega6450a.o)
                                0x114 (size before relaxing)
 .stab          0x0000093c       0x6c c:/program files (x86)/atmel/atmel studio 6.0/extensions/atmel/avrgcc/3.4.1.95/avrtoolchain/bin/../lib/gcc/avr/4.6.2/../../../../avr/lib/avr5\libc.a(eerd_word_atmega6450a.o)
                                 0x78 (size before relaxing)
 .stab          0x000009a8       0xe4 c:/program files (x86)/atmel/atmel studio 6.0/extensions/atmel/avrgcc/3.4.1.95/avrtoolchain/bin/../lib/gcc/avr/4.6.2/../../../../avr/lib/avr5\libc.a(eeupd_block_atmega6450a.o)
                                 0xf0 (size before relaxing)
 .stab          0x00000a8c      0x108 c:/program files (x86)/atmel/atmel studio 6.0/extensions/atmel/avrgcc/3.4.1.95/avrtoolchain/bin/../lib/gcc/avr/4.6.2/../../../../avr/lib/avr5\libc.a(eeupd_byte_atmega6450a.o)
                                0x114 (size before relaxing)
 .stab          0x00000b94       0x60 c:/program files (x86)/atmel/atmel studio 6.0/extensions/atmel/avrgcc/3.4.1.95/avrtoolchain/bin/../lib/gcc/avr/4.6.2/../../../../avr/lib/avr5\libc.a(eeupd_word_atmega6450a.o)
                                 0x6c (size before relaxing)

.stabstr        0x00000000      0x33e
 *(.stabstr)
 .stabstr       0x00000000      0x33e c:/program files (x86)/atmel/atmel studio 6.0/extensions/atmel/avrgcc/3.4.1.95/avrtoolchain/bin/../lib/gcc/avr/4.6.2/../../../../avr/lib/avr5/crtm6450a.o

.stab.excl
 *(.stab.excl)

.stab.exclstr
 *(.stab.exclstr)

.stab.index
 *(.stab.index)

.stab.indexstr
 *(.stab.indexstr)

.comment
 *(.comment)

.debug
 *(.debug)

.line
 *(.line)

.debug_srcinfo
 *(.debug_srcinfo)

.debug_sfnames
 *(.debug_sfnames)

.debug_aranges  0x00000000      0x2c0
 *(.debug_aranges)
 .debug_aranges
                0x00000000       0x20 adc.o
 .debug_aranges
                0x00000020       0x20 assigner.o
 .debug_aranges
                0x00000040       0x20 dac.o
 .debug_aranges
                0x00000060       0x20 display.o
 .debug_aranges
                0x00000080       0x20 interrupts.o
 .debug_aranges
                0x000000a0       0x20 monapollo-firmware.o
 .debug_aranges
                0x000000c0       0x20 scan_pots_and_update_control_voltages.o
 .debug_aranges
                0x000000e0       0x20 spi.o
 .debug_aranges
                0x00000100       0x20 synth.o
 .debug_aranges
                0x00000120       0x20 tune.o
 .debug_aranges
                0x00000140       0x20 utils.o
 .debug_aranges
                0x00000160       0x20 xnormidi-develop/bytequeue/bytequeue.o
 .debug_aranges
                0x00000180       0x20 xnormidi-develop/bytequeue/interrupt_setting.o
 .debug_aranges
                0x000001a0       0x20 xnormidi-develop/midi.o
 .debug_aranges
                0x000001c0       0x20 xnormidi-develop/midi_device.o
 .debug_aranges
                0x000001e0       0x20 xnormidi-develop/sysex_tools.o
 .debug_aranges
                0x00000200       0x20 c:/program files (x86)/atmel/atmel studio 6.0/extensions/atmel/avrgcc/3.4.1.95/avrtoolchain/bin/../lib/gcc/avr/4.6.2/avr5\libgcc.a(_mulsi3.o)
 .debug_aranges
                0x00000220       0x20 c:/program files (x86)/atmel/atmel studio 6.0/extensions/atmel/avrgcc/3.4.1.95/avrtoolchain/bin/../lib/gcc/avr/4.6.2/avr5\libgcc.a(_udivmodhi4.o)
 .debug_aranges
                0x00000240       0x20 c:/program files (x86)/atmel/atmel studio 6.0/extensions/atmel/avrgcc/3.4.1.95/avrtoolchain/bin/../lib/gcc/avr/4.6.2/avr5\libgcc.a(_divmodhi4.o)
 .debug_aranges
                0x00000260       0x20 c:/program files (x86)/atmel/atmel studio 6.0/extensions/atmel/avrgcc/3.4.1.95/avrtoolchain/bin/../lib/gcc/avr/4.6.2/avr5\libgcc.a(_exit.o)
 .debug_aranges
                0x00000280       0x20 c:/program files (x86)/atmel/atmel studio 6.0/extensions/atmel/avrgcc/3.4.1.95/avrtoolchain/bin/../lib/gcc/avr/4.6.2/avr5\libgcc.a(_copy_data.o)
 .debug_aranges
                0x000002a0       0x20 c:/program files (x86)/atmel/atmel studio 6.0/extensions/atmel/avrgcc/3.4.1.95/avrtoolchain/bin/../lib/gcc/avr/4.6.2/avr5\libgcc.a(_clear_bss.o)

.debug_pubnames
 *(.debug_pubnames)

.debug_info     0x00000000     0x46b7
 *(.debug_info)
 .debug_info    0x00000000      0x165 adc.o
 .debug_info    0x00000165      0x1bb assigner.o
 .debug_info    0x00000320      0x4d3 dac.o
 .debug_info    0x000007f3      0x13c display.o
 .debug_info    0x0000092f      0x144 interrupts.o
 .debug_info    0x00000a73       0x5e midi.o
 .debug_info    0x00000ad1      0x5dd monapollo-firmware.o
 .debug_info    0x000010ae      0x6a4 scan_pots_and_update_control_voltages.o
 .debug_info    0x00001752      0x1d2 spi.o
 .debug_info    0x00001924      0x3af synth.o
 .debug_info    0x00001cd3      0xa5d tune.o
 .debug_info    0x00002730      0x119 utils.o
 .debug_info    0x00002849      0x23e xnormidi-develop/bytequeue/bytequeue.o
 .debug_info    0x00002a87       0xc2 xnormidi-develop/bytequeue/interrupt_setting.o
 .debug_info    0x00002b49      0xd19 xnormidi-develop/midi.o
 .debug_info    0x00003862      0x657 xnormidi-develop/midi_device.o
 .debug_info    0x00003eb9      0x2d0 xnormidi-develop/sysex_tools.o
 .debug_info    0x00004189       0xdd c:/program files (x86)/atmel/atmel studio 6.0/extensions/atmel/avrgcc/3.4.1.95/avrtoolchain/bin/../lib/gcc/avr/4.6.2/avr5\libgcc.a(_mulsi3.o)
 .debug_info    0x00004266       0xdd c:/program files (x86)/atmel/atmel studio 6.0/extensions/atmel/avrgcc/3.4.1.95/avrtoolchain/bin/../lib/gcc/avr/4.6.2/avr5\libgcc.a(_udivmodhi4.o)
 .debug_info    0x00004343       0xdd c:/program files (x86)/atmel/atmel studio 6.0/extensions/atmel/avrgcc/3.4.1.95/avrtoolchain/bin/../lib/gcc/avr/4.6.2/avr5\libgcc.a(_divmodhi4.o)
 .debug_info    0x00004420       0xdd c:/program files (x86)/atmel/atmel studio 6.0/extensions/atmel/avrgcc/3.4.1.95/avrtoolchain/bin/../lib/gcc/avr/4.6.2/avr5\libgcc.a(_exit.o)
 .debug_info    0x000044fd       0xdd c:/program files (x86)/atmel/atmel studio 6.0/extensions/atmel/avrgcc/3.4.1.95/avrtoolchain/bin/../lib/gcc/avr/4.6.2/avr5\libgcc.a(_copy_data.o)
 .debug_info    0x000045da       0xdd c:/program files (x86)/atmel/atmel studio 6.0/extensions/atmel/avrgcc/3.4.1.95/avrtoolchain/bin/../lib/gcc/avr/4.6.2/avr5\libgcc.a(_clear_bss.o)
 *(.gnu.linkonce.wi.*)

.debug_abbrev   0x00000000     0x1323
 *(.debug_abbrev)
 .debug_abbrev  0x00000000       0xfe adc.o
 .debug_abbrev  0x000000fe      0x11c assigner.o
 .debug_abbrev  0x0000021a      0x156 dac.o
 .debug_abbrev  0x00000370       0xa3 display.o
 .debug_abbrev  0x00000413       0x64 interrupts.o
 .debug_abbrev  0x00000477       0x2a midi.o
 .debug_abbrev  0x000004a1      0x17d monapollo-firmware.o
 .debug_abbrev  0x0000061e       0xfa scan_pots_and_update_control_voltages.o
 .debug_abbrev  0x00000718       0xd6 spi.o
 .debug_abbrev  0x000007ee      0x1d3 synth.o
 .debug_abbrev  0x000009c1      0x26b tune.o
 .debug_abbrev  0x00000c2c       0xc3 utils.o
 .debug_abbrev  0x00000cef      0x105 xnormidi-develop/bytequeue/bytequeue.o
 .debug_abbrev  0x00000df4       0x83 xnormidi-develop/bytequeue/interrupt_setting.o
 .debug_abbrev  0x00000e77      0x1b1 xnormidi-develop/midi.o
 .debug_abbrev  0x00001028      0x193 xnormidi-develop/midi_device.o
 .debug_abbrev  0x000011bb       0xf0 xnormidi-develop/sysex_tools.o
 .debug_abbrev  0x000012ab       0x14 c:/program files (x86)/atmel/atmel studio 6.0/extensions/atmel/avrgcc/3.4.1.95/avrtoolchain/bin/../lib/gcc/avr/4.6.2/avr5\libgcc.a(_mulsi3.o)
 .debug_abbrev  0x000012bf       0x14 c:/program files (x86)/atmel/atmel studio 6.0/extensions/atmel/avrgcc/3.4.1.95/avrtoolchain/bin/../lib/gcc/avr/4.6.2/avr5\libgcc.a(_udivmodhi4.o)
 .debug_abbrev  0x000012d3       0x14 c:/program files (x86)/atmel/atmel studio 6.0/extensions/atmel/avrgcc/3.4.1.95/avrtoolchain/bin/../lib/gcc/avr/4.6.2/avr5\libgcc.a(_divmodhi4.o)
 .debug_abbrev  0x000012e7       0x14 c:/program files (x86)/atmel/atmel studio 6.0/extensions/atmel/avrgcc/3.4.1.95/avrtoolchain/bin/../lib/gcc/avr/4.6.2/avr5\libgcc.a(_exit.o)
 .debug_abbrev  0x000012fb       0x14 c:/program files (x86)/atmel/atmel studio 6.0/extensions/atmel/avrgcc/3.4.1.95/avrtoolchain/bin/../lib/gcc/avr/4.6.2/avr5\libgcc.a(_copy_data.o)
 .debug_abbrev  0x0000130f       0x14 c:/program files (x86)/atmel/atmel studio 6.0/extensions/atmel/avrgcc/3.4.1.95/avrtoolchain/bin/../lib/gcc/avr/4.6.2/avr5\libgcc.a(_clear_bss.o)

.debug_line     0x00000000     0x1c95
 *(.debug_line)
 .debug_line    0x00000000      0x188 adc.o
 .debug_line    0x00000188      0x10c assigner.o
 .debug_line    0x00000294      0x1bf dac.o
 .debug_line    0x00000453       0xf2 display.o
 .debug_line    0x00000545       0xef interrupts.o
 .debug_line    0x00000634       0x1a midi.o
 .debug_line    0x0000064e      0x1d6 monapollo-firmware.o
 .debug_line    0x00000824      0x153 scan_pots_and_update_control_voltages.o
 .debug_line    0x00000977      0x110 spi.o
 .debug_line    0x00000a87      0x213 synth.o
 .debug_line    0x00000c9a      0x3aa tune.o
 .debug_line    0x00001044       0xfe utils.o
 .debug_line    0x00001142      0x132 xnormidi-develop/bytequeue/bytequeue.o
 .debug_line    0x00001274      0x114 xnormidi-develop/bytequeue/interrupt_setting.o
 .debug_line    0x00001388      0x1f5 xnormidi-develop/midi.o
 .debug_line    0x0000157d      0x211 xnormidi-develop/midi_device.o
 .debug_line    0x0000178e      0x188 xnormidi-develop/sysex_tools.o
 .debug_line    0x00001916       0xa5 c:/program files (x86)/atmel/atmel studio 6.0/extensions/atmel/avrgcc/3.4.1.95/avrtoolchain/bin/../lib/gcc/avr/4.6.2/avr5\libgcc.a(_mulsi3.o)
 .debug_line    0x000019bb       0x9a c:/program files (x86)/atmel/atmel studio 6.0/extensions/atmel/avrgcc/3.4.1.95/avrtoolchain/bin/../lib/gcc/avr/4.6.2/avr5\libgcc.a(_udivmodhi4.o)
 .debug_line    0x00001a55       0x99 c:/program files (x86)/atmel/atmel studio 6.0/extensions/atmel/avrgcc/3.4.1.95/avrtoolchain/bin/../lib/gcc/avr/4.6.2/avr5\libgcc.a(_divmodhi4.o)
 .debug_line    0x00001aee       0x88 c:/program files (x86)/atmel/atmel studio 6.0/extensions/atmel/avrgcc/3.4.1.95/avrtoolchain/bin/../lib/gcc/avr/4.6.2/avr5\libgcc.a(_exit.o)
 .debug_line    0x00001b76       0x91 c:/program files (x86)/atmel/atmel studio 6.0/extensions/atmel/avrgcc/3.4.1.95/avrtoolchain/bin/../lib/gcc/avr/4.6.2/avr5\libgcc.a(_copy_data.o)
 .debug_line    0x00001c07       0x8e c:/program files (x86)/atmel/atmel studio 6.0/extensions/atmel/avrgcc/3.4.1.95/avrtoolchain/bin/../lib/gcc/avr/4.6.2/avr5\libgcc.a(_clear_bss.o)

.debug_frame    0x00000000      0xbc0
 *(.debug_frame)
 .debug_frame   0x00000000       0x34 adc.o
 .debug_frame   0x00000034       0x60 assigner.o
 .debug_frame   0x00000094       0x44 dac.o
 .debug_frame   0x000000d8       0x5c display.o
 .debug_frame   0x00000134       0x60 interrupts.o
 .debug_frame   0x00000194       0xbc monapollo-firmware.o
 .debug_frame   0x00000250       0x80 scan_pots_and_update_control_voltages.o
 .debug_frame   0x000002d0       0x44 spi.o
 .debug_frame   0x00000314       0x50 synth.o
 .debug_frame   0x00000364      0x1c4 tune.o
 .debug_frame   0x00000528       0x34 utils.o
 .debug_frame   0x0000055c       0x90 xnormidi-develop/bytequeue/bytequeue.o
 .debug_frame   0x000005ec       0x34 xnormidi-develop/bytequeue/interrupt_setting.o
 .debug_frame   0x00000620      0x378 xnormidi-develop/midi.o
 .debug_frame   0x00000998      0x12c xnormidi-develop/midi_device.o
 .debug_frame   0x00000ac4       0xfc xnormidi-develop/sysex_tools.o

.debug_str      0x00000000     0x143e
 *(.debug_str)
 .debug_str     0x00000000      0x137 adc.o
                                0x16b (size before relaxing)
 .debug_str     0x00000137       0x6f assigner.o
                                0x156 (size before relaxing)
 .debug_str     0x000001a6      0x1bf dac.o
                                0x318 (size before relaxing)
 .debug_str     0x00000365       0x48 display.o
                                0x12d (size before relaxing)
 .debug_str     0x000003ad       0x71 interrupts.o
                                0x14f (size before relaxing)
 .debug_str     0x0000041e        0xc midi.o
                                 0xd9 (size before relaxing)
 .debug_str     0x0000042a      0x3f8 monapollo-firmware.o
                                0x513 (size before relaxing)
 .debug_str     0x00000822      0x138 scan_pots_and_update_control_voltages.o
                                0x40c (size before relaxing)
 .debug_str     0x0000095a       0xa6 spi.o
                                0x1c9 (size before relaxing)
 .debug_str     0x00000a00       0xd2 synth.o
                                0x25c (size before relaxing)
 .debug_str     0x00000ad2      0x1f7 tune.o
                                0x593 (size before relaxing)
 .debug_str     0x00000cc9       0x72 utils.o
                                0x167 (size before relaxing)
 .debug_str     0x00000d3b       0xb9 xnormidi-develop/bytequeue/bytequeue.o
                                0x1d1 (size before relaxing)
 .debug_str     0x00000df4       0x6b xnormidi-develop/bytequeue/interrupt_setting.o
                                0x15c (size before relaxing)
 .debug_str     0x00000e5f      0x425 xnormidi-develop/midi.o
                                0x83f (size before relaxing)
 .debug_str     0x00001284       0xde xnormidi-develop/midi_device.o
                                0x4ff (size before relaxing)
 .debug_str     0x00001362       0xdc xnormidi-develop/sysex_tools.o
                                0x1df (size before relaxing)

.debug_loc      0x00000000     0x2b3c
 *(.debug_loc)
 .debug_loc     0x00000000       0x60 adc.o
 .debug_loc     0x00000060      0x16b assigner.o
 .debug_loc     0x000001cb       0x72 dac.o
 .debug_loc     0x0000023d      0x167 display.o
 .debug_loc     0x000003a4       0x92 interrupts.o
 .debug_loc     0x00000436      0x1e0 monapollo-firmware.o
 .debug_loc     0x00000616      0x3d6 scan_pots_and_update_control_voltages.o
 .debug_loc     0x000009ec       0x1f spi.o
 .debug_loc     0x00000a0b       0xf7 synth.o
 .debug_loc     0x00000b02      0x82e tune.o
 .debug_loc     0x00001330       0x4b utils.o
 .debug_loc     0x0000137b      0x229 xnormidi-develop/bytequeue/bytequeue.o
 .debug_loc     0x000015a4      0x963 xnormidi-develop/midi.o
 .debug_loc     0x00001f07      0x668 xnormidi-develop/midi_device.o
 .debug_loc     0x0000256f      0x5cd xnormidi-develop/sysex_tools.o

.debug_macinfo
 *(.debug_macinfo)
OUTPUT(monapollo-firmware.elf elf32-avr)
LOAD linker stubs

.debug_ranges   0x00000000      0x158
 .debug_ranges  0x00000000       0x78 scan_pots_and_update_control_voltages.o
 .debug_ranges  0x00000078       0x98 tune.o
 .debug_ranges  0x00000110       0x48 xnormidi-develop/sysex_tools.o
