Archive member included because of file (symbol)

c:/program files (x86)/atmel/atmel studio 6.0/extensions/atmel/avrgcc/3.4.1.95/avrtoolchain/bin/../lib/gcc/avr/4.6.2/avr5\libgcc.a(_udivmodhi4.o)
                              display.o (__udivmodhi4)
c:/program files (x86)/atmel/atmel studio 6.0/extensions/atmel/avrgcc/3.4.1.95/avrtoolchain/bin/../lib/gcc/avr/4.6.2/avr5\libgcc.a(_divmodhi4.o)
                              xnormidi-develop/bytequeue/bytequeue.o (__divmodhi4)
c:/program files (x86)/atmel/atmel studio 6.0/extensions/atmel/avrgcc/3.4.1.95/avrtoolchain/bin/../lib/gcc/avr/4.6.2/avr5\libgcc.a(_exit.o)
                              c:/program files (x86)/atmel/atmel studio 6.0/extensions/atmel/avrgcc/3.4.1.95/avrtoolchain/bin/../lib/gcc/avr/4.6.2/../../../../avr/lib/avr5/crtm6450a.o (exit)
c:/program files (x86)/atmel/atmel studio 6.0/extensions/atmel/avrgcc/3.4.1.95/avrtoolchain/bin/../lib/gcc/avr/4.6.2/avr5\libgcc.a(_copy_data.o)
                              adc.o (__do_copy_data)
c:/program files (x86)/atmel/atmel studio 6.0/extensions/atmel/avrgcc/3.4.1.95/avrtoolchain/bin/../lib/gcc/avr/4.6.2/avr5\libgcc.a(_clear_bss.o)
                              adc.o (__do_clear_bss)
c:/program files (x86)/atmel/atmel studio 6.0/extensions/atmel/avrgcc/3.4.1.95/avrtoolchain/bin/../lib/gcc/avr/4.6.2/../../../../avr/lib/avr5\libc.a(memcpy.o)
                              xnormidi-develop/midi.o (memcpy)

Allocating common symbols
Common symbol       size              file

midi_device         0xed              monapollo-firmware.o

Memory Configuration

Name             Origin             Length             Attributes
text             0x00000000         0x00020000         xr
data             0x00800060         0x0000ffa0         rw !x
eeprom           0x00810000         0x00010000         rw !x
fuse             0x00820000         0x00000400         rw !x
lock             0x00830000         0x00000400         rw !x
signature        0x00840000         0x00000400         rw !x
*default*        0x00000000         0xffffffff

Linker script and memory map

Address of section .data set to 0x800100
LOAD c:/program files (x86)/atmel/atmel studio 6.0/extensions/atmel/avrgcc/3.4.1.95/avrtoolchain/bin/../lib/gcc/avr/4.6.2/../../../../avr/lib/avr5/crtm6450a.o
LOAD adc.o
LOAD dac.o
LOAD display.o
LOAD midi.o
LOAD monapollo-firmware.o
LOAD scan_pots_and_update_control_voltages.o
LOAD spi.o
LOAD xnormidi-develop/bytequeue/bytequeue.o
LOAD xnormidi-develop/bytequeue/interrupt_setting.o
LOAD xnormidi-develop/midi.o
LOAD xnormidi-develop/midi_device.o
LOAD xnormidi-develop/sysex_tools.o
START GROUP
LOAD c:/program files (x86)/atmel/atmel studio 6.0/extensions/atmel/avrgcc/3.4.1.95/avrtoolchain/bin/../lib/gcc/avr/4.6.2/../../../../avr/lib/avr5\libm.a
END GROUP
LOAD c:/program files (x86)/atmel/atmel studio 6.0/extensions/atmel/avrgcc/3.4.1.95/avrtoolchain/bin/../lib/gcc/avr/4.6.2/avr5\libgcc.a
LOAD c:/program files (x86)/atmel/atmel studio 6.0/extensions/atmel/avrgcc/3.4.1.95/avrtoolchain/bin/../lib/gcc/avr/4.6.2/../../../../avr/lib/avr5\libc.a
LOAD c:/program files (x86)/atmel/atmel studio 6.0/extensions/atmel/avrgcc/3.4.1.95/avrtoolchain/bin/../lib/gcc/avr/4.6.2/avr5\libgcc.a

.hash
 *(.hash)

.dynsym
 *(.dynsym)

.dynstr
 *(.dynstr)

.gnu.version
 *(.gnu.version)

.gnu.version_d
 *(.gnu.version_d)

.gnu.version_r
 *(.gnu.version_r)

.rel.init
 *(.rel.init)

.rela.init
 *(.rela.init)

.rel.text
 *(.rel.text)
 *(.rel.text.*)
 *(.rel.gnu.linkonce.t*)

.rela.text
 *(.rela.text)
 *(.rela.text.*)
 *(.rela.gnu.linkonce.t*)

.rel.fini
 *(.rel.fini)

.rela.fini
 *(.rela.fini)

.rel.rodata
 *(.rel.rodata)
 *(.rel.rodata.*)
 *(.rel.gnu.linkonce.r*)

.rela.rodata
 *(.rela.rodata)
 *(.rela.rodata.*)
 *(.rela.gnu.linkonce.r*)

.rel.data
 *(.rel.data)
 *(.rel.data.*)
 *(.rel.gnu.linkonce.d*)

.rela.data
 *(.rela.data)
 *(.rela.data.*)
 *(.rela.gnu.linkonce.d*)

.rel.ctors
 *(.rel.ctors)

.rela.ctors
 *(.rela.ctors)

.rel.dtors
 *(.rel.dtors)

.rela.dtors
 *(.rela.dtors)

.rel.got
 *(.rel.got)

.rela.got
 *(.rela.got)

.rel.bss
 *(.rel.bss)

.rela.bss
 *(.rela.bss)

.rel.plt
 *(.rel.plt)

.rela.plt
 *(.rela.plt)

.text           0x00000000     0x1710
 *(.vectors)
 .vectors       0x00000000       0x64 c:/program files (x86)/atmel/atmel studio 6.0/extensions/atmel/avrgcc/3.4.1.95/avrtoolchain/bin/../lib/gcc/avr/4.6.2/../../../../avr/lib/avr5/crtm6450a.o
                0x00000000                __vector_default
                0x00000000                __vectors
 *(.vectors)
 *(.progmem.gcc*)
 *(.progmem*)
                0x00000064                . = ALIGN (0x2)
                0x00000064                __trampolines_start = .
 *(.trampolines)
 .trampolines   0x00000064        0x0 linker stubs
 *(.trampolines*)
                0x00000064                __trampolines_end = .
 *(.jumptables)
 *(.jumptables*)
 *(.lowtext)
 *(.lowtext*)
                0x00000064                __ctors_start = .
 *(.ctors)
                0x00000064                __ctors_end = .
                0x00000064                __dtors_start = .
 *(.dtors)
                0x00000064                __dtors_end = .
 SORT(*)(.ctors)
 SORT(*)(.dtors)
 *(.init0)
 .init0         0x00000064        0x0 c:/program files (x86)/atmel/atmel studio 6.0/extensions/atmel/avrgcc/3.4.1.95/avrtoolchain/bin/../lib/gcc/avr/4.6.2/../../../../avr/lib/avr5/crtm6450a.o
                0x00000064                __init
 *(.init0)
 *(.init1)
 *(.init1)
 *(.init2)
 .init2         0x00000064        0xc c:/program files (x86)/atmel/atmel studio 6.0/extensions/atmel/avrgcc/3.4.1.95/avrtoolchain/bin/../lib/gcc/avr/4.6.2/../../../../avr/lib/avr5/crtm6450a.o
 *(.init2)
 *(.init3)
 *(.init3)
 *(.init4)
 .init4         0x00000070       0x16 c:/program files (x86)/atmel/atmel studio 6.0/extensions/atmel/avrgcc/3.4.1.95/avrtoolchain/bin/../lib/gcc/avr/4.6.2/avr5\libgcc.a(_copy_data.o)
                0x00000070                __do_copy_data
 .init4         0x00000086       0x10 c:/program files (x86)/atmel/atmel studio 6.0/extensions/atmel/avrgcc/3.4.1.95/avrtoolchain/bin/../lib/gcc/avr/4.6.2/avr5\libgcc.a(_clear_bss.o)
                0x00000086                __do_clear_bss
 *(.init4)
 *(.init5)
 *(.init5)
 *(.init6)
 *(.init6)
 *(.init7)
 *(.init7)
 *(.init8)
 *(.init8)
 *(.init9)
 .init9         0x00000096        0x8 c:/program files (x86)/atmel/atmel studio 6.0/extensions/atmel/avrgcc/3.4.1.95/avrtoolchain/bin/../lib/gcc/avr/4.6.2/../../../../avr/lib/avr5/crtm6450a.o
 *(.init9)
 *(.text)
 .text          0x0000009e        0x4 c:/program files (x86)/atmel/atmel studio 6.0/extensions/atmel/avrgcc/3.4.1.95/avrtoolchain/bin/../lib/gcc/avr/4.6.2/../../../../avr/lib/avr5/crtm6450a.o
                0x0000009e                __vector_22
                0x0000009e                __vector_1
                0x0000009e                __vector_24
                0x0000009e                __vector_12
                0x0000009e                __bad_interrupt
                0x0000009e                __vector_6
                0x0000009e                __vector_3
                0x0000009e                __vector_23
                0x0000009e                __vector_11
                0x0000009e                __vector_17
                0x0000009e                __vector_19
                0x0000009e                __vector_7
                0x0000009e                __vector_4
                0x0000009e                __vector_9
                0x0000009e                __vector_2
                0x0000009e                __vector_21
                0x0000009e                __vector_15
                0x0000009e                __vector_8
                0x0000009e                __vector_14
                0x0000009e                __vector_16
                0x0000009e                __vector_18
                0x0000009e                __vector_20
 .text          0x000000a2       0x7e adc.o
                0x000000a2                setup_adc
                0x000000c8                read_pot
 .text          0x00000120       0xcc dac.o
                0x00000120                set_control_voltage
                0x00000178                setup_dac
                0x000001aa                set_dac
 .text          0x000001ec       0xe2 display.o
                0x000001ec                display_dec
 .text          0x000002ce        0x0 midi.o
 .text          0x000002ce      0x1de monapollo-firmware.o
                0x000002ce                note_on_event
                0x000002e4                note_off_event
                0x000002e8                setup_midi_usart
                0x000002fa                __vector_13
                0x00000364                __vector_5
                0x000003f2                __vector_10
                0x00000412                main
 .text          0x000004ac      0x178 scan_pots_and_update_control_voltages.o
                0x000004ac                scan_pots_and_update_control_voltages
 .text          0x00000624      0x312 spi.o
                0x00000624                setup_spi
                0x00000662                update_spi
 .text          0x00000936       0xec xnormidi-develop/bytequeue/bytequeue.o
                0x00000936                bytequeue_init
                0x00000944                bytequeue_enqueue
                0x000009a2                bytequeue_length
                0x000009cc                bytequeue_get
                0x000009ee                bytequeue_remove
 .text          0x00000a22        0xa xnormidi-develop/bytequeue/interrupt_setting.o
                0x00000a22                store_and_clear_interrupt
                0x00000a28                restore_interrupt_setting
 .text          0x00000a2c      0x416 xnormidi-develop/midi.o
                0x00000a2c                midi_is_statusbyte
                0x00000a34                midi_is_realtime
                0x00000a40                midi_packet_length
                0x00000ad0                midi_send_cc
                0x00000af2                midi_send_noteon
                0x00000b14                midi_send_noteoff
                0x00000b36                midi_send_aftertouch
                0x00000b58                midi_send_pitchbend
                0x00000ba6                midi_send_programchange
                0x00000bc4                midi_send_channelpressure
                0x00000be2                midi_send_clock
                0x00000bfa                midi_send_tick
                0x00000c12                midi_send_start
                0x00000c2a                midi_send_continue
                0x00000c42                midi_send_stop
                0x00000c5a                midi_send_activesense
                0x00000c72                midi_send_reset
                0x00000c8a                midi_send_tcquarterframe
                0x00000ca4                midi_send_songposition
                0x00000cce                midi_send_songselect
                0x00000ce8                midi_send_tunerequest
                0x00000d00                midi_send_byte
                0x00000d18                midi_send_data
                0x00000d26                midi_send_array
                0x00000dca                midi_register_cc_callback
                0x00000dd2                midi_register_noteon_callback
                0x00000dda                midi_register_noteoff_callback
                0x00000de2                midi_register_aftertouch_callback
                0x00000dea                midi_register_pitchbend_callback
                0x00000df2                midi_register_songposition_callback
                0x00000dfa                midi_register_progchange_callback
                0x00000e02                midi_register_chanpressure_callback
                0x00000e0a                midi_register_songselect_callback
                0x00000e12                midi_register_tc_quarterframe_callback
                0x00000e1a                midi_register_realtime_callback
                0x00000e22                midi_register_tunerequest_callback
                0x00000e2a                midi_register_sysex_callback
                0x00000e32                midi_register_fallthrough_callback
                0x00000e3a                midi_register_catchall_callback
 .text          0x00000e42      0x52c xnormidi-develop/midi_device.o
                0x00000e42                midi_device_init
                0x00000ea4                midi_device_input
                0x00000eea                midi_device_set_send_func
                0x00000ef2                midi_device_set_pre_input_process_func
                0x00000efa                midi_input_callbacks
                0x00001142                midi_process_byte
                0x000012f8                midi_device_process
 .text          0x0000136e      0x33e xnormidi-develop/sysex_tools.o
                0x0000136e                sysex_encoded_length
                0x000013b8                sysex_decoded_length
                0x00001408                sysex_encode
                0x00001582                sysex_decode
 .text          0x000016ac        0x0 c:/program files (x86)/atmel/atmel studio 6.0/extensions/atmel/avrgcc/3.4.1.95/avrtoolchain/bin/../lib/gcc/avr/4.6.2/avr5\libgcc.a(_udivmodhi4.o)
 .text          0x000016ac        0x0 c:/program files (x86)/atmel/atmel studio 6.0/extensions/atmel/avrgcc/3.4.1.95/avrtoolchain/bin/../lib/gcc/avr/4.6.2/avr5\libgcc.a(_divmodhi4.o)
 .text          0x000016ac        0x0 c:/program files (x86)/atmel/atmel studio 6.0/extensions/atmel/avrgcc/3.4.1.95/avrtoolchain/bin/../lib/gcc/avr/4.6.2/avr5\libgcc.a(_exit.o)
 .text          0x000016ac        0x0 c:/program files (x86)/atmel/atmel studio 6.0/extensions/atmel/avrgcc/3.4.1.95/avrtoolchain/bin/../lib/gcc/avr/4.6.2/avr5\libgcc.a(_copy_data.o)
 .text          0x000016ac        0x0 c:/program files (x86)/atmel/atmel studio 6.0/extensions/atmel/avrgcc/3.4.1.95/avrtoolchain/bin/../lib/gcc/avr/4.6.2/avr5\libgcc.a(_clear_bss.o)
 .text          0x000016ac        0x0 c:/program files (x86)/atmel/atmel studio 6.0/extensions/atmel/avrgcc/3.4.1.95/avrtoolchain/bin/../lib/gcc/avr/4.6.2/../../../../avr/lib/avr5\libc.a(memcpy.o)
                0x000016ac                . = ALIGN (0x2)
 *(.text.*)
 .text.libgcc   0x000016ac       0x28 c:/program files (x86)/atmel/atmel studio 6.0/extensions/atmel/avrgcc/3.4.1.95/avrtoolchain/bin/../lib/gcc/avr/4.6.2/avr5\libgcc.a(_udivmodhi4.o)
                0x000016ac                __udivmodhi4
 .text.libgcc   0x000016d4       0x26 c:/program files (x86)/atmel/atmel studio 6.0/extensions/atmel/avrgcc/3.4.1.95/avrtoolchain/bin/../lib/gcc/avr/4.6.2/avr5\libgcc.a(_divmodhi4.o)
                0x000016d4                _div
                0x000016d4                __divmodhi4
 .text.libgcc   0x000016fa        0x0 c:/program files (x86)/atmel/atmel studio 6.0/extensions/atmel/avrgcc/3.4.1.95/avrtoolchain/bin/../lib/gcc/avr/4.6.2/avr5\libgcc.a(_exit.o)
 .text.libgcc   0x000016fa        0x0 c:/program files (x86)/atmel/atmel studio 6.0/extensions/atmel/avrgcc/3.4.1.95/avrtoolchain/bin/../lib/gcc/avr/4.6.2/avr5\libgcc.a(_copy_data.o)
 .text.libgcc   0x000016fa        0x0 c:/program files (x86)/atmel/atmel studio 6.0/extensions/atmel/avrgcc/3.4.1.95/avrtoolchain/bin/../lib/gcc/avr/4.6.2/avr5\libgcc.a(_clear_bss.o)
 .text.avr-libc
                0x000016fa       0x12 c:/program files (x86)/atmel/atmel studio 6.0/extensions/atmel/avrgcc/3.4.1.95/avrtoolchain/bin/../lib/gcc/avr/4.6.2/../../../../avr/lib/avr5\libc.a(memcpy.o)
                0x000016fa                memcpy
                0x0000170c                . = ALIGN (0x2)
 *(.fini9)
 .fini9         0x0000170c        0x0 c:/program files (x86)/atmel/atmel studio 6.0/extensions/atmel/avrgcc/3.4.1.95/avrtoolchain/bin/../lib/gcc/avr/4.6.2/avr5\libgcc.a(_exit.o)
                0x0000170c                _exit
                0x0000170c                exit
 *(.fini9)
 *(.fini8)
 *(.fini8)
 *(.fini7)
 *(.fini7)
 *(.fini6)
 *(.fini6)
 *(.fini5)
 *(.fini5)
 *(.fini4)
 *(.fini4)
 *(.fini3)
 *(.fini3)
 *(.fini2)
 *(.fini2)
 *(.fini1)
 *(.fini1)
 *(.fini0)
 .fini0         0x0000170c        0x4 c:/program files (x86)/atmel/atmel studio 6.0/extensions/atmel/avrgcc/3.4.1.95/avrtoolchain/bin/../lib/gcc/avr/4.6.2/avr5\libgcc.a(_exit.o)
 *(.fini0)
                0x00001710                _etext = .

.data           0x00800100       0xca load address 0x00001710
                0x00800100                PROVIDE (__data_start, .)
 *(.data)
 .data          0x00800100        0x0 c:/program files (x86)/atmel/atmel studio 6.0/extensions/atmel/avrgcc/3.4.1.95/avrtoolchain/bin/../lib/gcc/avr/4.6.2/../../../../avr/lib/avr5/crtm6450a.o
 .data          0x00800100        0x0 adc.o
 .data          0x00800100        0x0 dac.o
 .data          0x00800100        0xa display.o
 .data          0x0080010a        0x0 midi.o
 .data          0x0080010a        0x6 monapollo-firmware.o
                0x0080010a                digit
                0x0080010e                value_to_display
 .data          0x00800110       0xba scan_pots_and_update_control_voltages.o
                0x00800110                pot_decoder_1
                0x0080012e                release_1_cv
                0x00800130                release_2_cv
                0x00800132                sustain_1_cv
                0x00800134                sustain_2_cv
                0x00800136                decay_1_cv
                0x00800138                decay_2_cv
                0x0080013a                attack_1_cv
                0x0080013c                attack_2_cv
                0x0080013e                noise_mix_cv
                0x00800140                fil_lfo_cv
                0x00800142                fil_vco2_cv
                0x00800144                key_track_cv
                0x00800146                cutoff_cv
                0x00800148                res_cv
                0x0080014a                fil_eg2_cv
                0x0080014c                dac_pot_decoder_1
                0x0080016a                pot_decoder_0
                0x0080018a                vco2_pw_cv
                0x0080018c                volume_cv
                0x0080018e                amp_lfo_cv
                0x00800190                glide_cv
                0x00800192                lfo_rate_cv
                0x00800194                tune_cv
                0x00800196                fine_cv
                0x00800198                vco1_pw_cv
                0x0080019a                pwm_eg2_cv
                0x0080019c                pwm_lfo_cv
                0x0080019e                pitch_lfo_cv
                0x008001a0                pitch_eg2_cv
                0x008001a2                vco1_mix_cv
                0x008001a4                vco2_mix_cv
                0x008001a6                dac_pot_decoder_0
                0x008001c6                vco2_pitch_cv
                0x008001c8                vco1_pitch_cv
 .data          0x008001ca        0x0 spi.o
 .data          0x008001ca        0x0 xnormidi-develop/bytequeue/bytequeue.o
 .data          0x008001ca        0x0 xnormidi-develop/bytequeue/interrupt_setting.o
 .data          0x008001ca        0x0 xnormidi-develop/midi.o
 .data          0x008001ca        0x0 xnormidi-develop/midi_device.o
 .data          0x008001ca        0x0 xnormidi-develop/sysex_tools.o
 .data          0x008001ca        0x0 c:/program files (x86)/atmel/atmel studio 6.0/extensions/atmel/avrgcc/3.4.1.95/avrtoolchain/bin/../lib/gcc/avr/4.6.2/avr5\libgcc.a(_udivmodhi4.o)
 .data          0x008001ca        0x0 c:/program files (x86)/atmel/atmel studio 6.0/extensions/atmel/avrgcc/3.4.1.95/avrtoolchain/bin/../lib/gcc/avr/4.6.2/avr5\libgcc.a(_divmodhi4.o)
 .data          0x008001ca        0x0 c:/program files (x86)/atmel/atmel studio 6.0/extensions/atmel/avrgcc/3.4.1.95/avrtoolchain/bin/../lib/gcc/avr/4.6.2/avr5\libgcc.a(_exit.o)
 .data          0x008001ca        0x0 c:/program files (x86)/atmel/atmel studio 6.0/extensions/atmel/avrgcc/3.4.1.95/avrtoolchain/bin/../lib/gcc/avr/4.6.2/avr5\libgcc.a(_copy_data.o)
 .data          0x008001ca        0x0 c:/program files (x86)/atmel/atmel studio 6.0/extensions/atmel/avrgcc/3.4.1.95/avrtoolchain/bin/../lib/gcc/avr/4.6.2/avr5\libgcc.a(_clear_bss.o)
 .data          0x008001ca        0x0 c:/program files (x86)/atmel/atmel studio 6.0/extensions/atmel/avrgcc/3.4.1.95/avrtoolchain/bin/../lib/gcc/avr/4.6.2/../../../../avr/lib/avr5\libc.a(memcpy.o)
 *(.data*)
 *(.rodata)
 *(.rodata*)
 *(.gnu.linkonce.d*)
                0x008001ca                . = ALIGN (0x2)
                0x008001ca                _edata = .
                0x008001ca                PROVIDE (__data_end, .)

.bss            0x008001ca      0x108
                0x008001ca                PROVIDE (__bss_start, .)
 *(.bss)
 .bss           0x008001ca        0x0 c:/program files (x86)/atmel/atmel studio 6.0/extensions/atmel/avrgcc/3.4.1.95/avrtoolchain/bin/../lib/gcc/avr/4.6.2/../../../../avr/lib/avr5/crtm6450a.o
 .bss           0x008001ca        0x0 adc.o
 .bss           0x008001ca        0x0 dac.o
 .bss           0x008001ca        0x0 display.o
 .bss           0x008001ca        0x0 midi.o
 .bss           0x008001ca        0x2 monapollo-firmware.o
                0x008001ca                place
                0x008001cb                switch_timer
 .bss           0x008001cc        0xa scan_pots_and_update_control_voltages.o
                0x008001cc                arp_rate_null
                0x008001ce                pitch_vco2_cv
                0x008001d0                tune_offset
                0x008001d2                adc_value
                0x008001d4                adc_previous
 .bss           0x008001d6        0xf spi.o
                0x008001d6                sw_latch_one
                0x008001d7                sw_latch_two
                0x008001d8                sw_latch_three
                0x008001d9                sw_latch_four
                0x008001da                sw_latch_five
                0x008001db                spi_sw_previous_state
                0x008001dc                spi_sw_current_state
                0x008001dd                current_sw_state
                0x008001de                previous_sw_state
                0x008001df                ISW8_SW_ON
                0x008001e0                ISW4_SW_ON
                0x008001e1                ISW13_SW_ON
                0x008001e2                ISW12_SW_ON
                0x008001e3                ISW11_SW_ON
                0x008001e4                ISW9_SW_ON
 .bss           0x008001e5        0x0 xnormidi-develop/bytequeue/bytequeue.o
 .bss           0x008001e5        0x0 xnormidi-develop/bytequeue/interrupt_setting.o
 .bss           0x008001e5        0x0 xnormidi-develop/midi.o
 .bss           0x008001e5        0x0 xnormidi-develop/midi_device.o
 .bss           0x008001e5        0x0 xnormidi-develop/sysex_tools.o
 .bss           0x008001e5        0x0 c:/program files (x86)/atmel/atmel studio 6.0/extensions/atmel/avrgcc/3.4.1.95/avrtoolchain/bin/../lib/gcc/avr/4.6.2/avr5\libgcc.a(_udivmodhi4.o)
 .bss           0x008001e5        0x0 c:/program files (x86)/atmel/atmel studio 6.0/extensions/atmel/avrgcc/3.4.1.95/avrtoolchain/bin/../lib/gcc/avr/4.6.2/avr5\libgcc.a(_divmodhi4.o)
 .bss           0x008001e5        0x0 c:/program files (x86)/atmel/atmel studio 6.0/extensions/atmel/avrgcc/3.4.1.95/avrtoolchain/bin/../lib/gcc/avr/4.6.2/avr5\libgcc.a(_exit.o)
 .bss           0x008001e5        0x0 c:/program files (x86)/atmel/atmel studio 6.0/extensions/atmel/avrgcc/3.4.1.95/avrtoolchain/bin/../lib/gcc/avr/4.6.2/avr5\libgcc.a(_copy_data.o)
 .bss           0x008001e5        0x0 c:/program files (x86)/atmel/atmel studio 6.0/extensions/atmel/avrgcc/3.4.1.95/avrtoolchain/bin/../lib/gcc/avr/4.6.2/avr5\libgcc.a(_clear_bss.o)
 .bss           0x008001e5        0x0 c:/program files (x86)/atmel/atmel studio 6.0/extensions/atmel/avrgcc/3.4.1.95/avrtoolchain/bin/../lib/gcc/avr/4.6.2/../../../../avr/lib/avr5\libc.a(memcpy.o)
 *(.bss*)
 *(COMMON)
 COMMON         0x008001e5       0xed monapollo-firmware.o
                0x008001e5                midi_device
                0x008002d2                PROVIDE (__bss_end, .)
                0x00001710                __data_load_start = LOADADDR (.data)
                0x000017da                __data_load_end = (__data_load_start + SIZEOF (.data))

.noinit         0x008002d2        0x0
                0x008002d2                PROVIDE (__noinit_start, .)
 *(.noinit*)
                0x008002d2                PROVIDE (__noinit_end, .)
                0x008002d2                _end = .
                0x008002d2                PROVIDE (__heap_start, .)

.eeprom         0x00810000        0x0
 *(.eeprom*)
                0x00810000                __eeprom_end = .

.fuse
 *(.fuse)
 *(.lfuse)
 *(.hfuse)
 *(.efuse)

.lock
 *(.lock*)

.signature
 *(.signature*)

.stab           0x00000000      0x750
 *(.stab)
 .stab          0x00000000      0x6cc c:/program files (x86)/atmel/atmel studio 6.0/extensions/atmel/avrgcc/3.4.1.95/avrtoolchain/bin/../lib/gcc/avr/4.6.2/../../../../avr/lib/avr5/crtm6450a.o
 .stab          0x000006cc       0x84 c:/program files (x86)/atmel/atmel studio 6.0/extensions/atmel/avrgcc/3.4.1.95/avrtoolchain/bin/../lib/gcc/avr/4.6.2/../../../../avr/lib/avr5\libc.a(memcpy.o)
                                 0x90 (size before relaxing)

.stabstr        0x00000000       0xe7
 *(.stabstr)
 .stabstr       0x00000000       0xe7 c:/program files (x86)/atmel/atmel studio 6.0/extensions/atmel/avrgcc/3.4.1.95/avrtoolchain/bin/../lib/gcc/avr/4.6.2/../../../../avr/lib/avr5/crtm6450a.o

.stab.excl
 *(.stab.excl)

.stab.exclstr
 *(.stab.exclstr)

.stab.index
 *(.stab.index)

.stab.indexstr
 *(.stab.indexstr)

.comment
 *(.comment)

.debug
 *(.debug)

.line
 *(.line)

.debug_srcinfo
 *(.debug_srcinfo)

.debug_sfnames
 *(.debug_sfnames)

.debug_aranges  0x00000000      0x200
 *(.debug_aranges)
 .debug_aranges
                0x00000000       0x20 adc.o
 .debug_aranges
                0x00000020       0x20 dac.o
 .debug_aranges
                0x00000040       0x20 display.o
 .debug_aranges
                0x00000060       0x20 monapollo-firmware.o
 .debug_aranges
                0x00000080       0x20 scan_pots_and_update_control_voltages.o
 .debug_aranges
                0x000000a0       0x20 spi.o
 .debug_aranges
                0x000000c0       0x20 xnormidi-develop/bytequeue/bytequeue.o
 .debug_aranges
                0x000000e0       0x20 xnormidi-develop/bytequeue/interrupt_setting.o
 .debug_aranges
                0x00000100       0x20 xnormidi-develop/midi.o
 .debug_aranges
                0x00000120       0x20 xnormidi-develop/midi_device.o
 .debug_aranges
                0x00000140       0x20 xnormidi-develop/sysex_tools.o
 .debug_aranges
                0x00000160       0x20 c:/program files (x86)/atmel/atmel studio 6.0/extensions/atmel/avrgcc/3.4.1.95/avrtoolchain/bin/../lib/gcc/avr/4.6.2/avr5\libgcc.a(_udivmodhi4.o)
 .debug_aranges
                0x00000180       0x20 c:/program files (x86)/atmel/atmel studio 6.0/extensions/atmel/avrgcc/3.4.1.95/avrtoolchain/bin/../lib/gcc/avr/4.6.2/avr5\libgcc.a(_divmodhi4.o)
 .debug_aranges
                0x000001a0       0x20 c:/program files (x86)/atmel/atmel studio 6.0/extensions/atmel/avrgcc/3.4.1.95/avrtoolchain/bin/../lib/gcc/avr/4.6.2/avr5\libgcc.a(_exit.o)
 .debug_aranges
                0x000001c0       0x20 c:/program files (x86)/atmel/atmel studio 6.0/extensions/atmel/avrgcc/3.4.1.95/avrtoolchain/bin/../lib/gcc/avr/4.6.2/avr5\libgcc.a(_copy_data.o)
 .debug_aranges
                0x000001e0       0x20 c:/program files (x86)/atmel/atmel studio 6.0/extensions/atmel/avrgcc/3.4.1.95/avrtoolchain/bin/../lib/gcc/avr/4.6.2/avr5\libgcc.a(_clear_bss.o)

.debug_pubnames
 *(.debug_pubnames)

.debug_info     0x00000000     0x30ed
 *(.debug_info)
 .debug_info    0x00000000      0x165 adc.o
 .debug_info    0x00000165      0x27d dac.o
 .debug_info    0x000003e2       0xd5 display.o
 .debug_info    0x000004b7       0x5e midi.o
 .debug_info    0x00000515      0x570 monapollo-firmware.o
 .debug_info    0x00000a85      0x608 scan_pots_and_update_control_voltages.o
 .debug_info    0x0000108d      0x2cf spi.o
 .debug_info    0x0000135c      0x23e xnormidi-develop/bytequeue/bytequeue.o
 .debug_info    0x0000159a       0xc2 xnormidi-develop/bytequeue/interrupt_setting.o
 .debug_info    0x0000165c      0xd19 xnormidi-develop/midi.o
 .debug_info    0x00002375      0x657 xnormidi-develop/midi_device.o
 .debug_info    0x000029cc      0x2d0 xnormidi-develop/sysex_tools.o
 .debug_info    0x00002c9c       0xdd c:/program files (x86)/atmel/atmel studio 6.0/extensions/atmel/avrgcc/3.4.1.95/avrtoolchain/bin/../lib/gcc/avr/4.6.2/avr5\libgcc.a(_udivmodhi4.o)
 .debug_info    0x00002d79       0xdd c:/program files (x86)/atmel/atmel studio 6.0/extensions/atmel/avrgcc/3.4.1.95/avrtoolchain/bin/../lib/gcc/avr/4.6.2/avr5\libgcc.a(_divmodhi4.o)
 .debug_info    0x00002e56       0xdd c:/program files (x86)/atmel/atmel studio 6.0/extensions/atmel/avrgcc/3.4.1.95/avrtoolchain/bin/../lib/gcc/avr/4.6.2/avr5\libgcc.a(_exit.o)
 .debug_info    0x00002f33       0xdd c:/program files (x86)/atmel/atmel studio 6.0/extensions/atmel/avrgcc/3.4.1.95/avrtoolchain/bin/../lib/gcc/avr/4.6.2/avr5\libgcc.a(_copy_data.o)
 .debug_info    0x00003010       0xdd c:/program files (x86)/atmel/atmel studio 6.0/extensions/atmel/avrgcc/3.4.1.95/avrtoolchain/bin/../lib/gcc/avr/4.6.2/avr5\libgcc.a(_clear_bss.o)
 *(.gnu.linkonce.wi.*)

.debug_abbrev   0x00000000      0xca2
 *(.debug_abbrev)
 .debug_abbrev  0x00000000       0xfe adc.o
 .debug_abbrev  0x000000fe      0x15a dac.o
 .debug_abbrev  0x00000258       0x8b display.o
 .debug_abbrev  0x000002e3       0x2a midi.o
 .debug_abbrev  0x0000030d      0x178 monapollo-firmware.o
 .debug_abbrev  0x00000485       0xf4 scan_pots_and_update_control_voltages.o
 .debug_abbrev  0x00000579      0x109 spi.o
 .debug_abbrev  0x00000682      0x105 xnormidi-develop/bytequeue/bytequeue.o
 .debug_abbrev  0x00000787       0x83 xnormidi-develop/bytequeue/interrupt_setting.o
 .debug_abbrev  0x0000080a      0x1b1 xnormidi-develop/midi.o
 .debug_abbrev  0x000009bb      0x193 xnormidi-develop/midi_device.o
 .debug_abbrev  0x00000b4e       0xf0 xnormidi-develop/sysex_tools.o
 .debug_abbrev  0x00000c3e       0x14 c:/program files (x86)/atmel/atmel studio 6.0/extensions/atmel/avrgcc/3.4.1.95/avrtoolchain/bin/../lib/gcc/avr/4.6.2/avr5\libgcc.a(_udivmodhi4.o)
 .debug_abbrev  0x00000c52       0x14 c:/program files (x86)/atmel/atmel studio 6.0/extensions/atmel/avrgcc/3.4.1.95/avrtoolchain/bin/../lib/gcc/avr/4.6.2/avr5\libgcc.a(_divmodhi4.o)
 .debug_abbrev  0x00000c66       0x14 c:/program files (x86)/atmel/atmel studio 6.0/extensions/atmel/avrgcc/3.4.1.95/avrtoolchain/bin/../lib/gcc/avr/4.6.2/avr5\libgcc.a(_exit.o)
 .debug_abbrev  0x00000c7a       0x14 c:/program files (x86)/atmel/atmel studio 6.0/extensions/atmel/avrgcc/3.4.1.95/avrtoolchain/bin/../lib/gcc/avr/4.6.2/avr5\libgcc.a(_copy_data.o)
 .debug_abbrev  0x00000c8e       0x14 c:/program files (x86)/atmel/atmel studio 6.0/extensions/atmel/avrgcc/3.4.1.95/avrtoolchain/bin/../lib/gcc/avr/4.6.2/avr5\libgcc.a(_clear_bss.o)

.debug_line     0x00000000     0x13a9
 *(.debug_line)
 .debug_line    0x00000000      0x188 adc.o
 .debug_line    0x00000188      0x1bf dac.o
 .debug_line    0x00000347       0xe7 display.o
 .debug_line    0x0000042e       0x1a midi.o
 .debug_line    0x00000448      0x18f monapollo-firmware.o
 .debug_line    0x000005d7      0x12e scan_pots_and_update_control_voltages.o
 .debug_line    0x00000705      0x1f6 spi.o
 .debug_line    0x000008fb      0x132 xnormidi-develop/bytequeue/bytequeue.o
 .debug_line    0x00000a2d      0x114 xnormidi-develop/bytequeue/interrupt_setting.o
 .debug_line    0x00000b41      0x1f5 xnormidi-develop/midi.o
 .debug_line    0x00000d36      0x211 xnormidi-develop/midi_device.o
 .debug_line    0x00000f47      0x188 xnormidi-develop/sysex_tools.o
 .debug_line    0x000010cf       0x9a c:/program files (x86)/atmel/atmel studio 6.0/extensions/atmel/avrgcc/3.4.1.95/avrtoolchain/bin/../lib/gcc/avr/4.6.2/avr5\libgcc.a(_udivmodhi4.o)
 .debug_line    0x00001169       0x99 c:/program files (x86)/atmel/atmel studio 6.0/extensions/atmel/avrgcc/3.4.1.95/avrtoolchain/bin/../lib/gcc/avr/4.6.2/avr5\libgcc.a(_divmodhi4.o)
 .debug_line    0x00001202       0x88 c:/program files (x86)/atmel/atmel studio 6.0/extensions/atmel/avrgcc/3.4.1.95/avrtoolchain/bin/../lib/gcc/avr/4.6.2/avr5\libgcc.a(_exit.o)
 .debug_line    0x0000128a       0x91 c:/program files (x86)/atmel/atmel studio 6.0/extensions/atmel/avrgcc/3.4.1.95/avrtoolchain/bin/../lib/gcc/avr/4.6.2/avr5\libgcc.a(_copy_data.o)
 .debug_line    0x0000131b       0x8e c:/program files (x86)/atmel/atmel studio 6.0/extensions/atmel/avrgcc/3.4.1.95/avrtoolchain/bin/../lib/gcc/avr/4.6.2/avr5\libgcc.a(_clear_bss.o)

.debug_frame    0x00000000      0x8e4
 *(.debug_frame)
 .debug_frame   0x00000000       0x34 adc.o
 .debug_frame   0x00000034       0x44 dac.o
 .debug_frame   0x00000078       0x34 display.o
 .debug_frame   0x000000ac      0x134 monapollo-firmware.o
 .debug_frame   0x000001e0       0x58 scan_pots_and_update_control_voltages.o
 .debug_frame   0x00000238       0x48 spi.o
 .debug_frame   0x00000280       0x90 xnormidi-develop/bytequeue/bytequeue.o
 .debug_frame   0x00000310       0x34 xnormidi-develop/bytequeue/interrupt_setting.o
 .debug_frame   0x00000344      0x378 xnormidi-develop/midi.o
 .debug_frame   0x000006bc      0x12c xnormidi-develop/midi_device.o
 .debug_frame   0x000007e8       0xfc xnormidi-develop/sysex_tools.o

.debug_str      0x00000000      0xf8a
 *(.debug_str)
 .debug_str     0x00000000      0x137 adc.o
                                0x16b (size before relaxing)
 .debug_str     0x00000137       0x4a dac.o
                                0x199 (size before relaxing)
 .debug_str     0x00000181       0x35 display.o
                                0x113 (size before relaxing)
 .debug_str     0x000001b6        0xc midi.o
                                 0xd9 (size before relaxing)
 .debug_str     0x000001c2      0x3bd monapollo-firmware.o
                                0x4d0 (size before relaxing)
 .debug_str     0x0000057f      0x1fe scan_pots_and_update_control_voltages.o
                                0x33f (size before relaxing)
 .debug_str     0x0000077d       0xf8 spi.o
                                0x220 (size before relaxing)
 .debug_str     0x00000875       0xb9 xnormidi-develop/bytequeue/bytequeue.o
                                0x1d1 (size before relaxing)
 .debug_str     0x0000092e       0x6b xnormidi-develop/bytequeue/interrupt_setting.o
                                0x15c (size before relaxing)
 .debug_str     0x00000999      0x437 xnormidi-develop/midi.o
                                0x83f (size before relaxing)
 .debug_str     0x00000dd0       0xde xnormidi-develop/midi_device.o
                                0x4ff (size before relaxing)
 .debug_str     0x00000eae       0xdc xnormidi-develop/sysex_tools.o
                                0x1df (size before relaxing)

.debug_loc      0x00000000     0x1cd8
 *(.debug_loc)
 .debug_loc     0x00000000       0x60 adc.o
 .debug_loc     0x00000060       0x72 dac.o
 .debug_loc     0x000000d2       0xe7 display.o
 .debug_loc     0x000001b9      0x224 monapollo-firmware.o
 .debug_loc     0x000003dd       0xf1 scan_pots_and_update_control_voltages.o
 .debug_loc     0x000004ce       0x49 spi.o
 .debug_loc     0x00000517      0x229 xnormidi-develop/bytequeue/bytequeue.o
 .debug_loc     0x00000740      0x963 xnormidi-develop/midi.o
 .debug_loc     0x000010a3      0x668 xnormidi-develop/midi_device.o
 .debug_loc     0x0000170b      0x5cd xnormidi-develop/sysex_tools.o

.debug_macinfo
 *(.debug_macinfo)
OUTPUT(monapollo-firmware.elf elf32-avr)
LOAD linker stubs

.debug_ranges   0x00000000       0x78
 .debug_ranges  0x00000000       0x30 scan_pots_and_update_control_voltages.o
 .debug_ranges  0x00000030       0x48 xnormidi-develop/sysex_tools.o
